[0.128s] Invoking command in '/home/line/town_ws/build/village_wang': CMAKE_PREFIX_PATH=${CMAKE_PREFIX_PATH}:/home/line/town_ws/install/village_li:/opt/ros/humble /usr/bin/cmake --build /home/line/town_ws/build/village_wang -- -j20 -l20
[0.156s] [35m[1mConsolidate compiler generated dependencies of target wang2_node[0m
[0.167s] [100%] Built target wang2_node
[0.176s] Invoked command in '/home/line/town_ws/build/village_wang' returned '0': CMAKE_PREFIX_PATH=${CMAKE_PREFIX_PATH}:/home/line/town_ws/install/village_li:/opt/ros/humble /usr/bin/cmake --build /home/line/town_ws/build/village_wang -- -j20 -l20
[0.177s] Invoking command in '/home/line/town_ws/build/village_wang': CMAKE_PREFIX_PATH=${CMAKE_PREFIX_PATH}:/home/line/town_ws/install/village_li:/opt/ros/humble /usr/bin/cmake --install /home/line/town_ws/build/village_wang
[0.182s] -- Install configuration: ""
[0.182s] -- Execute custom install script
[0.182s] -- Up-to-date symlink: /home/line/town_ws/install/village_wang/share/ament_index/resource_index/package_run_dependencies/village_wang
[0.182s] -- Up-to-date symlink: /home/line/town_ws/install/village_wang/share/ament_index/resource_index/parent_prefix_path/village_wang
[0.182s] -- Up-to-date symlink: /home/line/town_ws/install/village_wang/share/village_wang/environment/ament_prefix_path.sh
[0.182s] -- Up-to-date symlink: /home/line/town_ws/install/village_wang/share/village_wang/environment/ament_prefix_path.dsv
[0.182s] -- Up-to-date symlink: /home/line/town_ws/install/village_wang/share/village_wang/environment/path.sh
[0.182s] -- Up-to-date symlink: /home/line/town_ws/install/village_wang/share/village_wang/environment/path.dsv
[0.183s] -- Up-to-date symlink: /home/line/town_ws/install/village_wang/share/village_wang/local_setup.bash
[0.183s] -- Up-to-date symlink: /home/line/town_ws/install/village_wang/share/village_wang/local_setup.sh
[0.183s] -- Up-to-date symlink: /home/line/town_ws/install/village_wang/share/village_wang/local_setup.zsh
[0.183s] -- Up-to-date symlink: /home/line/town_ws/install/village_wang/share/village_wang/local_setup.dsv
[0.183s] -- Symlinking: /home/line/town_ws/install/village_wang/share/village_wang/package.dsv
[0.188s] -- Up-to-date symlink: /home/line/town_ws/install/village_wang/share/ament_index/resource_index/packages/village_wang
[0.188s] -- Up-to-date symlink: /home/line/town_ws/install/village_wang/share/village_wang/cmake/village_wangConfig.cmake
[0.188s] -- Up-to-date symlink: /home/line/town_ws/install/village_wang/share/village_wang/cmake/village_wangConfig-version.cmake
[0.188s] -- Up-to-date symlink: /home/line/town_ws/install/village_wang/share/village_wang/package.xml
[0.188s] -- Up-to-date symlink: /home/line/town_ws/install/village_wang/lib/village_wang/wang2_node
[0.190s] Invoked command in '/home/line/town_ws/build/village_wang' returned '0': CMAKE_PREFIX_PATH=${CMAKE_PREFIX_PATH}:/home/line/town_ws/install/village_li:/opt/ros/humble /usr/bin/cmake --install /home/line/town_ws/build/village_wang
