[0.426s] Invoking command in '/home/line/town_ws/src/village_li': CMAKE_PREFIX_PATH=/home/line/town_ws/install/village_interfaces:/home/line/town_ws/install/village_wang PYTHONPATH=/home/line/town_ws/build/village_li/prefix_override:/usr/lib/python3/dist-packages/colcon_core/task/python/colcon_distutils_commands:/home/line/town_ws/install/village_li/lib/python3.10/site-packages:${PYTHONPATH} /usr/bin/python3 -W ignore:setup.py install is deprecated -W ignore:easy_install command is deprecated setup.py egg_info --egg-base ../../build/village_li build --build-base /home/line/town_ws/build/village_li/build install --record /home/line/town_ws/build/village_li/install.log --single-version-externally-managed install_data
[0.540s] running egg_info
[0.540s] writing ../../build/village_li/village_li.egg-info/PKG-INFO
[0.540s] writing dependency_links to ../../build/village_li/village_li.egg-info/dependency_links.txt
[0.541s] writing entry points to ../../build/village_li/village_li.egg-info/entry_points.txt
[0.541s] writing requirements to ../../build/village_li/village_li.egg-info/requires.txt
[0.541s] writing top-level names to ../../build/village_li/village_li.egg-info/top_level.txt
[0.541s] reading manifest file '../../build/village_li/village_li.egg-info/SOURCES.txt'
[0.542s] writing manifest file '../../build/village_li/village_li.egg-info/SOURCES.txt'
[0.542s] running build
[0.542s] running build_py
[0.542s] copying village_li/li4.py -> /home/line/town_ws/build/village_li/build/lib/village_li
[0.542s] running install
[0.542s] running install_lib
[0.543s] copying /home/line/town_ws/build/village_li/build/lib/village_li/li4.py -> /home/line/town_ws/install/village_li/lib/python3.10/site-packages/village_li
[0.543s] byte-compiling /home/line/town_ws/install/village_li/lib/python3.10/site-packages/village_li/li4.py to li4.cpython-310.pyc
[0.544s] running install_data
[0.544s] running install_egg_info
[0.545s] removing '/home/line/town_ws/install/village_li/lib/python3.10/site-packages/village_li-0.0.0-py3.10.egg-info' (and everything under it)
[0.545s] Copying ../../build/village_li/village_li.egg-info to /home/line/town_ws/install/village_li/lib/python3.10/site-packages/village_li-0.0.0-py3.10.egg-info
[0.545s] running install_scripts
[0.557s] Installing li3_node script to /home/line/town_ws/install/village_li/lib/village_li
[0.557s] Installing li4_node script to /home/line/town_ws/install/village_li/lib/village_li
[0.557s] writing list of installed files to '/home/line/town_ws/build/village_li/install.log'
[0.572s] Invoked command in '/home/line/town_ws/src/village_li' returned '0': CMAKE_PREFIX_PATH=/home/line/town_ws/install/village_interfaces:/home/line/town_ws/install/village_wang PYTHONPATH=/home/line/town_ws/build/village_li/prefix_override:/usr/lib/python3/dist-packages/colcon_core/task/python/colcon_distutils_commands:/home/line/town_ws/install/village_li/lib/python3.10/site-packages:${PYTHONPATH} /usr/bin/python3 -W ignore:setup.py install is deprecated -W ignore:easy_install command is deprecated setup.py egg_info --egg-base ../../build/village_li build --build-base /home/line/town_ws/build/village_li/build install --record /home/line/town_ws/build/village_li/install.log --single-version-externally-managed install_data
