running egg_info
writing ../build/village_li/village_li.egg-info/PKG-INFO
writing dependency_links to ../build/village_li/village_li.egg-info/dependency_links.txt
writing entry points to ../build/village_li/village_li.egg-info/entry_points.txt
writing requirements to ../build/village_li/village_li.egg-info/requires.txt
writing top-level names to ../build/village_li/village_li.egg-info/top_level.txt
reading manifest file '../build/village_li/village_li.egg-info/SOURCES.txt'
writing manifest file '../build/village_li/village_li.egg-info/SOURCES.txt'
running build
running build_py
copying village_li/li4.py -> /home/line/town_ws/src/build/village_li/build/lib/village_li
copying village_li/__init__.py -> /home/line/town_ws/src/build/village_li/build/lib/village_li
copying village_li/li3_free.py -> /home/line/town_ws/src/build/village_li/build/lib/village_li
copying village_li/li4_pop.py -> /home/line/town_ws/src/build/village_li/build/lib/village_li
running install
running install_lib
running install_data
copying resource/village_li -> /home/line/town_ws/src/install/village_li/share/ament_index/resource_index/packages
copying package.xml -> /home/line/town_ws/src/install/village_li/share/village_li
copying launch/village.launch.py -> /home/line/town_ws/src/install/village_li/share/village_li/launch
running install_egg_info
removing '/home/line/town_ws/src/install/village_li/lib/python3.10/site-packages/village_li-0.0.0-py3.10.egg-info' (and everything under it)
Copying ../build/village_li/village_li.egg-info to /home/line/town_ws/src/install/village_li/lib/python3.10/site-packages/village_li-0.0.0-py3.10.egg-info
running install_scripts
Installing li3_node script to /home/line/town_ws/src/install/village_li/lib/village_li
Installing li4_node script to /home/line/town_ws/src/install/village_li/lib/village_li
writing list of installed files to '/home/line/town_ws/src/build/village_li/install.log'
