[0.007s] Invoking command in '/home/line/ROSlearning_LJK/01_HelloROS/camera/build/camera': CMAKE_PREFIX_PATH=/opt/ros/humble /usr/bin/cmake /home/line/ROSlearning_LJK/01_HelloROS/camera -DCMAKE_INSTALL_PREFIX=/home/line/ROSlearning_LJK/01_HelloROS/camera/install/camera
[0.074s] -- The C compiler identification is GNU 11.4.0
[0.139s] -- The CXX compiler identification is GNU 11.4.0
[0.147s] -- Detecting C compiler ABI info
[0.229s] -- Detecting C compiler ABI info - done
[0.239s] -- Check for working C compiler: /usr/bin/cc - skipped
[0.240s] -- Detecting C compile features
[0.241s] -- Detecting C compile features - done
[0.245s] -- Detecting CXX compiler ABI info
[0.318s] -- Detecting CXX compiler ABI info - done
[0.325s] -- Check for working CXX compiler: /usr/bin/c++ - skipped
[0.325s] -- Detecting CXX compile features
[0.325s] -- Detecting CXX compile features - done
[0.331s] -- Found ament_cmake: 1.3.14 (/opt/ros/humble/share/ament_cmake/cmake)
[0.548s] -- Found Python3: /usr/bin/python3 (found version "3.10.12") found components: Interpreter 
[0.617s] -- Found rclcpp: 16.0.19 (/opt/ros/humble/share/rclcpp/cmake)
[0.661s] -- Found rosidl_generator_c: 3.1.9 (/opt/ros/humble/share/rosidl_generator_c/cmake)
[0.665s] -- Found rosidl_adapter: 3.1.9 (/opt/ros/humble/share/rosidl_adapter/cmake)
[0.670s] -- Found rosidl_generator_cpp: 3.1.9 (/opt/ros/humble/share/rosidl_generator_cpp/cmake)
[0.679s] -- Using all available rosidl_typesupport_c: rosidl_typesupport_fastrtps_c;rosidl_typesupport_introspection_c
[0.690s] -- Using all available rosidl_typesupport_cpp: rosidl_typesupport_fastrtps_cpp;rosidl_typesupport_introspection_cpp
[0.720s] -- Found rmw_implementation_cmake: 6.1.2 (/opt/ros/humble/share/rmw_implementation_cmake/cmake)
[0.722s] -- Found rmw_fastrtps_cpp: 6.2.10 (/opt/ros/humble/share/rmw_fastrtps_cpp/cmake)
[0.800s] -- Found OpenSSL: /usr/lib/x86_64-linux-gnu/libcrypto.so (found version "3.0.2")  
[0.825s] -- Found FastRTPS: /opt/ros/humble/include  
[0.858s] -- Using RMW implementation 'rmw_fastrtps_cpp' as default
[0.866s] -- Looking for pthread.h
[0.942s] -- Looking for pthread.h - found
[0.942s] -- Performing Test CMAKE_HAVE_LIBC_PTHREAD
[1.029s] -- Performing Test CMAKE_HAVE_LIBC_PTHREAD - Success
[1.031s] -- Found Threads: TRUE  
[1.077s] -- Found ament_lint_auto: 0.12.15 (/opt/ros/humble/share/ament_lint_auto/cmake)
[1.261s] -- Found ament_cmake_ros: 0.10.0 (/opt/ros/humble/share/ament_cmake_ros/cmake)
[1.495s] -- Using all available rosidl_typesupport_c: rosidl_typesupport_fastrtps_c;rosidl_typesupport_introspection_c
[1.590s] -- Using all available rosidl_typesupport_cpp: rosidl_typesupport_fastrtps_cpp;rosidl_typesupport_introspection_cpp
[1.592s] [0mCMake Deprecation Warning at /opt/ros/humble/share/rosidl_cmake/cmake/rosidl_target_interfaces.cmake:32 (message):
[1.592s]   Use rosidl_get_typesupport_target() and target_link_libraries() instead of
[1.592s]   rosidl_target_interfaces()
[1.592s] Call Stack (most recent call first):
[1.592s]   CMakeLists.txt:36 (rosidl_target_interfaces)
[1.592s] 
[1.592s] [0m
[1.592s] [0mCMake Deprecation Warning at /opt/ros/humble/share/rosidl_cmake/cmake/rosidl_target_interfaces.cmake:32 (message):
[1.592s]   Use rosidl_get_typesupport_target() and target_link_libraries() instead of
[1.592s]   rosidl_target_interfaces()
[1.592s] Call Stack (most recent call first):
[1.592s]   CMakeLists.txt:37 (rosidl_target_interfaces)
[1.592s] 
[1.592s] [0m
[1.596s] -- Added test 'cppcheck' to perform static code analysis on C / C++ code
[1.597s] -- Configured cppcheck include dirs: $<BUILD_INTERFACE:/home/line/ROSlearning_LJK/01_HelloROS/camera/build/camera/rosidl_generator_c>;$<BUILD_INTERFACE:/home/line/ROSlearning_LJK/01_HelloROS/camera/build/camera/rosidl_typesupport_fastrtps_c>;$<BUILD_INTERFACE:/home/line/ROSlearning_LJK/01_HelloROS/camera/build/camera/rosidl_generator_cpp>;$<BUILD_INTERFACE:/home/line/ROSlearning_LJK/01_HelloROS/camera/build/camera/rosidl_typesupport_fastrtps_cpp>;$<BUILD_INTERFACE:/home/line/ROSlearning_LJK/01_HelloROS/camera/build/camera/rosidl_typesupport_introspection_c>;$<BUILD_INTERFACE:/home/line/ROSlearning_LJK/01_HelloROS/camera/build/camera/rosidl_typesupport_introspection_cpp>
[1.597s] -- Configured cppcheck exclude dirs and/or files: 
[1.597s] -- Added test 'flake8' to check Python code syntax and style conventions
[1.599s] -- Added test 'lint_cmake' to check CMake code style
[1.599s] -- Added test 'pep257' to check Python code against some of the docstring style conventions in PEP 257
[1.603s] -- Added test 'uncrustify' to check C / C++ code style
[1.603s] -- Configured uncrustify additional arguments: 
[1.603s] -- Added test 'xmllint' to check XML markup files
[1.607s] -- Configuring done
[1.620s] -- Generating done
[1.626s] -- Build files have been written to: /home/line/ROSlearning_LJK/01_HelloROS/camera/build/camera
[1.632s] Invoked command in '/home/line/ROSlearning_LJK/01_HelloROS/camera/build/camera' returned '0': CMAKE_PREFIX_PATH=/opt/ros/humble /usr/bin/cmake /home/line/ROSlearning_LJK/01_HelloROS/camera -DCMAKE_INSTALL_PREFIX=/home/line/ROSlearning_LJK/01_HelloROS/camera/install/camera
[1.634s] Invoking command in '/home/line/ROSlearning_LJK/01_HelloROS/camera/build/camera': CMAKE_PREFIX_PATH=/opt/ros/humble /usr/bin/cmake --build /home/line/ROSlearning_LJK/01_HelloROS/camera/build/camera -- -j20 -l20
[1.666s] [  3%] [34m[1mGenerating C code for ROS interfaces[0m
[1.677s] [  7%] [34m[1mGenerating C++ code for ROS interfaces[0m
[1.856s] [  7%] Built target camera__cpp
[1.862s] [ 15%] [34m[1mGenerating C++ type support dispatch for ROS interfaces[0m
[1.862s] [ 15%] [34m[1mGenerating C++ introspection for ROS interfaces[0m
[1.862s] [ 19%] [34m[1mGenerating C++ type support for eProsima Fast-RTPS[0m
[1.881s] [ 23%] [32mBuilding C object CMakeFiles/camera__rosidl_generator_c.dir/rosidl_generator_c/camera/msg/detail/robot_pose_msg__functions.c.o[0m
[1.920s] [ 26%] [32m[1mLinking C shared library libcamera__rosidl_generator_c.so[0m
[1.952s] [ 26%] Built target camera__rosidl_generator_c
[1.959s] [ 30%] [34m[1mGenerating C type support for eProsima Fast-RTPS[0m
[1.960s] [ 38%] [34m[1mGenerating C type support dispatch for ROS interfaces[0m
[1.960s] [ 38%] [34m[1mGenerating C introspection for ROS interfaces[0m
[2.003s] [ 42%] [32mBuilding CXX object CMakeFiles/camera__rosidl_typesupport_cpp.dir/rosidl_typesupport_cpp/camera/msg/robot_pose_msg__type_support.cpp.o[0m
[2.018s] [ 46%] [32mBuilding CXX object CMakeFiles/camera__rosidl_typesupport_fastrtps_cpp.dir/rosidl_typesupport_fastrtps_cpp/camera/msg/detail/dds_fastrtps/robot_pose_msg__type_support.cpp.o[0m
[2.039s] [ 50%] [32mBuilding CXX object CMakeFiles/camera__rosidl_typesupport_introspection_cpp.dir/rosidl_typesupport_introspection_cpp/camera/msg/detail/robot_pose_msg__type_support.cpp.o[0m
[2.102s] [ 53%] [32mBuilding CXX object CMakeFiles/camera__rosidl_typesupport_c.dir/rosidl_typesupport_c/camera/msg/robot_pose_msg__type_support.cpp.o[0m
[2.119s] [ 61%] [32mBuilding C object CMakeFiles/camera__rosidl_typesupport_introspection_c.dir/rosidl_typesupport_introspection_c/camera/msg/detail/robot_pose_msg__type_support.c.o[0m
[2.119s] [ 61%] [32mBuilding CXX object CMakeFiles/camera__rosidl_typesupport_fastrtps_c.dir/rosidl_typesupport_fastrtps_c/camera/msg/detail/robot_pose_msg__type_support_c.cpp.o[0m
[2.129s] [ 65%] [32m[1mLinking CXX shared library libcamera__rosidl_typesupport_c.so[0m
[2.149s] [ 69%] [32m[1mLinking C shared library libcamera__rosidl_typesupport_introspection_c.so[0m
[2.164s] [ 69%] Built target camera__rosidl_typesupport_c
[2.171s] [ 69%] Built target camera__rosidl_typesupport_introspection_c
[2.171s] [ 73%] [32m[1mLinking CXX shared library libcamera__rosidl_typesupport_cpp.so[0m
[2.200s] [ 73%] Built target camera__rosidl_typesupport_cpp
[2.253s] [ 76%] [32m[1mLinking CXX shared library libcamera__rosidl_typesupport_introspection_cpp.so[0m
[2.262s] [ 80%] [32m[1mLinking CXX shared library libcamera__rosidl_typesupport_fastrtps_cpp.so[0m
[2.293s] [ 80%] Built target camera__rosidl_typesupport_introspection_cpp
[2.307s] [ 80%] Built target camera__rosidl_typesupport_fastrtps_cpp
[2.310s] [ 84%] [32m[1mLinking CXX shared library libcamera__rosidl_typesupport_fastrtps_c.so[0m
[2.357s] [ 84%] Built target camera__rosidl_typesupport_fastrtps_c
[2.374s] [ 84%] Built target camera
[2.395s] [ 88%] [32mBuilding CXX object CMakeFiles/camera_node.dir/src/camera.cpp.o[0m
[2.395s] [ 92%] [32mBuilding CXX object CMakeFiles/machine_node.dir/src/machine.cpp.o[0m
[4.645s] [ 96%] [32m[1mLinking CXX executable camera_node[0m
[4.763s] [ 96%] Built target camera_node
[6.536s] [100%] [32m[1mLinking CXX executable machine_node[0m
[6.739s] [100%] Built target machine_node
[6.748s] Invoked command in '/home/line/ROSlearning_LJK/01_HelloROS/camera/build/camera' returned '0': CMAKE_PREFIX_PATH=/opt/ros/humble /usr/bin/cmake --build /home/line/ROSlearning_LJK/01_HelloROS/camera/build/camera -- -j20 -l20
[6.754s] Invoking command in '/home/line/ROSlearning_LJK/01_HelloROS/camera/build/camera': CMAKE_PREFIX_PATH=/opt/ros/humble /usr/bin/cmake --install /home/line/ROSlearning_LJK/01_HelloROS/camera/build/camera
[6.759s] -- Install configuration: ""
[6.759s] -- Installing: /home/line/ROSlearning_LJK/01_HelloROS/camera/install/camera/share/ament_index/resource_index/rosidl_interfaces/camera
[6.759s] -- Installing: /home/line/ROSlearning_LJK/01_HelloROS/camera/install/camera/include/camera/camera
[6.759s] -- Installing: /home/line/ROSlearning_LJK/01_HelloROS/camera/install/camera/include/camera/camera/msg
[6.759s] -- Installing: /home/line/ROSlearning_LJK/01_HelloROS/camera/install/camera/include/camera/camera/msg/robot_pose_msg.h
[6.759s] -- Installing: /home/line/ROSlearning_LJK/01_HelloROS/camera/install/camera/include/camera/camera/msg/rosidl_generator_c__visibility_control.h
[6.759s] -- Installing: /home/line/ROSlearning_LJK/01_HelloROS/camera/install/camera/include/camera/camera/msg/detail
[6.760s] -- Installing: /home/line/ROSlearning_LJK/01_HelloROS/camera/install/camera/include/camera/camera/msg/detail/robot_pose_msg__functions.c
[6.760s] -- Installing: /home/line/ROSlearning_LJK/01_HelloROS/camera/install/camera/include/camera/camera/msg/detail/robot_pose_msg__functions.h
[6.760s] -- Installing: /home/line/ROSlearning_LJK/01_HelloROS/camera/install/camera/include/camera/camera/msg/detail/robot_pose_msg__type_support.h
[6.760s] -- Installing: /home/line/ROSlearning_LJK/01_HelloROS/camera/install/camera/include/camera/camera/msg/detail/robot_pose_msg__struct.h
[6.760s] -- Installing: /home/line/ROSlearning_LJK/01_HelloROS/camera/install/camera/share/camera/environment/library_path.sh
[6.760s] -- Installing: /home/line/ROSlearning_LJK/01_HelloROS/camera/install/camera/share/camera/environment/library_path.dsv
[6.760s] -- Installing: /home/line/ROSlearning_LJK/01_HelloROS/camera/install/camera/lib/libcamera__rosidl_generator_c.so
[6.760s] -- Set runtime path of "/home/line/ROSlearning_LJK/01_HelloROS/camera/install/camera/lib/libcamera__rosidl_generator_c.so" to ""
[6.760s] -- Up-to-date: /home/line/ROSlearning_LJK/01_HelloROS/camera/install/camera/include/camera/camera
[6.760s] -- Up-to-date: /home/line/ROSlearning_LJK/01_HelloROS/camera/install/camera/include/camera/camera/msg
[6.760s] -- Up-to-date: /home/line/ROSlearning_LJK/01_HelloROS/camera/install/camera/include/camera/camera/msg/detail
[6.761s] -- Installing: /home/line/ROSlearning_LJK/01_HelloROS/camera/install/camera/include/camera/camera/msg/detail/robot_pose_msg__rosidl_typesupport_fastrtps_c.h
[6.761s] -- Installing: /home/line/ROSlearning_LJK/01_HelloROS/camera/install/camera/include/camera/camera/msg/rosidl_typesupport_fastrtps_c__visibility_control.h
[6.761s] -- Installing: /home/line/ROSlearning_LJK/01_HelloROS/camera/install/camera/lib/libcamera__rosidl_typesupport_fastrtps_c.so
[6.761s] -- Set runtime path of "/home/line/ROSlearning_LJK/01_HelloROS/camera/install/camera/lib/libcamera__rosidl_typesupport_fastrtps_c.so" to ""
[6.761s] -- Up-to-date: /home/line/ROSlearning_LJK/01_HelloROS/camera/install/camera/include/camera/camera
[6.761s] -- Up-to-date: /home/line/ROSlearning_LJK/01_HelloROS/camera/install/camera/include/camera/camera/msg
[6.761s] -- Installing: /home/line/ROSlearning_LJK/01_HelloROS/camera/install/camera/include/camera/camera/msg/rosidl_generator_cpp__visibility_control.hpp
[6.761s] -- Installing: /home/line/ROSlearning_LJK/01_HelloROS/camera/install/camera/include/camera/camera/msg/robot_pose_msg.hpp
[6.761s] -- Up-to-date: /home/line/ROSlearning_LJK/01_HelloROS/camera/install/camera/include/camera/camera/msg/detail
[6.761s] -- Installing: /home/line/ROSlearning_LJK/01_HelloROS/camera/install/camera/include/camera/camera/msg/detail/robot_pose_msg__builder.hpp
[6.762s] -- Installing: /home/line/ROSlearning_LJK/01_HelloROS/camera/install/camera/include/camera/camera/msg/detail/robot_pose_msg__struct.hpp
[6.762s] -- Installing: /home/line/ROSlearning_LJK/01_HelloROS/camera/install/camera/include/camera/camera/msg/detail/robot_pose_msg__traits.hpp
[6.762s] -- Installing: /home/line/ROSlearning_LJK/01_HelloROS/camera/install/camera/include/camera/camera/msg/detail/robot_pose_msg__type_support.hpp
[6.762s] -- Up-to-date: /home/line/ROSlearning_LJK/01_HelloROS/camera/install/camera/include/camera/camera
[6.762s] -- Up-to-date: /home/line/ROSlearning_LJK/01_HelloROS/camera/install/camera/include/camera/camera/msg
[6.762s] -- Installing: /home/line/ROSlearning_LJK/01_HelloROS/camera/install/camera/include/camera/camera/msg/rosidl_typesupport_fastrtps_cpp__visibility_control.h
[6.762s] -- Up-to-date: /home/line/ROSlearning_LJK/01_HelloROS/camera/install/camera/include/camera/camera/msg/detail
[6.762s] -- Installing: /home/line/ROSlearning_LJK/01_HelloROS/camera/install/camera/include/camera/camera/msg/detail/dds_fastrtps
[6.762s] -- Installing: /home/line/ROSlearning_LJK/01_HelloROS/camera/install/camera/include/camera/camera/msg/detail/robot_pose_msg__rosidl_typesupport_fastrtps_cpp.hpp
[6.762s] -- Installing: /home/line/ROSlearning_LJK/01_HelloROS/camera/install/camera/lib/libcamera__rosidl_typesupport_fastrtps_cpp.so
[6.762s] -- Set runtime path of "/home/line/ROSlearning_LJK/01_HelloROS/camera/install/camera/lib/libcamera__rosidl_typesupport_fastrtps_cpp.so" to ""
[6.763s] -- Up-to-date: /home/line/ROSlearning_LJK/01_HelloROS/camera/install/camera/include/camera/camera
[6.763s] -- Up-to-date: /home/line/ROSlearning_LJK/01_HelloROS/camera/install/camera/include/camera/camera/msg
[6.763s] -- Installing: /home/line/ROSlearning_LJK/01_HelloROS/camera/install/camera/include/camera/camera/msg/rosidl_typesupport_introspection_c__visibility_control.h
[6.763s] -- Up-to-date: /home/line/ROSlearning_LJK/01_HelloROS/camera/install/camera/include/camera/camera/msg/detail
[6.763s] -- Installing: /home/line/ROSlearning_LJK/01_HelloROS/camera/install/camera/include/camera/camera/msg/detail/robot_pose_msg__type_support.c
[6.763s] -- Installing: /home/line/ROSlearning_LJK/01_HelloROS/camera/install/camera/include/camera/camera/msg/detail/robot_pose_msg__rosidl_typesupport_introspection_c.h
[6.763s] -- Installing: /home/line/ROSlearning_LJK/01_HelloROS/camera/install/camera/lib/libcamera__rosidl_typesupport_introspection_c.so
[6.763s] -- Set runtime path of "/home/line/ROSlearning_LJK/01_HelloROS/camera/install/camera/lib/libcamera__rosidl_typesupport_introspection_c.so" to ""
[6.763s] -- Installing: /home/line/ROSlearning_LJK/01_HelloROS/camera/install/camera/lib/libcamera__rosidl_typesupport_c.so
[6.763s] -- Set runtime path of "/home/line/ROSlearning_LJK/01_HelloROS/camera/install/camera/lib/libcamera__rosidl_typesupport_c.so" to ""
[6.763s] -- Up-to-date: /home/line/ROSlearning_LJK/01_HelloROS/camera/install/camera/include/camera/camera
[6.764s] -- Up-to-date: /home/line/ROSlearning_LJK/01_HelloROS/camera/install/camera/include/camera/camera/msg
[6.764s] -- Up-to-date: /home/line/ROSlearning_LJK/01_HelloROS/camera/install/camera/include/camera/camera/msg/detail
[6.764s] -- Installing: /home/line/ROSlearning_LJK/01_HelloROS/camera/install/camera/include/camera/camera/msg/detail/robot_pose_msg__type_support.cpp
[6.764s] -- Installing: /home/line/ROSlearning_LJK/01_HelloROS/camera/install/camera/include/camera/camera/msg/detail/robot_pose_msg__rosidl_typesupport_introspection_cpp.hpp
[6.764s] -- Installing: /home/line/ROSlearning_LJK/01_HelloROS/camera/install/camera/lib/libcamera__rosidl_typesupport_introspection_cpp.so
[6.764s] -- Set runtime path of "/home/line/ROSlearning_LJK/01_HelloROS/camera/install/camera/lib/libcamera__rosidl_typesupport_introspection_cpp.so" to ""
[6.764s] -- Installing: /home/line/ROSlearning_LJK/01_HelloROS/camera/install/camera/lib/libcamera__rosidl_typesupport_cpp.so
[6.764s] -- Set runtime path of "/home/line/ROSlearning_LJK/01_HelloROS/camera/install/camera/lib/libcamera__rosidl_typesupport_cpp.so" to ""
[6.764s] -- Installing: /home/line/ROSlearning_LJK/01_HelloROS/camera/install/camera/share/camera/msg/RobotPoseMsg.idl
[6.764s] -- Installing: /home/line/ROSlearning_LJK/01_HelloROS/camera/install/camera/share/camera/msg/RobotPoseMsg.msg
[6.764s] -- Installing: /home/line/ROSlearning_LJK/01_HelloROS/camera/install/camera/lib/camera/camera_node
[6.764s] -- Set runtime path of "/home/line/ROSlearning_LJK/01_HelloROS/camera/install/camera/lib/camera/camera_node" to ""
[6.765s] -- Installing: /home/line/ROSlearning_LJK/01_HelloROS/camera/install/camera/lib/camera/machine_node
[6.765s] -- Set runtime path of "/home/line/ROSlearning_LJK/01_HelloROS/camera/install/camera/lib/camera/machine_node" to ""
[6.765s] -- Installing: /home/line/ROSlearning_LJK/01_HelloROS/camera/install/camera/share/ament_index/resource_index/package_run_dependencies/camera
[6.765s] -- Installing: /home/line/ROSlearning_LJK/01_HelloROS/camera/install/camera/share/ament_index/resource_index/parent_prefix_path/camera
[6.765s] -- Installing: /home/line/ROSlearning_LJK/01_HelloROS/camera/install/camera/share/camera/environment/ament_prefix_path.sh
[6.765s] -- Installing: /home/line/ROSlearning_LJK/01_HelloROS/camera/install/camera/share/camera/environment/ament_prefix_path.dsv
[6.765s] -- Installing: /home/line/ROSlearning_LJK/01_HelloROS/camera/install/camera/share/camera/environment/path.sh
[6.765s] -- Installing: /home/line/ROSlearning_LJK/01_HelloROS/camera/install/camera/share/camera/environment/path.dsv
[6.766s] -- Installing: /home/line/ROSlearning_LJK/01_HelloROS/camera/install/camera/share/camera/local_setup.bash
[6.766s] -- Installing: /home/line/ROSlearning_LJK/01_HelloROS/camera/install/camera/share/camera/local_setup.sh
[6.766s] -- Installing: /home/line/ROSlearning_LJK/01_HelloROS/camera/install/camera/share/camera/local_setup.zsh
[6.766s] -- Installing: /home/line/ROSlearning_LJK/01_HelloROS/camera/install/camera/share/camera/local_setup.dsv
[6.766s] -- Installing: /home/line/ROSlearning_LJK/01_HelloROS/camera/install/camera/share/camera/package.dsv
[6.766s] -- Installing: /home/line/ROSlearning_LJK/01_HelloROS/camera/install/camera/share/ament_index/resource_index/packages/camera
[6.766s] -- Installing: /home/line/ROSlearning_LJK/01_HelloROS/camera/install/camera/share/camera/cmake/export_camera__rosidl_generator_cExport.cmake
[6.766s] -- Installing: /home/line/ROSlearning_LJK/01_HelloROS/camera/install/camera/share/camera/cmake/export_camera__rosidl_generator_cExport-noconfig.cmake
[6.766s] -- Installing: /home/line/ROSlearning_LJK/01_HelloROS/camera/install/camera/share/camera/cmake/export_camera__rosidl_typesupport_fastrtps_cExport.cmake
[6.766s] -- Installing: /home/line/ROSlearning_LJK/01_HelloROS/camera/install/camera/share/camera/cmake/export_camera__rosidl_typesupport_fastrtps_cExport-noconfig.cmake
[6.766s] -- Installing: /home/line/ROSlearning_LJK/01_HelloROS/camera/install/camera/share/camera/cmake/export_camera__rosidl_generator_cppExport.cmake
[6.766s] -- Installing: /home/line/ROSlearning_LJK/01_HelloROS/camera/install/camera/share/camera/cmake/export_camera__rosidl_typesupport_fastrtps_cppExport.cmake
[6.767s] -- Installing: /home/line/ROSlearning_LJK/01_HelloROS/camera/install/camera/share/camera/cmake/export_camera__rosidl_typesupport_fastrtps_cppExport-noconfig.cmake
[6.767s] -- Installing: /home/line/ROSlearning_LJK/01_HelloROS/camera/install/camera/share/camera/cmake/camera__rosidl_typesupport_introspection_cExport.cmake
[6.767s] -- Installing: /home/line/ROSlearning_LJK/01_HelloROS/camera/install/camera/share/camera/cmake/camera__rosidl_typesupport_introspection_cExport-noconfig.cmake
[6.767s] -- Installing: /home/line/ROSlearning_LJK/01_HelloROS/camera/install/camera/share/camera/cmake/camera__rosidl_typesupport_cExport.cmake
[6.767s] -- Installing: /home/line/ROSlearning_LJK/01_HelloROS/camera/install/camera/share/camera/cmake/camera__rosidl_typesupport_cExport-noconfig.cmake
[6.767s] -- Installing: /home/line/ROSlearning_LJK/01_HelloROS/camera/install/camera/share/camera/cmake/camera__rosidl_typesupport_introspection_cppExport.cmake
[6.767s] -- Installing: /home/line/ROSlearning_LJK/01_HelloROS/camera/install/camera/share/camera/cmake/camera__rosidl_typesupport_introspection_cppExport-noconfig.cmake
[6.767s] -- Installing: /home/line/ROSlearning_LJK/01_HelloROS/camera/install/camera/share/camera/cmake/camera__rosidl_typesupport_cppExport.cmake
[6.767s] -- Installing: /home/line/ROSlearning_LJK/01_HelloROS/camera/install/camera/share/camera/cmake/camera__rosidl_typesupport_cppExport-noconfig.cmake
[6.767s] -- Installing: /home/line/ROSlearning_LJK/01_HelloROS/camera/install/camera/share/camera/cmake/rosidl_cmake-extras.cmake
[6.767s] -- Installing: /home/line/ROSlearning_LJK/01_HelloROS/camera/install/camera/share/camera/cmake/ament_cmake_export_dependencies-extras.cmake
[6.767s] -- Installing: /home/line/ROSlearning_LJK/01_HelloROS/camera/install/camera/share/camera/cmake/ament_cmake_export_include_directories-extras.cmake
[6.767s] -- Installing: /home/line/ROSlearning_LJK/01_HelloROS/camera/install/camera/share/camera/cmake/ament_cmake_export_libraries-extras.cmake
[6.768s] -- Installing: /home/line/ROSlearning_LJK/01_HelloROS/camera/install/camera/share/camera/cmake/ament_cmake_export_targets-extras.cmake
[6.768s] -- Installing: /home/line/ROSlearning_LJK/01_HelloROS/camera/install/camera/share/camera/cmake/rosidl_cmake_export_typesupport_targets-extras.cmake
[6.768s] -- Installing: /home/line/ROSlearning_LJK/01_HelloROS/camera/install/camera/share/camera/cmake/rosidl_cmake_export_typesupport_libraries-extras.cmake
[6.768s] -- Installing: /home/line/ROSlearning_LJK/01_HelloROS/camera/install/camera/share/camera/cmake/rosidl_cmake_aggregate_target-extras.cmake
[6.768s] -- Installing: /home/line/ROSlearning_LJK/01_HelloROS/camera/install/camera/share/camera/cmake/cameraConfig.cmake
[6.768s] -- Installing: /home/line/ROSlearning_LJK/01_HelloROS/camera/install/camera/share/camera/cmake/cameraConfig-version.cmake
[6.768s] -- Installing: /home/line/ROSlearning_LJK/01_HelloROS/camera/install/camera/share/camera/package.xml
[6.769s] Invoked command in '/home/line/ROSlearning_LJK/01_HelloROS/camera/build/camera' returned '0': CMAKE_PREFIX_PATH=/opt/ros/humble /usr/bin/cmake --install /home/line/ROSlearning_LJK/01_HelloROS/camera/build/camera
