[  2%] Built target village_interfaces__cpp
[  4%] Built target village_interfaces__rs
[ 14%] Built target village_interfaces__rosidl_generator_c
[ 14%] Built target ament_cmake_python_copy_village_interfaces
Consolidate compiler generated dependencies of target village_interfaces__rosidl_typesupport_cpp
Consolidate compiler generated dependencies of target village_interfaces__rosidl_typesupport_c
Consolidate compiler generated dependencies of target village_interfaces__rosidl_typesupport_introspection_c
Consolidate compiler generated dependencies of target village_interfaces__rosidl_typesupport_introspection_cpp
Consolidate compiler generated dependencies of target village_interfaces__rosidl_typesupport_fastrtps_cpp
Consolidate compiler generated dependencies of target village_interfaces__rosidl_typesupport_fastrtps_c
[ 25%] Built target village_interfaces__rosidl_typesupport_cpp
[ 35%] Built target village_interfaces__rosidl_typesupport_introspection_c
[ 45%] Built target village_interfaces__rosidl_typesupport_c
[ 56%] Built target village_interfaces__rosidl_typesupport_introspection_cpp
[ 66%] Built target village_interfaces__rosidl_typesupport_fastrtps_cpp
[ 77%] Built target village_interfaces__rosidl_typesupport_fastrtps_c
[ 77%] Built target village_interfaces
[ 79%] Generating Python code for ROS interfaces
running egg_info
writing village_interfaces.egg-info/PKG-INFO
writing dependency_links to village_interfaces.egg-info/dependency_links.txt
writing top-level names to village_interfaces.egg-info/top_level.txt
reading manifest file 'village_interfaces.egg-info/SOURCES.txt'
writing manifest file 'village_interfaces.egg-info/SOURCES.txt'
[ 79%] Built target ament_cmake_python_build_village_interfaces_egg
[ 79%] Built target village_interfaces__py
[ 81%] Building C object CMakeFiles/village_interfaces__rosidl_generator_py.dir/rosidl_generator_py/village_interfaces/msg/_novel_s.c.o
[ 85%] Building C object CMakeFiles/village_interfaces__rosidl_generator_py.dir/rosidl_generator_py/village_interfaces/srv/_borrow_money_s.c.o
[ 85%] Building C object CMakeFiles/village_interfaces__rosidl_generator_py.dir/rosidl_generator_py/village_interfaces/srv/_sell_novel_s.c.o
[ 87%] Linking C shared library rosidl_generator_py/village_interfaces/libvillage_interfaces__rosidl_generator_py.so
[ 87%] Built target village_interfaces__rosidl_generator_py
[ 89%] Building C object CMakeFiles/village_interfaces__rosidl_typesupport_c__pyext.dir/rosidl_generator_py/village_interfaces/_village_interfaces_s.ep.rosidl_typesupport_c.c.o
[ 93%] Building C object CMakeFiles/village_interfaces__rosidl_typesupport_fastrtps_c__pyext.dir/rosidl_generator_py/village_interfaces/_village_interfaces_s.ep.rosidl_typesupport_fastrtps_c.c.o
[ 93%] Building C object CMakeFiles/village_interfaces__rosidl_typesupport_introspection_c__pyext.dir/rosidl_generator_py/village_interfaces/_village_interfaces_s.ep.rosidl_typesupport_introspection_c.c.o
[100%] Linking C shared library rosidl_generator_py/village_interfaces/village_interfaces_s__rosidl_typesupport_fastrtps_c.cpython-310-x86_64-linux-gnu.so
[100%] Linking C shared library rosidl_generator_py/village_interfaces/village_interfaces_s__rosidl_typesupport_introspection_c.cpython-310-x86_64-linux-gnu.so
[100%] Linking C shared library rosidl_generator_py/village_interfaces/village_interfaces_s__rosidl_typesupport_c.cpython-310-x86_64-linux-gnu.so
[100%] Built target village_interfaces__rosidl_typesupport_introspection_c__pyext
[100%] Built target village_interfaces__rosidl_typesupport_fastrtps_c__pyext
[100%] Built target village_interfaces__rosidl_typesupport_c__pyext
-- Install configuration: ""
-- Installing: /home/line/town_ws/src/install/village_interfaces/share/ament_index/resource_index/rosidl_interfaces/village_interfaces
-- Installing: /home/line/town_ws/src/install/village_interfaces/include/village_interfaces/village_interfaces
-- Installing: /home/line/town_ws/src/install/village_interfaces/include/village_interfaces/village_interfaces/msg
-- Installing: /home/line/town_ws/src/install/village_interfaces/include/village_interfaces/village_interfaces/msg/rosidl_generator_c__visibility_control.h
-- Installing: /home/line/town_ws/src/install/village_interfaces/include/village_interfaces/village_interfaces/msg/novel.h
-- Installing: /home/line/town_ws/src/install/village_interfaces/include/village_interfaces/village_interfaces/msg/detail
-- Installing: /home/line/town_ws/src/install/village_interfaces/include/village_interfaces/village_interfaces/msg/detail/novel__functions.c
-- Installing: /home/line/town_ws/src/install/village_interfaces/include/village_interfaces/village_interfaces/msg/detail/novel__struct.h
-- Installing: /home/line/town_ws/src/install/village_interfaces/include/village_interfaces/village_interfaces/msg/detail/novel__type_support.h
-- Installing: /home/line/town_ws/src/install/village_interfaces/include/village_interfaces/village_interfaces/msg/detail/novel__functions.h
-- Installing: /home/line/town_ws/src/install/village_interfaces/include/village_interfaces/village_interfaces/srv
-- Installing: /home/line/town_ws/src/install/village_interfaces/include/village_interfaces/village_interfaces/srv/borrow_money.h
-- Installing: /home/line/town_ws/src/install/village_interfaces/include/village_interfaces/village_interfaces/srv/detail
-- Installing: /home/line/town_ws/src/install/village_interfaces/include/village_interfaces/village_interfaces/srv/detail/sell_novel__functions.h
-- Installing: /home/line/town_ws/src/install/village_interfaces/include/village_interfaces/village_interfaces/srv/detail/sell_novel__struct.h
-- Installing: /home/line/town_ws/src/install/village_interfaces/include/village_interfaces/village_interfaces/srv/detail/borrow_money__functions.c
-- Installing: /home/line/town_ws/src/install/village_interfaces/include/village_interfaces/village_interfaces/srv/detail/borrow_money__type_support.h
-- Installing: /home/line/town_ws/src/install/village_interfaces/include/village_interfaces/village_interfaces/srv/detail/sell_novel__functions.c
-- Installing: /home/line/town_ws/src/install/village_interfaces/include/village_interfaces/village_interfaces/srv/detail/borrow_money__functions.h
-- Installing: /home/line/town_ws/src/install/village_interfaces/include/village_interfaces/village_interfaces/srv/detail/borrow_money__struct.h
-- Installing: /home/line/town_ws/src/install/village_interfaces/include/village_interfaces/village_interfaces/srv/detail/sell_novel__type_support.h
-- Installing: /home/line/town_ws/src/install/village_interfaces/include/village_interfaces/village_interfaces/srv/sell_novel.h
-- Installing: /home/line/town_ws/src/install/village_interfaces/share/village_interfaces/environment/library_path.sh
-- Installing: /home/line/town_ws/src/install/village_interfaces/share/village_interfaces/environment/library_path.dsv
-- Installing: /home/line/town_ws/src/install/village_interfaces/lib/libvillage_interfaces__rosidl_generator_c.so
-- Set runtime path of "/home/line/town_ws/src/install/village_interfaces/lib/libvillage_interfaces__rosidl_generator_c.so" to ""
-- Up-to-date: /home/line/town_ws/src/install/village_interfaces/include/village_interfaces/village_interfaces
-- Up-to-date: /home/line/town_ws/src/install/village_interfaces/include/village_interfaces/village_interfaces/msg
-- Up-to-date: /home/line/town_ws/src/install/village_interfaces/include/village_interfaces/village_interfaces/msg/detail
-- Installing: /home/line/town_ws/src/install/village_interfaces/include/village_interfaces/village_interfaces/msg/detail/novel__rosidl_typesupport_fastrtps_c.h
-- Installing: /home/line/town_ws/src/install/village_interfaces/include/village_interfaces/village_interfaces/msg/rosidl_typesupport_fastrtps_c__visibility_control.h
-- Up-to-date: /home/line/town_ws/src/install/village_interfaces/include/village_interfaces/village_interfaces/srv
-- Up-to-date: /home/line/town_ws/src/install/village_interfaces/include/village_interfaces/village_interfaces/srv/detail
-- Installing: /home/line/town_ws/src/install/village_interfaces/include/village_interfaces/village_interfaces/srv/detail/borrow_money__rosidl_typesupport_fastrtps_c.h
-- Installing: /home/line/town_ws/src/install/village_interfaces/include/village_interfaces/village_interfaces/srv/detail/sell_novel__rosidl_typesupport_fastrtps_c.h
-- Installing: /home/line/town_ws/src/install/village_interfaces/lib/libvillage_interfaces__rosidl_typesupport_fastrtps_c.so
-- Set runtime path of "/home/line/town_ws/src/install/village_interfaces/lib/libvillage_interfaces__rosidl_typesupport_fastrtps_c.so" to ""
-- Up-to-date: /home/line/town_ws/src/install/village_interfaces/include/village_interfaces/village_interfaces
-- Up-to-date: /home/line/town_ws/src/install/village_interfaces/include/village_interfaces/village_interfaces/msg
-- Installing: /home/line/town_ws/src/install/village_interfaces/include/village_interfaces/village_interfaces/msg/rosidl_generator_cpp__visibility_control.hpp
-- Installing: /home/line/town_ws/src/install/village_interfaces/include/village_interfaces/village_interfaces/msg/novel.hpp
-- Up-to-date: /home/line/town_ws/src/install/village_interfaces/include/village_interfaces/village_interfaces/msg/detail
-- Installing: /home/line/town_ws/src/install/village_interfaces/include/village_interfaces/village_interfaces/msg/detail/novel__builder.hpp
-- Installing: /home/line/town_ws/src/install/village_interfaces/include/village_interfaces/village_interfaces/msg/detail/novel__struct.hpp
-- Installing: /home/line/town_ws/src/install/village_interfaces/include/village_interfaces/village_interfaces/msg/detail/novel__traits.hpp
-- Installing: /home/line/town_ws/src/install/village_interfaces/include/village_interfaces/village_interfaces/msg/detail/novel__type_support.hpp
-- Up-to-date: /home/line/town_ws/src/install/village_interfaces/include/village_interfaces/village_interfaces/srv
-- Installing: /home/line/town_ws/src/install/village_interfaces/include/village_interfaces/village_interfaces/srv/borrow_money.hpp
-- Installing: /home/line/town_ws/src/install/village_interfaces/include/village_interfaces/village_interfaces/srv/sell_novel.hpp
-- Up-to-date: /home/line/town_ws/src/install/village_interfaces/include/village_interfaces/village_interfaces/srv/detail
-- Installing: /home/line/town_ws/src/install/village_interfaces/include/village_interfaces/village_interfaces/srv/detail/sell_novel__builder.hpp
-- Installing: /home/line/town_ws/src/install/village_interfaces/include/village_interfaces/village_interfaces/srv/detail/sell_novel__type_support.hpp
-- Installing: /home/line/town_ws/src/install/village_interfaces/include/village_interfaces/village_interfaces/srv/detail/borrow_money__builder.hpp
-- Installing: /home/line/town_ws/src/install/village_interfaces/include/village_interfaces/village_interfaces/srv/detail/borrow_money__traits.hpp
-- Installing: /home/line/town_ws/src/install/village_interfaces/include/village_interfaces/village_interfaces/srv/detail/sell_novel__traits.hpp
-- Installing: /home/line/town_ws/src/install/village_interfaces/include/village_interfaces/village_interfaces/srv/detail/sell_novel__struct.hpp
-- Installing: /home/line/town_ws/src/install/village_interfaces/include/village_interfaces/village_interfaces/srv/detail/borrow_money__type_support.hpp
-- Installing: /home/line/town_ws/src/install/village_interfaces/include/village_interfaces/village_interfaces/srv/detail/borrow_money__struct.hpp
-- Up-to-date: /home/line/town_ws/src/install/village_interfaces/include/village_interfaces/village_interfaces
-- Up-to-date: /home/line/town_ws/src/install/village_interfaces/include/village_interfaces/village_interfaces/msg
-- Installing: /home/line/town_ws/src/install/village_interfaces/include/village_interfaces/village_interfaces/msg/rosidl_typesupport_fastrtps_cpp__visibility_control.h
-- Up-to-date: /home/line/town_ws/src/install/village_interfaces/include/village_interfaces/village_interfaces/msg/detail
-- Installing: /home/line/town_ws/src/install/village_interfaces/include/village_interfaces/village_interfaces/msg/detail/novel__rosidl_typesupport_fastrtps_cpp.hpp
-- Installing: /home/line/town_ws/src/install/village_interfaces/include/village_interfaces/village_interfaces/msg/detail/dds_fastrtps
-- Up-to-date: /home/line/town_ws/src/install/village_interfaces/include/village_interfaces/village_interfaces/srv
-- Up-to-date: /home/line/town_ws/src/install/village_interfaces/include/village_interfaces/village_interfaces/srv/detail
-- Installing: /home/line/town_ws/src/install/village_interfaces/include/village_interfaces/village_interfaces/srv/detail/borrow_money__rosidl_typesupport_fastrtps_cpp.hpp
-- Installing: /home/line/town_ws/src/install/village_interfaces/include/village_interfaces/village_interfaces/srv/detail/dds_fastrtps
-- Installing: /home/line/town_ws/src/install/village_interfaces/include/village_interfaces/village_interfaces/srv/detail/sell_novel__rosidl_typesupport_fastrtps_cpp.hpp
-- Installing: /home/line/town_ws/src/install/village_interfaces/lib/libvillage_interfaces__rosidl_typesupport_fastrtps_cpp.so
-- Set runtime path of "/home/line/town_ws/src/install/village_interfaces/lib/libvillage_interfaces__rosidl_typesupport_fastrtps_cpp.so" to ""
-- Up-to-date: /home/line/town_ws/src/install/village_interfaces/include/village_interfaces/village_interfaces
-- Up-to-date: /home/line/town_ws/src/install/village_interfaces/include/village_interfaces/village_interfaces/msg
-- Installing: /home/line/town_ws/src/install/village_interfaces/include/village_interfaces/village_interfaces/msg/rosidl_typesupport_introspection_c__visibility_control.h
-- Up-to-date: /home/line/town_ws/src/install/village_interfaces/include/village_interfaces/village_interfaces/msg/detail
-- Installing: /home/line/town_ws/src/install/village_interfaces/include/village_interfaces/village_interfaces/msg/detail/novel__type_support.c
-- Installing: /home/line/town_ws/src/install/village_interfaces/include/village_interfaces/village_interfaces/msg/detail/novel__rosidl_typesupport_introspection_c.h
-- Up-to-date: /home/line/town_ws/src/install/village_interfaces/include/village_interfaces/village_interfaces/srv
-- Up-to-date: /home/line/town_ws/src/install/village_interfaces/include/village_interfaces/village_interfaces/srv/detail
-- Installing: /home/line/town_ws/src/install/village_interfaces/include/village_interfaces/village_interfaces/srv/detail/sell_novel__rosidl_typesupport_introspection_c.h
-- Installing: /home/line/town_ws/src/install/village_interfaces/include/village_interfaces/village_interfaces/srv/detail/sell_novel__type_support.c
-- Installing: /home/line/town_ws/src/install/village_interfaces/include/village_interfaces/village_interfaces/srv/detail/borrow_money__type_support.c
-- Installing: /home/line/town_ws/src/install/village_interfaces/include/village_interfaces/village_interfaces/srv/detail/borrow_money__rosidl_typesupport_introspection_c.h
-- Installing: /home/line/town_ws/src/install/village_interfaces/lib/libvillage_interfaces__rosidl_typesupport_introspection_c.so
-- Set runtime path of "/home/line/town_ws/src/install/village_interfaces/lib/libvillage_interfaces__rosidl_typesupport_introspection_c.so" to ""
-- Installing: /home/line/town_ws/src/install/village_interfaces/lib/libvillage_interfaces__rosidl_typesupport_c.so
-- Set runtime path of "/home/line/town_ws/src/install/village_interfaces/lib/libvillage_interfaces__rosidl_typesupport_c.so" to ""
-- Up-to-date: /home/line/town_ws/src/install/village_interfaces/include/village_interfaces/village_interfaces
-- Up-to-date: /home/line/town_ws/src/install/village_interfaces/include/village_interfaces/village_interfaces/msg
-- Up-to-date: /home/line/town_ws/src/install/village_interfaces/include/village_interfaces/village_interfaces/msg/detail
-- Installing: /home/line/town_ws/src/install/village_interfaces/include/village_interfaces/village_interfaces/msg/detail/novel__rosidl_typesupport_introspection_cpp.hpp
-- Installing: /home/line/town_ws/src/install/village_interfaces/include/village_interfaces/village_interfaces/msg/detail/novel__type_support.cpp
-- Up-to-date: /home/line/town_ws/src/install/village_interfaces/include/village_interfaces/village_interfaces/srv
-- Up-to-date: /home/line/town_ws/src/install/village_interfaces/include/village_interfaces/village_interfaces/srv/detail
-- Installing: /home/line/town_ws/src/install/village_interfaces/include/village_interfaces/village_interfaces/srv/detail/borrow_money__rosidl_typesupport_introspection_cpp.hpp
-- Installing: /home/line/town_ws/src/install/village_interfaces/include/village_interfaces/village_interfaces/srv/detail/sell_novel__type_support.cpp
-- Installing: /home/line/town_ws/src/install/village_interfaces/include/village_interfaces/village_interfaces/srv/detail/borrow_money__type_support.cpp
-- Installing: /home/line/town_ws/src/install/village_interfaces/include/village_interfaces/village_interfaces/srv/detail/sell_novel__rosidl_typesupport_introspection_cpp.hpp
-- Installing: /home/line/town_ws/src/install/village_interfaces/lib/libvillage_interfaces__rosidl_typesupport_introspection_cpp.so
-- Set runtime path of "/home/line/town_ws/src/install/village_interfaces/lib/libvillage_interfaces__rosidl_typesupport_introspection_cpp.so" to ""
-- Installing: /home/line/town_ws/src/install/village_interfaces/lib/libvillage_interfaces__rosidl_typesupport_cpp.so
-- Set runtime path of "/home/line/town_ws/src/install/village_interfaces/lib/libvillage_interfaces__rosidl_typesupport_cpp.so" to ""
-- Installing: /home/line/town_ws/src/install/village_interfaces/share/village_interfaces/environment/pythonpath.sh
-- Installing: /home/line/town_ws/src/install/village_interfaces/share/village_interfaces/environment/pythonpath.dsv
-- Installing: /home/line/town_ws/src/install/village_interfaces/local/lib/python3.10/dist-packages/village_interfaces-0.0.0-py3.10.egg-info
-- Installing: /home/line/town_ws/src/install/village_interfaces/local/lib/python3.10/dist-packages/village_interfaces-0.0.0-py3.10.egg-info/top_level.txt
-- Installing: /home/line/town_ws/src/install/village_interfaces/local/lib/python3.10/dist-packages/village_interfaces-0.0.0-py3.10.egg-info/dependency_links.txt
-- Installing: /home/line/town_ws/src/install/village_interfaces/local/lib/python3.10/dist-packages/village_interfaces-0.0.0-py3.10.egg-info/SOURCES.txt
-- Installing: /home/line/town_ws/src/install/village_interfaces/local/lib/python3.10/dist-packages/village_interfaces-0.0.0-py3.10.egg-info/PKG-INFO
-- Installing: /home/line/town_ws/src/install/village_interfaces/local/lib/python3.10/dist-packages/village_interfaces
-- Installing: /home/line/town_ws/src/install/village_interfaces/local/lib/python3.10/dist-packages/village_interfaces/msg
-- Installing: /home/line/town_ws/src/install/village_interfaces/local/lib/python3.10/dist-packages/village_interfaces/msg/_novel.py
-- Installing: /home/line/town_ws/src/install/village_interfaces/local/lib/python3.10/dist-packages/village_interfaces/msg/_novel_s.c
-- Installing: /home/line/town_ws/src/install/village_interfaces/local/lib/python3.10/dist-packages/village_interfaces/msg/__init__.py
-- Installing: /home/line/town_ws/src/install/village_interfaces/local/lib/python3.10/dist-packages/village_interfaces/srv
-- Installing: /home/line/town_ws/src/install/village_interfaces/local/lib/python3.10/dist-packages/village_interfaces/srv/_sell_novel.py
-- Installing: /home/line/town_ws/src/install/village_interfaces/local/lib/python3.10/dist-packages/village_interfaces/srv/__init__.py
-- Installing: /home/line/town_ws/src/install/village_interfaces/local/lib/python3.10/dist-packages/village_interfaces/srv/_borrow_money_s.c
-- Installing: /home/line/town_ws/src/install/village_interfaces/local/lib/python3.10/dist-packages/village_interfaces/srv/_sell_novel_s.c
-- Installing: /home/line/town_ws/src/install/village_interfaces/local/lib/python3.10/dist-packages/village_interfaces/srv/_borrow_money.py
-- Installing: /home/line/town_ws/src/install/village_interfaces/local/lib/python3.10/dist-packages/village_interfaces/_village_interfaces_s.ep.rosidl_typesupport_fastrtps_c.c
-- Installing: /home/line/town_ws/src/install/village_interfaces/local/lib/python3.10/dist-packages/village_interfaces/village_interfaces_s__rosidl_typesupport_fastrtps_c.cpython-310-x86_64-linux-gnu.so
-- Installing: /home/line/town_ws/src/install/village_interfaces/local/lib/python3.10/dist-packages/village_interfaces/_village_interfaces_s.ep.rosidl_typesupport_c.c
-- Installing: /home/line/town_ws/src/install/village_interfaces/local/lib/python3.10/dist-packages/village_interfaces/__init__.py
-- Installing: /home/line/town_ws/src/install/village_interfaces/local/lib/python3.10/dist-packages/village_interfaces/village_interfaces_s__rosidl_typesupport_c.cpython-310-x86_64-linux-gnu.so
-- Installing: /home/line/town_ws/src/install/village_interfaces/local/lib/python3.10/dist-packages/village_interfaces/_village_interfaces_s.ep.rosidl_typesupport_introspection_c.c
-- Installing: /home/line/town_ws/src/install/village_interfaces/local/lib/python3.10/dist-packages/village_interfaces/libvillage_interfaces__rosidl_generator_py.so
-- Installing: /home/line/town_ws/src/install/village_interfaces/local/lib/python3.10/dist-packages/village_interfaces/village_interfaces_s__rosidl_typesupport_introspection_c.cpython-310-x86_64-linux-gnu.so
Listing '/home/line/town_ws/src/install/village_interfaces/local/lib/python3.10/dist-packages/village_interfaces'...
Compiling '/home/line/town_ws/src/install/village_interfaces/local/lib/python3.10/dist-packages/village_interfaces/__init__.py'...
Listing '/home/line/town_ws/src/install/village_interfaces/local/lib/python3.10/dist-packages/village_interfaces/msg'...
Compiling '/home/line/town_ws/src/install/village_interfaces/local/lib/python3.10/dist-packages/village_interfaces/msg/__init__.py'...
Compiling '/home/line/town_ws/src/install/village_interfaces/local/lib/python3.10/dist-packages/village_interfaces/msg/_novel.py'...
Listing '/home/line/town_ws/src/install/village_interfaces/local/lib/python3.10/dist-packages/village_interfaces/srv'...
Compiling '/home/line/town_ws/src/install/village_interfaces/local/lib/python3.10/dist-packages/village_interfaces/srv/__init__.py'...
Compiling '/home/line/town_ws/src/install/village_interfaces/local/lib/python3.10/dist-packages/village_interfaces/srv/_borrow_money.py'...
Compiling '/home/line/town_ws/src/install/village_interfaces/local/lib/python3.10/dist-packages/village_interfaces/srv/_sell_novel.py'...
-- Installing: /home/line/town_ws/src/install/village_interfaces/local/lib/python3.10/dist-packages/village_interfaces/village_interfaces_s__rosidl_typesupport_fastrtps_c.cpython-310-x86_64-linux-gnu.so
-- Set runtime path of "/home/line/town_ws/src/install/village_interfaces/local/lib/python3.10/dist-packages/village_interfaces/village_interfaces_s__rosidl_typesupport_fastrtps_c.cpython-310-x86_64-linux-gnu.so" to ""
-- Installing: /home/line/town_ws/src/install/village_interfaces/local/lib/python3.10/dist-packages/village_interfaces/village_interfaces_s__rosidl_typesupport_introspection_c.cpython-310-x86_64-linux-gnu.so
-- Set runtime path of "/home/line/town_ws/src/install/village_interfaces/local/lib/python3.10/dist-packages/village_interfaces/village_interfaces_s__rosidl_typesupport_introspection_c.cpython-310-x86_64-linux-gnu.so" to ""
-- Installing: /home/line/town_ws/src/install/village_interfaces/local/lib/python3.10/dist-packages/village_interfaces/village_interfaces_s__rosidl_typesupport_c.cpython-310-x86_64-linux-gnu.so
-- Set runtime path of "/home/line/town_ws/src/install/village_interfaces/local/lib/python3.10/dist-packages/village_interfaces/village_interfaces_s__rosidl_typesupport_c.cpython-310-x86_64-linux-gnu.so" to ""
-- Installing: /home/line/town_ws/src/install/village_interfaces/lib/libvillage_interfaces__rosidl_generator_py.so
-- Set runtime path of "/home/line/town_ws/src/install/village_interfaces/lib/libvillage_interfaces__rosidl_generator_py.so" to ""
-- Installing: /home/line/town_ws/src/install/village_interfaces/share/ament_index/resource_index/rust_packages/village_interfaces
-- Installing: /home/line/town_ws/src/install/village_interfaces/share/village_interfaces/rust
-- Installing: /home/line/town_ws/src/install/village_interfaces/share/village_interfaces/rust/src
-- Installing: /home/line/town_ws/src/install/village_interfaces/share/village_interfaces/rust/src/msg
-- Installing: /home/line/town_ws/src/install/village_interfaces/share/village_interfaces/rust/src/msg/rmw.rs
-- Installing: /home/line/town_ws/src/install/village_interfaces/share/village_interfaces/rust/src/lib.rs
-- Installing: /home/line/town_ws/src/install/village_interfaces/share/village_interfaces/rust/src/srv
-- Installing: /home/line/town_ws/src/install/village_interfaces/share/village_interfaces/rust/src/srv/rmw.rs
-- Installing: /home/line/town_ws/src/install/village_interfaces/share/village_interfaces/rust/src/msg.rs
-- Installing: /home/line/town_ws/src/install/village_interfaces/share/village_interfaces/rust/src/srv.rs
-- Installing: /home/line/town_ws/src/install/village_interfaces/share/village_interfaces/rust/build.rs
-- Installing: /home/line/town_ws/src/install/village_interfaces/share/village_interfaces/rust/Cargo.toml
-- Installing: /home/line/town_ws/src/install/village_interfaces/share/village_interfaces/msg/Novel.idl
-- Installing: /home/line/town_ws/src/install/village_interfaces/share/village_interfaces/srv/BorrowMoney.idl
-- Installing: /home/line/town_ws/src/install/village_interfaces/share/village_interfaces/srv/SellNovel.idl
-- Installing: /home/line/town_ws/src/install/village_interfaces/share/village_interfaces/msg/Novel.msg
-- Installing: /home/line/town_ws/src/install/village_interfaces/share/village_interfaces/srv/BorrowMoney.srv
-- Installing: /home/line/town_ws/src/install/village_interfaces/share/village_interfaces/srv/BorrowMoney_Request.msg
-- Installing: /home/line/town_ws/src/install/village_interfaces/share/village_interfaces/srv/BorrowMoney_Response.msg
-- Installing: /home/line/town_ws/src/install/village_interfaces/share/village_interfaces/srv/SellNovel.srv
-- Installing: /home/line/town_ws/src/install/village_interfaces/share/village_interfaces/srv/SellNovel_Request.msg
-- Installing: /home/line/town_ws/src/install/village_interfaces/share/village_interfaces/srv/SellNovel_Response.msg
-- Installing: /home/line/town_ws/src/install/village_interfaces/share/ament_index/resource_index/package_run_dependencies/village_interfaces
-- Installing: /home/line/town_ws/src/install/village_interfaces/share/ament_index/resource_index/parent_prefix_path/village_interfaces
-- Installing: /home/line/town_ws/src/install/village_interfaces/share/village_interfaces/environment/ament_prefix_path.sh
-- Installing: /home/line/town_ws/src/install/village_interfaces/share/village_interfaces/environment/ament_prefix_path.dsv
-- Installing: /home/line/town_ws/src/install/village_interfaces/share/village_interfaces/environment/path.sh
-- Installing: /home/line/town_ws/src/install/village_interfaces/share/village_interfaces/environment/path.dsv
-- Installing: /home/line/town_ws/src/install/village_interfaces/share/village_interfaces/local_setup.bash
-- Installing: /home/line/town_ws/src/install/village_interfaces/share/village_interfaces/local_setup.sh
-- Installing: /home/line/town_ws/src/install/village_interfaces/share/village_interfaces/local_setup.zsh
-- Installing: /home/line/town_ws/src/install/village_interfaces/share/village_interfaces/local_setup.dsv
-- Installing: /home/line/town_ws/src/install/village_interfaces/share/village_interfaces/package.dsv
-- Installing: /home/line/town_ws/src/install/village_interfaces/share/ament_index/resource_index/packages/village_interfaces
-- Installing: /home/line/town_ws/src/install/village_interfaces/share/village_interfaces/cmake/export_village_interfaces__rosidl_generator_cExport.cmake
-- Installing: /home/line/town_ws/src/install/village_interfaces/share/village_interfaces/cmake/export_village_interfaces__rosidl_generator_cExport-noconfig.cmake
-- Installing: /home/line/town_ws/src/install/village_interfaces/share/village_interfaces/cmake/export_village_interfaces__rosidl_typesupport_fastrtps_cExport.cmake
-- Installing: /home/line/town_ws/src/install/village_interfaces/share/village_interfaces/cmake/export_village_interfaces__rosidl_typesupport_fastrtps_cExport-noconfig.cmake
-- Installing: /home/line/town_ws/src/install/village_interfaces/share/village_interfaces/cmake/export_village_interfaces__rosidl_generator_cppExport.cmake
-- Installing: /home/line/town_ws/src/install/village_interfaces/share/village_interfaces/cmake/export_village_interfaces__rosidl_typesupport_fastrtps_cppExport.cmake
-- Installing: /home/line/town_ws/src/install/village_interfaces/share/village_interfaces/cmake/export_village_interfaces__rosidl_typesupport_fastrtps_cppExport-noconfig.cmake
-- Installing: /home/line/town_ws/src/install/village_interfaces/share/village_interfaces/cmake/village_interfaces__rosidl_typesupport_introspection_cExport.cmake
-- Installing: /home/line/town_ws/src/install/village_interfaces/share/village_interfaces/cmake/village_interfaces__rosidl_typesupport_introspection_cExport-noconfig.cmake
-- Installing: /home/line/town_ws/src/install/village_interfaces/share/village_interfaces/cmake/village_interfaces__rosidl_typesupport_cExport.cmake
-- Installing: /home/line/town_ws/src/install/village_interfaces/share/village_interfaces/cmake/village_interfaces__rosidl_typesupport_cExport-noconfig.cmake
-- Installing: /home/line/town_ws/src/install/village_interfaces/share/village_interfaces/cmake/village_interfaces__rosidl_typesupport_introspection_cppExport.cmake
-- Installing: /home/line/town_ws/src/install/village_interfaces/share/village_interfaces/cmake/village_interfaces__rosidl_typesupport_introspection_cppExport-noconfig.cmake
-- Installing: /home/line/town_ws/src/install/village_interfaces/share/village_interfaces/cmake/village_interfaces__rosidl_typesupport_cppExport.cmake
-- Installing: /home/line/town_ws/src/install/village_interfaces/share/village_interfaces/cmake/village_interfaces__rosidl_typesupport_cppExport-noconfig.cmake
-- Installing: /home/line/town_ws/src/install/village_interfaces/share/village_interfaces/cmake/export_village_interfaces__rosidl_generator_pyExport.cmake
-- Installing: /home/line/town_ws/src/install/village_interfaces/share/village_interfaces/cmake/export_village_interfaces__rosidl_generator_pyExport-noconfig.cmake
-- Installing: /home/line/town_ws/src/install/village_interfaces/share/village_interfaces/cmake/rosidl_cmake-extras.cmake
-- Installing: /home/line/town_ws/src/install/village_interfaces/share/village_interfaces/cmake/ament_cmake_export_dependencies-extras.cmake
-- Installing: /home/line/town_ws/src/install/village_interfaces/share/village_interfaces/cmake/ament_cmake_export_include_directories-extras.cmake
-- Installing: /home/line/town_ws/src/install/village_interfaces/share/village_interfaces/cmake/ament_cmake_export_libraries-extras.cmake
-- Installing: /home/line/town_ws/src/install/village_interfaces/share/village_interfaces/cmake/ament_cmake_export_targets-extras.cmake
-- Installing: /home/line/town_ws/src/install/village_interfaces/share/village_interfaces/cmake/rosidl_cmake_export_typesupport_targets-extras.cmake
-- Installing: /home/line/town_ws/src/install/village_interfaces/share/village_interfaces/cmake/rosidl_cmake_export_typesupport_libraries-extras.cmake
-- Installing: /home/line/town_ws/src/install/village_interfaces/share/village_interfaces/cmake/rosidl_cmake_aggregate_target-extras.cmake
-- Installing: /home/line/town_ws/src/install/village_interfaces/share/village_interfaces/cmake/village_interfacesConfig.cmake
-- Installing: /home/line/town_ws/src/install/village_interfaces/share/village_interfaces/cmake/village_interfacesConfig-version.cmake
-- Installing: /home/line/town_ws/src/install/village_interfaces/share/village_interfaces/package.xml
