[0.139s] Invoking command in '/home/line/town_ws/build/village_wang': AMENT_PREFIX_PATH=/home/line/town_ws/install/village_interfaces:${AMENT_PREFIX_PATH} CMAKE_PREFIX_PATH=/home/line/town_ws/install/village_interfaces:/opt/ros/humble LD_LIBRARY_PATH=/home/line/town_ws/install/village_interfaces/lib:${LD_LIBRARY_PATH} PYTHONPATH=/home/line/town_ws/install/village_interfaces/local/lib/python3.10/dist-packages:${PYTHONPATH} /usr/bin/cmake /home/line/town_ws/src/village_wang -DAMENT_CMAKE_SYMLINK_INSTALL=1 -DCMAKE_INSTALL_PREFIX=/home/line/town_ws/install/village_wang
[0.177s] -- The C compiler identification is GNU 11.4.0
[0.213s] -- The CXX compiler identification is GNU 11.4.0
[0.218s] -- Detecting C compiler ABI info
[0.268s] -- Detecting C compiler ABI info - done
[0.273s] -- Check for working C compiler: /usr/bin/cc - skipped
[0.273s] -- Detecting C compile features
[0.273s] -- Detecting C compile features - done
[0.275s] -- Detecting CXX compiler ABI info
[0.330s] -- Detecting CXX compiler ABI info - done
[0.337s] -- Check for working CXX compiler: /usr/bin/c++ - skipped
[0.337s] -- Detecting CXX compile features
[0.337s] -- Detecting CXX compile features - done
[0.339s] -- Found ament_cmake: 1.3.14 (/opt/ros/humble/share/ament_cmake/cmake)
[0.442s] -- Found Python3: /usr/bin/python3 (found version "3.10.12") found components: Interpreter 
[0.478s] -- Override CMake install command with custom implementation using symlinks instead of copying resources
[0.490s] -- Found rclcpp: 16.0.19 (/opt/ros/humble/share/rclcpp/cmake)
[0.514s] -- Found rosidl_generator_c: 3.1.8 (/opt/ros/humble/share/rosidl_generator_c/cmake)
[0.516s] -- Found rosidl_adapter: 3.1.8 (/opt/ros/humble/share/rosidl_adapter/cmake)
[0.520s] -- Found rosidl_generator_cpp: 3.1.8 (/opt/ros/humble/share/rosidl_generator_cpp/cmake)
[0.526s] -- Using all available rosidl_typesupport_c: rosidl_typesupport_fastrtps_c;rosidl_typesupport_introspection_c
[0.534s] -- Using all available rosidl_typesupport_cpp: rosidl_typesupport_fastrtps_cpp;rosidl_typesupport_introspection_cpp
[0.556s] -- Found rmw_implementation_cmake: 6.1.2 (/opt/ros/humble/share/rmw_implementation_cmake/cmake)
[0.557s] -- Found rmw_fastrtps_cpp: 6.2.10 (/opt/ros/humble/share/rmw_fastrtps_cpp/cmake)
[0.634s] -- Found OpenSSL: /usr/lib/x86_64-linux-gnu/libcrypto.so (found version "3.0.2")  
[0.667s] -- Found FastRTPS: /opt/ros/humble/include  
[0.689s] -- Using RMW implementation 'rmw_fastrtps_cpp' as default
[0.693s] -- Looking for pthread.h
[0.766s] -- Looking for pthread.h - found
[0.767s] -- Performing Test CMAKE_HAVE_LIBC_PTHREAD
[0.857s] -- Performing Test CMAKE_HAVE_LIBC_PTHREAD - Success
[0.859s] -- Found Threads: TRUE  
[0.904s] -- Found village_interfaces: 0.0.0 (/home/line/town_ws/install/village_interfaces/share/village_interfaces/cmake)
[0.928s] -- Found ament_lint_auto: 0.12.15 (/opt/ros/humble/share/ament_lint_auto/cmake)
[0.970s] -- Added test 'cppcheck' to perform static code analysis on C / C++ code
[0.970s] -- Configured cppcheck include dirs: 
[0.970s] -- Configured cppcheck exclude dirs and/or files: 
[0.971s] -- Added test 'flake8' to check Python code syntax and style conventions
[0.971s] -- Added test 'lint_cmake' to check CMake code style
[0.971s] -- Added test 'pep257' to check Python code against some of the docstring style conventions in PEP 257
[0.972s] -- Added test 'uncrustify' to check C / C++ code style
[0.972s] -- Configured uncrustify additional arguments: 
[0.972s] -- Added test 'xmllint' to check XML markup files
[0.974s] -- Configuring done
[0.978s] -- Generating done
[0.980s] -- Build files have been written to: /home/line/town_ws/build/village_wang
[0.986s] Invoked command in '/home/line/town_ws/build/village_wang' returned '0': AMENT_PREFIX_PATH=/home/line/town_ws/install/village_interfaces:${AMENT_PREFIX_PATH} CMAKE_PREFIX_PATH=/home/line/town_ws/install/village_interfaces:/opt/ros/humble LD_LIBRARY_PATH=/home/line/town_ws/install/village_interfaces/lib:${LD_LIBRARY_PATH} PYTHONPATH=/home/line/town_ws/install/village_interfaces/local/lib/python3.10/dist-packages:${PYTHONPATH} /usr/bin/cmake /home/line/town_ws/src/village_wang -DAMENT_CMAKE_SYMLINK_INSTALL=1 -DCMAKE_INSTALL_PREFIX=/home/line/town_ws/install/village_wang
[0.986s] Invoking command in '/home/line/town_ws/build/village_wang': AMENT_PREFIX_PATH=/home/line/town_ws/install/village_interfaces:${AMENT_PREFIX_PATH} CMAKE_PREFIX_PATH=/home/line/town_ws/install/village_interfaces:/opt/ros/humble LD_LIBRARY_PATH=/home/line/town_ws/install/village_interfaces/lib:${LD_LIBRARY_PATH} PYTHONPATH=/home/line/town_ws/install/village_interfaces/local/lib/python3.10/dist-packages:${PYTHONPATH} /usr/bin/cmake --build /home/line/town_ws/build/village_wang -- -j20 -l20
[1.026s] [ 50%] [32mBuilding CXX object CMakeFiles/wang2_node.dir/src/wang2.cpp.o[0m
[1.126s] [01m[K/home/line/town_ws/src/village_wang/src/wang2.cpp:6:10:[m[K [01;31m[Kfatal error: [m[Kvillage_interfaces/srv/SellNovel.hpp: 没有那个文件或目录
[1.126s]     6 | #include [01;31m[K"village_interfaces/srv/SellNovel.hpp"[m[K
[1.126s]       |          [01;31m[K^~~~~~~~~~~~~~~~~~~~~~~~~~~~~~~~~~~~~~[m[K
[1.126s] compilation terminated.
[1.159s] gmake[2]: *** [CMakeFiles/wang2_node.dir/build.make:76：CMakeFiles/wang2_node.dir/src/wang2.cpp.o] 错误 1
[1.159s] gmake[1]: *** [CMakeFiles/Makefile2:137：CMakeFiles/wang2_node.dir/all] 错误 2
[1.159s] gmake: *** [Makefile:146：all] 错误 2
[1.161s] Invoked command in '/home/line/town_ws/build/village_wang' returned '2': AMENT_PREFIX_PATH=/home/line/town_ws/install/village_interfaces:${AMENT_PREFIX_PATH} CMAKE_PREFIX_PATH=/home/line/town_ws/install/village_interfaces:/opt/ros/humble LD_LIBRARY_PATH=/home/line/town_ws/install/village_interfaces/lib:${LD_LIBRARY_PATH} PYTHONPATH=/home/line/town_ws/install/village_interfaces/local/lib/python3.10/dist-packages:${PYTHONPATH} /usr/bin/cmake --build /home/line/town_ws/build/village_wang -- -j20 -l20
