[0.007s] Invoking command in '/home/line/Community_ws/build/community_interfaces': CMAKE_PREFIX_PATH=${CMAKE_PREFIX_PATH}:/home/line/Community_ws/install/building_1:/opt/ros/humble /usr/bin/cmake --build /home/line/Community_ws/build/community_interfaces -- -j20 -l20
[0.045s] [35m[1mConsolidate compiler generated dependencies of target community_interfaces__rosidl_generator_c[0m
[0.056s] [  5%] Built target community_interfaces__rs
[0.056s] [  5%] Built target community_interfaces__cpp
[0.056s] [ 15%] Built target community_interfaces__rosidl_generator_c
[0.063s] [35m[1mConsolidate compiler generated dependencies of target community_interfaces__rosidl_typesupport_introspection_cpp[0m
[0.064s] [ 15%] Built target ament_cmake_python_copy_community_interfaces
[0.065s] [35m[1mConsolidate compiler generated dependencies of target community_interfaces__rosidl_typesupport_cpp[0m
[0.065s] [35m[1mConsolidate compiler generated dependencies of target community_interfaces__rosidl_typesupport_fastrtps_cpp[0m
[0.075s] [35m[1mConsolidate compiler generated dependencies of target community_interfaces__rosidl_typesupport_introspection_c[0m
[0.076s] [35m[1mConsolidate compiler generated dependencies of target community_interfaces__rosidl_typesupport_c[0m
[0.076s] [35m[1mConsolidate compiler generated dependencies of target community_interfaces__rosidl_typesupport_fastrtps_c[0m
[0.080s] [ 25%] Built target community_interfaces__rosidl_typesupport_introspection_cpp
[0.084s] [ 35%] Built target community_interfaces__rosidl_typesupport_cpp
[0.085s] [ 45%] Built target community_interfaces__rosidl_typesupport_fastrtps_cpp
[0.085s] [ 55%] Built target community_interfaces__rosidl_typesupport_c
[0.088s] [ 65%] Built target community_interfaces__rosidl_typesupport_introspection_c
[0.089s] [ 75%] Built target community_interfaces__rosidl_typesupport_fastrtps_c
[0.102s] [ 75%] Built target community_interfaces
[0.118s] [ 77%] Built target community_interfaces__py
[0.127s] [35m[1mConsolidate compiler generated dependencies of target community_interfaces__rosidl_generator_py[0m
[0.136s] [ 85%] Built target community_interfaces__rosidl_generator_py
[0.144s] [35m[1mConsolidate compiler generated dependencies of target community_interfaces__rosidl_typesupport_c__pyext[0m
[0.145s] [35m[1mConsolidate compiler generated dependencies of target community_interfaces__rosidl_typesupport_introspection_c__pyext[0m
[0.145s] [35m[1mConsolidate compiler generated dependencies of target community_interfaces__rosidl_typesupport_fastrtps_c__pyext[0m
[0.154s] [ 90%] Built target community_interfaces__rosidl_typesupport_c__pyext
[0.155s] [ 95%] Built target community_interfaces__rosidl_typesupport_fastrtps_c__pyext
[0.155s] [100%] Built target community_interfaces__rosidl_typesupport_introspection_c__pyext
[0.182s] running egg_info
[0.189s] writing community_interfaces.egg-info/PKG-INFO
[0.189s] writing dependency_links to community_interfaces.egg-info/dependency_links.txt
[0.189s] writing top-level names to community_interfaces.egg-info/top_level.txt
[0.208s] reading manifest file 'community_interfaces.egg-info/SOURCES.txt'
[0.208s] writing manifest file 'community_interfaces.egg-info/SOURCES.txt'
[0.225s] [100%] Built target ament_cmake_python_build_community_interfaces_egg
[0.235s] Invoked command in '/home/line/Community_ws/build/community_interfaces' returned '0': CMAKE_PREFIX_PATH=${CMAKE_PREFIX_PATH}:/home/line/Community_ws/install/building_1:/opt/ros/humble /usr/bin/cmake --build /home/line/Community_ws/build/community_interfaces -- -j20 -l20
[0.243s] Invoking command in '/home/line/Community_ws/build/community_interfaces': CMAKE_PREFIX_PATH=${CMAKE_PREFIX_PATH}:/home/line/Community_ws/install/building_1:/opt/ros/humble /usr/bin/cmake --install /home/line/Community_ws/build/community_interfaces
[0.252s] -- Install configuration: ""
[0.252s] -- Up-to-date: /home/line/Community_ws/install/community_interfaces/share/ament_index/resource_index/rosidl_interfaces/community_interfaces
[0.253s] -- Up-to-date: /home/line/Community_ws/install/community_interfaces/include/community_interfaces/community_interfaces
[0.253s] -- Up-to-date: /home/line/Community_ws/install/community_interfaces/include/community_interfaces/community_interfaces/msg
[0.253s] -- Up-to-date: /home/line/Community_ws/install/community_interfaces/include/community_interfaces/community_interfaces/msg/rosidl_generator_c__visibility_control.h
[0.253s] -- Up-to-date: /home/line/Community_ws/install/community_interfaces/include/community_interfaces/community_interfaces/msg/detail
[0.253s] -- Up-to-date: /home/line/Community_ws/install/community_interfaces/include/community_interfaces/community_interfaces/msg/detail/noise_element__functions.h
[0.253s] -- Up-to-date: /home/line/Community_ws/install/community_interfaces/include/community_interfaces/community_interfaces/msg/detail/noise_element__functions.c
[0.253s] -- Up-to-date: /home/line/Community_ws/install/community_interfaces/include/community_interfaces/community_interfaces/msg/detail/noise_element__type_support.h
[0.253s] -- Up-to-date: /home/line/Community_ws/install/community_interfaces/include/community_interfaces/community_interfaces/msg/detail/noise_element__struct.h
[0.254s] -- Up-to-date: /home/line/Community_ws/install/community_interfaces/include/community_interfaces/community_interfaces/msg/noise_element.h
[0.254s] -- Up-to-date: /home/line/Community_ws/install/community_interfaces/include/community_interfaces/community_interfaces/srv
[0.254s] -- Up-to-date: /home/line/Community_ws/install/community_interfaces/include/community_interfaces/community_interfaces/srv/complain.h
[0.254s] -- Up-to-date: /home/line/Community_ws/install/community_interfaces/include/community_interfaces/community_interfaces/srv/detail
[0.254s] -- Up-to-date: /home/line/Community_ws/install/community_interfaces/include/community_interfaces/community_interfaces/srv/detail/complain__struct.h
[0.254s] -- Up-to-date: /home/line/Community_ws/install/community_interfaces/include/community_interfaces/community_interfaces/srv/detail/complain__functions.c
[0.254s] -- Up-to-date: /home/line/Community_ws/install/community_interfaces/include/community_interfaces/community_interfaces/srv/detail/complain__functions.h
[0.254s] -- Up-to-date: /home/line/Community_ws/install/community_interfaces/include/community_interfaces/community_interfaces/srv/detail/complain__type_support.h
[0.254s] -- Up-to-date: /home/line/Community_ws/install/community_interfaces/share/community_interfaces/environment/library_path.sh
[0.254s] -- Up-to-date: /home/line/Community_ws/install/community_interfaces/share/community_interfaces/environment/library_path.dsv
[0.254s] -- Up-to-date: /home/line/Community_ws/install/community_interfaces/lib/libcommunity_interfaces__rosidl_generator_c.so
[0.255s] -- Up-to-date: /home/line/Community_ws/install/community_interfaces/include/community_interfaces/community_interfaces
[0.255s] -- Up-to-date: /home/line/Community_ws/install/community_interfaces/include/community_interfaces/community_interfaces/msg
[0.255s] -- Up-to-date: /home/line/Community_ws/install/community_interfaces/include/community_interfaces/community_interfaces/msg/detail
[0.255s] -- Up-to-date: /home/line/Community_ws/install/community_interfaces/include/community_interfaces/community_interfaces/msg/detail/noise_element__rosidl_typesupport_fastrtps_c.h
[0.255s] -- Up-to-date: /home/line/Community_ws/install/community_interfaces/include/community_interfaces/community_interfaces/msg/rosidl_typesupport_fastrtps_c__visibility_control.h
[0.255s] -- Up-to-date: /home/line/Community_ws/install/community_interfaces/include/community_interfaces/community_interfaces/srv
[0.255s] -- Up-to-date: /home/line/Community_ws/install/community_interfaces/include/community_interfaces/community_interfaces/srv/detail
[0.255s] -- Up-to-date: /home/line/Community_ws/install/community_interfaces/include/community_interfaces/community_interfaces/srv/detail/complain__rosidl_typesupport_fastrtps_c.h
[0.255s] -- Up-to-date: /home/line/Community_ws/install/community_interfaces/lib/libcommunity_interfaces__rosidl_typesupport_fastrtps_c.so
[0.255s] -- Up-to-date: /home/line/Community_ws/install/community_interfaces/include/community_interfaces/community_interfaces
[0.255s] -- Up-to-date: /home/line/Community_ws/install/community_interfaces/include/community_interfaces/community_interfaces/msg
[0.255s] -- Up-to-date: /home/line/Community_ws/install/community_interfaces/include/community_interfaces/community_interfaces/msg/rosidl_typesupport_introspection_c__visibility_control.h
[0.255s] -- Up-to-date: /home/line/Community_ws/install/community_interfaces/include/community_interfaces/community_interfaces/msg/detail
[0.255s] -- Up-to-date: /home/line/Community_ws/install/community_interfaces/include/community_interfaces/community_interfaces/msg/detail/noise_element__type_support.c
[0.255s] -- Up-to-date: /home/line/Community_ws/install/community_interfaces/include/community_interfaces/community_interfaces/msg/detail/noise_element__rosidl_typesupport_introspection_c.h
[0.255s] -- Up-to-date: /home/line/Community_ws/install/community_interfaces/include/community_interfaces/community_interfaces/srv
[0.256s] -- Up-to-date: /home/line/Community_ws/install/community_interfaces/include/community_interfaces/community_interfaces/srv/detail
[0.256s] -- Up-to-date: /home/line/Community_ws/install/community_interfaces/include/community_interfaces/community_interfaces/srv/detail/complain__type_support.c
[0.256s] -- Up-to-date: /home/line/Community_ws/install/community_interfaces/include/community_interfaces/community_interfaces/srv/detail/complain__rosidl_typesupport_introspection_c.h
[0.256s] -- Up-to-date: /home/line/Community_ws/install/community_interfaces/lib/libcommunity_interfaces__rosidl_typesupport_introspection_c.so
[0.256s] -- Up-to-date: /home/line/Community_ws/install/community_interfaces/lib/libcommunity_interfaces__rosidl_typesupport_c.so
[0.256s] -- Up-to-date: /home/line/Community_ws/install/community_interfaces/include/community_interfaces/community_interfaces
[0.256s] -- Up-to-date: /home/line/Community_ws/install/community_interfaces/include/community_interfaces/community_interfaces/msg
[0.256s] -- Up-to-date: /home/line/Community_ws/install/community_interfaces/include/community_interfaces/community_interfaces/msg/rosidl_generator_cpp__visibility_control.hpp
[0.256s] -- Up-to-date: /home/line/Community_ws/install/community_interfaces/include/community_interfaces/community_interfaces/msg/noise_element.hpp
[0.256s] -- Up-to-date: /home/line/Community_ws/install/community_interfaces/include/community_interfaces/community_interfaces/msg/detail
[0.256s] -- Up-to-date: /home/line/Community_ws/install/community_interfaces/include/community_interfaces/community_interfaces/msg/detail/noise_element__traits.hpp
[0.256s] -- Up-to-date: /home/line/Community_ws/install/community_interfaces/include/community_interfaces/community_interfaces/msg/detail/noise_element__struct.hpp
[0.256s] -- Up-to-date: /home/line/Community_ws/install/community_interfaces/include/community_interfaces/community_interfaces/msg/detail/noise_element__type_support.hpp
[0.256s] -- Up-to-date: /home/line/Community_ws/install/community_interfaces/include/community_interfaces/community_interfaces/msg/detail/noise_element__builder.hpp
[0.256s] -- Up-to-date: /home/line/Community_ws/install/community_interfaces/include/community_interfaces/community_interfaces/srv
[0.256s] -- Up-to-date: /home/line/Community_ws/install/community_interfaces/include/community_interfaces/community_interfaces/srv/complain.hpp
[0.256s] -- Up-to-date: /home/line/Community_ws/install/community_interfaces/include/community_interfaces/community_interfaces/srv/detail
[0.256s] -- Up-to-date: /home/line/Community_ws/install/community_interfaces/include/community_interfaces/community_interfaces/srv/detail/complain__struct.hpp
[0.257s] -- Up-to-date: /home/line/Community_ws/install/community_interfaces/include/community_interfaces/community_interfaces/srv/detail/complain__type_support.hpp
[0.257s] -- Up-to-date: /home/line/Community_ws/install/community_interfaces/include/community_interfaces/community_interfaces/srv/detail/complain__builder.hpp
[0.257s] -- Up-to-date: /home/line/Community_ws/install/community_interfaces/include/community_interfaces/community_interfaces/srv/detail/complain__traits.hpp
[0.257s] -- Up-to-date: /home/line/Community_ws/install/community_interfaces/include/community_interfaces/community_interfaces
[0.257s] -- Up-to-date: /home/line/Community_ws/install/community_interfaces/include/community_interfaces/community_interfaces/msg
[0.257s] -- Up-to-date: /home/line/Community_ws/install/community_interfaces/include/community_interfaces/community_interfaces/msg/rosidl_typesupport_fastrtps_cpp__visibility_control.h
[0.257s] -- Up-to-date: /home/line/Community_ws/install/community_interfaces/include/community_interfaces/community_interfaces/msg/detail
[0.257s] -- Up-to-date: /home/line/Community_ws/install/community_interfaces/include/community_interfaces/community_interfaces/msg/detail/dds_fastrtps
[0.257s] -- Up-to-date: /home/line/Community_ws/install/community_interfaces/include/community_interfaces/community_interfaces/msg/detail/noise_element__rosidl_typesupport_fastrtps_cpp.hpp
[0.257s] -- Up-to-date: /home/line/Community_ws/install/community_interfaces/include/community_interfaces/community_interfaces/srv
[0.257s] -- Up-to-date: /home/line/Community_ws/install/community_interfaces/include/community_interfaces/community_interfaces/srv/detail
[0.257s] -- Up-to-date: /home/line/Community_ws/install/community_interfaces/include/community_interfaces/community_interfaces/srv/detail/dds_fastrtps
[0.257s] -- Up-to-date: /home/line/Community_ws/install/community_interfaces/include/community_interfaces/community_interfaces/srv/detail/complain__rosidl_typesupport_fastrtps_cpp.hpp
[0.257s] -- Up-to-date: /home/line/Community_ws/install/community_interfaces/lib/libcommunity_interfaces__rosidl_typesupport_fastrtps_cpp.so
[0.257s] -- Up-to-date: /home/line/Community_ws/install/community_interfaces/include/community_interfaces/community_interfaces
[0.257s] -- Up-to-date: /home/line/Community_ws/install/community_interfaces/include/community_interfaces/community_interfaces/msg
[0.257s] -- Up-to-date: /home/line/Community_ws/install/community_interfaces/include/community_interfaces/community_interfaces/msg/detail
[0.258s] -- Up-to-date: /home/line/Community_ws/install/community_interfaces/include/community_interfaces/community_interfaces/msg/detail/noise_element__type_support.cpp
[0.258s] -- Up-to-date: /home/line/Community_ws/install/community_interfaces/include/community_interfaces/community_interfaces/msg/detail/noise_element__rosidl_typesupport_introspection_cpp.hpp
[0.258s] -- Up-to-date: /home/line/Community_ws/install/community_interfaces/include/community_interfaces/community_interfaces/srv
[0.258s] -- Up-to-date: /home/line/Community_ws/install/community_interfaces/include/community_interfaces/community_interfaces/srv/detail
[0.258s] -- Up-to-date: /home/line/Community_ws/install/community_interfaces/include/community_interfaces/community_interfaces/srv/detail/complain__type_support.cpp
[0.258s] -- Up-to-date: /home/line/Community_ws/install/community_interfaces/include/community_interfaces/community_interfaces/srv/detail/complain__rosidl_typesupport_introspection_cpp.hpp
[0.258s] -- Up-to-date: /home/line/Community_ws/install/community_interfaces/lib/libcommunity_interfaces__rosidl_typesupport_introspection_cpp.so
[0.258s] -- Up-to-date: /home/line/Community_ws/install/community_interfaces/lib/libcommunity_interfaces__rosidl_typesupport_cpp.so
[0.258s] -- Up-to-date: /home/line/Community_ws/install/community_interfaces/share/community_interfaces/environment/pythonpath.sh
[0.258s] -- Up-to-date: /home/line/Community_ws/install/community_interfaces/share/community_interfaces/environment/pythonpath.dsv
[0.258s] -- Up-to-date: /home/line/Community_ws/install/community_interfaces/local/lib/python3.10/dist-packages/community_interfaces-0.0.0-py3.10.egg-info
[0.258s] -- Installing: /home/line/Community_ws/install/community_interfaces/local/lib/python3.10/dist-packages/community_interfaces-0.0.0-py3.10.egg-info/top_level.txt
[0.258s] -- Installing: /home/line/Community_ws/install/community_interfaces/local/lib/python3.10/dist-packages/community_interfaces-0.0.0-py3.10.egg-info/dependency_links.txt
[0.258s] -- Installing: /home/line/Community_ws/install/community_interfaces/local/lib/python3.10/dist-packages/community_interfaces-0.0.0-py3.10.egg-info/SOURCES.txt
[0.258s] -- Installing: /home/line/Community_ws/install/community_interfaces/local/lib/python3.10/dist-packages/community_interfaces-0.0.0-py3.10.egg-info/PKG-INFO
[0.258s] -- Up-to-date: /home/line/Community_ws/install/community_interfaces/local/lib/python3.10/dist-packages/community_interfaces
[0.258s] -- Up-to-date: /home/line/Community_ws/install/community_interfaces/local/lib/python3.10/dist-packages/community_interfaces/msg
[0.258s] -- Up-to-date: /home/line/Community_ws/install/community_interfaces/local/lib/python3.10/dist-packages/community_interfaces/msg/_noise_element_s.c
[0.258s] -- Up-to-date: /home/line/Community_ws/install/community_interfaces/local/lib/python3.10/dist-packages/community_interfaces/msg/__init__.py
[0.258s] -- Up-to-date: /home/line/Community_ws/install/community_interfaces/local/lib/python3.10/dist-packages/community_interfaces/msg/_noise_element.py
[0.259s] -- Up-to-date: /home/line/Community_ws/install/community_interfaces/local/lib/python3.10/dist-packages/community_interfaces/libcommunity_interfaces__rosidl_generator_py.so
[0.259s] -- Up-to-date: /home/line/Community_ws/install/community_interfaces/local/lib/python3.10/dist-packages/community_interfaces/srv
[0.259s] -- Up-to-date: /home/line/Community_ws/install/community_interfaces/local/lib/python3.10/dist-packages/community_interfaces/srv/_complain.py
[0.259s] -- Up-to-date: /home/line/Community_ws/install/community_interfaces/local/lib/python3.10/dist-packages/community_interfaces/srv/__init__.py
[0.259s] -- Up-to-date: /home/line/Community_ws/install/community_interfaces/local/lib/python3.10/dist-packages/community_interfaces/srv/_complain_s.c
[0.259s] -- Up-to-date: /home/line/Community_ws/install/community_interfaces/local/lib/python3.10/dist-packages/community_interfaces/_community_interfaces_s.ep.rosidl_typesupport_introspection_c.c
[0.259s] -- Up-to-date: /home/line/Community_ws/install/community_interfaces/local/lib/python3.10/dist-packages/community_interfaces/_community_interfaces_s.ep.rosidl_typesupport_c.c
[0.259s] -- Up-to-date: /home/line/Community_ws/install/community_interfaces/local/lib/python3.10/dist-packages/community_interfaces/__init__.py
[0.259s] -- Up-to-date: /home/line/Community_ws/install/community_interfaces/local/lib/python3.10/dist-packages/community_interfaces/community_interfaces_s__rosidl_typesupport_introspection_c.cpython-310-x86_64-linux-gnu.so
[0.259s] -- Up-to-date: /home/line/Community_ws/install/community_interfaces/local/lib/python3.10/dist-packages/community_interfaces/community_interfaces_s__rosidl_typesupport_c.cpython-310-x86_64-linux-gnu.so
[0.259s] -- Up-to-date: /home/line/Community_ws/install/community_interfaces/local/lib/python3.10/dist-packages/community_interfaces/_community_interfaces_s.ep.rosidl_typesupport_fastrtps_c.c
[0.259s] -- Up-to-date: /home/line/Community_ws/install/community_interfaces/local/lib/python3.10/dist-packages/community_interfaces/community_interfaces_s__rosidl_typesupport_fastrtps_c.cpython-310-x86_64-linux-gnu.so
[0.283s] Listing '/home/line/Community_ws/install/community_interfaces/local/lib/python3.10/dist-packages/community_interfaces'...
[0.283s] Listing '/home/line/Community_ws/install/community_interfaces/local/lib/python3.10/dist-packages/community_interfaces/msg'...
[0.283s] Listing '/home/line/Community_ws/install/community_interfaces/local/lib/python3.10/dist-packages/community_interfaces/srv'...
[0.285s] -- Up-to-date: /home/line/Community_ws/install/community_interfaces/local/lib/python3.10/dist-packages/community_interfaces/community_interfaces_s__rosidl_typesupport_fastrtps_c.cpython-310-x86_64-linux-gnu.so
[0.285s] -- Up-to-date: /home/line/Community_ws/install/community_interfaces/local/lib/python3.10/dist-packages/community_interfaces/community_interfaces_s__rosidl_typesupport_introspection_c.cpython-310-x86_64-linux-gnu.so
[0.285s] -- Up-to-date: /home/line/Community_ws/install/community_interfaces/local/lib/python3.10/dist-packages/community_interfaces/community_interfaces_s__rosidl_typesupport_c.cpython-310-x86_64-linux-gnu.so
[0.285s] -- Up-to-date: /home/line/Community_ws/install/community_interfaces/lib/libcommunity_interfaces__rosidl_generator_py.so
[0.285s] -- Up-to-date: /home/line/Community_ws/install/community_interfaces/share/ament_index/resource_index/rust_packages/community_interfaces
[0.285s] -- Up-to-date: /home/line/Community_ws/install/community_interfaces/share/community_interfaces/rust
[0.285s] -- Up-to-date: /home/line/Community_ws/install/community_interfaces/share/community_interfaces/rust/src
[0.285s] -- Up-to-date: /home/line/Community_ws/install/community_interfaces/share/community_interfaces/rust/src/msg
[0.285s] -- Up-to-date: /home/line/Community_ws/install/community_interfaces/share/community_interfaces/rust/src/msg/rmw.rs
[0.286s] -- Up-to-date: /home/line/Community_ws/install/community_interfaces/share/community_interfaces/rust/src/lib.rs
[0.286s] -- Up-to-date: /home/line/Community_ws/install/community_interfaces/share/community_interfaces/rust/src/srv
[0.286s] -- Up-to-date: /home/line/Community_ws/install/community_interfaces/share/community_interfaces/rust/src/srv/rmw.rs
[0.286s] -- Up-to-date: /home/line/Community_ws/install/community_interfaces/share/community_interfaces/rust/src/msg.rs
[0.286s] -- Up-to-date: /home/line/Community_ws/install/community_interfaces/share/community_interfaces/rust/src/srv.rs
[0.286s] -- Up-to-date: /home/line/Community_ws/install/community_interfaces/share/community_interfaces/rust/build.rs
[0.286s] -- Up-to-date: /home/line/Community_ws/install/community_interfaces/share/community_interfaces/rust/Cargo.toml
[0.286s] -- Up-to-date: /home/line/Community_ws/install/community_interfaces/share/community_interfaces/msg/NoiseElement.idl
[0.286s] -- Up-to-date: /home/line/Community_ws/install/community_interfaces/share/community_interfaces/srv/Complain.idl
[0.286s] -- Up-to-date: /home/line/Community_ws/install/community_interfaces/share/community_interfaces/msg/NoiseElement.msg
[0.286s] -- Up-to-date: /home/line/Community_ws/install/community_interfaces/share/community_interfaces/srv/Complain.srv
[0.286s] -- Up-to-date: /home/line/Community_ws/install/community_interfaces/share/community_interfaces/srv/Complain_Request.msg
[0.286s] -- Up-to-date: /home/line/Community_ws/install/community_interfaces/share/community_interfaces/srv/Complain_Response.msg
[0.286s] -- Up-to-date: /home/line/Community_ws/install/community_interfaces/share/ament_index/resource_index/package_run_dependencies/community_interfaces
[0.286s] -- Up-to-date: /home/line/Community_ws/install/community_interfaces/share/ament_index/resource_index/parent_prefix_path/community_interfaces
[0.286s] -- Up-to-date: /home/line/Community_ws/install/community_interfaces/share/community_interfaces/environment/ament_prefix_path.sh
[0.286s] -- Up-to-date: /home/line/Community_ws/install/community_interfaces/share/community_interfaces/environment/ament_prefix_path.dsv
[0.286s] -- Up-to-date: /home/line/Community_ws/install/community_interfaces/share/community_interfaces/environment/path.sh
[0.286s] -- Up-to-date: /home/line/Community_ws/install/community_interfaces/share/community_interfaces/environment/path.dsv
[0.286s] -- Up-to-date: /home/line/Community_ws/install/community_interfaces/share/community_interfaces/local_setup.bash
[0.286s] -- Up-to-date: /home/line/Community_ws/install/community_interfaces/share/community_interfaces/local_setup.sh
[0.286s] -- Up-to-date: /home/line/Community_ws/install/community_interfaces/share/community_interfaces/local_setup.zsh
[0.286s] -- Up-to-date: /home/line/Community_ws/install/community_interfaces/share/community_interfaces/local_setup.dsv
[0.286s] -- Installing: /home/line/Community_ws/install/community_interfaces/share/community_interfaces/package.dsv
[0.286s] -- Up-to-date: /home/line/Community_ws/install/community_interfaces/share/ament_index/resource_index/packages/community_interfaces
[0.287s] -- Up-to-date: /home/line/Community_ws/install/community_interfaces/share/community_interfaces/cmake/export_community_interfaces__rosidl_generator_cExport.cmake
[0.287s] -- Up-to-date: /home/line/Community_ws/install/community_interfaces/share/community_interfaces/cmake/export_community_interfaces__rosidl_generator_cExport-noconfig.cmake
[0.287s] -- Up-to-date: /home/line/Community_ws/install/community_interfaces/share/community_interfaces/cmake/export_community_interfaces__rosidl_typesupport_fastrtps_cExport.cmake
[0.287s] -- Up-to-date: /home/line/Community_ws/install/community_interfaces/share/community_interfaces/cmake/export_community_interfaces__rosidl_typesupport_fastrtps_cExport-noconfig.cmake
[0.287s] -- Up-to-date: /home/line/Community_ws/install/community_interfaces/share/community_interfaces/cmake/community_interfaces__rosidl_typesupport_introspection_cExport.cmake
[0.287s] -- Up-to-date: /home/line/Community_ws/install/community_interfaces/share/community_interfaces/cmake/community_interfaces__rosidl_typesupport_introspection_cExport-noconfig.cmake
[0.287s] -- Up-to-date: /home/line/Community_ws/install/community_interfaces/share/community_interfaces/cmake/community_interfaces__rosidl_typesupport_cExport.cmake
[0.287s] -- Up-to-date: /home/line/Community_ws/install/community_interfaces/share/community_interfaces/cmake/community_interfaces__rosidl_typesupport_cExport-noconfig.cmake
[0.287s] -- Up-to-date: /home/line/Community_ws/install/community_interfaces/share/community_interfaces/cmake/export_community_interfaces__rosidl_generator_cppExport.cmake
[0.287s] -- Up-to-date: /home/line/Community_ws/install/community_interfaces/share/community_interfaces/cmake/export_community_interfaces__rosidl_typesupport_fastrtps_cppExport.cmake
[0.287s] -- Up-to-date: /home/line/Community_ws/install/community_interfaces/share/community_interfaces/cmake/export_community_interfaces__rosidl_typesupport_fastrtps_cppExport-noconfig.cmake
[0.287s] -- Up-to-date: /home/line/Community_ws/install/community_interfaces/share/community_interfaces/cmake/community_interfaces__rosidl_typesupport_introspection_cppExport.cmake
[0.287s] -- Up-to-date: /home/line/Community_ws/install/community_interfaces/share/community_interfaces/cmake/community_interfaces__rosidl_typesupport_introspection_cppExport-noconfig.cmake
[0.287s] -- Up-to-date: /home/line/Community_ws/install/community_interfaces/share/community_interfaces/cmake/community_interfaces__rosidl_typesupport_cppExport.cmake
[0.287s] -- Up-to-date: /home/line/Community_ws/install/community_interfaces/share/community_interfaces/cmake/community_interfaces__rosidl_typesupport_cppExport-noconfig.cmake
[0.287s] -- Up-to-date: /home/line/Community_ws/install/community_interfaces/share/community_interfaces/cmake/export_community_interfaces__rosidl_generator_pyExport.cmake
[0.287s] -- Up-to-date: /home/line/Community_ws/install/community_interfaces/share/community_interfaces/cmake/export_community_interfaces__rosidl_generator_pyExport-noconfig.cmake
[0.287s] -- Up-to-date: /home/line/Community_ws/install/community_interfaces/share/community_interfaces/cmake/rosidl_cmake-extras.cmake
[0.287s] -- Up-to-date: /home/line/Community_ws/install/community_interfaces/share/community_interfaces/cmake/ament_cmake_export_include_directories-extras.cmake
[0.287s] -- Up-to-date: /home/line/Community_ws/install/community_interfaces/share/community_interfaces/cmake/ament_cmake_export_libraries-extras.cmake
[0.287s] -- Up-to-date: /home/line/Community_ws/install/community_interfaces/share/community_interfaces/cmake/ament_cmake_export_targets-extras.cmake
[0.287s] -- Up-to-date: /home/line/Community_ws/install/community_interfaces/share/community_interfaces/cmake/rosidl_cmake_export_typesupport_targets-extras.cmake
[0.287s] -- Up-to-date: /home/line/Community_ws/install/community_interfaces/share/community_interfaces/cmake/ament_cmake_export_dependencies-extras.cmake
[0.287s] -- Up-to-date: /home/line/Community_ws/install/community_interfaces/share/community_interfaces/cmake/rosidl_cmake_export_typesupport_libraries-extras.cmake
[0.287s] -- Up-to-date: /home/line/Community_ws/install/community_interfaces/share/community_interfaces/cmake/rosidl_cmake_aggregate_target-extras.cmake
[0.287s] -- Up-to-date: /home/line/Community_ws/install/community_interfaces/share/community_interfaces/cmake/community_interfacesConfig.cmake
[0.287s] -- Up-to-date: /home/line/Community_ws/install/community_interfaces/share/community_interfaces/cmake/community_interfacesConfig-version.cmake
[0.287s] -- Up-to-date: /home/line/Community_ws/install/community_interfaces/share/community_interfaces/package.xml
[0.288s] Invoked command in '/home/line/Community_ws/build/community_interfaces' returned '0': CMAKE_PREFIX_PATH=${CMAKE_PREFIX_PATH}:/home/line/Community_ws/install/building_1:/opt/ros/humble /usr/bin/cmake --install /home/line/Community_ws/build/community_interfaces
