[  2%] Built target community_interfaces__rs
[  4%] Built target community_interfaces__cpp
[ 14%] Built target community_interfaces__rosidl_generator_c
[ 14%] Built target ament_cmake_python_copy_community_interfaces
[ 25%] Built target community_interfaces__rosidl_typesupport_introspection_c
[ 35%] Built target community_interfaces__rosidl_typesupport_cpp
[ 45%] Built target community_interfaces__rosidl_typesupport_c
[ 56%] Built target community_interfaces__rosidl_typesupport_introspection_cpp
[ 66%] Built target community_interfaces__rosidl_typesupport_fastrtps_cpp
[ 77%] Built target community_interfaces__rosidl_typesupport_fastrtps_c
[ 77%] Built target community_interfaces
[ 79%] Built target community_interfaces__py
[ 87%] Built target community_interfaces__rosidl_generator_py
[ 91%] Built target community_interfaces__rosidl_typesupport_introspection_c__pyext
[ 95%] Built target community_interfaces__rosidl_typesupport_fastrtps_c__pyext
[100%] Built target community_interfaces__rosidl_typesupport_c__pyext
running egg_info
writing community_interfaces.egg-info/PKG-INFO
writing dependency_links to community_interfaces.egg-info/dependency_links.txt
writing top-level names to community_interfaces.egg-info/top_level.txt
reading manifest file 'community_interfaces.egg-info/SOURCES.txt'
writing manifest file 'community_interfaces.egg-info/SOURCES.txt'
[100%] Built target ament_cmake_python_build_community_interfaces_egg
-- Install configuration: ""
-- Up-to-date: /home/line/Community_ws/install/community_interfaces/share/ament_index/resource_index/rosidl_interfaces/community_interfaces
-- Up-to-date: /home/line/Community_ws/install/community_interfaces/include/community_interfaces/community_interfaces
-- Up-to-date: /home/line/Community_ws/install/community_interfaces/include/community_interfaces/community_interfaces/msg
-- Up-to-date: /home/line/Community_ws/install/community_interfaces/include/community_interfaces/community_interfaces/msg/rosidl_generator_c__visibility_control.h
-- Up-to-date: /home/line/Community_ws/install/community_interfaces/include/community_interfaces/community_interfaces/msg/detail
-- Up-to-date: /home/line/Community_ws/install/community_interfaces/include/community_interfaces/community_interfaces/msg/detail/noise_element__functions.h
-- Up-to-date: /home/line/Community_ws/install/community_interfaces/include/community_interfaces/community_interfaces/msg/detail/noise_element__functions.c
-- Up-to-date: /home/line/Community_ws/install/community_interfaces/include/community_interfaces/community_interfaces/msg/detail/noise_element__type_support.h
-- Up-to-date: /home/line/Community_ws/install/community_interfaces/include/community_interfaces/community_interfaces/msg/detail/noise_element__struct.h
-- Up-to-date: /home/line/Community_ws/install/community_interfaces/include/community_interfaces/community_interfaces/msg/noise_element.h
-- Up-to-date: /home/line/Community_ws/install/community_interfaces/include/community_interfaces/community_interfaces/srv
-- Up-to-date: /home/line/Community_ws/install/community_interfaces/include/community_interfaces/community_interfaces/srv/complain.h
-- Up-to-date: /home/line/Community_ws/install/community_interfaces/include/community_interfaces/community_interfaces/srv/command.h
-- Up-to-date: /home/line/Community_ws/install/community_interfaces/include/community_interfaces/community_interfaces/srv/detail
-- Up-to-date: /home/line/Community_ws/install/community_interfaces/include/community_interfaces/community_interfaces/srv/detail/complain__struct.h
-- Up-to-date: /home/line/Community_ws/install/community_interfaces/include/community_interfaces/community_interfaces/srv/detail/complain__functions.c
-- Up-to-date: /home/line/Community_ws/install/community_interfaces/include/community_interfaces/community_interfaces/srv/detail/complain__functions.h
-- Up-to-date: /home/line/Community_ws/install/community_interfaces/include/community_interfaces/community_interfaces/srv/detail/command__type_support.h
-- Up-to-date: /home/line/Community_ws/install/community_interfaces/include/community_interfaces/community_interfaces/srv/detail/complain__type_support.h
-- Up-to-date: /home/line/Community_ws/install/community_interfaces/include/community_interfaces/community_interfaces/srv/detail/command__functions.c
-- Up-to-date: /home/line/Community_ws/install/community_interfaces/include/community_interfaces/community_interfaces/srv/detail/command__struct.h
-- Up-to-date: /home/line/Community_ws/install/community_interfaces/include/community_interfaces/community_interfaces/srv/detail/command__functions.h
-- Up-to-date: /home/line/Community_ws/install/community_interfaces/share/community_interfaces/environment/library_path.sh
-- Up-to-date: /home/line/Community_ws/install/community_interfaces/share/community_interfaces/environment/library_path.dsv
-- Up-to-date: /home/line/Community_ws/install/community_interfaces/lib/libcommunity_interfaces__rosidl_generator_c.so
-- Up-to-date: /home/line/Community_ws/install/community_interfaces/include/community_interfaces/community_interfaces
-- Up-to-date: /home/line/Community_ws/install/community_interfaces/include/community_interfaces/community_interfaces/msg
-- Up-to-date: /home/line/Community_ws/install/community_interfaces/include/community_interfaces/community_interfaces/msg/detail
-- Up-to-date: /home/line/Community_ws/install/community_interfaces/include/community_interfaces/community_interfaces/msg/detail/noise_element__rosidl_typesupport_fastrtps_c.h
-- Up-to-date: /home/line/Community_ws/install/community_interfaces/include/community_interfaces/community_interfaces/msg/rosidl_typesupport_fastrtps_c__visibility_control.h
-- Up-to-date: /home/line/Community_ws/install/community_interfaces/include/community_interfaces/community_interfaces/srv
-- Up-to-date: /home/line/Community_ws/install/community_interfaces/include/community_interfaces/community_interfaces/srv/detail
-- Up-to-date: /home/line/Community_ws/install/community_interfaces/include/community_interfaces/community_interfaces/srv/detail/command__rosidl_typesupport_fastrtps_c.h
-- Up-to-date: /home/line/Community_ws/install/community_interfaces/include/community_interfaces/community_interfaces/srv/detail/complain__rosidl_typesupport_fastrtps_c.h
-- Up-to-date: /home/line/Community_ws/install/community_interfaces/lib/libcommunity_interfaces__rosidl_typesupport_fastrtps_c.so
-- Up-to-date: /home/line/Community_ws/install/community_interfaces/include/community_interfaces/community_interfaces
-- Up-to-date: /home/line/Community_ws/install/community_interfaces/include/community_interfaces/community_interfaces/msg
-- Up-to-date: /home/line/Community_ws/install/community_interfaces/include/community_interfaces/community_interfaces/msg/rosidl_typesupport_introspection_c__visibility_control.h
-- Up-to-date: /home/line/Community_ws/install/community_interfaces/include/community_interfaces/community_interfaces/msg/detail
-- Up-to-date: /home/line/Community_ws/install/community_interfaces/include/community_interfaces/community_interfaces/msg/detail/noise_element__type_support.c
-- Up-to-date: /home/line/Community_ws/install/community_interfaces/include/community_interfaces/community_interfaces/msg/detail/noise_element__rosidl_typesupport_introspection_c.h
-- Up-to-date: /home/line/Community_ws/install/community_interfaces/include/community_interfaces/community_interfaces/srv
-- Up-to-date: /home/line/Community_ws/install/community_interfaces/include/community_interfaces/community_interfaces/srv/detail
-- Up-to-date: /home/line/Community_ws/install/community_interfaces/include/community_interfaces/community_interfaces/srv/detail/command__type_support.c
-- Up-to-date: /home/line/Community_ws/install/community_interfaces/include/community_interfaces/community_interfaces/srv/detail/command__rosidl_typesupport_introspection_c.h
-- Up-to-date: /home/line/Community_ws/install/community_interfaces/include/community_interfaces/community_interfaces/srv/detail/complain__type_support.c
-- Up-to-date: /home/line/Community_ws/install/community_interfaces/include/community_interfaces/community_interfaces/srv/detail/complain__rosidl_typesupport_introspection_c.h
-- Up-to-date: /home/line/Community_ws/install/community_interfaces/lib/libcommunity_interfaces__rosidl_typesupport_introspection_c.so
-- Up-to-date: /home/line/Community_ws/install/community_interfaces/lib/libcommunity_interfaces__rosidl_typesupport_c.so
-- Up-to-date: /home/line/Community_ws/install/community_interfaces/include/community_interfaces/community_interfaces
-- Up-to-date: /home/line/Community_ws/install/community_interfaces/include/community_interfaces/community_interfaces/msg
-- Up-to-date: /home/line/Community_ws/install/community_interfaces/include/community_interfaces/community_interfaces/msg/rosidl_generator_cpp__visibility_control.hpp
-- Up-to-date: /home/line/Community_ws/install/community_interfaces/include/community_interfaces/community_interfaces/msg/noise_element.hpp
-- Up-to-date: /home/line/Community_ws/install/community_interfaces/include/community_interfaces/community_interfaces/msg/detail
-- Up-to-date: /home/line/Community_ws/install/community_interfaces/include/community_interfaces/community_interfaces/msg/detail/noise_element__traits.hpp
-- Up-to-date: /home/line/Community_ws/install/community_interfaces/include/community_interfaces/community_interfaces/msg/detail/noise_element__struct.hpp
-- Up-to-date: /home/line/Community_ws/install/community_interfaces/include/community_interfaces/community_interfaces/msg/detail/noise_element__type_support.hpp
-- Up-to-date: /home/line/Community_ws/install/community_interfaces/include/community_interfaces/community_interfaces/msg/detail/noise_element__builder.hpp
-- Up-to-date: /home/line/Community_ws/install/community_interfaces/include/community_interfaces/community_interfaces/srv
-- Up-to-date: /home/line/Community_ws/install/community_interfaces/include/community_interfaces/community_interfaces/srv/complain.hpp
-- Up-to-date: /home/line/Community_ws/install/community_interfaces/include/community_interfaces/community_interfaces/srv/command.hpp
-- Up-to-date: /home/line/Community_ws/install/community_interfaces/include/community_interfaces/community_interfaces/srv/detail
-- Up-to-date: /home/line/Community_ws/install/community_interfaces/include/community_interfaces/community_interfaces/srv/detail/command__struct.hpp
-- Up-to-date: /home/line/Community_ws/install/community_interfaces/include/community_interfaces/community_interfaces/srv/detail/complain__struct.hpp
-- Up-to-date: /home/line/Community_ws/install/community_interfaces/include/community_interfaces/community_interfaces/srv/detail/command__traits.hpp
-- Up-to-date: /home/line/Community_ws/install/community_interfaces/include/community_interfaces/community_interfaces/srv/detail/complain__type_support.hpp
-- Up-to-date: /home/line/Community_ws/install/community_interfaces/include/community_interfaces/community_interfaces/srv/detail/command__type_support.hpp
-- Up-to-date: /home/line/Community_ws/install/community_interfaces/include/community_interfaces/community_interfaces/srv/detail/complain__builder.hpp
-- Up-to-date: /home/line/Community_ws/install/community_interfaces/include/community_interfaces/community_interfaces/srv/detail/command__builder.hpp
-- Up-to-date: /home/line/Community_ws/install/community_interfaces/include/community_interfaces/community_interfaces/srv/detail/complain__traits.hpp
-- Up-to-date: /home/line/Community_ws/install/community_interfaces/include/community_interfaces/community_interfaces
-- Up-to-date: /home/line/Community_ws/install/community_interfaces/include/community_interfaces/community_interfaces/msg
-- Up-to-date: /home/line/Community_ws/install/community_interfaces/include/community_interfaces/community_interfaces/msg/rosidl_typesupport_fastrtps_cpp__visibility_control.h
-- Up-to-date: /home/line/Community_ws/install/community_interfaces/include/community_interfaces/community_interfaces/msg/detail
-- Up-to-date: /home/line/Community_ws/install/community_interfaces/include/community_interfaces/community_interfaces/msg/detail/dds_fastrtps
-- Up-to-date: /home/line/Community_ws/install/community_interfaces/include/community_interfaces/community_interfaces/msg/detail/noise_element__rosidl_typesupport_fastrtps_cpp.hpp
-- Up-to-date: /home/line/Community_ws/install/community_interfaces/include/community_interfaces/community_interfaces/srv
-- Up-to-date: /home/line/Community_ws/install/community_interfaces/include/community_interfaces/community_interfaces/srv/detail
-- Up-to-date: /home/line/Community_ws/install/community_interfaces/include/community_interfaces/community_interfaces/srv/detail/dds_fastrtps
-- Up-to-date: /home/line/Community_ws/install/community_interfaces/include/community_interfaces/community_interfaces/srv/detail/command__rosidl_typesupport_fastrtps_cpp.hpp
-- Up-to-date: /home/line/Community_ws/install/community_interfaces/include/community_interfaces/community_interfaces/srv/detail/complain__rosidl_typesupport_fastrtps_cpp.hpp
-- Up-to-date: /home/line/Community_ws/install/community_interfaces/lib/libcommunity_interfaces__rosidl_typesupport_fastrtps_cpp.so
-- Up-to-date: /home/line/Community_ws/install/community_interfaces/include/community_interfaces/community_interfaces
-- Up-to-date: /home/line/Community_ws/install/community_interfaces/include/community_interfaces/community_interfaces/msg
-- Up-to-date: /home/line/Community_ws/install/community_interfaces/include/community_interfaces/community_interfaces/msg/detail
-- Up-to-date: /home/line/Community_ws/install/community_interfaces/include/community_interfaces/community_interfaces/msg/detail/noise_element__type_support.cpp
-- Up-to-date: /home/line/Community_ws/install/community_interfaces/include/community_interfaces/community_interfaces/msg/detail/noise_element__rosidl_typesupport_introspection_cpp.hpp
-- Up-to-date: /home/line/Community_ws/install/community_interfaces/include/community_interfaces/community_interfaces/srv
-- Up-to-date: /home/line/Community_ws/install/community_interfaces/include/community_interfaces/community_interfaces/srv/detail
-- Up-to-date: /home/line/Community_ws/install/community_interfaces/include/community_interfaces/community_interfaces/srv/detail/complain__type_support.cpp
-- Up-to-date: /home/line/Community_ws/install/community_interfaces/include/community_interfaces/community_interfaces/srv/detail/command__type_support.cpp
-- Up-to-date: /home/line/Community_ws/install/community_interfaces/include/community_interfaces/community_interfaces/srv/detail/command__rosidl_typesupport_introspection_cpp.hpp
-- Up-to-date: /home/line/Community_ws/install/community_interfaces/include/community_interfaces/community_interfaces/srv/detail/complain__rosidl_typesupport_introspection_cpp.hpp
-- Up-to-date: /home/line/Community_ws/install/community_interfaces/lib/libcommunity_interfaces__rosidl_typesupport_introspection_cpp.so
-- Up-to-date: /home/line/Community_ws/install/community_interfaces/lib/libcommunity_interfaces__rosidl_typesupport_cpp.so
-- Up-to-date: /home/line/Community_ws/install/community_interfaces/share/community_interfaces/environment/pythonpath.sh
-- Up-to-date: /home/line/Community_ws/install/community_interfaces/share/community_interfaces/environment/pythonpath.dsv
-- Up-to-date: /home/line/Community_ws/install/community_interfaces/local/lib/python3.10/dist-packages/community_interfaces-0.0.0-py3.10.egg-info
-- Installing: /home/line/Community_ws/install/community_interfaces/local/lib/python3.10/dist-packages/community_interfaces-0.0.0-py3.10.egg-info/top_level.txt
-- Installing: /home/line/Community_ws/install/community_interfaces/local/lib/python3.10/dist-packages/community_interfaces-0.0.0-py3.10.egg-info/dependency_links.txt
-- Installing: /home/line/Community_ws/install/community_interfaces/local/lib/python3.10/dist-packages/community_interfaces-0.0.0-py3.10.egg-info/SOURCES.txt
-- Installing: /home/line/Community_ws/install/community_interfaces/local/lib/python3.10/dist-packages/community_interfaces-0.0.0-py3.10.egg-info/PKG-INFO
-- Up-to-date: /home/line/Community_ws/install/community_interfaces/local/lib/python3.10/dist-packages/community_interfaces
-- Up-to-date: /home/line/Community_ws/install/community_interfaces/local/lib/python3.10/dist-packages/community_interfaces/msg
-- Up-to-date: /home/line/Community_ws/install/community_interfaces/local/lib/python3.10/dist-packages/community_interfaces/msg/_noise_element_s.c
-- Up-to-date: /home/line/Community_ws/install/community_interfaces/local/lib/python3.10/dist-packages/community_interfaces/msg/__init__.py
-- Up-to-date: /home/line/Community_ws/install/community_interfaces/local/lib/python3.10/dist-packages/community_interfaces/msg/_noise_element.py
-- Up-to-date: /home/line/Community_ws/install/community_interfaces/local/lib/python3.10/dist-packages/community_interfaces/libcommunity_interfaces__rosidl_generator_py.so
-- Up-to-date: /home/line/Community_ws/install/community_interfaces/local/lib/python3.10/dist-packages/community_interfaces/srv
-- Up-to-date: /home/line/Community_ws/install/community_interfaces/local/lib/python3.10/dist-packages/community_interfaces/srv/_complain.py
-- Up-to-date: /home/line/Community_ws/install/community_interfaces/local/lib/python3.10/dist-packages/community_interfaces/srv/__init__.py
-- Up-to-date: /home/line/Community_ws/install/community_interfaces/local/lib/python3.10/dist-packages/community_interfaces/srv/_command.py
-- Up-to-date: /home/line/Community_ws/install/community_interfaces/local/lib/python3.10/dist-packages/community_interfaces/srv/_complain_s.c
-- Up-to-date: /home/line/Community_ws/install/community_interfaces/local/lib/python3.10/dist-packages/community_interfaces/srv/_command_s.c
-- Up-to-date: /home/line/Community_ws/install/community_interfaces/local/lib/python3.10/dist-packages/community_interfaces/_community_interfaces_s.ep.rosidl_typesupport_introspection_c.c
-- Up-to-date: /home/line/Community_ws/install/community_interfaces/local/lib/python3.10/dist-packages/community_interfaces/_community_interfaces_s.ep.rosidl_typesupport_c.c
-- Up-to-date: /home/line/Community_ws/install/community_interfaces/local/lib/python3.10/dist-packages/community_interfaces/__init__.py
-- Up-to-date: /home/line/Community_ws/install/community_interfaces/local/lib/python3.10/dist-packages/community_interfaces/community_interfaces_s__rosidl_typesupport_introspection_c.cpython-310-x86_64-linux-gnu.so
-- Up-to-date: /home/line/Community_ws/install/community_interfaces/local/lib/python3.10/dist-packages/community_interfaces/community_interfaces_s__rosidl_typesupport_c.cpython-310-x86_64-linux-gnu.so
-- Up-to-date: /home/line/Community_ws/install/community_interfaces/local/lib/python3.10/dist-packages/community_interfaces/_community_interfaces_s.ep.rosidl_typesupport_fastrtps_c.c
-- Up-to-date: /home/line/Community_ws/install/community_interfaces/local/lib/python3.10/dist-packages/community_interfaces/community_interfaces_s__rosidl_typesupport_fastrtps_c.cpython-310-x86_64-linux-gnu.so
Listing '/home/line/Community_ws/install/community_interfaces/local/lib/python3.10/dist-packages/community_interfaces'...
Listing '/home/line/Community_ws/install/community_interfaces/local/lib/python3.10/dist-packages/community_interfaces/msg'...
Listing '/home/line/Community_ws/install/community_interfaces/local/lib/python3.10/dist-packages/community_interfaces/srv'...
-- Up-to-date: /home/line/Community_ws/install/community_interfaces/local/lib/python3.10/dist-packages/community_interfaces/community_interfaces_s__rosidl_typesupport_fastrtps_c.cpython-310-x86_64-linux-gnu.so
-- Up-to-date: /home/line/Community_ws/install/community_interfaces/local/lib/python3.10/dist-packages/community_interfaces/community_interfaces_s__rosidl_typesupport_introspection_c.cpython-310-x86_64-linux-gnu.so
-- Up-to-date: /home/line/Community_ws/install/community_interfaces/local/lib/python3.10/dist-packages/community_interfaces/community_interfaces_s__rosidl_typesupport_c.cpython-310-x86_64-linux-gnu.so
-- Up-to-date: /home/line/Community_ws/install/community_interfaces/lib/libcommunity_interfaces__rosidl_generator_py.so
-- Up-to-date: /home/line/Community_ws/install/community_interfaces/share/ament_index/resource_index/rust_packages/community_interfaces
-- Up-to-date: /home/line/Community_ws/install/community_interfaces/share/community_interfaces/rust
-- Up-to-date: /home/line/Community_ws/install/community_interfaces/share/community_interfaces/rust/src
-- Up-to-date: /home/line/Community_ws/install/community_interfaces/share/community_interfaces/rust/src/msg
-- Up-to-date: /home/line/Community_ws/install/community_interfaces/share/community_interfaces/rust/src/msg/rmw.rs
-- Up-to-date: /home/line/Community_ws/install/community_interfaces/share/community_interfaces/rust/src/lib.rs
-- Up-to-date: /home/line/Community_ws/install/community_interfaces/share/community_interfaces/rust/src/srv
-- Up-to-date: /home/line/Community_ws/install/community_interfaces/share/community_interfaces/rust/src/srv/rmw.rs
-- Up-to-date: /home/line/Community_ws/install/community_interfaces/share/community_interfaces/rust/src/msg.rs
-- Up-to-date: /home/line/Community_ws/install/community_interfaces/share/community_interfaces/rust/src/srv.rs
-- Up-to-date: /home/line/Community_ws/install/community_interfaces/share/community_interfaces/rust/build.rs
-- Up-to-date: /home/line/Community_ws/install/community_interfaces/share/community_interfaces/rust/Cargo.toml
-- Up-to-date: /home/line/Community_ws/install/community_interfaces/share/community_interfaces/msg/NoiseElement.idl
-- Up-to-date: /home/line/Community_ws/install/community_interfaces/share/community_interfaces/srv/Complain.idl
-- Up-to-date: /home/line/Community_ws/install/community_interfaces/share/community_interfaces/srv/Command.idl
-- Up-to-date: /home/line/Community_ws/install/community_interfaces/share/community_interfaces/msg/NoiseElement.msg
-- Up-to-date: /home/line/Community_ws/install/community_interfaces/share/community_interfaces/srv/Complain.srv
-- Up-to-date: /home/line/Community_ws/install/community_interfaces/share/community_interfaces/srv/Complain_Request.msg
-- Up-to-date: /home/line/Community_ws/install/community_interfaces/share/community_interfaces/srv/Complain_Response.msg
-- Up-to-date: /home/line/Community_ws/install/community_interfaces/share/community_interfaces/srv/Command.srv
-- Up-to-date: /home/line/Community_ws/install/community_interfaces/share/community_interfaces/srv/Command_Request.msg
-- Up-to-date: /home/line/Community_ws/install/community_interfaces/share/community_interfaces/srv/Command_Response.msg
-- Up-to-date: /home/line/Community_ws/install/community_interfaces/share/ament_index/resource_index/package_run_dependencies/community_interfaces
-- Up-to-date: /home/line/Community_ws/install/community_interfaces/share/ament_index/resource_index/parent_prefix_path/community_interfaces
-- Up-to-date: /home/line/Community_ws/install/community_interfaces/share/community_interfaces/environment/ament_prefix_path.sh
-- Up-to-date: /home/line/Community_ws/install/community_interfaces/share/community_interfaces/environment/ament_prefix_path.dsv
-- Up-to-date: /home/line/Community_ws/install/community_interfaces/share/community_interfaces/environment/path.sh
-- Up-to-date: /home/line/Community_ws/install/community_interfaces/share/community_interfaces/environment/path.dsv
-- Up-to-date: /home/line/Community_ws/install/community_interfaces/share/community_interfaces/local_setup.bash
-- Up-to-date: /home/line/Community_ws/install/community_interfaces/share/community_interfaces/local_setup.sh
-- Up-to-date: /home/line/Community_ws/install/community_interfaces/share/community_interfaces/local_setup.zsh
-- Up-to-date: /home/line/Community_ws/install/community_interfaces/share/community_interfaces/local_setup.dsv
-- Installing: /home/line/Community_ws/install/community_interfaces/share/community_interfaces/package.dsv
-- Up-to-date: /home/line/Community_ws/install/community_interfaces/share/ament_index/resource_index/packages/community_interfaces
-- Up-to-date: /home/line/Community_ws/install/community_interfaces/share/community_interfaces/cmake/export_community_interfaces__rosidl_generator_cExport.cmake
-- Up-to-date: /home/line/Community_ws/install/community_interfaces/share/community_interfaces/cmake/export_community_interfaces__rosidl_generator_cExport-noconfig.cmake
-- Up-to-date: /home/line/Community_ws/install/community_interfaces/share/community_interfaces/cmake/export_community_interfaces__rosidl_typesupport_fastrtps_cExport.cmake
-- Up-to-date: /home/line/Community_ws/install/community_interfaces/share/community_interfaces/cmake/export_community_interfaces__rosidl_typesupport_fastrtps_cExport-noconfig.cmake
-- Up-to-date: /home/line/Community_ws/install/community_interfaces/share/community_interfaces/cmake/community_interfaces__rosidl_typesupport_introspection_cExport.cmake
-- Up-to-date: /home/line/Community_ws/install/community_interfaces/share/community_interfaces/cmake/community_interfaces__rosidl_typesupport_introspection_cExport-noconfig.cmake
-- Up-to-date: /home/line/Community_ws/install/community_interfaces/share/community_interfaces/cmake/community_interfaces__rosidl_typesupport_cExport.cmake
-- Up-to-date: /home/line/Community_ws/install/community_interfaces/share/community_interfaces/cmake/community_interfaces__rosidl_typesupport_cExport-noconfig.cmake
-- Up-to-date: /home/line/Community_ws/install/community_interfaces/share/community_interfaces/cmake/export_community_interfaces__rosidl_generator_cppExport.cmake
-- Up-to-date: /home/line/Community_ws/install/community_interfaces/share/community_interfaces/cmake/export_community_interfaces__rosidl_typesupport_fastrtps_cppExport.cmake
-- Up-to-date: /home/line/Community_ws/install/community_interfaces/share/community_interfaces/cmake/export_community_interfaces__rosidl_typesupport_fastrtps_cppExport-noconfig.cmake
-- Up-to-date: /home/line/Community_ws/install/community_interfaces/share/community_interfaces/cmake/community_interfaces__rosidl_typesupport_introspection_cppExport.cmake
-- Up-to-date: /home/line/Community_ws/install/community_interfaces/share/community_interfaces/cmake/community_interfaces__rosidl_typesupport_introspection_cppExport-noconfig.cmake
-- Up-to-date: /home/line/Community_ws/install/community_interfaces/share/community_interfaces/cmake/community_interfaces__rosidl_typesupport_cppExport.cmake
-- Up-to-date: /home/line/Community_ws/install/community_interfaces/share/community_interfaces/cmake/community_interfaces__rosidl_typesupport_cppExport-noconfig.cmake
-- Up-to-date: /home/line/Community_ws/install/community_interfaces/share/community_interfaces/cmake/export_community_interfaces__rosidl_generator_pyExport.cmake
-- Up-to-date: /home/line/Community_ws/install/community_interfaces/share/community_interfaces/cmake/export_community_interfaces__rosidl_generator_pyExport-noconfig.cmake
-- Up-to-date: /home/line/Community_ws/install/community_interfaces/share/community_interfaces/cmake/rosidl_cmake-extras.cmake
-- Up-to-date: /home/line/Community_ws/install/community_interfaces/share/community_interfaces/cmake/ament_cmake_export_include_directories-extras.cmake
-- Up-to-date: /home/line/Community_ws/install/community_interfaces/share/community_interfaces/cmake/ament_cmake_export_libraries-extras.cmake
-- Up-to-date: /home/line/Community_ws/install/community_interfaces/share/community_interfaces/cmake/ament_cmake_export_targets-extras.cmake
-- Up-to-date: /home/line/Community_ws/install/community_interfaces/share/community_interfaces/cmake/rosidl_cmake_export_typesupport_targets-extras.cmake
-- Up-to-date: /home/line/Community_ws/install/community_interfaces/share/community_interfaces/cmake/ament_cmake_export_dependencies-extras.cmake
-- Up-to-date: /home/line/Community_ws/install/community_interfaces/share/community_interfaces/cmake/rosidl_cmake_export_typesupport_libraries-extras.cmake
-- Up-to-date: /home/line/Community_ws/install/community_interfaces/share/community_interfaces/cmake/rosidl_cmake_aggregate_target-extras.cmake
-- Up-to-date: /home/line/Community_ws/install/community_interfaces/share/community_interfaces/cmake/community_interfacesConfig.cmake
-- Up-to-date: /home/line/Community_ws/install/community_interfaces/share/community_interfaces/cmake/community_interfacesConfig-version.cmake
-- Up-to-date: /home/line/Community_ws/install/community_interfaces/share/community_interfaces/package.xml
