[35m[1mConsolidate compiler generated dependencies of target wang2_node[0m
[ 50%] [32mBuilding CXX object CMakeFiles/wang2_node.dir/src/wang2.cpp.o[0m
In file included from [01m[K/opt/ros/humble/include/rclcpp/rclcpp/logging.hpp:24[m[K,
                 from [01m[K/opt/ros/humble/include/rclcpp/rclcpp/client.hpp:40[m[K,
                 from [01m[K/opt/ros/humble/include/rclcpp/rclcpp/callback_group.hpp:24[m[K,
                 from [01m[K/opt/ros/humble/include/rclcpp/rclcpp/any_executable.hpp:20[m[K,
                 from [01m[K/opt/ros/humble/include/rclcpp/rclcpp/memory_strategy.hpp:25[m[K,
                 from [01m[K/opt/ros/humble/include/rclcpp/rclcpp/memory_strategies.hpp:18[m[K,
                 from [01m[K/opt/ros/humble/include/rclcpp/rclcpp/executor_options.hpp:20[m[K,
                 from [01m[K/opt/ros/humble/include/rclcpp/rclcpp/executor.hpp:37[m[K,
                 from [01m[K/opt/ros/humble/include/rclcpp/rclcpp/executors/multi_threaded_executor.hpp:25[m[K,
                 from [01m[K/opt/ros/humble/include/rclcpp/rclcpp/executors.hpp:21[m[K,
                 from [01m[K/opt/ros/humble/include/rclcpp/rclcpp/rclcpp.hpp:155[m[K,
                 from [01m[K/home/line/town_ws/src/village_wang/src/wang2.cpp:1[m[K:
[01m[K/home/line/town_ws/src/village_wang/src/wang2.cpp:[m[K In member function ‘[01m[Kvoid SingleDogNode::sell_novel_callback(village_interfaces::srv::SellNovel_Request_<std::allocator<void> >::SharedPtr, village_interfaces::srv::SellNovel_Response_<std::allocator<void> >::SharedPtr)[m[K’:
[01m[K/home/line/town_ws/src/village_wang/src/wang2.cpp:51:48:[m[K [01;35m[Kwarning: [m[Kformat ‘[01m[K%d[m[K’ expects argument of type ‘[01m[Kint[m[K’, but argument 5 has type ‘[01m[Kstd::queue<std::__cxx11::basic_string<char> >::size_type[m[K’ {aka ‘[01m[Klong unsigned int[m[K’} [[01;35m[K]8;;https://gcc.gnu.org/onlinedocs/gcc/Warning-Options.html#index-Wformat=-Wformat=]8;;[m[K]
   51 |                 RCLCPP_INFO(this->get_logger(),[01;35m[K"等待中，目前还差%d的小说"[m[K,[32m[K(int)num-novels_queue.size()[m[K);
      |                                                [01;35m[K^~~~~~~~~~~~~~~~~~~~~~~~~~[m[K [32m[K~~~~~~~~~~~~~~~~~~~~~~~~~~~~[m[K
      |                                                                                   [32m[K|[m[K
      |                                                                                   [32m[Kstd::queue<std::__cxx11::basic_string<char> >::size_type {aka long unsigned int}[m[K
[01m[K/home/line/town_ws/src/village_wang/src/wang2.cpp:51:66:[m[K [01;36m[Knote: [m[Kformat string is defined here
   51 |                 RCLCPP_INFO(this->get_logger(),"等待中，目前还差[01;36m[K%d[m[K的小说",(int)num-novels_queue.size());
      |                                                                 [01;36m[K~^[m[K
      |                                                                  [01;36m[K|[m[K
      |                                                                  [01;36m[Kint[m[K
      |                                                                 [32m[K%ld[m[K
[100%] [32m[1mLinking CXX executable wang2_node[0m
[100%] Built target wang2_node
-- Install configuration: ""
-- Execute custom install script
-- Up-to-date symlink: /home/line/town_ws/install/village_wang/share/ament_index/resource_index/package_run_dependencies/village_wang
-- Up-to-date symlink: /home/line/town_ws/install/village_wang/share/ament_index/resource_index/parent_prefix_path/village_wang
-- Up-to-date symlink: /home/line/town_ws/install/village_wang/share/village_wang/environment/ament_prefix_path.sh
-- Up-to-date symlink: /home/line/town_ws/install/village_wang/share/village_wang/environment/ament_prefix_path.dsv
-- Up-to-date symlink: /home/line/town_ws/install/village_wang/share/village_wang/environment/path.sh
-- Up-to-date symlink: /home/line/town_ws/install/village_wang/share/village_wang/environment/path.dsv
-- Up-to-date symlink: /home/line/town_ws/install/village_wang/share/village_wang/local_setup.bash
-- Up-to-date symlink: /home/line/town_ws/install/village_wang/share/village_wang/local_setup.sh
-- Up-to-date symlink: /home/line/town_ws/install/village_wang/share/village_wang/local_setup.zsh
-- Up-to-date symlink: /home/line/town_ws/install/village_wang/share/village_wang/local_setup.dsv
-- Symlinking: /home/line/town_ws/install/village_wang/share/village_wang/package.dsv
-- Up-to-date symlink: /home/line/town_ws/install/village_wang/share/ament_index/resource_index/packages/village_wang
-- Up-to-date symlink: /home/line/town_ws/install/village_wang/share/village_wang/cmake/village_wangConfig.cmake
-- Up-to-date symlink: /home/line/town_ws/install/village_wang/share/village_wang/cmake/village_wangConfig-version.cmake
-- Up-to-date symlink: /home/line/town_ws/install/village_wang/share/village_wang/package.xml
-- Up-to-date symlink: /home/line/town_ws/install/village_wang/lib/village_wang/wang2_node
