running egg_info
creating ../build/village_li/village_li.egg-info
writing ../build/village_li/village_li.egg-info/PKG-INFO
writing dependency_links to ../build/village_li/village_li.egg-info/dependency_links.txt
writing entry points to ../build/village_li/village_li.egg-info/entry_points.txt
writing requirements to ../build/village_li/village_li.egg-info/requires.txt
writing top-level names to ../build/village_li/village_li.egg-info/top_level.txt
writing manifest file '../build/village_li/village_li.egg-info/SOURCES.txt'
reading manifest file '../build/village_li/village_li.egg-info/SOURCES.txt'
writing manifest file '../build/village_li/village_li.egg-info/SOURCES.txt'
running build
running build_py
creating /home/line/town_ws/src/build/village_li/build
creating /home/line/town_ws/src/build/village_li/build/lib
creating /home/line/town_ws/src/build/village_li/build/lib/village_li
copying village_li/li4.py -> /home/line/town_ws/src/build/village_li/build/lib/village_li
copying village_li/__init__.py -> /home/line/town_ws/src/build/village_li/build/lib/village_li
copying village_li/li4_pop.py -> /home/line/town_ws/src/build/village_li/build/lib/village_li
running install
running install_lib
creating /home/line/town_ws/src/install/village_li/lib/python3.10/site-packages/village_li
copying /home/line/town_ws/src/build/village_li/build/lib/village_li/li4.py -> /home/line/town_ws/src/install/village_li/lib/python3.10/site-packages/village_li
copying /home/line/town_ws/src/build/village_li/build/lib/village_li/__init__.py -> /home/line/town_ws/src/install/village_li/lib/python3.10/site-packages/village_li
copying /home/line/town_ws/src/build/village_li/build/lib/village_li/li4_pop.py -> /home/line/town_ws/src/install/village_li/lib/python3.10/site-packages/village_li
byte-compiling /home/line/town_ws/src/install/village_li/lib/python3.10/site-packages/village_li/li4.py to li4.cpython-310.pyc
byte-compiling /home/line/town_ws/src/install/village_li/lib/python3.10/site-packages/village_li/__init__.py to __init__.cpython-310.pyc
byte-compiling /home/line/town_ws/src/install/village_li/lib/python3.10/site-packages/village_li/li4_pop.py to li4_pop.cpython-310.pyc
running install_data
creating /home/line/town_ws/src/install/village_li/share/ament_index
creating /home/line/town_ws/src/install/village_li/share/ament_index/resource_index
creating /home/line/town_ws/src/install/village_li/share/ament_index/resource_index/packages
copying resource/village_li -> /home/line/town_ws/src/install/village_li/share/ament_index/resource_index/packages
copying package.xml -> /home/line/town_ws/src/install/village_li/share/village_li
running install_egg_info
Copying ../build/village_li/village_li.egg-info to /home/line/town_ws/src/install/village_li/lib/python3.10/site-packages/village_li-0.0.0-py3.10.egg-info
running install_scripts
Installing li4_node script to /home/line/town_ws/src/install/village_li/lib/village_li
writing list of installed files to '/home/line/town_ws/src/build/village_li/install.log'
