[0.055s] DEBUG:colcon:Command line arguments: ['/usr/bin/colcon', 'build']
[0.056s] DEBUG:colcon:Parsed command line arguments: Namespace(log_base=None, log_level=None, verb_name='build', build_base='build', install_base='install', merge_install=False, symlink_install=False, test_result_base=None, continue_on_error=False, executor='parallel', parallel_workers=20, event_handlers=None, ignore_user_meta=False, metas=['./colcon.meta'], base_paths=['.'], packages_ignore=None, packages_ignore_regex=None, paths=None, packages_up_to=None, packages_up_to_regex=None, packages_above=None, packages_above_and_dependencies=None, packages_above_depth=None, packages_select_by_dep=None, packages_skip_by_dep=None, packages_skip_up_to=None, packages_select_build_failed=False, packages_skip_build_finished=False, packages_select_test_failures=False, packages_skip_test_passed=False, packages_select=None, packages_skip=None, packages_select_regex=None, packages_skip_regex=None, packages_start=None, packages_end=None, allow_overriding=[], cmake_args=None, cmake_target=None, cmake_target_skip_unavailable=False, cmake_clean_cache=False, cmake_clean_first=False, cmake_force_configure=False, ament_cmake_args=None, catkin_cmake_args=None, catkin_skip_building_tests=False, verb_parser=<colcon_defaults.argument_parser.defaults.DefaultArgumentsDecorator object at 0x7faac7159c30>, verb_extension=<colcon_core.verb.build.BuildVerb object at 0x7faac7159690>, main=<bound method BuildVerb.main of <colcon_core.verb.build.BuildVerb object at 0x7faac7159690>>)
[0.075s] Level 1:colcon.colcon_core.package_discovery:discover_packages(colcon_meta) check parameters
[0.075s] Level 1:colcon.colcon_core.package_discovery:discover_packages(recursive) check parameters
[0.075s] Level 1:colcon.colcon_core.package_discovery:discover_packages(ignore) check parameters
[0.075s] Level 1:colcon.colcon_core.package_discovery:discover_packages(path) check parameters
[0.075s] Level 1:colcon.colcon_core.package_discovery:discover_packages(colcon_meta) discover
[0.076s] Level 1:colcon.colcon_core.package_discovery:discover_packages(recursive) discover
[0.076s] INFO:colcon.colcon_core.package_discovery:Crawling recursively for packages in '/home/line/ROSlearning_LJK/01_HelloROS/camera'
[0.076s] Level 1:colcon.colcon_core.package_identification:_identify(.) by extensions ['ignore', 'ignore_ament_install']
[0.076s] Level 1:colcon.colcon_core.package_identification:_identify(.) by extension 'ignore'
[0.076s] Level 1:colcon.colcon_core.package_identification:_identify(.) by extension 'ignore_ament_install'
[0.076s] Level 1:colcon.colcon_core.package_identification:_identify(.) by extensions ['colcon_pkg']
[0.076s] Level 1:colcon.colcon_core.package_identification:_identify(.) by extension 'colcon_pkg'
[0.076s] Level 1:colcon.colcon_core.package_identification:_identify(.) by extensions ['colcon_meta']
[0.076s] Level 1:colcon.colcon_core.package_identification:_identify(.) by extension 'colcon_meta'
[0.076s] Level 1:colcon.colcon_core.package_identification:_identify(.) by extensions ['ros']
[0.076s] Level 1:colcon.colcon_core.package_identification:_identify(.) by extension 'ros'
[0.085s] DEBUG:colcon.colcon_core.package_identification:Package '.' with type 'ros.ament_cmake' and name 'camera'
[0.085s] Level 1:colcon.colcon_core.package_discovery:discover_packages(recursive) using defaults
[0.085s] Level 1:colcon.colcon_core.package_discovery:discover_packages(ignore) discover
[0.085s] Level 1:colcon.colcon_core.package_discovery:discover_packages(ignore) using defaults
[0.085s] Level 1:colcon.colcon_core.package_discovery:discover_packages(path) discover
[0.085s] Level 1:colcon.colcon_core.package_discovery:discover_packages(path) using defaults
[0.095s] Level 1:colcon.colcon_core.package_discovery:discover_packages(prefix_path) check parameters
[0.095s] Level 1:colcon.colcon_core.package_discovery:discover_packages(prefix_path) discover
[0.097s] DEBUG:colcon.colcon_installed_package_information.package_discovery:Found 319 installed packages in /opt/ros/humble
[0.097s] Level 1:colcon.colcon_core.package_discovery:discover_packages(prefix_path) using defaults
[0.116s] Level 5:colcon.colcon_core.verb:set package 'camera' build argument 'cmake_args' from command line to 'None'
[0.116s] Level 5:colcon.colcon_core.verb:set package 'camera' build argument 'cmake_target' from command line to 'None'
[0.116s] Level 5:colcon.colcon_core.verb:set package 'camera' build argument 'cmake_target_skip_unavailable' from command line to 'False'
[0.117s] Level 5:colcon.colcon_core.verb:set package 'camera' build argument 'cmake_clean_cache' from command line to 'False'
[0.117s] Level 5:colcon.colcon_core.verb:set package 'camera' build argument 'cmake_clean_first' from command line to 'False'
[0.117s] Level 5:colcon.colcon_core.verb:set package 'camera' build argument 'cmake_force_configure' from command line to 'False'
[0.117s] Level 5:colcon.colcon_core.verb:set package 'camera' build argument 'ament_cmake_args' from command line to 'None'
[0.117s] Level 5:colcon.colcon_core.verb:set package 'camera' build argument 'catkin_cmake_args' from command line to 'None'
[0.117s] Level 5:colcon.colcon_core.verb:set package 'camera' build argument 'catkin_skip_building_tests' from command line to 'False'
[0.117s] DEBUG:colcon.colcon_core.verb:Building package 'camera' with the following arguments: {'ament_cmake_args': None, 'build_base': '/home/line/ROSlearning_LJK/01_HelloROS/camera/build/camera', 'catkin_cmake_args': None, 'catkin_skip_building_tests': False, 'cmake_args': None, 'cmake_clean_cache': False, 'cmake_clean_first': False, 'cmake_force_configure': False, 'cmake_target': None, 'cmake_target_skip_unavailable': False, 'install_base': '/home/line/ROSlearning_LJK/01_HelloROS/camera/install/camera', 'merge_install': False, 'path': '/home/line/ROSlearning_LJK/01_HelloROS/camera', 'symlink_install': False, 'test_result_base': None}
[0.117s] INFO:colcon.colcon_core.executor:Executing jobs using 'parallel' executor
[0.117s] DEBUG:colcon.colcon_parallel_executor.executor.parallel:run_until_complete
[0.118s] INFO:colcon.colcon_ros.task.ament_cmake.build:Building ROS package in '/home/line/ROSlearning_LJK/01_HelloROS/camera' with build type 'ament_cmake'
[0.118s] INFO:colcon.colcon_cmake.task.cmake.build:Building CMake package in '/home/line/ROSlearning_LJK/01_HelloROS/camera'
[0.119s] INFO:colcon.colcon_core.plugin_system:Skipping extension 'colcon_core.shell.bat': Not used on non-Windows systems
[0.119s] INFO:colcon.colcon_core.shell:Skip shell extension 'powershell' for command environment: Not usable outside of PowerShell
[0.119s] DEBUG:colcon.colcon_core.shell:Skip shell extension 'dsv' for command environment
[0.124s] DEBUG:colcon.colcon_core.event_handler.log_command:Invoking command in '/home/line/ROSlearning_LJK/01_HelloROS/camera/build/camera': CMAKE_PREFIX_PATH=/opt/ros/humble /usr/bin/cmake --build /home/line/ROSlearning_LJK/01_HelloROS/camera/build/camera -- -j20 -l20
[3.400s] DEBUG:colcon.colcon_core.event_handler.log_command:Invoked command in '/home/line/ROSlearning_LJK/01_HelloROS/camera/build/camera' returned '0': CMAKE_PREFIX_PATH=/opt/ros/humble /usr/bin/cmake --build /home/line/ROSlearning_LJK/01_HelloROS/camera/build/camera -- -j20 -l20
[3.412s] DEBUG:colcon.colcon_core.event_handler.log_command:Invoking command in '/home/line/ROSlearning_LJK/01_HelloROS/camera/build/camera': CMAKE_PREFIX_PATH=/opt/ros/humble /usr/bin/cmake --install /home/line/ROSlearning_LJK/01_HelloROS/camera/build/camera
[3.432s] Level 1:colcon.colcon_core.environment:create_environment_scripts_only(camera)
[3.433s] DEBUG:colcon.colcon_core.event_handler.log_command:Invoked command in '/home/line/ROSlearning_LJK/01_HelloROS/camera/build/camera' returned '0': CMAKE_PREFIX_PATH=/opt/ros/humble /usr/bin/cmake --install /home/line/ROSlearning_LJK/01_HelloROS/camera/build/camera
[3.436s] Level 1:colcon.colcon_core.environment:checking '/home/line/ROSlearning_LJK/01_HelloROS/camera/install/camera' for CMake module files
[3.437s] Level 1:colcon.colcon_core.environment:checking '/home/line/ROSlearning_LJK/01_HelloROS/camera/install/camera' for CMake config files
[3.438s] Level 1:colcon.colcon_core.shell:create_environment_hook('camera', 'cmake_prefix_path')
[3.438s] INFO:colcon.colcon_core.shell:Creating environment hook '/home/line/ROSlearning_LJK/01_HelloROS/camera/install/camera/share/camera/hook/cmake_prefix_path.ps1'
[3.439s] INFO:colcon.colcon_core.shell:Creating environment descriptor '/home/line/ROSlearning_LJK/01_HelloROS/camera/install/camera/share/camera/hook/cmake_prefix_path.dsv'
[3.440s] INFO:colcon.colcon_core.shell:Creating environment hook '/home/line/ROSlearning_LJK/01_HelloROS/camera/install/camera/share/camera/hook/cmake_prefix_path.sh'
[3.441s] Level 1:colcon.colcon_core.environment:checking '/home/line/ROSlearning_LJK/01_HelloROS/camera/install/camera/lib'
[3.441s] Level 1:colcon.colcon_core.shell:create_environment_hook('camera', 'ld_library_path_lib')
[3.441s] INFO:colcon.colcon_core.shell:Creating environment hook '/home/line/ROSlearning_LJK/01_HelloROS/camera/install/camera/share/camera/hook/ld_library_path_lib.ps1'
[3.442s] INFO:colcon.colcon_core.shell:Creating environment descriptor '/home/line/ROSlearning_LJK/01_HelloROS/camera/install/camera/share/camera/hook/ld_library_path_lib.dsv'
[3.442s] INFO:colcon.colcon_core.shell:Creating environment hook '/home/line/ROSlearning_LJK/01_HelloROS/camera/install/camera/share/camera/hook/ld_library_path_lib.sh'
[3.443s] Level 1:colcon.colcon_core.environment:checking '/home/line/ROSlearning_LJK/01_HelloROS/camera/install/camera/bin'
[3.443s] Level 1:colcon.colcon_core.environment:checking '/home/line/ROSlearning_LJK/01_HelloROS/camera/install/camera/lib/pkgconfig/camera.pc'
[3.443s] Level 1:colcon.colcon_core.environment:checking '/home/line/ROSlearning_LJK/01_HelloROS/camera/install/camera/lib/python3.10/site-packages'
[3.444s] Level 1:colcon.colcon_core.environment:checking '/home/line/ROSlearning_LJK/01_HelloROS/camera/install/camera/bin'
[3.444s] INFO:colcon.colcon_core.shell:Creating package script '/home/line/ROSlearning_LJK/01_HelloROS/camera/install/camera/share/camera/package.ps1'
[3.445s] INFO:colcon.colcon_core.shell:Creating package descriptor '/home/line/ROSlearning_LJK/01_HelloROS/camera/install/camera/share/camera/package.dsv'
[3.446s] INFO:colcon.colcon_core.shell:Creating package script '/home/line/ROSlearning_LJK/01_HelloROS/camera/install/camera/share/camera/package.sh'
[3.447s] INFO:colcon.colcon_core.shell:Creating package script '/home/line/ROSlearning_LJK/01_HelloROS/camera/install/camera/share/camera/package.bash'
[3.447s] INFO:colcon.colcon_core.shell:Creating package script '/home/line/ROSlearning_LJK/01_HelloROS/camera/install/camera/share/camera/package.zsh'
[3.448s] Level 1:colcon.colcon_core.environment:create_file_with_runtime_dependencies(/home/line/ROSlearning_LJK/01_HelloROS/camera/install/camera/share/colcon-core/packages/camera)
[3.448s] Level 1:colcon.colcon_core.environment:create_environment_scripts_only(camera)
[3.449s] Level 1:colcon.colcon_core.environment:checking '/home/line/ROSlearning_LJK/01_HelloROS/camera/install/camera' for CMake module files
[3.449s] Level 1:colcon.colcon_core.environment:checking '/home/line/ROSlearning_LJK/01_HelloROS/camera/install/camera' for CMake config files
[3.449s] Level 1:colcon.colcon_core.shell:create_environment_hook('camera', 'cmake_prefix_path')
[3.449s] INFO:colcon.colcon_core.shell:Creating environment hook '/home/line/ROSlearning_LJK/01_HelloROS/camera/install/camera/share/camera/hook/cmake_prefix_path.ps1'
[3.450s] INFO:colcon.colcon_core.shell:Creating environment descriptor '/home/line/ROSlearning_LJK/01_HelloROS/camera/install/camera/share/camera/hook/cmake_prefix_path.dsv'
[3.450s] INFO:colcon.colcon_core.shell:Creating environment hook '/home/line/ROSlearning_LJK/01_HelloROS/camera/install/camera/share/camera/hook/cmake_prefix_path.sh'
[3.450s] Level 1:colcon.colcon_core.environment:checking '/home/line/ROSlearning_LJK/01_HelloROS/camera/install/camera/lib'
[3.451s] Level 1:colcon.colcon_core.shell:create_environment_hook('camera', 'ld_library_path_lib')
[3.451s] INFO:colcon.colcon_core.shell:Creating environment hook '/home/line/ROSlearning_LJK/01_HelloROS/camera/install/camera/share/camera/hook/ld_library_path_lib.ps1'
[3.451s] INFO:colcon.colcon_core.shell:Creating environment descriptor '/home/line/ROSlearning_LJK/01_HelloROS/camera/install/camera/share/camera/hook/ld_library_path_lib.dsv'
[3.451s] INFO:colcon.colcon_core.shell:Creating environment hook '/home/line/ROSlearning_LJK/01_HelloROS/camera/install/camera/share/camera/hook/ld_library_path_lib.sh'
[3.451s] Level 1:colcon.colcon_core.environment:checking '/home/line/ROSlearning_LJK/01_HelloROS/camera/install/camera/bin'
[3.451s] Level 1:colcon.colcon_core.environment:checking '/home/line/ROSlearning_LJK/01_HelloROS/camera/install/camera/lib/pkgconfig/camera.pc'
[3.452s] Level 1:colcon.colcon_core.environment:checking '/home/line/ROSlearning_LJK/01_HelloROS/camera/install/camera/lib/python3.10/site-packages'
[3.452s] Level 1:colcon.colcon_core.environment:checking '/home/line/ROSlearning_LJK/01_HelloROS/camera/install/camera/bin'
[3.452s] INFO:colcon.colcon_core.shell:Creating package script '/home/line/ROSlearning_LJK/01_HelloROS/camera/install/camera/share/camera/package.ps1'
[3.453s] INFO:colcon.colcon_core.shell:Creating package descriptor '/home/line/ROSlearning_LJK/01_HelloROS/camera/install/camera/share/camera/package.dsv'
[3.453s] INFO:colcon.colcon_core.shell:Creating package script '/home/line/ROSlearning_LJK/01_HelloROS/camera/install/camera/share/camera/package.sh'
[3.453s] INFO:colcon.colcon_core.shell:Creating package script '/home/line/ROSlearning_LJK/01_HelloROS/camera/install/camera/share/camera/package.bash'
[3.454s] INFO:colcon.colcon_core.shell:Creating package script '/home/line/ROSlearning_LJK/01_HelloROS/camera/install/camera/share/camera/package.zsh'
[3.454s] Level 1:colcon.colcon_core.environment:create_file_with_runtime_dependencies(/home/line/ROSlearning_LJK/01_HelloROS/camera/install/camera/share/colcon-core/packages/camera)
[3.454s] DEBUG:colcon.colcon_parallel_executor.executor.parallel:closing loop
[3.454s] DEBUG:colcon.colcon_parallel_executor.executor.parallel:loop closed
[3.454s] DEBUG:colcon.colcon_parallel_executor.executor.parallel:run_until_complete finished with '0'
[3.455s] DEBUG:colcon.colcon_core.event_reactor:joining thread
[3.458s] INFO:colcon.colcon_core.plugin_system:Skipping extension 'colcon_notification.desktop_notification.terminal_notifier': Not used on non-Darwin systems
[3.458s] INFO:colcon.colcon_core.plugin_system:Skipping extension 'colcon_notification.desktop_notification.win32': Not used on non-Windows systems
[3.458s] INFO:colcon.colcon_notification.desktop_notification:Sending desktop notification using 'notify2'
[3.470s] DEBUG:colcon.colcon_core.event_reactor:joined thread
[3.471s] INFO:colcon.colcon_core.shell:Creating prefix script '/home/line/ROSlearning_LJK/01_HelloROS/camera/install/local_setup.ps1'
[3.471s] INFO:colcon.colcon_core.shell:Creating prefix util module '/home/line/ROSlearning_LJK/01_HelloROS/camera/install/_local_setup_util_ps1.py'
[3.472s] INFO:colcon.colcon_core.shell:Creating prefix chain script '/home/line/ROSlearning_LJK/01_HelloROS/camera/install/setup.ps1'
[3.473s] INFO:colcon.colcon_core.shell:Creating prefix script '/home/line/ROSlearning_LJK/01_HelloROS/camera/install/local_setup.sh'
[3.473s] INFO:colcon.colcon_core.shell:Creating prefix util module '/home/line/ROSlearning_LJK/01_HelloROS/camera/install/_local_setup_util_sh.py'
[3.473s] INFO:colcon.colcon_core.shell:Creating prefix chain script '/home/line/ROSlearning_LJK/01_HelloROS/camera/install/setup.sh'
[3.474s] INFO:colcon.colcon_core.shell:Creating prefix script '/home/line/ROSlearning_LJK/01_HelloROS/camera/install/local_setup.bash'
[3.474s] INFO:colcon.colcon_core.shell:Creating prefix chain script '/home/line/ROSlearning_LJK/01_HelloROS/camera/install/setup.bash'
[3.474s] INFO:colcon.colcon_core.shell:Creating prefix script '/home/line/ROSlearning_LJK/01_HelloROS/camera/install/local_setup.zsh'
[3.475s] INFO:colcon.colcon_core.shell:Creating prefix chain script '/home/line/ROSlearning_LJK/01_HelloROS/camera/install/setup.zsh'
