[0.008s] Invoking command in '/home/line/town_ws/build/village_interfaces': CMAKE_PREFIX_PATH=/opt/ros/humble /usr/bin/cmake --build /home/line/town_ws/build/village_interfaces -- -j20 -l20
[0.050s] [  2%] Built target village_interfaces__cpp
[0.055s] [  6%] [32mBuilding C object CMakeFiles/village_interfaces__rosidl_generator_c.dir/rosidl_generator_c/village_interfaces/msg/detail/novel__functions.c.o[0m
[0.055s] [  6%] [32mBuilding C object CMakeFiles/village_interfaces__rosidl_generator_c.dir/rosidl_generator_c/village_interfaces/srv/detail/borrow_money__functions.c.o[0m
[0.055s] [  8%] Built target village_interfaces__rs
[0.057s] [  8%] Built target ament_cmake_python_symlink_village_interfaces
[0.057s] [ 10%] [32mBuilding C object CMakeFiles/village_interfaces__rosidl_generator_c.dir/rosidl_generator_c/village_interfaces/srv/detail/sell_novel__functions.c.o[0m
[0.065s] [ 12%] [32mBuilding CXX object CMakeFiles/village_interfaces__rosidl_typesupport_cpp.dir/rosidl_typesupport_cpp/village_interfaces/srv/borrow_money__type_support.cpp.o[0m
[0.066s] [ 14%] [32mBuilding CXX object CMakeFiles/village_interfaces__rosidl_typesupport_cpp.dir/rosidl_typesupport_cpp/village_interfaces/srv/sell_novel__type_support.cpp.o[0m
[0.067s] [ 16%] [32mBuilding CXX object CMakeFiles/village_interfaces__rosidl_typesupport_cpp.dir/rosidl_typesupport_cpp/village_interfaces/msg/novel__type_support.cpp.o[0m
[0.068s] [ 20%] [32mBuilding CXX object CMakeFiles/village_interfaces__rosidl_typesupport_introspection_cpp.dir/rosidl_typesupport_introspection_cpp/village_interfaces/srv/detail/borrow_money__type_support.cpp.o[0m
[0.068s] [ 20%] [32mBuilding CXX object CMakeFiles/village_interfaces__rosidl_typesupport_introspection_cpp.dir/rosidl_typesupport_introspection_cpp/village_interfaces/msg/detail/novel__type_support.cpp.o[0m
[0.069s] [ 22%] [32mBuilding CXX object CMakeFiles/village_interfaces__rosidl_typesupport_introspection_cpp.dir/rosidl_typesupport_introspection_cpp/village_interfaces/srv/detail/sell_novel__type_support.cpp.o[0m
[0.074s] [ 27%] [32mBuilding CXX object CMakeFiles/village_interfaces__rosidl_typesupport_fastrtps_cpp.dir/rosidl_typesupport_fastrtps_cpp/village_interfaces/srv/detail/dds_fastrtps/borrow_money__type_support.cpp.o[0m
[0.074s] [ 27%] [32mBuilding CXX object CMakeFiles/village_interfaces__rosidl_typesupport_fastrtps_cpp.dir/rosidl_typesupport_fastrtps_cpp/village_interfaces/msg/detail/dds_fastrtps/novel__type_support.cpp.o[0m
[0.078s] [ 29%] [32mBuilding CXX object CMakeFiles/village_interfaces__rosidl_typesupport_fastrtps_cpp.dir/rosidl_typesupport_fastrtps_cpp/village_interfaces/srv/detail/dds_fastrtps/sell_novel__type_support.cpp.o[0m
[0.109s] [ 31%] [32m[1mLinking C shared library libvillage_interfaces__rosidl_generator_c.so[0m
[0.147s] [ 33%] Built target village_interfaces__rosidl_generator_c
[0.180s] [ 35%] [32mBuilding CXX object CMakeFiles/village_interfaces__rosidl_typesupport_fastrtps_c.dir/rosidl_typesupport_fastrtps_c/village_interfaces/srv/detail/sell_novel__type_support_c.cpp.o[0m
[0.180s] [ 37%] [32mBuilding CXX object CMakeFiles/village_interfaces__rosidl_typesupport_fastrtps_c.dir/rosidl_typesupport_fastrtps_c/village_interfaces/srv/detail/borrow_money__type_support_c.cpp.o[0m
[0.196s] [ 47%] [32mBuilding CXX object CMakeFiles/village_interfaces__rosidl_typesupport_c.dir/rosidl_typesupport_c/village_interfaces/msg/novel__type_support.cpp.o[0m
[0.196s] [ 41%] [32mBuilding CXX object CMakeFiles/village_interfaces__rosidl_typesupport_fastrtps_c.dir/rosidl_typesupport_fastrtps_c/village_interfaces/msg/detail/novel__type_support_c.cpp.o[0m
[0.196s] [ 41%] [32mBuilding C object CMakeFiles/village_interfaces__rosidl_typesupport_introspection_c.dir/rosidl_typesupport_introspection_c/village_interfaces/srv/detail/sell_novel__type_support.c.o[0m
[0.197s] [ 43%] [32mBuilding CXX object CMakeFiles/village_interfaces__rosidl_typesupport_c.dir/rosidl_typesupport_c/village_interfaces/srv/borrow_money__type_support.cpp.o[0m
[0.197s] [ 47%] [32mBuilding C object CMakeFiles/village_interfaces__rosidl_typesupport_introspection_c.dir/rosidl_typesupport_introspection_c/village_interfaces/srv/detail/borrow_money__type_support.c.o[0m
[0.197s] [ 50%] [32mBuilding C object CMakeFiles/village_interfaces__rosidl_typesupport_introspection_c.dir/rosidl_typesupport_introspection_c/village_interfaces/msg/detail/novel__type_support.c.o[0m
[0.200s] [ 52%] [32mBuilding CXX object CMakeFiles/village_interfaces__rosidl_typesupport_c.dir/rosidl_typesupport_c/village_interfaces/srv/sell_novel__type_support.cpp.o[0m
[0.250s] [ 54%] [32m[1mLinking CXX shared library libvillage_interfaces__rosidl_typesupport_c.so[0m
[0.252s] [ 56%] [32m[1mLinking C shared library libvillage_interfaces__rosidl_typesupport_introspection_c.so[0m
[0.282s] [ 58%] Built target village_interfaces__rosidl_typesupport_introspection_c
[0.322s] running egg_info
[0.326s] [ 60%] Built target village_interfaces__rosidl_typesupport_c
[0.338s] writing village_interfaces.egg-info/PKG-INFO
[0.338s] writing dependency_links to village_interfaces.egg-info/dependency_links.txt
[0.339s] writing top-level names to village_interfaces.egg-info/top_level.txt
[0.389s] reading manifest file 'village_interfaces.egg-info/SOURCES.txt'
[0.391s] writing manifest file 'village_interfaces.egg-info/SOURCES.txt'
[0.397s] [ 62%] [32m[1mLinking CXX shared library libvillage_interfaces__rosidl_typesupport_cpp.so[0m
[0.429s] [ 64%] Built target village_interfaces__rosidl_typesupport_cpp
[0.431s] [ 64%] Built target ament_cmake_python_build_village_interfaces_egg
[0.460s] [ 66%] [32m[1mLinking CXX shared library libvillage_interfaces__rosidl_typesupport_introspection_cpp.so[0m
[0.480s] [ 68%] [32m[1mLinking CXX shared library libvillage_interfaces__rosidl_typesupport_fastrtps_cpp.so[0m
[0.496s] [ 70%] [32m[1mLinking CXX shared library libvillage_interfaces__rosidl_typesupport_fastrtps_c.so[0m
[0.510s] [ 72%] Built target village_interfaces__rosidl_typesupport_introspection_cpp
[0.534s] [ 75%] Built target village_interfaces__rosidl_typesupport_fastrtps_cpp
[0.547s] [ 77%] Built target village_interfaces__rosidl_typesupport_fastrtps_c
[0.565s] [ 77%] Built target village_interfaces
[0.588s] [ 79%] Built target village_interfaces__py
[0.605s] [ 81%] [32mBuilding C object CMakeFiles/village_interfaces__rosidl_generator_py.dir/rosidl_generator_py/village_interfaces/msg/_novel_s.c.o[0m
[0.606s] [ 83%] [32mBuilding C object CMakeFiles/village_interfaces__rosidl_generator_py.dir/rosidl_generator_py/village_interfaces/srv/_borrow_money_s.c.o[0m
[0.607s] [ 85%] [32mBuilding C object CMakeFiles/village_interfaces__rosidl_generator_py.dir/rosidl_generator_py/village_interfaces/srv/_sell_novel_s.c.o[0m
[0.671s] [ 87%] [32m[1mLinking C shared library rosidl_generator_py/village_interfaces/libvillage_interfaces__rosidl_generator_py.so[0m
[0.698s] [ 87%] Built target village_interfaces__rosidl_generator_py
[0.717s] [ 89%] [32mBuilding C object CMakeFiles/village_interfaces__rosidl_typesupport_c__pyext.dir/rosidl_generator_py/village_interfaces/_village_interfaces_s.ep.rosidl_typesupport_c.c.o[0m
[0.719s] [ 91%] [32mBuilding C object CMakeFiles/village_interfaces__rosidl_typesupport_introspection_c__pyext.dir/rosidl_generator_py/village_interfaces/_village_interfaces_s.ep.rosidl_typesupport_introspection_c.c.o[0m
[0.719s] [ 93%] [32mBuilding C object CMakeFiles/village_interfaces__rosidl_typesupport_fastrtps_c__pyext.dir/rosidl_generator_py/village_interfaces/_village_interfaces_s.ep.rosidl_typesupport_fastrtps_c.c.o[0m
[0.776s] [ 95%] [32m[1mLinking C shared library rosidl_generator_py/village_interfaces/village_interfaces_s__rosidl_typesupport_c.cpython-310-x86_64-linux-gnu.so[0m
[0.779s] [ 97%] [32m[1mLinking C shared library rosidl_generator_py/village_interfaces/village_interfaces_s__rosidl_typesupport_fastrtps_c.cpython-310-x86_64-linux-gnu.so[0m
[0.783s] [100%] [32m[1mLinking C shared library rosidl_generator_py/village_interfaces/village_interfaces_s__rosidl_typesupport_introspection_c.cpython-310-x86_64-linux-gnu.so[0m
[0.801s] [100%] Built target village_interfaces__rosidl_typesupport_c__pyext
[0.810s] [100%] Built target village_interfaces__rosidl_typesupport_introspection_c__pyext
[0.813s] [100%] Built target village_interfaces__rosidl_typesupport_fastrtps_c__pyext
[0.819s] Invoked command in '/home/line/town_ws/build/village_interfaces' returned '0': CMAKE_PREFIX_PATH=/opt/ros/humble /usr/bin/cmake --build /home/line/town_ws/build/village_interfaces -- -j20 -l20
[0.824s] Invoking command in '/home/line/town_ws/build/village_interfaces': CMAKE_PREFIX_PATH=/opt/ros/humble /usr/bin/cmake --install /home/line/town_ws/build/village_interfaces
[0.829s] -- Install configuration: ""
[0.830s] -- Execute custom install script
[0.830s] -- Up-to-date symlink: /home/line/town_ws/install/village_interfaces/share/ament_index/resource_index/rosidl_interfaces/village_interfaces
[0.830s] -- Up-to-date symlink: /home/line/town_ws/install/village_interfaces/include/village_interfaces/village_interfaces/msg/detail/novel__functions.h
[0.830s] -- Up-to-date symlink: /home/line/town_ws/install/village_interfaces/include/village_interfaces/village_interfaces/msg/detail/novel__struct.h
[0.830s] -- Up-to-date symlink: /home/line/town_ws/install/village_interfaces/include/village_interfaces/village_interfaces/msg/detail/novel__type_support.h
[0.830s] -- Up-to-date symlink: /home/line/town_ws/install/village_interfaces/include/village_interfaces/village_interfaces/msg/novel.h
[0.830s] -- Up-to-date symlink: /home/line/town_ws/install/village_interfaces/include/village_interfaces/village_interfaces/msg/rosidl_generator_c__visibility_control.h
[0.830s] -- Up-to-date symlink: /home/line/town_ws/install/village_interfaces/include/village_interfaces/village_interfaces/srv/borrow_money.h
[0.830s] -- Up-to-date symlink: /home/line/town_ws/install/village_interfaces/include/village_interfaces/village_interfaces/srv/detail/borrow_money__functions.h
[0.830s] -- Up-to-date symlink: /home/line/town_ws/install/village_interfaces/include/village_interfaces/village_interfaces/srv/detail/borrow_money__struct.h
[0.830s] -- Up-to-date symlink: /home/line/town_ws/install/village_interfaces/include/village_interfaces/village_interfaces/srv/detail/borrow_money__type_support.h
[0.830s] -- Up-to-date symlink: /home/line/town_ws/install/village_interfaces/include/village_interfaces/village_interfaces/srv/detail/sell_novel__functions.h
[0.830s] -- Up-to-date symlink: /home/line/town_ws/install/village_interfaces/include/village_interfaces/village_interfaces/srv/detail/sell_novel__struct.h
[0.830s] -- Up-to-date symlink: /home/line/town_ws/install/village_interfaces/include/village_interfaces/village_interfaces/srv/detail/sell_novel__type_support.h
[0.830s] -- Up-to-date symlink: /home/line/town_ws/install/village_interfaces/include/village_interfaces/village_interfaces/srv/sell_novel.h
[0.830s] -- Up-to-date symlink: /home/line/town_ws/install/village_interfaces/share/village_interfaces/environment/library_path.sh
[0.830s] -- Up-to-date symlink: /home/line/town_ws/install/village_interfaces/share/village_interfaces/environment/library_path.dsv
[0.831s] -- Up-to-date symlink: /home/line/town_ws/install/village_interfaces/include/village_interfaces/village_interfaces/msg/detail/novel__rosidl_typesupport_fastrtps_c.h
[0.831s] -- Up-to-date symlink: /home/line/town_ws/install/village_interfaces/include/village_interfaces/village_interfaces/msg/rosidl_typesupport_fastrtps_c__visibility_control.h
[0.831s] -- Up-to-date symlink: /home/line/town_ws/install/village_interfaces/include/village_interfaces/village_interfaces/srv/detail/borrow_money__rosidl_typesupport_fastrtps_c.h
[0.831s] -- Up-to-date symlink: /home/line/town_ws/install/village_interfaces/include/village_interfaces/village_interfaces/srv/detail/sell_novel__rosidl_typesupport_fastrtps_c.h
[0.831s] -- Up-to-date symlink: /home/line/town_ws/install/village_interfaces/include/village_interfaces/village_interfaces/msg/detail/novel__builder.hpp
[0.831s] -- Up-to-date symlink: /home/line/town_ws/install/village_interfaces/include/village_interfaces/village_interfaces/msg/detail/novel__struct.hpp
[0.831s] -- Up-to-date symlink: /home/line/town_ws/install/village_interfaces/include/village_interfaces/village_interfaces/msg/detail/novel__traits.hpp
[0.831s] -- Up-to-date symlink: /home/line/town_ws/install/village_interfaces/include/village_interfaces/village_interfaces/msg/detail/novel__type_support.hpp
[0.831s] -- Up-to-date symlink: /home/line/town_ws/install/village_interfaces/include/village_interfaces/village_interfaces/msg/novel.hpp
[0.831s] -- Up-to-date symlink: /home/line/town_ws/install/village_interfaces/include/village_interfaces/village_interfaces/msg/rosidl_generator_cpp__visibility_control.hpp
[0.831s] -- Up-to-date symlink: /home/line/town_ws/install/village_interfaces/include/village_interfaces/village_interfaces/srv/borrow_money.hpp
[0.831s] -- Up-to-date symlink: /home/line/town_ws/install/village_interfaces/include/village_interfaces/village_interfaces/srv/detail/borrow_money__builder.hpp
[0.831s] -- Up-to-date symlink: /home/line/town_ws/install/village_interfaces/include/village_interfaces/village_interfaces/srv/detail/borrow_money__struct.hpp
[0.831s] -- Up-to-date symlink: /home/line/town_ws/install/village_interfaces/include/village_interfaces/village_interfaces/srv/detail/borrow_money__traits.hpp
[0.832s] -- Up-to-date symlink: /home/line/town_ws/install/village_interfaces/include/village_interfaces/village_interfaces/srv/detail/borrow_money__type_support.hpp
[0.832s] -- Up-to-date symlink: /home/line/town_ws/install/village_interfaces/include/village_interfaces/village_interfaces/srv/detail/sell_novel__builder.hpp
[0.832s] -- Up-to-date symlink: /home/line/town_ws/install/village_interfaces/include/village_interfaces/village_interfaces/srv/detail/sell_novel__struct.hpp
[0.832s] -- Up-to-date symlink: /home/line/town_ws/install/village_interfaces/include/village_interfaces/village_interfaces/srv/detail/sell_novel__traits.hpp
[0.832s] -- Up-to-date symlink: /home/line/town_ws/install/village_interfaces/include/village_interfaces/village_interfaces/srv/detail/sell_novel__type_support.hpp
[0.832s] -- Up-to-date symlink: /home/line/town_ws/install/village_interfaces/include/village_interfaces/village_interfaces/srv/sell_novel.hpp
[0.832s] -- Up-to-date symlink: /home/line/town_ws/install/village_interfaces/include/village_interfaces/village_interfaces/msg/detail/novel__rosidl_typesupport_fastrtps_cpp.hpp
[0.832s] -- Up-to-date symlink: /home/line/town_ws/install/village_interfaces/include/village_interfaces/village_interfaces/msg/rosidl_typesupport_fastrtps_cpp__visibility_control.h
[0.832s] -- Up-to-date symlink: /home/line/town_ws/install/village_interfaces/include/village_interfaces/village_interfaces/srv/detail/borrow_money__rosidl_typesupport_fastrtps_cpp.hpp
[0.832s] -- Up-to-date symlink: /home/line/town_ws/install/village_interfaces/include/village_interfaces/village_interfaces/srv/detail/sell_novel__rosidl_typesupport_fastrtps_cpp.hpp
[0.832s] -- Up-to-date symlink: /home/line/town_ws/install/village_interfaces/include/village_interfaces/village_interfaces/msg/detail/novel__rosidl_typesupport_introspection_c.h
[0.832s] -- Up-to-date symlink: /home/line/town_ws/install/village_interfaces/include/village_interfaces/village_interfaces/msg/rosidl_typesupport_introspection_c__visibility_control.h
[0.832s] -- Up-to-date symlink: /home/line/town_ws/install/village_interfaces/include/village_interfaces/village_interfaces/srv/detail/borrow_money__rosidl_typesupport_introspection_c.h
[0.832s] -- Up-to-date symlink: /home/line/town_ws/install/village_interfaces/include/village_interfaces/village_interfaces/srv/detail/sell_novel__rosidl_typesupport_introspection_c.h
[0.833s] -- Up-to-date symlink: /home/line/town_ws/install/village_interfaces/include/village_interfaces/village_interfaces/msg/detail/novel__rosidl_typesupport_introspection_cpp.hpp
[0.833s] -- Up-to-date symlink: /home/line/town_ws/install/village_interfaces/include/village_interfaces/village_interfaces/srv/detail/borrow_money__rosidl_typesupport_introspection_cpp.hpp
[0.833s] -- Up-to-date symlink: /home/line/town_ws/install/village_interfaces/include/village_interfaces/village_interfaces/srv/detail/sell_novel__rosidl_typesupport_introspection_cpp.hpp
[0.833s] -- Up-to-date symlink: /home/line/town_ws/install/village_interfaces/share/village_interfaces/environment/pythonpath.sh
[0.833s] -- Up-to-date symlink: /home/line/town_ws/install/village_interfaces/share/village_interfaces/environment/pythonpath.dsv
[0.833s] -- Up-to-date symlink: /home/line/town_ws/install/village_interfaces/local/lib/python3.10/dist-packages/village_interfaces-0.0.0-py3.10.egg-info/PKG-INFO
[0.833s] -- Up-to-date symlink: /home/line/town_ws/install/village_interfaces/local/lib/python3.10/dist-packages/village_interfaces-0.0.0-py3.10.egg-info/SOURCES.txt
[0.833s] -- Up-to-date symlink: /home/line/town_ws/install/village_interfaces/local/lib/python3.10/dist-packages/village_interfaces-0.0.0-py3.10.egg-info/dependency_links.txt
[0.833s] -- Up-to-date symlink: /home/line/town_ws/install/village_interfaces/local/lib/python3.10/dist-packages/village_interfaces-0.0.0-py3.10.egg-info/top_level.txt
[0.833s] -- Up-to-date symlink: /home/line/town_ws/install/village_interfaces/local/lib/python3.10/dist-packages/village_interfaces/__init__.py
[0.833s] -- Up-to-date symlink: /home/line/town_ws/install/village_interfaces/local/lib/python3.10/dist-packages/village_interfaces/_village_interfaces_s.ep.rosidl_typesupport_c.c
[0.833s] -- Up-to-date symlink: /home/line/town_ws/install/village_interfaces/local/lib/python3.10/dist-packages/village_interfaces/_village_interfaces_s.ep.rosidl_typesupport_fastrtps_c.c
[0.833s] -- Up-to-date symlink: /home/line/town_ws/install/village_interfaces/local/lib/python3.10/dist-packages/village_interfaces/_village_interfaces_s.ep.rosidl_typesupport_introspection_c.c
[0.833s] -- Up-to-date symlink: /home/line/town_ws/install/village_interfaces/local/lib/python3.10/dist-packages/village_interfaces/libvillage_interfaces__rosidl_generator_py.so
[0.833s] -- Up-to-date symlink: /home/line/town_ws/install/village_interfaces/local/lib/python3.10/dist-packages/village_interfaces/msg/__init__.py
[0.834s] -- Up-to-date symlink: /home/line/town_ws/install/village_interfaces/local/lib/python3.10/dist-packages/village_interfaces/msg/_novel.py
[0.834s] -- Up-to-date symlink: /home/line/town_ws/install/village_interfaces/local/lib/python3.10/dist-packages/village_interfaces/msg/_novel_s.c
[0.834s] -- Up-to-date symlink: /home/line/town_ws/install/village_interfaces/local/lib/python3.10/dist-packages/village_interfaces/srv/__init__.py
[0.834s] -- Up-to-date symlink: /home/line/town_ws/install/village_interfaces/local/lib/python3.10/dist-packages/village_interfaces/srv/_borrow_money.py
[0.834s] -- Up-to-date symlink: /home/line/town_ws/install/village_interfaces/local/lib/python3.10/dist-packages/village_interfaces/srv/_borrow_money_s.c
[0.834s] -- Up-to-date symlink: /home/line/town_ws/install/village_interfaces/local/lib/python3.10/dist-packages/village_interfaces/srv/_sell_novel.py
[0.834s] -- Up-to-date symlink: /home/line/town_ws/install/village_interfaces/local/lib/python3.10/dist-packages/village_interfaces/srv/_sell_novel_s.c
[0.834s] -- Up-to-date symlink: /home/line/town_ws/install/village_interfaces/local/lib/python3.10/dist-packages/village_interfaces/village_interfaces_s__rosidl_typesupport_c.cpython-310-x86_64-linux-gnu.so
[0.834s] -- Up-to-date symlink: /home/line/town_ws/install/village_interfaces/local/lib/python3.10/dist-packages/village_interfaces/village_interfaces_s__rosidl_typesupport_fastrtps_c.cpython-310-x86_64-linux-gnu.so
[0.834s] -- Up-to-date symlink: /home/line/town_ws/install/village_interfaces/local/lib/python3.10/dist-packages/village_interfaces/village_interfaces_s__rosidl_typesupport_introspection_c.cpython-310-x86_64-linux-gnu.so
[0.834s] -- Up-to-date symlink: /home/line/town_ws/install/village_interfaces/local/lib/python3.10/dist-packages/village_interfaces/village_interfaces_s__rosidl_typesupport_fastrtps_c.cpython-310-x86_64-linux-gnu.so
[0.834s] -- Up-to-date symlink: /home/line/town_ws/install/village_interfaces/local/lib/python3.10/dist-packages/village_interfaces/village_interfaces_s__rosidl_typesupport_introspection_c.cpython-310-x86_64-linux-gnu.so
[0.834s] -- Up-to-date symlink: /home/line/town_ws/install/village_interfaces/local/lib/python3.10/dist-packages/village_interfaces/village_interfaces_s__rosidl_typesupport_c.cpython-310-x86_64-linux-gnu.so
[0.834s] -- Up-to-date symlink: /home/line/town_ws/install/village_interfaces/share/ament_index/resource_index/rust_packages/village_interfaces
[0.835s] -- Up-to-date symlink: /home/line/town_ws/install/village_interfaces/share/village_interfaces/rust/Cargo.toml
[0.835s] -- Up-to-date symlink: /home/line/town_ws/install/village_interfaces/share/village_interfaces/rust/build.rs
[0.835s] -- Up-to-date symlink: /home/line/town_ws/install/village_interfaces/share/village_interfaces/rust/src/lib.rs
[0.835s] -- Up-to-date symlink: /home/line/town_ws/install/village_interfaces/share/village_interfaces/rust/src/msg.rs
[0.835s] -- Up-to-date symlink: /home/line/town_ws/install/village_interfaces/share/village_interfaces/rust/src/msg/rmw.rs
[0.835s] -- Up-to-date symlink: /home/line/town_ws/install/village_interfaces/share/village_interfaces/rust/src/srv.rs
[0.835s] -- Up-to-date symlink: /home/line/town_ws/install/village_interfaces/share/village_interfaces/rust/src/srv/rmw.rs
[0.835s] -- Up-to-date symlink: /home/line/town_ws/install/village_interfaces/share/village_interfaces/msg/Novel.idl
[0.835s] -- Up-to-date symlink: /home/line/town_ws/install/village_interfaces/share/village_interfaces/srv/BorrowMoney.idl
[0.835s] -- Up-to-date symlink: /home/line/town_ws/install/village_interfaces/share/village_interfaces/srv/SellNovel.idl
[0.835s] -- Up-to-date symlink: /home/line/town_ws/install/village_interfaces/share/village_interfaces/msg/Novel.msg
[0.835s] -- Up-to-date symlink: /home/line/town_ws/install/village_interfaces/share/village_interfaces/srv/BorrowMoney.srv
[0.835s] -- Up-to-date symlink: /home/line/town_ws/install/village_interfaces/share/village_interfaces/srv/BorrowMoney_Request.msg
[0.835s] -- Up-to-date symlink: /home/line/town_ws/install/village_interfaces/share/village_interfaces/srv/BorrowMoney_Response.msg
[0.835s] -- Up-to-date symlink: /home/line/town_ws/install/village_interfaces/share/village_interfaces/srv/SellNovel.srv
[0.835s] -- Up-to-date symlink: /home/line/town_ws/install/village_interfaces/share/village_interfaces/srv/SellNovel_Request.msg
[0.835s] -- Up-to-date symlink: /home/line/town_ws/install/village_interfaces/share/village_interfaces/srv/SellNovel_Response.msg
[0.835s] -- Up-to-date symlink: /home/line/town_ws/install/village_interfaces/share/ament_index/resource_index/package_run_dependencies/village_interfaces
[0.835s] -- Up-to-date symlink: /home/line/town_ws/install/village_interfaces/share/ament_index/resource_index/parent_prefix_path/village_interfaces
[0.836s] -- Up-to-date symlink: /home/line/town_ws/install/village_interfaces/share/village_interfaces/environment/ament_prefix_path.sh
[0.836s] -- Up-to-date symlink: /home/line/town_ws/install/village_interfaces/share/village_interfaces/environment/ament_prefix_path.dsv
[0.836s] -- Up-to-date symlink: /home/line/town_ws/install/village_interfaces/share/village_interfaces/environment/path.sh
[0.836s] -- Up-to-date symlink: /home/line/town_ws/install/village_interfaces/share/village_interfaces/environment/path.dsv
[0.836s] -- Up-to-date symlink: /home/line/town_ws/install/village_interfaces/share/village_interfaces/local_setup.bash
[0.836s] -- Up-to-date symlink: /home/line/town_ws/install/village_interfaces/share/village_interfaces/local_setup.sh
[0.836s] -- Up-to-date symlink: /home/line/town_ws/install/village_interfaces/share/village_interfaces/local_setup.zsh
[0.836s] -- Up-to-date symlink: /home/line/town_ws/install/village_interfaces/share/village_interfaces/local_setup.dsv
[0.836s] -- Symlinking: /home/line/town_ws/install/village_interfaces/share/village_interfaces/package.dsv
[0.841s] -- Up-to-date symlink: /home/line/town_ws/install/village_interfaces/share/ament_index/resource_index/packages/village_interfaces
[0.841s] -- Up-to-date symlink: /home/line/town_ws/install/village_interfaces/share/village_interfaces/cmake/rosidl_cmake-extras.cmake
[0.841s] -- Up-to-date symlink: /home/line/town_ws/install/village_interfaces/share/village_interfaces/cmake/ament_cmake_export_dependencies-extras.cmake
[0.841s] -- Up-to-date symlink: /home/line/town_ws/install/village_interfaces/share/village_interfaces/cmake/ament_cmake_export_include_directories-extras.cmake
[0.841s] -- Up-to-date symlink: /home/line/town_ws/install/village_interfaces/share/village_interfaces/cmake/ament_cmake_export_libraries-extras.cmake
[0.841s] -- Up-to-date symlink: /home/line/town_ws/install/village_interfaces/share/village_interfaces/cmake/ament_cmake_export_targets-extras.cmake
[0.841s] -- Up-to-date symlink: /home/line/town_ws/install/village_interfaces/share/village_interfaces/cmake/rosidl_cmake_export_typesupport_targets-extras.cmake
[0.841s] -- Up-to-date symlink: /home/line/town_ws/install/village_interfaces/share/village_interfaces/cmake/rosidl_cmake_export_typesupport_libraries-extras.cmake
[0.841s] -- Up-to-date symlink: /home/line/town_ws/install/village_interfaces/share/village_interfaces/cmake/village_interfacesConfig.cmake
[0.841s] -- Up-to-date symlink: /home/line/town_ws/install/village_interfaces/share/village_interfaces/cmake/village_interfacesConfig-version.cmake
[0.841s] -- Up-to-date symlink: /home/line/town_ws/install/village_interfaces/share/village_interfaces/package.xml
[0.841s] -- Installing: /home/line/town_ws/install/village_interfaces/lib/libvillage_interfaces__rosidl_generator_c.so
[0.841s] -- Set runtime path of "/home/line/town_ws/install/village_interfaces/lib/libvillage_interfaces__rosidl_generator_c.so" to ""
[0.841s] -- Installing: /home/line/town_ws/install/village_interfaces/lib/libvillage_interfaces__rosidl_typesupport_fastrtps_c.so
[0.842s] -- Set runtime path of "/home/line/town_ws/install/village_interfaces/lib/libvillage_interfaces__rosidl_typesupport_fastrtps_c.so" to ""
[0.842s] -- Installing: /home/line/town_ws/install/village_interfaces/lib/libvillage_interfaces__rosidl_typesupport_fastrtps_cpp.so
[0.842s] -- Set runtime path of "/home/line/town_ws/install/village_interfaces/lib/libvillage_interfaces__rosidl_typesupport_fastrtps_cpp.so" to ""
[0.842s] -- Installing: /home/line/town_ws/install/village_interfaces/lib/libvillage_interfaces__rosidl_typesupport_introspection_c.so
[0.842s] -- Set runtime path of "/home/line/town_ws/install/village_interfaces/lib/libvillage_interfaces__rosidl_typesupport_introspection_c.so" to ""
[0.842s] -- Installing: /home/line/town_ws/install/village_interfaces/lib/libvillage_interfaces__rosidl_typesupport_c.so
[0.842s] -- Set runtime path of "/home/line/town_ws/install/village_interfaces/lib/libvillage_interfaces__rosidl_typesupport_c.so" to ""
[0.842s] -- Installing: /home/line/town_ws/install/village_interfaces/lib/libvillage_interfaces__rosidl_typesupport_introspection_cpp.so
[0.843s] -- Set runtime path of "/home/line/town_ws/install/village_interfaces/lib/libvillage_interfaces__rosidl_typesupport_introspection_cpp.so" to ""
[0.843s] -- Installing: /home/line/town_ws/install/village_interfaces/lib/libvillage_interfaces__rosidl_typesupport_cpp.so
[0.843s] -- Set runtime path of "/home/line/town_ws/install/village_interfaces/lib/libvillage_interfaces__rosidl_typesupport_cpp.so" to ""
[0.861s] Listing '/home/line/town_ws/install/village_interfaces/local/lib/python3.10/dist-packages/village_interfaces'...
[0.862s] Listing '/home/line/town_ws/install/village_interfaces/local/lib/python3.10/dist-packages/village_interfaces/msg'...
[0.862s] Listing '/home/line/town_ws/install/village_interfaces/local/lib/python3.10/dist-packages/village_interfaces/srv'...
[0.864s] -- Installing: /home/line/town_ws/install/village_interfaces/lib/libvillage_interfaces__rosidl_generator_py.so
[0.864s] -- Set runtime path of "/home/line/town_ws/install/village_interfaces/lib/libvillage_interfaces__rosidl_generator_py.so" to ""
[0.864s] -- Up-to-date: /home/line/town_ws/install/village_interfaces/share/village_interfaces/cmake/export_village_interfaces__rosidl_generator_cExport.cmake
[0.864s] -- Up-to-date: /home/line/town_ws/install/village_interfaces/share/village_interfaces/cmake/export_village_interfaces__rosidl_generator_cExport-noconfig.cmake
[0.864s] -- Up-to-date: /home/line/town_ws/install/village_interfaces/share/village_interfaces/cmake/export_village_interfaces__rosidl_typesupport_fastrtps_cExport.cmake
[0.864s] -- Up-to-date: /home/line/town_ws/install/village_interfaces/share/village_interfaces/cmake/export_village_interfaces__rosidl_typesupport_fastrtps_cExport-noconfig.cmake
[0.864s] -- Up-to-date: /home/line/town_ws/install/village_interfaces/share/village_interfaces/cmake/export_village_interfaces__rosidl_generator_cppExport.cmake
[0.864s] -- Up-to-date: /home/line/town_ws/install/village_interfaces/share/village_interfaces/cmake/export_village_interfaces__rosidl_typesupport_fastrtps_cppExport.cmake
[0.864s] -- Up-to-date: /home/line/town_ws/install/village_interfaces/share/village_interfaces/cmake/export_village_interfaces__rosidl_typesupport_fastrtps_cppExport-noconfig.cmake
[0.864s] -- Up-to-date: /home/line/town_ws/install/village_interfaces/share/village_interfaces/cmake/village_interfaces__rosidl_typesupport_introspection_cExport.cmake
[0.864s] -- Up-to-date: /home/line/town_ws/install/village_interfaces/share/village_interfaces/cmake/village_interfaces__rosidl_typesupport_introspection_cExport-noconfig.cmake
[0.864s] -- Up-to-date: /home/line/town_ws/install/village_interfaces/share/village_interfaces/cmake/village_interfaces__rosidl_typesupport_cExport.cmake
[0.864s] -- Up-to-date: /home/line/town_ws/install/village_interfaces/share/village_interfaces/cmake/village_interfaces__rosidl_typesupport_cExport-noconfig.cmake
[0.864s] -- Up-to-date: /home/line/town_ws/install/village_interfaces/share/village_interfaces/cmake/village_interfaces__rosidl_typesupport_introspection_cppExport.cmake
[0.864s] -- Up-to-date: /home/line/town_ws/install/village_interfaces/share/village_interfaces/cmake/village_interfaces__rosidl_typesupport_introspection_cppExport-noconfig.cmake
[0.864s] -- Up-to-date: /home/line/town_ws/install/village_interfaces/share/village_interfaces/cmake/village_interfaces__rosidl_typesupport_cppExport.cmake
[0.864s] -- Up-to-date: /home/line/town_ws/install/village_interfaces/share/village_interfaces/cmake/village_interfaces__rosidl_typesupport_cppExport-noconfig.cmake
[0.864s] -- Up-to-date: /home/line/town_ws/install/village_interfaces/share/village_interfaces/cmake/export_village_interfaces__rosidl_generator_pyExport.cmake
[0.865s] -- Up-to-date: /home/line/town_ws/install/village_interfaces/share/village_interfaces/cmake/export_village_interfaces__rosidl_generator_pyExport-noconfig.cmake
[0.866s] Invoked command in '/home/line/town_ws/build/village_interfaces' returned '0': CMAKE_PREFIX_PATH=/opt/ros/humble /usr/bin/cmake --install /home/line/town_ws/build/village_interfaces
