-- Found ament_cmake: 1.3.14 (/opt/ros/humble/share/ament_cmake/cmake)
-- Found sensor_msgs: 4.9.1 (/opt/ros/humble/share/sensor_msgs/cmake)
-- Found rosidl_generator_c: 3.1.8 (/opt/ros/humble/share/rosidl_generator_c/cmake)
-- Found rosidl_adapter: 3.1.8 (/opt/ros/humble/share/rosidl_adapter/cmake)
-- Found rosidl_generator_cpp: 3.1.8 (/opt/ros/humble/share/rosidl_generator_cpp/cmake)
-- Using all available rosidl_typesupport_c: rosidl_typesupport_fastrtps_c;rosidl_typesupport_introspection_c
-- Using all available rosidl_typesupport_cpp: rosidl_typesupport_fastrtps_cpp;rosidl_typesupport_introspection_cpp
-- Found rosidl_default_generators: 1.2.1 (/opt/ros/humble/share/rosidl_default_generators/cmake)
-- Found ament_lint_auto: 0.12.15 (/opt/ros/humble/share/ament_lint_auto/cmake)
-- Found ament_cmake_ros: 0.10.0 (/opt/ros/humble/share/ament_cmake_ros/cmake)
-- Using all available rosidl_typesupport_c: rosidl_typesupport_fastrtps_c;rosidl_typesupport_introspection_c
-- Using all available rosidl_typesupport_cpp: rosidl_typesupport_fastrtps_cpp;rosidl_typesupport_introspection_cpp
-- Found PythonInterp: /usr/bin/python3 (found suitable version "3.10.12", minimum required is "3.6") 
-- Found python_cmake_module: 0.10.0 (/opt/ros/humble/share/python_cmake_module/cmake)
-- Found PythonLibs: /usr/lib/x86_64-linux-gnu/libpython3.10.so (found suitable version "3.10.12", minimum required is "3.5") 
-- Using PYTHON_EXECUTABLE: /usr/bin/python3
-- Using PYTHON_INCLUDE_DIRS: /usr/include/python3.10
-- Using PYTHON_LIBRARIES: /usr/lib/x86_64-linux-gnu/libpython3.10.so
-- Found PythonExtra: .so  
-- Added test 'cppcheck' to perform static code analysis on C / C++ code
-- Configured cppcheck include dirs: $<BUILD_INTERFACE:/home/line/town_ws/src/village_interfaces/build/village_interfaces/rosidl_generator_c>;$<BUILD_INTERFACE:/home/line/town_ws/src/village_interfaces/build/village_interfaces/rosidl_typesupport_fastrtps_c>;$<BUILD_INTERFACE:/home/line/town_ws/src/village_interfaces/build/village_interfaces/rosidl_generator_cpp>;$<BUILD_INTERFACE:/home/line/town_ws/src/village_interfaces/build/village_interfaces/rosidl_typesupport_fastrtps_cpp>;$<BUILD_INTERFACE:/home/line/town_ws/src/village_interfaces/build/village_interfaces/rosidl_typesupport_introspection_c>;$<BUILD_INTERFACE:/home/line/town_ws/src/village_interfaces/build/village_interfaces/rosidl_typesupport_introspection_cpp>;/home/line/town_ws/src/village_interfaces/build/village_interfaces/rosidl_generator_c;/home/line/town_ws/src/village_interfaces/build/village_interfaces/rosidl_generator_py
-- Configured cppcheck exclude dirs and/or files: 
-- Added test 'flake8' to check Python code syntax and style conventions
-- Added test 'lint_cmake' to check CMake code style
-- Added test 'pep257' to check Python code against some of the docstring style conventions in PEP 257
-- Added test 'uncrustify' to check C / C++ code style
-- Configured uncrustify additional arguments: 
-- Added test 'xmllint' to check XML markup files
-- Configuring done
-- Generating done
-- Build files have been written to: /home/line/town_ws/src/village_interfaces/build/village_interfaces
[  2%] [34m[1mGenerating C code for ROS interfaces[0m
[  2%] Built target ament_cmake_python_copy_village_interfaces
[  7%] [34m[1mGenerating C++ code for ROS interfaces[0m
[  7%] [34m[1mGenerating Rust code for ROS interfaces[0m
running egg_info
creating village_interfaces.egg-info
writing village_interfaces.egg-info/PKG-INFO
writing dependency_links to village_interfaces.egg-info/dependency_links.txt
writing top-level names to village_interfaces.egg-info/top_level.txt
writing manifest file 'village_interfaces.egg-info/SOURCES.txt'
reading manifest file 'village_interfaces.egg-info/SOURCES.txt'
writing manifest file 'village_interfaces.egg-info/SOURCES.txt'
[  7%] Built target ament_cmake_python_build_village_interfaces_egg
[  7%] Built target village_interfaces__rs
[ 10%] [32mBuilding C object CMakeFiles/village_interfaces__rosidl_generator_c.dir/rosidl_generator_c/village_interfaces/srv/detail/borrow_money__functions.c.o[0m
[ 12%] [32mBuilding C object CMakeFiles/village_interfaces__rosidl_generator_c.dir/rosidl_generator_c/village_interfaces/msg/detail/novel__functions.c.o[0m
[ 12%] Built target village_interfaces__cpp
[ 15%] [34m[1mGenerating C++ introspection for ROS interfaces[0m
[ 20%] [34m[1mGenerating C++ type support for eProsima Fast-RTPS[0m
[ 20%] [34m[1mGenerating C++ type support dispatch for ROS interfaces[0m
[ 22%] [32m[1mLinking C shared library libvillage_interfaces__rosidl_generator_c.so[0m
[ 22%] Built target village_interfaces__rosidl_generator_c
[ 30%] [34m[1mGenerating C introspection for ROS interfaces[0m
[ 30%] [34m[1mGenerating C type support dispatch for ROS interfaces[0m
[ 30%] [34m[1mGenerating C type support for eProsima Fast-RTPS[0m
[ 35%] [32mBuilding CXX object CMakeFiles/village_interfaces__rosidl_typesupport_cpp.dir/rosidl_typesupport_cpp/village_interfaces/msg/novel__type_support.cpp.o[0m
[ 35%] [32mBuilding CXX object CMakeFiles/village_interfaces__rosidl_typesupport_cpp.dir/rosidl_typesupport_cpp/village_interfaces/srv/borrow_money__type_support.cpp.o[0m
[ 37%] [32mBuilding CXX object CMakeFiles/village_interfaces__rosidl_typesupport_introspection_cpp.dir/rosidl_typesupport_introspection_cpp/village_interfaces/srv/detail/borrow_money__type_support.cpp.o[0m
[ 40%] [32mBuilding CXX object CMakeFiles/village_interfaces__rosidl_typesupport_introspection_cpp.dir/rosidl_typesupport_introspection_cpp/village_interfaces/msg/detail/novel__type_support.cpp.o[0m
[ 42%] [32mBuilding CXX object CMakeFiles/village_interfaces__rosidl_typesupport_fastrtps_cpp.dir/rosidl_typesupport_fastrtps_cpp/village_interfaces/msg/detail/dds_fastrtps/novel__type_support.cpp.o[0m
[ 45%] [32mBuilding CXX object CMakeFiles/village_interfaces__rosidl_typesupport_fastrtps_cpp.dir/rosidl_typesupport_fastrtps_cpp/village_interfaces/srv/detail/dds_fastrtps/borrow_money__type_support.cpp.o[0m
[ 50%] [32mBuilding CXX object CMakeFiles/village_interfaces__rosidl_typesupport_c.dir/rosidl_typesupport_c/village_interfaces/msg/novel__type_support.cpp.o[0m
[ 50%] [32mBuilding CXX object CMakeFiles/village_interfaces__rosidl_typesupport_c.dir/rosidl_typesupport_c/village_interfaces/srv/borrow_money__type_support.cpp.o[0m
[ 52%] [32mBuilding C object CMakeFiles/village_interfaces__rosidl_typesupport_introspection_c.dir/rosidl_typesupport_introspection_c/village_interfaces/srv/detail/borrow_money__type_support.c.o[0m
[ 55%] [32mBuilding C object CMakeFiles/village_interfaces__rosidl_typesupport_introspection_c.dir/rosidl_typesupport_introspection_c/village_interfaces/msg/detail/novel__type_support.c.o[0m
[ 57%] [32m[1mLinking CXX shared library libvillage_interfaces__rosidl_typesupport_c.so[0m
[ 60%] [32mBuilding CXX object CMakeFiles/village_interfaces__rosidl_typesupport_fastrtps_c.dir/rosidl_typesupport_fastrtps_c/village_interfaces/msg/detail/novel__type_support_c.cpp.o[0m
[ 62%] [32mBuilding CXX object CMakeFiles/village_interfaces__rosidl_typesupport_fastrtps_c.dir/rosidl_typesupport_fastrtps_c/village_interfaces/srv/detail/borrow_money__type_support_c.cpp.o[0m
[ 65%] [32m[1mLinking C shared library libvillage_interfaces__rosidl_typesupport_introspection_c.so[0m
[ 65%] Built target village_interfaces__rosidl_typesupport_c
[ 65%] Built target village_interfaces__rosidl_typesupport_introspection_c
[ 67%] [32m[1mLinking CXX shared library libvillage_interfaces__rosidl_typesupport_cpp.so[0m
[ 67%] Built target village_interfaces__rosidl_typesupport_cpp
[ 70%] [32m[1mLinking CXX shared library libvillage_interfaces__rosidl_typesupport_introspection_cpp.so[0m
[ 72%] [32m[1mLinking CXX shared library libvillage_interfaces__rosidl_typesupport_fastrtps_c.so[0m
[ 72%] Built target village_interfaces__rosidl_typesupport_introspection_cpp
[ 75%] [32m[1mLinking CXX shared library libvillage_interfaces__rosidl_typesupport_fastrtps_cpp.so[0m
[ 75%] Built target village_interfaces__rosidl_typesupport_fastrtps_c
[ 75%] Built target village_interfaces__rosidl_typesupport_fastrtps_cpp
[ 75%] Built target village_interfaces
[ 77%] [34m[1mGenerating Python code for ROS interfaces[0m
[ 77%] Built target village_interfaces__py
[ 80%] [32mBuilding C object CMakeFiles/village_interfaces__rosidl_generator_py.dir/rosidl_generator_py/village_interfaces/srv/_borrow_money_s.c.o[0m
[ 82%] [32mBuilding C object CMakeFiles/village_interfaces__rosidl_generator_py.dir/rosidl_generator_py/village_interfaces/msg/_novel_s.c.o[0m
[ 85%] [32m[1mLinking C shared library rosidl_generator_py/village_interfaces/libvillage_interfaces__rosidl_generator_py.so[0m
[ 85%] Built target village_interfaces__rosidl_generator_py
[ 87%] [32mBuilding C object CMakeFiles/village_interfaces__rosidl_typesupport_fastrtps_c__pyext.dir/rosidl_generator_py/village_interfaces/_village_interfaces_s.ep.rosidl_typesupport_fastrtps_c.c.o[0m
[ 92%] [32mBuilding C object CMakeFiles/village_interfaces__rosidl_typesupport_introspection_c__pyext.dir/rosidl_generator_py/village_interfaces/_village_interfaces_s.ep.rosidl_typesupport_introspection_c.c.o[0m
[ 92%] [32mBuilding C object CMakeFiles/village_interfaces__rosidl_typesupport_c__pyext.dir/rosidl_generator_py/village_interfaces/_village_interfaces_s.ep.rosidl_typesupport_c.c.o[0m
[ 95%] [32m[1mLinking C shared library rosidl_generator_py/village_interfaces/village_interfaces_s__rosidl_typesupport_introspection_c.cpython-310-x86_64-linux-gnu.so[0m
[ 97%] [32m[1mLinking C shared library rosidl_generator_py/village_interfaces/village_interfaces_s__rosidl_typesupport_fastrtps_c.cpython-310-x86_64-linux-gnu.so[0m
[100%] [32m[1mLinking C shared library rosidl_generator_py/village_interfaces/village_interfaces_s__rosidl_typesupport_c.cpython-310-x86_64-linux-gnu.so[0m
[100%] Built target village_interfaces__rosidl_typesupport_fastrtps_c__pyext
[100%] Built target village_interfaces__rosidl_typesupport_introspection_c__pyext
[100%] Built target village_interfaces__rosidl_typesupport_c__pyext
-- Install configuration: ""
-- Installing: /home/line/town_ws/src/village_interfaces/install/village_interfaces/share/ament_index/resource_index/rosidl_interfaces/village_interfaces
-- Installing: /home/line/town_ws/src/village_interfaces/install/village_interfaces/include/village_interfaces/village_interfaces
-- Installing: /home/line/town_ws/src/village_interfaces/install/village_interfaces/include/village_interfaces/village_interfaces/msg
-- Installing: /home/line/town_ws/src/village_interfaces/install/village_interfaces/include/village_interfaces/village_interfaces/msg/rosidl_generator_c__visibility_control.h
-- Installing: /home/line/town_ws/src/village_interfaces/install/village_interfaces/include/village_interfaces/village_interfaces/msg/novel.h
-- Installing: /home/line/town_ws/src/village_interfaces/install/village_interfaces/include/village_interfaces/village_interfaces/msg/detail
-- Installing: /home/line/town_ws/src/village_interfaces/install/village_interfaces/include/village_interfaces/village_interfaces/msg/detail/novel__functions.c
-- Installing: /home/line/town_ws/src/village_interfaces/install/village_interfaces/include/village_interfaces/village_interfaces/msg/detail/novel__struct.h
-- Installing: /home/line/town_ws/src/village_interfaces/install/village_interfaces/include/village_interfaces/village_interfaces/msg/detail/novel__type_support.h
-- Installing: /home/line/town_ws/src/village_interfaces/install/village_interfaces/include/village_interfaces/village_interfaces/msg/detail/novel__functions.h
-- Installing: /home/line/town_ws/src/village_interfaces/install/village_interfaces/include/village_interfaces/village_interfaces/srv
-- Installing: /home/line/town_ws/src/village_interfaces/install/village_interfaces/include/village_interfaces/village_interfaces/srv/borrow_money.h
-- Installing: /home/line/town_ws/src/village_interfaces/install/village_interfaces/include/village_interfaces/village_interfaces/srv/detail
-- Installing: /home/line/town_ws/src/village_interfaces/install/village_interfaces/include/village_interfaces/village_interfaces/srv/detail/borrow_money__functions.c
-- Installing: /home/line/town_ws/src/village_interfaces/install/village_interfaces/include/village_interfaces/village_interfaces/srv/detail/borrow_money__type_support.h
-- Installing: /home/line/town_ws/src/village_interfaces/install/village_interfaces/include/village_interfaces/village_interfaces/srv/detail/borrow_money__functions.h
-- Installing: /home/line/town_ws/src/village_interfaces/install/village_interfaces/include/village_interfaces/village_interfaces/srv/detail/borrow_money__struct.h
-- Installing: /home/line/town_ws/src/village_interfaces/install/village_interfaces/share/village_interfaces/environment/library_path.sh
-- Installing: /home/line/town_ws/src/village_interfaces/install/village_interfaces/share/village_interfaces/environment/library_path.dsv
-- Installing: /home/line/town_ws/src/village_interfaces/install/village_interfaces/lib/libvillage_interfaces__rosidl_generator_c.so
-- Set runtime path of "/home/line/town_ws/src/village_interfaces/install/village_interfaces/lib/libvillage_interfaces__rosidl_generator_c.so" to ""
-- Up-to-date: /home/line/town_ws/src/village_interfaces/install/village_interfaces/include/village_interfaces/village_interfaces
-- Up-to-date: /home/line/town_ws/src/village_interfaces/install/village_interfaces/include/village_interfaces/village_interfaces/msg
-- Up-to-date: /home/line/town_ws/src/village_interfaces/install/village_interfaces/include/village_interfaces/village_interfaces/msg/detail
-- Installing: /home/line/town_ws/src/village_interfaces/install/village_interfaces/include/village_interfaces/village_interfaces/msg/detail/novel__rosidl_typesupport_fastrtps_c.h
-- Installing: /home/line/town_ws/src/village_interfaces/install/village_interfaces/include/village_interfaces/village_interfaces/msg/rosidl_typesupport_fastrtps_c__visibility_control.h
-- Up-to-date: /home/line/town_ws/src/village_interfaces/install/village_interfaces/include/village_interfaces/village_interfaces/srv
-- Up-to-date: /home/line/town_ws/src/village_interfaces/install/village_interfaces/include/village_interfaces/village_interfaces/srv/detail
-- Installing: /home/line/town_ws/src/village_interfaces/install/village_interfaces/include/village_interfaces/village_interfaces/srv/detail/borrow_money__rosidl_typesupport_fastrtps_c.h
-- Installing: /home/line/town_ws/src/village_interfaces/install/village_interfaces/lib/libvillage_interfaces__rosidl_typesupport_fastrtps_c.so
-- Set runtime path of "/home/line/town_ws/src/village_interfaces/install/village_interfaces/lib/libvillage_interfaces__rosidl_typesupport_fastrtps_c.so" to ""
-- Up-to-date: /home/line/town_ws/src/village_interfaces/install/village_interfaces/include/village_interfaces/village_interfaces
-- Up-to-date: /home/line/town_ws/src/village_interfaces/install/village_interfaces/include/village_interfaces/village_interfaces/msg
-- Installing: /home/line/town_ws/src/village_interfaces/install/village_interfaces/include/village_interfaces/village_interfaces/msg/rosidl_generator_cpp__visibility_control.hpp
-- Installing: /home/line/town_ws/src/village_interfaces/install/village_interfaces/include/village_interfaces/village_interfaces/msg/novel.hpp
-- Up-to-date: /home/line/town_ws/src/village_interfaces/install/village_interfaces/include/village_interfaces/village_interfaces/msg/detail
-- Installing: /home/line/town_ws/src/village_interfaces/install/village_interfaces/include/village_interfaces/village_interfaces/msg/detail/novel__builder.hpp
-- Installing: /home/line/town_ws/src/village_interfaces/install/village_interfaces/include/village_interfaces/village_interfaces/msg/detail/novel__struct.hpp
-- Installing: /home/line/town_ws/src/village_interfaces/install/village_interfaces/include/village_interfaces/village_interfaces/msg/detail/novel__traits.hpp
-- Installing: /home/line/town_ws/src/village_interfaces/install/village_interfaces/include/village_interfaces/village_interfaces/msg/detail/novel__type_support.hpp
-- Up-to-date: /home/line/town_ws/src/village_interfaces/install/village_interfaces/include/village_interfaces/village_interfaces/srv
-- Installing: /home/line/town_ws/src/village_interfaces/install/village_interfaces/include/village_interfaces/village_interfaces/srv/borrow_money.hpp
-- Up-to-date: /home/line/town_ws/src/village_interfaces/install/village_interfaces/include/village_interfaces/village_interfaces/srv/detail
-- Installing: /home/line/town_ws/src/village_interfaces/install/village_interfaces/include/village_interfaces/village_interfaces/srv/detail/borrow_money__builder.hpp
-- Installing: /home/line/town_ws/src/village_interfaces/install/village_interfaces/include/village_interfaces/village_interfaces/srv/detail/borrow_money__traits.hpp
-- Installing: /home/line/town_ws/src/village_interfaces/install/village_interfaces/include/village_interfaces/village_interfaces/srv/detail/borrow_money__type_support.hpp
-- Installing: /home/line/town_ws/src/village_interfaces/install/village_interfaces/include/village_interfaces/village_interfaces/srv/detail/borrow_money__struct.hpp
-- Up-to-date: /home/line/town_ws/src/village_interfaces/install/village_interfaces/include/village_interfaces/village_interfaces
-- Up-to-date: /home/line/town_ws/src/village_interfaces/install/village_interfaces/include/village_interfaces/village_interfaces/msg
-- Installing: /home/line/town_ws/src/village_interfaces/install/village_interfaces/include/village_interfaces/village_interfaces/msg/rosidl_typesupport_fastrtps_cpp__visibility_control.h
-- Up-to-date: /home/line/town_ws/src/village_interfaces/install/village_interfaces/include/village_interfaces/village_interfaces/msg/detail
-- Installing: /home/line/town_ws/src/village_interfaces/install/village_interfaces/include/village_interfaces/village_interfaces/msg/detail/novel__rosidl_typesupport_fastrtps_cpp.hpp
-- Installing: /home/line/town_ws/src/village_interfaces/install/village_interfaces/include/village_interfaces/village_interfaces/msg/detail/dds_fastrtps
-- Up-to-date: /home/line/town_ws/src/village_interfaces/install/village_interfaces/include/village_interfaces/village_interfaces/srv
-- Up-to-date: /home/line/town_ws/src/village_interfaces/install/village_interfaces/include/village_interfaces/village_interfaces/srv/detail
-- Installing: /home/line/town_ws/src/village_interfaces/install/village_interfaces/include/village_interfaces/village_interfaces/srv/detail/borrow_money__rosidl_typesupport_fastrtps_cpp.hpp
-- Installing: /home/line/town_ws/src/village_interfaces/install/village_interfaces/include/village_interfaces/village_interfaces/srv/detail/dds_fastrtps
-- Installing: /home/line/town_ws/src/village_interfaces/install/village_interfaces/lib/libvillage_interfaces__rosidl_typesupport_fastrtps_cpp.so
-- Set runtime path of "/home/line/town_ws/src/village_interfaces/install/village_interfaces/lib/libvillage_interfaces__rosidl_typesupport_fastrtps_cpp.so" to ""
-- Up-to-date: /home/line/town_ws/src/village_interfaces/install/village_interfaces/include/village_interfaces/village_interfaces
-- Up-to-date: /home/line/town_ws/src/village_interfaces/install/village_interfaces/include/village_interfaces/village_interfaces/msg
-- Installing: /home/line/town_ws/src/village_interfaces/install/village_interfaces/include/village_interfaces/village_interfaces/msg/rosidl_typesupport_introspection_c__visibility_control.h
-- Up-to-date: /home/line/town_ws/src/village_interfaces/install/village_interfaces/include/village_interfaces/village_interfaces/msg/detail
-- Installing: /home/line/town_ws/src/village_interfaces/install/village_interfaces/include/village_interfaces/village_interfaces/msg/detail/novel__type_support.c
-- Installing: /home/line/town_ws/src/village_interfaces/install/village_interfaces/include/village_interfaces/village_interfaces/msg/detail/novel__rosidl_typesupport_introspection_c.h
-- Up-to-date: /home/line/town_ws/src/village_interfaces/install/village_interfaces/include/village_interfaces/village_interfaces/srv
-- Up-to-date: /home/line/town_ws/src/village_interfaces/install/village_interfaces/include/village_interfaces/village_interfaces/srv/detail
-- Installing: /home/line/town_ws/src/village_interfaces/install/village_interfaces/include/village_interfaces/village_interfaces/srv/detail/borrow_money__type_support.c
-- Installing: /home/line/town_ws/src/village_interfaces/install/village_interfaces/include/village_interfaces/village_interfaces/srv/detail/borrow_money__rosidl_typesupport_introspection_c.h
-- Installing: /home/line/town_ws/src/village_interfaces/install/village_interfaces/lib/libvillage_interfaces__rosidl_typesupport_introspection_c.so
-- Set runtime path of "/home/line/town_ws/src/village_interfaces/install/village_interfaces/lib/libvillage_interfaces__rosidl_typesupport_introspection_c.so" to ""
-- Installing: /home/line/town_ws/src/village_interfaces/install/village_interfaces/lib/libvillage_interfaces__rosidl_typesupport_c.so
-- Set runtime path of "/home/line/town_ws/src/village_interfaces/install/village_interfaces/lib/libvillage_interfaces__rosidl_typesupport_c.so" to ""
-- Up-to-date: /home/line/town_ws/src/village_interfaces/install/village_interfaces/include/village_interfaces/village_interfaces
-- Up-to-date: /home/line/town_ws/src/village_interfaces/install/village_interfaces/include/village_interfaces/village_interfaces/msg
-- Up-to-date: /home/line/town_ws/src/village_interfaces/install/village_interfaces/include/village_interfaces/village_interfaces/msg/detail
-- Installing: /home/line/town_ws/src/village_interfaces/install/village_interfaces/include/village_interfaces/village_interfaces/msg/detail/novel__rosidl_typesupport_introspection_cpp.hpp
-- Installing: /home/line/town_ws/src/village_interfaces/install/village_interfaces/include/village_interfaces/village_interfaces/msg/detail/novel__type_support.cpp
-- Up-to-date: /home/line/town_ws/src/village_interfaces/install/village_interfaces/include/village_interfaces/village_interfaces/srv
-- Up-to-date: /home/line/town_ws/src/village_interfaces/install/village_interfaces/include/village_interfaces/village_interfaces/srv/detail
-- Installing: /home/line/town_ws/src/village_interfaces/install/village_interfaces/include/village_interfaces/village_interfaces/srv/detail/borrow_money__rosidl_typesupport_introspection_cpp.hpp
-- Installing: /home/line/town_ws/src/village_interfaces/install/village_interfaces/include/village_interfaces/village_interfaces/srv/detail/borrow_money__type_support.cpp
-- Installing: /home/line/town_ws/src/village_interfaces/install/village_interfaces/lib/libvillage_interfaces__rosidl_typesupport_introspection_cpp.so
-- Set runtime path of "/home/line/town_ws/src/village_interfaces/install/village_interfaces/lib/libvillage_interfaces__rosidl_typesupport_introspection_cpp.so" to ""
-- Installing: /home/line/town_ws/src/village_interfaces/install/village_interfaces/lib/libvillage_interfaces__rosidl_typesupport_cpp.so
-- Set runtime path of "/home/line/town_ws/src/village_interfaces/install/village_interfaces/lib/libvillage_interfaces__rosidl_typesupport_cpp.so" to ""
-- Installing: /home/line/town_ws/src/village_interfaces/install/village_interfaces/share/village_interfaces/environment/pythonpath.sh
-- Installing: /home/line/town_ws/src/village_interfaces/install/village_interfaces/share/village_interfaces/environment/pythonpath.dsv
-- Installing: /home/line/town_ws/src/village_interfaces/install/village_interfaces/local/lib/python3.10/dist-packages/village_interfaces-0.0.0-py3.10.egg-info
-- Installing: /home/line/town_ws/src/village_interfaces/install/village_interfaces/local/lib/python3.10/dist-packages/village_interfaces-0.0.0-py3.10.egg-info/top_level.txt
-- Installing: /home/line/town_ws/src/village_interfaces/install/village_interfaces/local/lib/python3.10/dist-packages/village_interfaces-0.0.0-py3.10.egg-info/dependency_links.txt
-- Installing: /home/line/town_ws/src/village_interfaces/install/village_interfaces/local/lib/python3.10/dist-packages/village_interfaces-0.0.0-py3.10.egg-info/SOURCES.txt
-- Installing: /home/line/town_ws/src/village_interfaces/install/village_interfaces/local/lib/python3.10/dist-packages/village_interfaces-0.0.0-py3.10.egg-info/PKG-INFO
-- Installing: /home/line/town_ws/src/village_interfaces/install/village_interfaces/local/lib/python3.10/dist-packages/village_interfaces
-- Installing: /home/line/town_ws/src/village_interfaces/install/village_interfaces/local/lib/python3.10/dist-packages/village_interfaces/msg
-- Installing: /home/line/town_ws/src/village_interfaces/install/village_interfaces/local/lib/python3.10/dist-packages/village_interfaces/msg/_novel.py
-- Installing: /home/line/town_ws/src/village_interfaces/install/village_interfaces/local/lib/python3.10/dist-packages/village_interfaces/msg/_novel_s.c
-- Installing: /home/line/town_ws/src/village_interfaces/install/village_interfaces/local/lib/python3.10/dist-packages/village_interfaces/msg/__init__.py
-- Installing: /home/line/town_ws/src/village_interfaces/install/village_interfaces/local/lib/python3.10/dist-packages/village_interfaces/srv
-- Installing: /home/line/town_ws/src/village_interfaces/install/village_interfaces/local/lib/python3.10/dist-packages/village_interfaces/srv/__init__.py
-- Installing: /home/line/town_ws/src/village_interfaces/install/village_interfaces/local/lib/python3.10/dist-packages/village_interfaces/srv/_borrow_money_s.c
-- Installing: /home/line/town_ws/src/village_interfaces/install/village_interfaces/local/lib/python3.10/dist-packages/village_interfaces/srv/_borrow_money.py
-- Installing: /home/line/town_ws/src/village_interfaces/install/village_interfaces/local/lib/python3.10/dist-packages/village_interfaces/_village_interfaces_s.ep.rosidl_typesupport_fastrtps_c.c
-- Installing: /home/line/town_ws/src/village_interfaces/install/village_interfaces/local/lib/python3.10/dist-packages/village_interfaces/village_interfaces_s__rosidl_typesupport_fastrtps_c.cpython-310-x86_64-linux-gnu.so
-- Installing: /home/line/town_ws/src/village_interfaces/install/village_interfaces/local/lib/python3.10/dist-packages/village_interfaces/_village_interfaces_s.ep.rosidl_typesupport_c.c
-- Installing: /home/line/town_ws/src/village_interfaces/install/village_interfaces/local/lib/python3.10/dist-packages/village_interfaces/__init__.py
-- Installing: /home/line/town_ws/src/village_interfaces/install/village_interfaces/local/lib/python3.10/dist-packages/village_interfaces/village_interfaces_s__rosidl_typesupport_c.cpython-310-x86_64-linux-gnu.so
-- Installing: /home/line/town_ws/src/village_interfaces/install/village_interfaces/local/lib/python3.10/dist-packages/village_interfaces/_village_interfaces_s.ep.rosidl_typesupport_introspection_c.c
-- Installing: /home/line/town_ws/src/village_interfaces/install/village_interfaces/local/lib/python3.10/dist-packages/village_interfaces/libvillage_interfaces__rosidl_generator_py.so
-- Installing: /home/line/town_ws/src/village_interfaces/install/village_interfaces/local/lib/python3.10/dist-packages/village_interfaces/village_interfaces_s__rosidl_typesupport_introspection_c.cpython-310-x86_64-linux-gnu.so
Listing '/home/line/town_ws/src/village_interfaces/install/village_interfaces/local/lib/python3.10/dist-packages/village_interfaces'...
Compiling '/home/line/town_ws/src/village_interfaces/install/village_interfaces/local/lib/python3.10/dist-packages/village_interfaces/__init__.py'...
Listing '/home/line/town_ws/src/village_interfaces/install/village_interfaces/local/lib/python3.10/dist-packages/village_interfaces/msg'...
Compiling '/home/line/town_ws/src/village_interfaces/install/village_interfaces/local/lib/python3.10/dist-packages/village_interfaces/msg/__init__.py'...
Compiling '/home/line/town_ws/src/village_interfaces/install/village_interfaces/local/lib/python3.10/dist-packages/village_interfaces/msg/_novel.py'...
Listing '/home/line/town_ws/src/village_interfaces/install/village_interfaces/local/lib/python3.10/dist-packages/village_interfaces/srv'...
Compiling '/home/line/town_ws/src/village_interfaces/install/village_interfaces/local/lib/python3.10/dist-packages/village_interfaces/srv/__init__.py'...
Compiling '/home/line/town_ws/src/village_interfaces/install/village_interfaces/local/lib/python3.10/dist-packages/village_interfaces/srv/_borrow_money.py'...
-- Installing: /home/line/town_ws/src/village_interfaces/install/village_interfaces/local/lib/python3.10/dist-packages/village_interfaces/village_interfaces_s__rosidl_typesupport_fastrtps_c.cpython-310-x86_64-linux-gnu.so
-- Set runtime path of "/home/line/town_ws/src/village_interfaces/install/village_interfaces/local/lib/python3.10/dist-packages/village_interfaces/village_interfaces_s__rosidl_typesupport_fastrtps_c.cpython-310-x86_64-linux-gnu.so" to ""
-- Installing: /home/line/town_ws/src/village_interfaces/install/village_interfaces/local/lib/python3.10/dist-packages/village_interfaces/village_interfaces_s__rosidl_typesupport_introspection_c.cpython-310-x86_64-linux-gnu.so
-- Set runtime path of "/home/line/town_ws/src/village_interfaces/install/village_interfaces/local/lib/python3.10/dist-packages/village_interfaces/village_interfaces_s__rosidl_typesupport_introspection_c.cpython-310-x86_64-linux-gnu.so" to ""
-- Installing: /home/line/town_ws/src/village_interfaces/install/village_interfaces/local/lib/python3.10/dist-packages/village_interfaces/village_interfaces_s__rosidl_typesupport_c.cpython-310-x86_64-linux-gnu.so
-- Set runtime path of "/home/line/town_ws/src/village_interfaces/install/village_interfaces/local/lib/python3.10/dist-packages/village_interfaces/village_interfaces_s__rosidl_typesupport_c.cpython-310-x86_64-linux-gnu.so" to ""
-- Installing: /home/line/town_ws/src/village_interfaces/install/village_interfaces/lib/libvillage_interfaces__rosidl_generator_py.so
-- Set runtime path of "/home/line/town_ws/src/village_interfaces/install/village_interfaces/lib/libvillage_interfaces__rosidl_generator_py.so" to ""
-- Installing: /home/line/town_ws/src/village_interfaces/install/village_interfaces/share/ament_index/resource_index/rust_packages/village_interfaces
-- Installing: /home/line/town_ws/src/village_interfaces/install/village_interfaces/share/village_interfaces/rust
-- Installing: /home/line/town_ws/src/village_interfaces/install/village_interfaces/share/village_interfaces/rust/src
-- Installing: /home/line/town_ws/src/village_interfaces/install/village_interfaces/share/village_interfaces/rust/src/msg
-- Installing: /home/line/town_ws/src/village_interfaces/install/village_interfaces/share/village_interfaces/rust/src/msg/rmw.rs
-- Installing: /home/line/town_ws/src/village_interfaces/install/village_interfaces/share/village_interfaces/rust/src/lib.rs
-- Installing: /home/line/town_ws/src/village_interfaces/install/village_interfaces/share/village_interfaces/rust/src/srv
-- Installing: /home/line/town_ws/src/village_interfaces/install/village_interfaces/share/village_interfaces/rust/src/srv/rmw.rs
-- Installing: /home/line/town_ws/src/village_interfaces/install/village_interfaces/share/village_interfaces/rust/src/msg.rs
-- Installing: /home/line/town_ws/src/village_interfaces/install/village_interfaces/share/village_interfaces/rust/src/srv.rs
-- Installing: /home/line/town_ws/src/village_interfaces/install/village_interfaces/share/village_interfaces/rust/build.rs
-- Installing: /home/line/town_ws/src/village_interfaces/install/village_interfaces/share/village_interfaces/rust/Cargo.toml
-- Installing: /home/line/town_ws/src/village_interfaces/install/village_interfaces/share/village_interfaces/msg/Novel.idl
-- Installing: /home/line/town_ws/src/village_interfaces/install/village_interfaces/share/village_interfaces/srv/BorrowMoney.idl
-- Installing: /home/line/town_ws/src/village_interfaces/install/village_interfaces/share/village_interfaces/msg/Novel.msg
-- Installing: /home/line/town_ws/src/village_interfaces/install/village_interfaces/share/village_interfaces/srv/BorrowMoney.srv
-- Installing: /home/line/town_ws/src/village_interfaces/install/village_interfaces/share/village_interfaces/srv/BorrowMoney_Request.msg
-- Installing: /home/line/town_ws/src/village_interfaces/install/village_interfaces/share/village_interfaces/srv/BorrowMoney_Response.msg
-- Installing: /home/line/town_ws/src/village_interfaces/install/village_interfaces/share/ament_index/resource_index/package_run_dependencies/village_interfaces
-- Installing: /home/line/town_ws/src/village_interfaces/install/village_interfaces/share/ament_index/resource_index/parent_prefix_path/village_interfaces
-- Installing: /home/line/town_ws/src/village_interfaces/install/village_interfaces/share/village_interfaces/environment/ament_prefix_path.sh
-- Installing: /home/line/town_ws/src/village_interfaces/install/village_interfaces/share/village_interfaces/environment/ament_prefix_path.dsv
-- Installing: /home/line/town_ws/src/village_interfaces/install/village_interfaces/share/village_interfaces/environment/path.sh
-- Installing: /home/line/town_ws/src/village_interfaces/install/village_interfaces/share/village_interfaces/environment/path.dsv
-- Installing: /home/line/town_ws/src/village_interfaces/install/village_interfaces/share/village_interfaces/local_setup.bash
-- Installing: /home/line/town_ws/src/village_interfaces/install/village_interfaces/share/village_interfaces/local_setup.sh
-- Installing: /home/line/town_ws/src/village_interfaces/install/village_interfaces/share/village_interfaces/local_setup.zsh
-- Installing: /home/line/town_ws/src/village_interfaces/install/village_interfaces/share/village_interfaces/local_setup.dsv
-- Installing: /home/line/town_ws/src/village_interfaces/install/village_interfaces/share/village_interfaces/package.dsv
-- Installing: /home/line/town_ws/src/village_interfaces/install/village_interfaces/share/ament_index/resource_index/packages/village_interfaces
-- Installing: /home/line/town_ws/src/village_interfaces/install/village_interfaces/share/village_interfaces/cmake/export_village_interfaces__rosidl_generator_cExport.cmake
-- Installing: /home/line/town_ws/src/village_interfaces/install/village_interfaces/share/village_interfaces/cmake/export_village_interfaces__rosidl_generator_cExport-noconfig.cmake
-- Installing: /home/line/town_ws/src/village_interfaces/install/village_interfaces/share/village_interfaces/cmake/export_village_interfaces__rosidl_typesupport_fastrtps_cExport.cmake
-- Installing: /home/line/town_ws/src/village_interfaces/install/village_interfaces/share/village_interfaces/cmake/export_village_interfaces__rosidl_typesupport_fastrtps_cExport-noconfig.cmake
-- Installing: /home/line/town_ws/src/village_interfaces/install/village_interfaces/share/village_interfaces/cmake/export_village_interfaces__rosidl_generator_cppExport.cmake
-- Installing: /home/line/town_ws/src/village_interfaces/install/village_interfaces/share/village_interfaces/cmake/export_village_interfaces__rosidl_typesupport_fastrtps_cppExport.cmake
-- Installing: /home/line/town_ws/src/village_interfaces/install/village_interfaces/share/village_interfaces/cmake/export_village_interfaces__rosidl_typesupport_fastrtps_cppExport-noconfig.cmake
-- Installing: /home/line/town_ws/src/village_interfaces/install/village_interfaces/share/village_interfaces/cmake/village_interfaces__rosidl_typesupport_introspection_cExport.cmake
-- Installing: /home/line/town_ws/src/village_interfaces/install/village_interfaces/share/village_interfaces/cmake/village_interfaces__rosidl_typesupport_introspection_cExport-noconfig.cmake
-- Installing: /home/line/town_ws/src/village_interfaces/install/village_interfaces/share/village_interfaces/cmake/village_interfaces__rosidl_typesupport_cExport.cmake
-- Installing: /home/line/town_ws/src/village_interfaces/install/village_interfaces/share/village_interfaces/cmake/village_interfaces__rosidl_typesupport_cExport-noconfig.cmake
-- Installing: /home/line/town_ws/src/village_interfaces/install/village_interfaces/share/village_interfaces/cmake/village_interfaces__rosidl_typesupport_introspection_cppExport.cmake
-- Installing: /home/line/town_ws/src/village_interfaces/install/village_interfaces/share/village_interfaces/cmake/village_interfaces__rosidl_typesupport_introspection_cppExport-noconfig.cmake
-- Installing: /home/line/town_ws/src/village_interfaces/install/village_interfaces/share/village_interfaces/cmake/village_interfaces__rosidl_typesupport_cppExport.cmake
-- Installing: /home/line/town_ws/src/village_interfaces/install/village_interfaces/share/village_interfaces/cmake/village_interfaces__rosidl_typesupport_cppExport-noconfig.cmake
-- Installing: /home/line/town_ws/src/village_interfaces/install/village_interfaces/share/village_interfaces/cmake/export_village_interfaces__rosidl_generator_pyExport.cmake
-- Installing: /home/line/town_ws/src/village_interfaces/install/village_interfaces/share/village_interfaces/cmake/export_village_interfaces__rosidl_generator_pyExport-noconfig.cmake
-- Installing: /home/line/town_ws/src/village_interfaces/install/village_interfaces/share/village_interfaces/cmake/rosidl_cmake-extras.cmake
-- Installing: /home/line/town_ws/src/village_interfaces/install/village_interfaces/share/village_interfaces/cmake/ament_cmake_export_dependencies-extras.cmake
-- Installing: /home/line/town_ws/src/village_interfaces/install/village_interfaces/share/village_interfaces/cmake/ament_cmake_export_include_directories-extras.cmake
-- Installing: /home/line/town_ws/src/village_interfaces/install/village_interfaces/share/village_interfaces/cmake/ament_cmake_export_libraries-extras.cmake
-- Installing: /home/line/town_ws/src/village_interfaces/install/village_interfaces/share/village_interfaces/cmake/ament_cmake_export_targets-extras.cmake
-- Installing: /home/line/town_ws/src/village_interfaces/install/village_interfaces/share/village_interfaces/cmake/rosidl_cmake_export_typesupport_targets-extras.cmake
-- Installing: /home/line/town_ws/src/village_interfaces/install/village_interfaces/share/village_interfaces/cmake/rosidl_cmake_export_typesupport_libraries-extras.cmake
-- Installing: /home/line/town_ws/src/village_interfaces/install/village_interfaces/share/village_interfaces/cmake/village_interfacesConfig.cmake
-- Installing: /home/line/town_ws/src/village_interfaces/install/village_interfaces/share/village_interfaces/cmake/village_interfacesConfig-version.cmake
-- Installing: /home/line/town_ws/src/village_interfaces/install/village_interfaces/share/village_interfaces/package.xml
