[0.005s] Invoking command in '/home/line/town_ws/src/village_interfaces/build/village_interfaces': CMAKE_PREFIX_PATH=/opt/ros/humble /usr/bin/cmake /home/line/town_ws/src/village_interfaces -DCMAKE_INSTALL_PREFIX=/home/line/town_ws/src/village_interfaces/install/village_interfaces
[0.015s] -- Found ament_cmake: 1.3.14 (/opt/ros/humble/share/ament_cmake/cmake)
[0.110s] -- Found sensor_msgs: 4.9.1 (/opt/ros/humble/share/sensor_msgs/cmake)
[0.123s] -- Found rosidl_generator_c: 3.1.8 (/opt/ros/humble/share/rosidl_generator_c/cmake)
[0.125s] -- Found rosidl_adapter: 3.1.8 (/opt/ros/humble/share/rosidl_adapter/cmake)
[0.128s] -- Found rosidl_generator_cpp: 3.1.8 (/opt/ros/humble/share/rosidl_generator_cpp/cmake)
[0.137s] -- Using all available rosidl_typesupport_c: rosidl_typesupport_fastrtps_c;rosidl_typesupport_introspection_c
[0.145s] -- Using all available rosidl_typesupport_cpp: rosidl_typesupport_fastrtps_cpp;rosidl_typesupport_introspection_cpp
[0.178s] -- Found rosidl_default_generators: 1.2.1 (/opt/ros/humble/share/rosidl_default_generators/cmake)
[0.184s] -- Found ament_lint_auto: 0.12.15 (/opt/ros/humble/share/ament_lint_auto/cmake)
[0.498s] -- Found ament_cmake_ros: 0.10.0 (/opt/ros/humble/share/ament_cmake_ros/cmake)
[0.895s] -- Using all available rosidl_typesupport_c: rosidl_typesupport_fastrtps_c;rosidl_typesupport_introspection_c
[1.010s] -- Using all available rosidl_typesupport_cpp: rosidl_typesupport_fastrtps_cpp;rosidl_typesupport_introspection_cpp
[1.033s] -- Found PythonInterp: /usr/bin/python3 (found suitable version "3.10.12", minimum required is "3.6") 
[1.034s] -- Found python_cmake_module: 0.10.0 (/opt/ros/humble/share/python_cmake_module/cmake)
[1.055s] -- Found PythonLibs: /usr/lib/x86_64-linux-gnu/libpython3.10.so (found suitable version "3.10.12", minimum required is "3.5") 
[1.055s] -- Using PYTHON_EXECUTABLE: /usr/bin/python3
[1.055s] -- Using PYTHON_INCLUDE_DIRS: /usr/include/python3.10
[1.055s] -- Using PYTHON_LIBRARIES: /usr/lib/x86_64-linux-gnu/libpython3.10.so
[1.071s] -- Found PythonExtra: .so  
[1.186s] -- Added test 'cppcheck' to perform static code analysis on C / C++ code
[1.187s] -- Configured cppcheck include dirs: $<BUILD_INTERFACE:/home/line/town_ws/src/village_interfaces/build/village_interfaces/rosidl_generator_c>;$<BUILD_INTERFACE:/home/line/town_ws/src/village_interfaces/build/village_interfaces/rosidl_typesupport_fastrtps_c>;$<BUILD_INTERFACE:/home/line/town_ws/src/village_interfaces/build/village_interfaces/rosidl_generator_cpp>;$<BUILD_INTERFACE:/home/line/town_ws/src/village_interfaces/build/village_interfaces/rosidl_typesupport_fastrtps_cpp>;$<BUILD_INTERFACE:/home/line/town_ws/src/village_interfaces/build/village_interfaces/rosidl_typesupport_introspection_c>;$<BUILD_INTERFACE:/home/line/town_ws/src/village_interfaces/build/village_interfaces/rosidl_typesupport_introspection_cpp>;/home/line/town_ws/src/village_interfaces/build/village_interfaces/rosidl_generator_c;/home/line/town_ws/src/village_interfaces/build/village_interfaces/rosidl_generator_py
[1.187s] -- Configured cppcheck exclude dirs and/or files: 
[1.188s] -- Added test 'flake8' to check Python code syntax and style conventions
[1.190s] -- Added test 'lint_cmake' to check CMake code style
[1.191s] -- Added test 'pep257' to check Python code against some of the docstring style conventions in PEP 257
[1.196s] -- Added test 'uncrustify' to check C / C++ code style
[1.196s] -- Configured uncrustify additional arguments: 
[1.197s] -- Added test 'xmllint' to check XML markup files
[1.203s] -- Configuring done
[1.225s] -- Generating done
[1.232s] -- Build files have been written to: /home/line/town_ws/src/village_interfaces/build/village_interfaces
[1.239s] Invoked command in '/home/line/town_ws/src/village_interfaces/build/village_interfaces' returned '0': CMAKE_PREFIX_PATH=/opt/ros/humble /usr/bin/cmake /home/line/town_ws/src/village_interfaces -DCMAKE_INSTALL_PREFIX=/home/line/town_ws/src/village_interfaces/install/village_interfaces
[1.239s] Invoking command in '/home/line/town_ws/src/village_interfaces/build/village_interfaces': CMAKE_PREFIX_PATH=/opt/ros/humble /usr/bin/cmake --build /home/line/town_ws/src/village_interfaces/build/village_interfaces -- -j20 -l20
[1.272s] [  2%] [34m[1mGenerating C code for ROS interfaces[0m
[1.280s] [  2%] Built target ament_cmake_python_copy_village_interfaces
[1.281s] [  7%] [34m[1mGenerating C++ code for ROS interfaces[0m
[1.281s] [  7%] [34m[1mGenerating Rust code for ROS interfaces[0m
[1.398s] running egg_info
[1.398s] creating village_interfaces.egg-info
[1.399s] writing village_interfaces.egg-info/PKG-INFO
[1.399s] writing dependency_links to village_interfaces.egg-info/dependency_links.txt
[1.399s] writing top-level names to village_interfaces.egg-info/top_level.txt
[1.399s] writing manifest file 'village_interfaces.egg-info/SOURCES.txt'
[1.400s] reading manifest file 'village_interfaces.egg-info/SOURCES.txt'
[1.400s] writing manifest file 'village_interfaces.egg-info/SOURCES.txt'
[1.416s] [  7%] Built target ament_cmake_python_build_village_interfaces_egg
[1.448s] [  7%] Built target village_interfaces__rs
[1.469s] [ 10%] [32mBuilding C object CMakeFiles/village_interfaces__rosidl_generator_c.dir/rosidl_generator_c/village_interfaces/srv/detail/borrow_money__functions.c.o[0m
[1.469s] [ 12%] [32mBuilding C object CMakeFiles/village_interfaces__rosidl_generator_c.dir/rosidl_generator_c/village_interfaces/msg/detail/novel__functions.c.o[0m
[1.478s] [ 12%] Built target village_interfaces__cpp
[1.484s] [ 15%] [34m[1mGenerating C++ introspection for ROS interfaces[0m
[1.487s] [ 20%] [34m[1mGenerating C++ type support for eProsima Fast-RTPS[0m
[1.487s] [ 20%] [34m[1mGenerating C++ type support dispatch for ROS interfaces[0m
[1.515s] [ 22%] [32m[1mLinking C shared library libvillage_interfaces__rosidl_generator_c.so[0m
[1.547s] [ 22%] Built target village_interfaces__rosidl_generator_c
[1.555s] [ 30%] [34m[1mGenerating C introspection for ROS interfaces[0m
[1.555s] [ 30%] [34m[1mGenerating C type support dispatch for ROS interfaces[0m
[1.555s] [ 30%] [34m[1mGenerating C type support for eProsima Fast-RTPS[0m
[1.655s] [ 35%] [32mBuilding CXX object CMakeFiles/village_interfaces__rosidl_typesupport_cpp.dir/rosidl_typesupport_cpp/village_interfaces/msg/novel__type_support.cpp.o[0m
[1.655s] [ 35%] [32mBuilding CXX object CMakeFiles/village_interfaces__rosidl_typesupport_cpp.dir/rosidl_typesupport_cpp/village_interfaces/srv/borrow_money__type_support.cpp.o[0m
[1.661s] [ 37%] [32mBuilding CXX object CMakeFiles/village_interfaces__rosidl_typesupport_introspection_cpp.dir/rosidl_typesupport_introspection_cpp/village_interfaces/srv/detail/borrow_money__type_support.cpp.o[0m
[1.662s] [ 40%] [32mBuilding CXX object CMakeFiles/village_interfaces__rosidl_typesupport_introspection_cpp.dir/rosidl_typesupport_introspection_cpp/village_interfaces/msg/detail/novel__type_support.cpp.o[0m
[1.676s] [ 42%] [32mBuilding CXX object CMakeFiles/village_interfaces__rosidl_typesupport_fastrtps_cpp.dir/rosidl_typesupport_fastrtps_cpp/village_interfaces/msg/detail/dds_fastrtps/novel__type_support.cpp.o[0m
[1.677s] [ 45%] [32mBuilding CXX object CMakeFiles/village_interfaces__rosidl_typesupport_fastrtps_cpp.dir/rosidl_typesupport_fastrtps_cpp/village_interfaces/srv/detail/dds_fastrtps/borrow_money__type_support.cpp.o[0m
[1.727s] [ 50%] [32mBuilding CXX object CMakeFiles/village_interfaces__rosidl_typesupport_c.dir/rosidl_typesupport_c/village_interfaces/msg/novel__type_support.cpp.o[0m
[1.728s] [ 50%] [32mBuilding CXX object CMakeFiles/village_interfaces__rosidl_typesupport_c.dir/rosidl_typesupport_c/village_interfaces/srv/borrow_money__type_support.cpp.o[0m
[1.736s] [ 52%] [32mBuilding C object CMakeFiles/village_interfaces__rosidl_typesupport_introspection_c.dir/rosidl_typesupport_introspection_c/village_interfaces/srv/detail/borrow_money__type_support.c.o[0m
[1.738s] [ 55%] [32mBuilding C object CMakeFiles/village_interfaces__rosidl_typesupport_introspection_c.dir/rosidl_typesupport_introspection_c/village_interfaces/msg/detail/novel__type_support.c.o[0m
[1.746s] [ 57%] [32m[1mLinking CXX shared library libvillage_interfaces__rosidl_typesupport_c.so[0m
[1.755s] [ 60%] [32mBuilding CXX object CMakeFiles/village_interfaces__rosidl_typesupport_fastrtps_c.dir/rosidl_typesupport_fastrtps_c/village_interfaces/msg/detail/novel__type_support_c.cpp.o[0m
[1.757s] [ 62%] [32mBuilding CXX object CMakeFiles/village_interfaces__rosidl_typesupport_fastrtps_c.dir/rosidl_typesupport_fastrtps_c/village_interfaces/srv/detail/borrow_money__type_support_c.cpp.o[0m
[1.760s] [ 65%] [32m[1mLinking C shared library libvillage_interfaces__rosidl_typesupport_introspection_c.so[0m
[1.773s] [ 65%] Built target village_interfaces__rosidl_typesupport_c
[1.790s] [ 65%] Built target village_interfaces__rosidl_typesupport_introspection_c
[1.866s] [ 67%] [32m[1mLinking CXX shared library libvillage_interfaces__rosidl_typesupport_cpp.so[0m
[1.898s] [ 67%] Built target village_interfaces__rosidl_typesupport_cpp
[1.935s] [ 70%] [32m[1mLinking CXX shared library libvillage_interfaces__rosidl_typesupport_introspection_cpp.so[0m
[1.941s] [ 72%] [32m[1mLinking CXX shared library libvillage_interfaces__rosidl_typesupport_fastrtps_c.so[0m
[1.977s] [ 72%] Built target village_interfaces__rosidl_typesupport_introspection_cpp
[1.985s] [ 75%] [32m[1mLinking CXX shared library libvillage_interfaces__rosidl_typesupport_fastrtps_cpp.so[0m
[1.989s] [ 75%] Built target village_interfaces__rosidl_typesupport_fastrtps_c
[2.032s] [ 75%] Built target village_interfaces__rosidl_typesupport_fastrtps_cpp
[2.048s] [ 75%] Built target village_interfaces
[2.071s] [ 77%] [34m[1mGenerating Python code for ROS interfaces[0m
[2.334s] [ 77%] Built target village_interfaces__py
[2.348s] [ 80%] [32mBuilding C object CMakeFiles/village_interfaces__rosidl_generator_py.dir/rosidl_generator_py/village_interfaces/srv/_borrow_money_s.c.o[0m
[2.348s] [ 82%] [32mBuilding C object CMakeFiles/village_interfaces__rosidl_generator_py.dir/rosidl_generator_py/village_interfaces/msg/_novel_s.c.o[0m
[2.432s] [ 85%] [32m[1mLinking C shared library rosidl_generator_py/village_interfaces/libvillage_interfaces__rosidl_generator_py.so[0m
[2.475s] [ 85%] Built target village_interfaces__rosidl_generator_py
[2.495s] [ 87%] [32mBuilding C object CMakeFiles/village_interfaces__rosidl_typesupport_fastrtps_c__pyext.dir/rosidl_generator_py/village_interfaces/_village_interfaces_s.ep.rosidl_typesupport_fastrtps_c.c.o[0m
[2.497s] [ 92%] [32mBuilding C object CMakeFiles/village_interfaces__rosidl_typesupport_introspection_c__pyext.dir/rosidl_generator_py/village_interfaces/_village_interfaces_s.ep.rosidl_typesupport_introspection_c.c.o[0m
[2.497s] [ 92%] [32mBuilding C object CMakeFiles/village_interfaces__rosidl_typesupport_c__pyext.dir/rosidl_generator_py/village_interfaces/_village_interfaces_s.ep.rosidl_typesupport_c.c.o[0m
[2.555s] [ 95%] [32m[1mLinking C shared library rosidl_generator_py/village_interfaces/village_interfaces_s__rosidl_typesupport_introspection_c.cpython-310-x86_64-linux-gnu.so[0m
[2.557s] [ 97%] [32m[1mLinking C shared library rosidl_generator_py/village_interfaces/village_interfaces_s__rosidl_typesupport_fastrtps_c.cpython-310-x86_64-linux-gnu.so[0m
[2.567s] [100%] [32m[1mLinking C shared library rosidl_generator_py/village_interfaces/village_interfaces_s__rosidl_typesupport_c.cpython-310-x86_64-linux-gnu.so[0m
[2.585s] [100%] Built target village_interfaces__rosidl_typesupport_fastrtps_c__pyext
[2.590s] [100%] Built target village_interfaces__rosidl_typesupport_introspection_c__pyext
[2.590s] [100%] Built target village_interfaces__rosidl_typesupport_c__pyext
[2.597s] Invoked command in '/home/line/town_ws/src/village_interfaces/build/village_interfaces' returned '0': CMAKE_PREFIX_PATH=/opt/ros/humble /usr/bin/cmake --build /home/line/town_ws/src/village_interfaces/build/village_interfaces -- -j20 -l20
[2.603s] Invoking command in '/home/line/town_ws/src/village_interfaces/build/village_interfaces': CMAKE_PREFIX_PATH=/opt/ros/humble /usr/bin/cmake --install /home/line/town_ws/src/village_interfaces/build/village_interfaces
[2.612s] -- Install configuration: ""
[2.612s] -- Installing: /home/line/town_ws/src/village_interfaces/install/village_interfaces/share/ament_index/resource_index/rosidl_interfaces/village_interfaces
[2.612s] -- Installing: /home/line/town_ws/src/village_interfaces/install/village_interfaces/include/village_interfaces/village_interfaces
[2.613s] -- Installing: /home/line/town_ws/src/village_interfaces/install/village_interfaces/include/village_interfaces/village_interfaces/msg
[2.613s] -- Installing: /home/line/town_ws/src/village_interfaces/install/village_interfaces/include/village_interfaces/village_interfaces/msg/rosidl_generator_c__visibility_control.h
[2.613s] -- Installing: /home/line/town_ws/src/village_interfaces/install/village_interfaces/include/village_interfaces/village_interfaces/msg/novel.h
[2.613s] -- Installing: /home/line/town_ws/src/village_interfaces/install/village_interfaces/include/village_interfaces/village_interfaces/msg/detail
[2.613s] -- Installing: /home/line/town_ws/src/village_interfaces/install/village_interfaces/include/village_interfaces/village_interfaces/msg/detail/novel__functions.c
[2.613s] -- Installing: /home/line/town_ws/src/village_interfaces/install/village_interfaces/include/village_interfaces/village_interfaces/msg/detail/novel__struct.h
[2.613s] -- Installing: /home/line/town_ws/src/village_interfaces/install/village_interfaces/include/village_interfaces/village_interfaces/msg/detail/novel__type_support.h
[2.613s] -- Installing: /home/line/town_ws/src/village_interfaces/install/village_interfaces/include/village_interfaces/village_interfaces/msg/detail/novel__functions.h
[2.613s] -- Installing: /home/line/town_ws/src/village_interfaces/install/village_interfaces/include/village_interfaces/village_interfaces/srv
[2.613s] -- Installing: /home/line/town_ws/src/village_interfaces/install/village_interfaces/include/village_interfaces/village_interfaces/srv/borrow_money.h
[2.613s] -- Installing: /home/line/town_ws/src/village_interfaces/install/village_interfaces/include/village_interfaces/village_interfaces/srv/detail
[2.614s] -- Installing: /home/line/town_ws/src/village_interfaces/install/village_interfaces/include/village_interfaces/village_interfaces/srv/detail/borrow_money__functions.c
[2.614s] -- Installing: /home/line/town_ws/src/village_interfaces/install/village_interfaces/include/village_interfaces/village_interfaces/srv/detail/borrow_money__type_support.h
[2.614s] -- Installing: /home/line/town_ws/src/village_interfaces/install/village_interfaces/include/village_interfaces/village_interfaces/srv/detail/borrow_money__functions.h
[2.614s] -- Installing: /home/line/town_ws/src/village_interfaces/install/village_interfaces/include/village_interfaces/village_interfaces/srv/detail/borrow_money__struct.h
[2.614s] -- Installing: /home/line/town_ws/src/village_interfaces/install/village_interfaces/share/village_interfaces/environment/library_path.sh
[2.614s] -- Installing: /home/line/town_ws/src/village_interfaces/install/village_interfaces/share/village_interfaces/environment/library_path.dsv
[2.614s] -- Installing: /home/line/town_ws/src/village_interfaces/install/village_interfaces/lib/libvillage_interfaces__rosidl_generator_c.so
[2.614s] -- Set runtime path of "/home/line/town_ws/src/village_interfaces/install/village_interfaces/lib/libvillage_interfaces__rosidl_generator_c.so" to ""
[2.614s] -- Up-to-date: /home/line/town_ws/src/village_interfaces/install/village_interfaces/include/village_interfaces/village_interfaces
[2.614s] -- Up-to-date: /home/line/town_ws/src/village_interfaces/install/village_interfaces/include/village_interfaces/village_interfaces/msg
[2.614s] -- Up-to-date: /home/line/town_ws/src/village_interfaces/install/village_interfaces/include/village_interfaces/village_interfaces/msg/detail
[2.614s] -- Installing: /home/line/town_ws/src/village_interfaces/install/village_interfaces/include/village_interfaces/village_interfaces/msg/detail/novel__rosidl_typesupport_fastrtps_c.h
[2.615s] -- Installing: /home/line/town_ws/src/village_interfaces/install/village_interfaces/include/village_interfaces/village_interfaces/msg/rosidl_typesupport_fastrtps_c__visibility_control.h
[2.615s] -- Up-to-date: /home/line/town_ws/src/village_interfaces/install/village_interfaces/include/village_interfaces/village_interfaces/srv
[2.615s] -- Up-to-date: /home/line/town_ws/src/village_interfaces/install/village_interfaces/include/village_interfaces/village_interfaces/srv/detail
[2.615s] -- Installing: /home/line/town_ws/src/village_interfaces/install/village_interfaces/include/village_interfaces/village_interfaces/srv/detail/borrow_money__rosidl_typesupport_fastrtps_c.h
[2.615s] -- Installing: /home/line/town_ws/src/village_interfaces/install/village_interfaces/lib/libvillage_interfaces__rosidl_typesupport_fastrtps_c.so
[2.615s] -- Set runtime path of "/home/line/town_ws/src/village_interfaces/install/village_interfaces/lib/libvillage_interfaces__rosidl_typesupport_fastrtps_c.so" to ""
[2.615s] -- Up-to-date: /home/line/town_ws/src/village_interfaces/install/village_interfaces/include/village_interfaces/village_interfaces
[2.615s] -- Up-to-date: /home/line/town_ws/src/village_interfaces/install/village_interfaces/include/village_interfaces/village_interfaces/msg
[2.615s] -- Installing: /home/line/town_ws/src/village_interfaces/install/village_interfaces/include/village_interfaces/village_interfaces/msg/rosidl_generator_cpp__visibility_control.hpp
[2.615s] -- Installing: /home/line/town_ws/src/village_interfaces/install/village_interfaces/include/village_interfaces/village_interfaces/msg/novel.hpp
[2.615s] -- Up-to-date: /home/line/town_ws/src/village_interfaces/install/village_interfaces/include/village_interfaces/village_interfaces/msg/detail
[2.615s] -- Installing: /home/line/town_ws/src/village_interfaces/install/village_interfaces/include/village_interfaces/village_interfaces/msg/detail/novel__builder.hpp
[2.616s] -- Installing: /home/line/town_ws/src/village_interfaces/install/village_interfaces/include/village_interfaces/village_interfaces/msg/detail/novel__struct.hpp
[2.616s] -- Installing: /home/line/town_ws/src/village_interfaces/install/village_interfaces/include/village_interfaces/village_interfaces/msg/detail/novel__traits.hpp
[2.616s] -- Installing: /home/line/town_ws/src/village_interfaces/install/village_interfaces/include/village_interfaces/village_interfaces/msg/detail/novel__type_support.hpp
[2.616s] -- Up-to-date: /home/line/town_ws/src/village_interfaces/install/village_interfaces/include/village_interfaces/village_interfaces/srv
[2.617s] -- Installing: /home/line/town_ws/src/village_interfaces/install/village_interfaces/include/village_interfaces/village_interfaces/srv/borrow_money.hpp
[2.617s] -- Up-to-date: /home/line/town_ws/src/village_interfaces/install/village_interfaces/include/village_interfaces/village_interfaces/srv/detail
[2.617s] -- Installing: /home/line/town_ws/src/village_interfaces/install/village_interfaces/include/village_interfaces/village_interfaces/srv/detail/borrow_money__builder.hpp
[2.617s] -- Installing: /home/line/town_ws/src/village_interfaces/install/village_interfaces/include/village_interfaces/village_interfaces/srv/detail/borrow_money__traits.hpp
[2.617s] -- Installing: /home/line/town_ws/src/village_interfaces/install/village_interfaces/include/village_interfaces/village_interfaces/srv/detail/borrow_money__type_support.hpp
[2.617s] -- Installing: /home/line/town_ws/src/village_interfaces/install/village_interfaces/include/village_interfaces/village_interfaces/srv/detail/borrow_money__struct.hpp
[2.617s] -- Up-to-date: /home/line/town_ws/src/village_interfaces/install/village_interfaces/include/village_interfaces/village_interfaces
[2.617s] -- Up-to-date: /home/line/town_ws/src/village_interfaces/install/village_interfaces/include/village_interfaces/village_interfaces/msg
[2.618s] -- Installing: /home/line/town_ws/src/village_interfaces/install/village_interfaces/include/village_interfaces/village_interfaces/msg/rosidl_typesupport_fastrtps_cpp__visibility_control.h
[2.618s] -- Up-to-date: /home/line/town_ws/src/village_interfaces/install/village_interfaces/include/village_interfaces/village_interfaces/msg/detail
[2.618s] -- Installing: /home/line/town_ws/src/village_interfaces/install/village_interfaces/include/village_interfaces/village_interfaces/msg/detail/novel__rosidl_typesupport_fastrtps_cpp.hpp
[2.618s] -- Installing: /home/line/town_ws/src/village_interfaces/install/village_interfaces/include/village_interfaces/village_interfaces/msg/detail/dds_fastrtps
[2.618s] -- Up-to-date: /home/line/town_ws/src/village_interfaces/install/village_interfaces/include/village_interfaces/village_interfaces/srv
[2.618s] -- Up-to-date: /home/line/town_ws/src/village_interfaces/install/village_interfaces/include/village_interfaces/village_interfaces/srv/detail
[2.618s] -- Installing: /home/line/town_ws/src/village_interfaces/install/village_interfaces/include/village_interfaces/village_interfaces/srv/detail/borrow_money__rosidl_typesupport_fastrtps_cpp.hpp
[2.619s] -- Installing: /home/line/town_ws/src/village_interfaces/install/village_interfaces/include/village_interfaces/village_interfaces/srv/detail/dds_fastrtps
[2.619s] -- Installing: /home/line/town_ws/src/village_interfaces/install/village_interfaces/lib/libvillage_interfaces__rosidl_typesupport_fastrtps_cpp.so
[2.619s] -- Set runtime path of "/home/line/town_ws/src/village_interfaces/install/village_interfaces/lib/libvillage_interfaces__rosidl_typesupport_fastrtps_cpp.so" to ""
[2.619s] -- Up-to-date: /home/line/town_ws/src/village_interfaces/install/village_interfaces/include/village_interfaces/village_interfaces
[2.619s] -- Up-to-date: /home/line/town_ws/src/village_interfaces/install/village_interfaces/include/village_interfaces/village_interfaces/msg
[2.619s] -- Installing: /home/line/town_ws/src/village_interfaces/install/village_interfaces/include/village_interfaces/village_interfaces/msg/rosidl_typesupport_introspection_c__visibility_control.h
[2.620s] -- Up-to-date: /home/line/town_ws/src/village_interfaces/install/village_interfaces/include/village_interfaces/village_interfaces/msg/detail
[2.620s] -- Installing: /home/line/town_ws/src/village_interfaces/install/village_interfaces/include/village_interfaces/village_interfaces/msg/detail/novel__type_support.c
[2.620s] -- Installing: /home/line/town_ws/src/village_interfaces/install/village_interfaces/include/village_interfaces/village_interfaces/msg/detail/novel__rosidl_typesupport_introspection_c.h
[2.620s] -- Up-to-date: /home/line/town_ws/src/village_interfaces/install/village_interfaces/include/village_interfaces/village_interfaces/srv
[2.620s] -- Up-to-date: /home/line/town_ws/src/village_interfaces/install/village_interfaces/include/village_interfaces/village_interfaces/srv/detail
[2.620s] -- Installing: /home/line/town_ws/src/village_interfaces/install/village_interfaces/include/village_interfaces/village_interfaces/srv/detail/borrow_money__type_support.c
[2.620s] -- Installing: /home/line/town_ws/src/village_interfaces/install/village_interfaces/include/village_interfaces/village_interfaces/srv/detail/borrow_money__rosidl_typesupport_introspection_c.h
[2.621s] -- Installing: /home/line/town_ws/src/village_interfaces/install/village_interfaces/lib/libvillage_interfaces__rosidl_typesupport_introspection_c.so
[2.621s] -- Set runtime path of "/home/line/town_ws/src/village_interfaces/install/village_interfaces/lib/libvillage_interfaces__rosidl_typesupport_introspection_c.so" to ""
[2.621s] -- Installing: /home/line/town_ws/src/village_interfaces/install/village_interfaces/lib/libvillage_interfaces__rosidl_typesupport_c.so
[2.621s] -- Set runtime path of "/home/line/town_ws/src/village_interfaces/install/village_interfaces/lib/libvillage_interfaces__rosidl_typesupport_c.so" to ""
[2.621s] -- Up-to-date: /home/line/town_ws/src/village_interfaces/install/village_interfaces/include/village_interfaces/village_interfaces
[2.621s] -- Up-to-date: /home/line/town_ws/src/village_interfaces/install/village_interfaces/include/village_interfaces/village_interfaces/msg
[2.621s] -- Up-to-date: /home/line/town_ws/src/village_interfaces/install/village_interfaces/include/village_interfaces/village_interfaces/msg/detail
[2.622s] -- Installing: /home/line/town_ws/src/village_interfaces/install/village_interfaces/include/village_interfaces/village_interfaces/msg/detail/novel__rosidl_typesupport_introspection_cpp.hpp
[2.622s] -- Installing: /home/line/town_ws/src/village_interfaces/install/village_interfaces/include/village_interfaces/village_interfaces/msg/detail/novel__type_support.cpp
[2.622s] -- Up-to-date: /home/line/town_ws/src/village_interfaces/install/village_interfaces/include/village_interfaces/village_interfaces/srv
[2.622s] -- Up-to-date: /home/line/town_ws/src/village_interfaces/install/village_interfaces/include/village_interfaces/village_interfaces/srv/detail
[2.622s] -- Installing: /home/line/town_ws/src/village_interfaces/install/village_interfaces/include/village_interfaces/village_interfaces/srv/detail/borrow_money__rosidl_typesupport_introspection_cpp.hpp
[2.622s] -- Installing: /home/line/town_ws/src/village_interfaces/install/village_interfaces/include/village_interfaces/village_interfaces/srv/detail/borrow_money__type_support.cpp
[2.622s] -- Installing: /home/line/town_ws/src/village_interfaces/install/village_interfaces/lib/libvillage_interfaces__rosidl_typesupport_introspection_cpp.so
[2.622s] -- Set runtime path of "/home/line/town_ws/src/village_interfaces/install/village_interfaces/lib/libvillage_interfaces__rosidl_typesupport_introspection_cpp.so" to ""
[2.622s] -- Installing: /home/line/town_ws/src/village_interfaces/install/village_interfaces/lib/libvillage_interfaces__rosidl_typesupport_cpp.so
[2.622s] -- Set runtime path of "/home/line/town_ws/src/village_interfaces/install/village_interfaces/lib/libvillage_interfaces__rosidl_typesupport_cpp.so" to ""
[2.622s] -- Installing: /home/line/town_ws/src/village_interfaces/install/village_interfaces/share/village_interfaces/environment/pythonpath.sh
[2.622s] -- Installing: /home/line/town_ws/src/village_interfaces/install/village_interfaces/share/village_interfaces/environment/pythonpath.dsv
[2.623s] -- Installing: /home/line/town_ws/src/village_interfaces/install/village_interfaces/local/lib/python3.10/dist-packages/village_interfaces-0.0.0-py3.10.egg-info
[2.623s] -- Installing: /home/line/town_ws/src/village_interfaces/install/village_interfaces/local/lib/python3.10/dist-packages/village_interfaces-0.0.0-py3.10.egg-info/top_level.txt
[2.623s] -- Installing: /home/line/town_ws/src/village_interfaces/install/village_interfaces/local/lib/python3.10/dist-packages/village_interfaces-0.0.0-py3.10.egg-info/dependency_links.txt
[2.623s] -- Installing: /home/line/town_ws/src/village_interfaces/install/village_interfaces/local/lib/python3.10/dist-packages/village_interfaces-0.0.0-py3.10.egg-info/SOURCES.txt
[2.623s] -- Installing: /home/line/town_ws/src/village_interfaces/install/village_interfaces/local/lib/python3.10/dist-packages/village_interfaces-0.0.0-py3.10.egg-info/PKG-INFO
[2.623s] -- Installing: /home/line/town_ws/src/village_interfaces/install/village_interfaces/local/lib/python3.10/dist-packages/village_interfaces
[2.623s] -- Installing: /home/line/town_ws/src/village_interfaces/install/village_interfaces/local/lib/python3.10/dist-packages/village_interfaces/msg
[2.623s] -- Installing: /home/line/town_ws/src/village_interfaces/install/village_interfaces/local/lib/python3.10/dist-packages/village_interfaces/msg/_novel.py
[2.623s] -- Installing: /home/line/town_ws/src/village_interfaces/install/village_interfaces/local/lib/python3.10/dist-packages/village_interfaces/msg/_novel_s.c
[2.623s] -- Installing: /home/line/town_ws/src/village_interfaces/install/village_interfaces/local/lib/python3.10/dist-packages/village_interfaces/msg/__init__.py
[2.623s] -- Installing: /home/line/town_ws/src/village_interfaces/install/village_interfaces/local/lib/python3.10/dist-packages/village_interfaces/srv
[2.623s] -- Installing: /home/line/town_ws/src/village_interfaces/install/village_interfaces/local/lib/python3.10/dist-packages/village_interfaces/srv/__init__.py
[2.623s] -- Installing: /home/line/town_ws/src/village_interfaces/install/village_interfaces/local/lib/python3.10/dist-packages/village_interfaces/srv/_borrow_money_s.c
[2.624s] -- Installing: /home/line/town_ws/src/village_interfaces/install/village_interfaces/local/lib/python3.10/dist-packages/village_interfaces/srv/_borrow_money.py
[2.624s] -- Installing: /home/line/town_ws/src/village_interfaces/install/village_interfaces/local/lib/python3.10/dist-packages/village_interfaces/_village_interfaces_s.ep.rosidl_typesupport_fastrtps_c.c
[2.624s] -- Installing: /home/line/town_ws/src/village_interfaces/install/village_interfaces/local/lib/python3.10/dist-packages/village_interfaces/village_interfaces_s__rosidl_typesupport_fastrtps_c.cpython-310-x86_64-linux-gnu.so
[2.624s] -- Installing: /home/line/town_ws/src/village_interfaces/install/village_interfaces/local/lib/python3.10/dist-packages/village_interfaces/_village_interfaces_s.ep.rosidl_typesupport_c.c
[2.624s] -- Installing: /home/line/town_ws/src/village_interfaces/install/village_interfaces/local/lib/python3.10/dist-packages/village_interfaces/__init__.py
[2.624s] -- Installing: /home/line/town_ws/src/village_interfaces/install/village_interfaces/local/lib/python3.10/dist-packages/village_interfaces/village_interfaces_s__rosidl_typesupport_c.cpython-310-x86_64-linux-gnu.so
[2.624s] -- Installing: /home/line/town_ws/src/village_interfaces/install/village_interfaces/local/lib/python3.10/dist-packages/village_interfaces/_village_interfaces_s.ep.rosidl_typesupport_introspection_c.c
[2.624s] -- Installing: /home/line/town_ws/src/village_interfaces/install/village_interfaces/local/lib/python3.10/dist-packages/village_interfaces/libvillage_interfaces__rosidl_generator_py.so
[2.624s] -- Installing: /home/line/town_ws/src/village_interfaces/install/village_interfaces/local/lib/python3.10/dist-packages/village_interfaces/village_interfaces_s__rosidl_typesupport_introspection_c.cpython-310-x86_64-linux-gnu.so
[2.645s] Listing '/home/line/town_ws/src/village_interfaces/install/village_interfaces/local/lib/python3.10/dist-packages/village_interfaces'...
[2.646s] Compiling '/home/line/town_ws/src/village_interfaces/install/village_interfaces/local/lib/python3.10/dist-packages/village_interfaces/__init__.py'...
[2.646s] Listing '/home/line/town_ws/src/village_interfaces/install/village_interfaces/local/lib/python3.10/dist-packages/village_interfaces/msg'...
[2.646s] Compiling '/home/line/town_ws/src/village_interfaces/install/village_interfaces/local/lib/python3.10/dist-packages/village_interfaces/msg/__init__.py'...
[2.646s] Compiling '/home/line/town_ws/src/village_interfaces/install/village_interfaces/local/lib/python3.10/dist-packages/village_interfaces/msg/_novel.py'...
[2.646s] Listing '/home/line/town_ws/src/village_interfaces/install/village_interfaces/local/lib/python3.10/dist-packages/village_interfaces/srv'...
[2.646s] Compiling '/home/line/town_ws/src/village_interfaces/install/village_interfaces/local/lib/python3.10/dist-packages/village_interfaces/srv/__init__.py'...
[2.646s] Compiling '/home/line/town_ws/src/village_interfaces/install/village_interfaces/local/lib/python3.10/dist-packages/village_interfaces/srv/_borrow_money.py'...
[2.648s] -- Installing: /home/line/town_ws/src/village_interfaces/install/village_interfaces/local/lib/python3.10/dist-packages/village_interfaces/village_interfaces_s__rosidl_typesupport_fastrtps_c.cpython-310-x86_64-linux-gnu.so
[2.648s] -- Set runtime path of "/home/line/town_ws/src/village_interfaces/install/village_interfaces/local/lib/python3.10/dist-packages/village_interfaces/village_interfaces_s__rosidl_typesupport_fastrtps_c.cpython-310-x86_64-linux-gnu.so" to ""
[2.649s] -- Installing: /home/line/town_ws/src/village_interfaces/install/village_interfaces/local/lib/python3.10/dist-packages/village_interfaces/village_interfaces_s__rosidl_typesupport_introspection_c.cpython-310-x86_64-linux-gnu.so
[2.649s] -- Set runtime path of "/home/line/town_ws/src/village_interfaces/install/village_interfaces/local/lib/python3.10/dist-packages/village_interfaces/village_interfaces_s__rosidl_typesupport_introspection_c.cpython-310-x86_64-linux-gnu.so" to ""
[2.649s] -- Installing: /home/line/town_ws/src/village_interfaces/install/village_interfaces/local/lib/python3.10/dist-packages/village_interfaces/village_interfaces_s__rosidl_typesupport_c.cpython-310-x86_64-linux-gnu.so
[2.649s] -- Set runtime path of "/home/line/town_ws/src/village_interfaces/install/village_interfaces/local/lib/python3.10/dist-packages/village_interfaces/village_interfaces_s__rosidl_typesupport_c.cpython-310-x86_64-linux-gnu.so" to ""
[2.649s] -- Installing: /home/line/town_ws/src/village_interfaces/install/village_interfaces/lib/libvillage_interfaces__rosidl_generator_py.so
[2.649s] -- Set runtime path of "/home/line/town_ws/src/village_interfaces/install/village_interfaces/lib/libvillage_interfaces__rosidl_generator_py.so" to ""
[2.649s] -- Installing: /home/line/town_ws/src/village_interfaces/install/village_interfaces/share/ament_index/resource_index/rust_packages/village_interfaces
[2.649s] -- Installing: /home/line/town_ws/src/village_interfaces/install/village_interfaces/share/village_interfaces/rust
[2.649s] -- Installing: /home/line/town_ws/src/village_interfaces/install/village_interfaces/share/village_interfaces/rust/src
[2.649s] -- Installing: /home/line/town_ws/src/village_interfaces/install/village_interfaces/share/village_interfaces/rust/src/msg
[2.649s] -- Installing: /home/line/town_ws/src/village_interfaces/install/village_interfaces/share/village_interfaces/rust/src/msg/rmw.rs
[2.649s] -- Installing: /home/line/town_ws/src/village_interfaces/install/village_interfaces/share/village_interfaces/rust/src/lib.rs
[2.649s] -- Installing: /home/line/town_ws/src/village_interfaces/install/village_interfaces/share/village_interfaces/rust/src/srv
[2.649s] -- Installing: /home/line/town_ws/src/village_interfaces/install/village_interfaces/share/village_interfaces/rust/src/srv/rmw.rs
[2.649s] -- Installing: /home/line/town_ws/src/village_interfaces/install/village_interfaces/share/village_interfaces/rust/src/msg.rs
[2.649s] -- Installing: /home/line/town_ws/src/village_interfaces/install/village_interfaces/share/village_interfaces/rust/src/srv.rs
[2.649s] -- Installing: /home/line/town_ws/src/village_interfaces/install/village_interfaces/share/village_interfaces/rust/build.rs
[2.649s] -- Installing: /home/line/town_ws/src/village_interfaces/install/village_interfaces/share/village_interfaces/rust/Cargo.toml
[2.649s] -- Installing: /home/line/town_ws/src/village_interfaces/install/village_interfaces/share/village_interfaces/msg/Novel.idl
[2.649s] -- Installing: /home/line/town_ws/src/village_interfaces/install/village_interfaces/share/village_interfaces/srv/BorrowMoney.idl
[2.649s] -- Installing: /home/line/town_ws/src/village_interfaces/install/village_interfaces/share/village_interfaces/msg/Novel.msg
[2.649s] -- Installing: /home/line/town_ws/src/village_interfaces/install/village_interfaces/share/village_interfaces/srv/BorrowMoney.srv
[2.649s] -- Installing: /home/line/town_ws/src/village_interfaces/install/village_interfaces/share/village_interfaces/srv/BorrowMoney_Request.msg
[2.649s] -- Installing: /home/line/town_ws/src/village_interfaces/install/village_interfaces/share/village_interfaces/srv/BorrowMoney_Response.msg
[2.650s] -- Installing: /home/line/town_ws/src/village_interfaces/install/village_interfaces/share/ament_index/resource_index/package_run_dependencies/village_interfaces
[2.650s] -- Installing: /home/line/town_ws/src/village_interfaces/install/village_interfaces/share/ament_index/resource_index/parent_prefix_path/village_interfaces
[2.650s] -- Installing: /home/line/town_ws/src/village_interfaces/install/village_interfaces/share/village_interfaces/environment/ament_prefix_path.sh
[2.650s] -- Installing: /home/line/town_ws/src/village_interfaces/install/village_interfaces/share/village_interfaces/environment/ament_prefix_path.dsv
[2.650s] -- Installing: /home/line/town_ws/src/village_interfaces/install/village_interfaces/share/village_interfaces/environment/path.sh
[2.650s] -- Installing: /home/line/town_ws/src/village_interfaces/install/village_interfaces/share/village_interfaces/environment/path.dsv
[2.650s] -- Installing: /home/line/town_ws/src/village_interfaces/install/village_interfaces/share/village_interfaces/local_setup.bash
[2.650s] -- Installing: /home/line/town_ws/src/village_interfaces/install/village_interfaces/share/village_interfaces/local_setup.sh
[2.650s] -- Installing: /home/line/town_ws/src/village_interfaces/install/village_interfaces/share/village_interfaces/local_setup.zsh
[2.650s] -- Installing: /home/line/town_ws/src/village_interfaces/install/village_interfaces/share/village_interfaces/local_setup.dsv
[2.650s] -- Installing: /home/line/town_ws/src/village_interfaces/install/village_interfaces/share/village_interfaces/package.dsv
[2.650s] -- Installing: /home/line/town_ws/src/village_interfaces/install/village_interfaces/share/ament_index/resource_index/packages/village_interfaces
[2.650s] -- Installing: /home/line/town_ws/src/village_interfaces/install/village_interfaces/share/village_interfaces/cmake/export_village_interfaces__rosidl_generator_cExport.cmake
[2.650s] -- Installing: /home/line/town_ws/src/village_interfaces/install/village_interfaces/share/village_interfaces/cmake/export_village_interfaces__rosidl_generator_cExport-noconfig.cmake
[2.650s] -- Installing: /home/line/town_ws/src/village_interfaces/install/village_interfaces/share/village_interfaces/cmake/export_village_interfaces__rosidl_typesupport_fastrtps_cExport.cmake
[2.650s] -- Installing: /home/line/town_ws/src/village_interfaces/install/village_interfaces/share/village_interfaces/cmake/export_village_interfaces__rosidl_typesupport_fastrtps_cExport-noconfig.cmake
[2.650s] -- Installing: /home/line/town_ws/src/village_interfaces/install/village_interfaces/share/village_interfaces/cmake/export_village_interfaces__rosidl_generator_cppExport.cmake
[2.650s] -- Installing: /home/line/town_ws/src/village_interfaces/install/village_interfaces/share/village_interfaces/cmake/export_village_interfaces__rosidl_typesupport_fastrtps_cppExport.cmake
[2.650s] -- Installing: /home/line/town_ws/src/village_interfaces/install/village_interfaces/share/village_interfaces/cmake/export_village_interfaces__rosidl_typesupport_fastrtps_cppExport-noconfig.cmake
[2.650s] -- Installing: /home/line/town_ws/src/village_interfaces/install/village_interfaces/share/village_interfaces/cmake/village_interfaces__rosidl_typesupport_introspection_cExport.cmake
[2.651s] -- Installing: /home/line/town_ws/src/village_interfaces/install/village_interfaces/share/village_interfaces/cmake/village_interfaces__rosidl_typesupport_introspection_cExport-noconfig.cmake
[2.651s] -- Installing: /home/line/town_ws/src/village_interfaces/install/village_interfaces/share/village_interfaces/cmake/village_interfaces__rosidl_typesupport_cExport.cmake
[2.651s] -- Installing: /home/line/town_ws/src/village_interfaces/install/village_interfaces/share/village_interfaces/cmake/village_interfaces__rosidl_typesupport_cExport-noconfig.cmake
[2.651s] -- Installing: /home/line/town_ws/src/village_interfaces/install/village_interfaces/share/village_interfaces/cmake/village_interfaces__rosidl_typesupport_introspection_cppExport.cmake
[2.651s] -- Installing: /home/line/town_ws/src/village_interfaces/install/village_interfaces/share/village_interfaces/cmake/village_interfaces__rosidl_typesupport_introspection_cppExport-noconfig.cmake
[2.651s] -- Installing: /home/line/town_ws/src/village_interfaces/install/village_interfaces/share/village_interfaces/cmake/village_interfaces__rosidl_typesupport_cppExport.cmake
[2.651s] -- Installing: /home/line/town_ws/src/village_interfaces/install/village_interfaces/share/village_interfaces/cmake/village_interfaces__rosidl_typesupport_cppExport-noconfig.cmake
[2.651s] -- Installing: /home/line/town_ws/src/village_interfaces/install/village_interfaces/share/village_interfaces/cmake/export_village_interfaces__rosidl_generator_pyExport.cmake
[2.651s] -- Installing: /home/line/town_ws/src/village_interfaces/install/village_interfaces/share/village_interfaces/cmake/export_village_interfaces__rosidl_generator_pyExport-noconfig.cmake
[2.651s] -- Installing: /home/line/town_ws/src/village_interfaces/install/village_interfaces/share/village_interfaces/cmake/rosidl_cmake-extras.cmake
[2.651s] -- Installing: /home/line/town_ws/src/village_interfaces/install/village_interfaces/share/village_interfaces/cmake/ament_cmake_export_dependencies-extras.cmake
[2.651s] -- Installing: /home/line/town_ws/src/village_interfaces/install/village_interfaces/share/village_interfaces/cmake/ament_cmake_export_include_directories-extras.cmake
[2.651s] -- Installing: /home/line/town_ws/src/village_interfaces/install/village_interfaces/share/village_interfaces/cmake/ament_cmake_export_libraries-extras.cmake
[2.651s] -- Installing: /home/line/town_ws/src/village_interfaces/install/village_interfaces/share/village_interfaces/cmake/ament_cmake_export_targets-extras.cmake
[2.651s] -- Installing: /home/line/town_ws/src/village_interfaces/install/village_interfaces/share/village_interfaces/cmake/rosidl_cmake_export_typesupport_targets-extras.cmake
[2.651s] -- Installing: /home/line/town_ws/src/village_interfaces/install/village_interfaces/share/village_interfaces/cmake/rosidl_cmake_export_typesupport_libraries-extras.cmake
[2.651s] -- Installing: /home/line/town_ws/src/village_interfaces/install/village_interfaces/share/village_interfaces/cmake/village_interfacesConfig.cmake
[2.651s] -- Installing: /home/line/town_ws/src/village_interfaces/install/village_interfaces/share/village_interfaces/cmake/village_interfacesConfig-version.cmake
[2.651s] -- Installing: /home/line/town_ws/src/village_interfaces/install/village_interfaces/share/village_interfaces/package.xml
[2.653s] Invoked command in '/home/line/town_ws/src/village_interfaces/build/village_interfaces' returned '0': CMAKE_PREFIX_PATH=/opt/ros/humble /usr/bin/cmake --install /home/line/town_ws/src/village_interfaces/build/village_interfaces
