[0.005s] Invoking command in '/home/line/town_ws/src/build/village_wang': CMAKE_PREFIX_PATH=/opt/ros/humble /usr/bin/cmake /home/line/town_ws/src/village_wang -DCMAKE_INSTALL_PREFIX=/home/line/town_ws/src/install/village_wang
[0.071s] -- The C compiler identification is GNU 11.4.0
[0.125s] -- The CXX compiler identification is GNU 11.4.0
[0.130s] -- Detecting C compiler ABI info
[0.195s] -- Detecting C compiler ABI info - done
[0.202s] -- Check for working C compiler: /usr/bin/cc - skipped
[0.202s] -- Detecting C compile features
[0.202s] -- Detecting C compile features - done
[0.204s] -- Detecting CXX compiler ABI info
[0.280s] -- Detecting CXX compiler ABI info - done
[0.285s] -- Check for working CXX compiler: /usr/bin/c++ - skipped
[0.286s] -- Detecting CXX compile features
[0.286s] -- Detecting CXX compile features - done
[0.287s] -- Found ament_cmake: 1.3.14 (/opt/ros/humble/share/ament_cmake/cmake)
[0.391s] -- Found Python3: /usr/bin/python3 (found version "3.10.12") found components: Interpreter 
[0.438s] -- Found rclcpp: 16.0.19 (/opt/ros/humble/share/rclcpp/cmake)
[0.458s] -- Found rosidl_generator_c: 3.1.8 (/opt/ros/humble/share/rosidl_generator_c/cmake)
[0.459s] -- Found rosidl_adapter: 3.1.8 (/opt/ros/humble/share/rosidl_adapter/cmake)
[0.463s] -- Found rosidl_generator_cpp: 3.1.8 (/opt/ros/humble/share/rosidl_generator_cpp/cmake)
[0.469s] -- Using all available rosidl_typesupport_c: rosidl_typesupport_fastrtps_c;rosidl_typesupport_introspection_c
[0.476s] -- Using all available rosidl_typesupport_cpp: rosidl_typesupport_fastrtps_cpp;rosidl_typesupport_introspection_cpp
[0.495s] -- Found rmw_implementation_cmake: 6.1.2 (/opt/ros/humble/share/rmw_implementation_cmake/cmake)
[0.496s] -- Found rmw_fastrtps_cpp: 6.2.10 (/opt/ros/humble/share/rmw_fastrtps_cpp/cmake)
[0.562s] -- Found OpenSSL: /usr/lib/x86_64-linux-gnu/libcrypto.so (found version "3.0.2")  
[0.590s] -- Found FastRTPS: /opt/ros/humble/include  
[0.629s] -- Using RMW implementation 'rmw_fastrtps_cpp' as default
[0.636s] -- Looking for pthread.h
[0.697s] -- Looking for pthread.h - found
[0.697s] -- Performing Test CMAKE_HAVE_LIBC_PTHREAD
[0.758s] -- Performing Test CMAKE_HAVE_LIBC_PTHREAD - Success
[0.759s] -- Found Threads: TRUE  
[0.791s] -- Found ament_lint_auto: 0.12.15 (/opt/ros/humble/share/ament_lint_auto/cmake)
[0.830s] -- Added test 'cppcheck' to perform static code analysis on C / C++ code
[0.830s] -- Configured cppcheck include dirs: 
[0.830s] -- Configured cppcheck exclude dirs and/or files: 
[0.830s] -- Added test 'lint_cmake' to check CMake code style
[0.830s] -- Added test 'uncrustify' to check C / C++ code style
[0.830s] -- Configured uncrustify additional arguments: 
[0.830s] -- Added test 'xmllint' to check XML markup files
[0.831s] -- Configuring done
[0.833s] -- Generating done
[0.834s] -- Build files have been written to: /home/line/town_ws/src/build/village_wang
[0.841s] Invoked command in '/home/line/town_ws/src/build/village_wang' returned '0': CMAKE_PREFIX_PATH=/opt/ros/humble /usr/bin/cmake /home/line/town_ws/src/village_wang -DCMAKE_INSTALL_PREFIX=/home/line/town_ws/src/install/village_wang
[0.841s] Invoking command in '/home/line/town_ws/src/build/village_wang': CMAKE_PREFIX_PATH=/opt/ros/humble /usr/bin/cmake --build /home/line/town_ws/src/build/village_wang -- -j20 -l20
[0.877s] Invoked command in '/home/line/town_ws/src/build/village_wang' returned '0': CMAKE_PREFIX_PATH=/opt/ros/humble /usr/bin/cmake --build /home/line/town_ws/src/build/village_wang -- -j20 -l20
[0.883s] Invoking command in '/home/line/town_ws/src/build/village_wang': CMAKE_PREFIX_PATH=/opt/ros/humble /usr/bin/cmake --install /home/line/town_ws/src/build/village_wang
[0.888s] -- Install configuration: ""
[0.888s] -- Installing: /home/line/town_ws/src/install/village_wang/share/ament_index/resource_index/package_run_dependencies/village_wang
[0.888s] -- Installing: /home/line/town_ws/src/install/village_wang/share/ament_index/resource_index/parent_prefix_path/village_wang
[0.888s] -- Installing: /home/line/town_ws/src/install/village_wang/share/village_wang/environment/ament_prefix_path.sh
[0.888s] -- Installing: /home/line/town_ws/src/install/village_wang/share/village_wang/environment/ament_prefix_path.dsv
[0.888s] -- Installing: /home/line/town_ws/src/install/village_wang/share/village_wang/environment/path.sh
[0.888s] -- Installing: /home/line/town_ws/src/install/village_wang/share/village_wang/environment/path.dsv
[0.888s] -- Installing: /home/line/town_ws/src/install/village_wang/share/village_wang/local_setup.bash
[0.888s] -- Installing: /home/line/town_ws/src/install/village_wang/share/village_wang/local_setup.sh
[0.888s] -- Installing: /home/line/town_ws/src/install/village_wang/share/village_wang/local_setup.zsh
[0.888s] -- Installing: /home/line/town_ws/src/install/village_wang/share/village_wang/local_setup.dsv
[0.888s] -- Installing: /home/line/town_ws/src/install/village_wang/share/village_wang/package.dsv
[0.888s] -- Installing: /home/line/town_ws/src/install/village_wang/share/ament_index/resource_index/packages/village_wang
[0.888s] -- Installing: /home/line/town_ws/src/install/village_wang/share/village_wang/cmake/village_wangConfig.cmake
[0.888s] -- Installing: /home/line/town_ws/src/install/village_wang/share/village_wang/cmake/village_wangConfig-version.cmake
[0.888s] -- Installing: /home/line/town_ws/src/install/village_wang/share/village_wang/package.xml
[0.890s] Invoked command in '/home/line/town_ws/src/build/village_wang' returned '0': CMAKE_PREFIX_PATH=/opt/ros/humble /usr/bin/cmake --install /home/line/town_ws/src/build/village_wang
