[0.129s] Invoking command in '/home/line/town_ws/build/village_wang': AMENT_PREFIX_PATH=/home/line/town_ws/install/village_interfaces:${AMENT_PREFIX_PATH} CMAKE_PREFIX_PATH=/home/line/town_ws/install/village_interfaces:/opt/ros/humble LD_LIBRARY_PATH=/home/line/town_ws/install/village_interfaces/lib:${LD_LIBRARY_PATH} PYTHONPATH=/home/line/town_ws/install/village_interfaces/local/lib/python3.10/dist-packages:${PYTHONPATH} /usr/bin/cmake --build /home/line/town_ws/build/village_wang -- -j20 -l20
[0.169s] [100%] Built target wang2_node
[0.251s] Invoked command in '/home/line/town_ws/build/village_wang' returned '0': AMENT_PREFIX_PATH=/home/line/town_ws/install/village_interfaces:${AMENT_PREFIX_PATH} CMAKE_PREFIX_PATH=/home/line/town_ws/install/village_interfaces:/opt/ros/humble LD_LIBRARY_PATH=/home/line/town_ws/install/village_interfaces/lib:${LD_LIBRARY_PATH} PYTHONPATH=/home/line/town_ws/install/village_interfaces/local/lib/python3.10/dist-packages:${PYTHONPATH} /usr/bin/cmake --build /home/line/town_ws/build/village_wang -- -j20 -l20
[0.252s] Invoking command in '/home/line/town_ws/build/village_wang': AMENT_PREFIX_PATH=/home/line/town_ws/install/village_interfaces:${AMENT_PREFIX_PATH} CMAKE_PREFIX_PATH=/home/line/town_ws/install/village_interfaces:/opt/ros/humble LD_LIBRARY_PATH=/home/line/town_ws/install/village_interfaces/lib:${LD_LIBRARY_PATH} PYTHONPATH=/home/line/town_ws/install/village_interfaces/local/lib/python3.10/dist-packages:${PYTHONPATH} /usr/bin/cmake --install /home/line/town_ws/build/village_wang
[0.259s] -- Install configuration: ""
[0.259s] -- Execute custom install script
[0.259s] -- Up-to-date symlink: /home/line/town_ws/install/village_wang/share/ament_index/resource_index/package_run_dependencies/village_wang
[0.259s] -- Up-to-date symlink: /home/line/town_ws/install/village_wang/share/ament_index/resource_index/parent_prefix_path/village_wang
[0.259s] -- Up-to-date symlink: /home/line/town_ws/install/village_wang/share/village_wang/environment/ament_prefix_path.sh
[0.260s] -- Up-to-date symlink: /home/line/town_ws/install/village_wang/share/village_wang/environment/ament_prefix_path.dsv
[0.260s] -- Up-to-date symlink: /home/line/town_ws/install/village_wang/share/village_wang/environment/path.sh
[0.260s] -- Up-to-date symlink: /home/line/town_ws/install/village_wang/share/village_wang/environment/path.dsv
[0.260s] -- Up-to-date symlink: /home/line/town_ws/install/village_wang/share/village_wang/local_setup.bash
[0.260s] -- Up-to-date symlink: /home/line/town_ws/install/village_wang/share/village_wang/local_setup.sh
[0.260s] -- Up-to-date symlink: /home/line/town_ws/install/village_wang/share/village_wang/local_setup.zsh
[0.260s] -- Up-to-date symlink: /home/line/town_ws/install/village_wang/share/village_wang/local_setup.dsv
[0.260s] -- Symlinking: /home/line/town_ws/install/village_wang/share/village_wang/package.dsv
[0.267s] -- Up-to-date symlink: /home/line/town_ws/install/village_wang/share/ament_index/resource_index/packages/village_wang
[0.267s] -- Up-to-date symlink: /home/line/town_ws/install/village_wang/share/village_wang/cmake/village_wangConfig.cmake
[0.267s] -- Up-to-date symlink: /home/line/town_ws/install/village_wang/share/village_wang/cmake/village_wangConfig-version.cmake
[0.267s] -- Up-to-date symlink: /home/line/town_ws/install/village_wang/share/village_wang/package.xml
[0.268s] -- Up-to-date symlink: /home/line/town_ws/install/village_wang/lib/village_wang/wang2_node
[0.268s] -- Up-to-date symlink: /home/line/town_ws/install/village_wang/share/village_wang/launch/village.launch.py
[0.269s] Invoked command in '/home/line/town_ws/build/village_wang' returned '0': AMENT_PREFIX_PATH=/home/line/town_ws/install/village_interfaces:${AMENT_PREFIX_PATH} CMAKE_PREFIX_PATH=/home/line/town_ws/install/village_interfaces:/opt/ros/humble LD_LIBRARY_PATH=/home/line/town_ws/install/village_interfaces/lib:${LD_LIBRARY_PATH} PYTHONPATH=/home/line/town_ws/install/village_interfaces/local/lib/python3.10/dist-packages:${PYTHONPATH} /usr/bin/cmake --install /home/line/town_ws/build/village_wang
