/home/line/town_ws/install/village_li/lib/python3.10/site-packages/village_li/li4.py
/home/line/town_ws/install/village_li/lib/python3.10/site-packages/village_li/__init__.py
/home/line/town_ws/install/village_li/lib/python3.10/site-packages/village_li/li3_free.py
/home/line/town_ws/install/village_li/lib/python3.10/site-packages/village_li/li4_pop.py
/home/line/town_ws/install/village_li/lib/python3.10/site-packages/village_li/__pycache__/li4.cpython-310.pyc
/home/line/town_ws/install/village_li/lib/python3.10/site-packages/village_li/__pycache__/__init__.cpython-310.pyc
/home/line/town_ws/install/village_li/lib/python3.10/site-packages/village_li/__pycache__/li3_free.cpython-310.pyc
/home/line/town_ws/install/village_li/lib/python3.10/site-packages/village_li/__pycache__/li4_pop.cpython-310.pyc
/home/line/town_ws/install/village_li/share/ament_index/resource_index/packages/village_li
/home/line/town_ws/install/village_li/share/village_li/package.xml
/home/line/town_ws/install/village_li/share/village_li/launch/village.launch.py
/home/line/town_ws/install/village_li/lib/python3.10/site-packages/village_li-0.0.0-py3.10.egg-info/top_level.txt
/home/line/town_ws/install/village_li/lib/python3.10/site-packages/village_li-0.0.0-py3.10.egg-info/entry_points.txt
/home/line/town_ws/install/village_li/lib/python3.10/site-packages/village_li-0.0.0-py3.10.egg-info/dependency_links.txt
/home/line/town_ws/install/village_li/lib/python3.10/site-packages/village_li-0.0.0-py3.10.egg-info/SOURCES.txt
/home/line/town_ws/install/village_li/lib/python3.10/site-packages/village_li-0.0.0-py3.10.egg-info/requires.txt
/home/line/town_ws/install/village_li/lib/python3.10/site-packages/village_li-0.0.0-py3.10.egg-info/zip-safe
/home/line/town_ws/install/village_li/lib/python3.10/site-packages/village_li-0.0.0-py3.10.egg-info/PKG-INFO
/home/line/town_ws/install/village_li/lib/village_li/li3_node
/home/line/town_ws/install/village_li/lib/village_li/li4_node
