[0.055s] DEBUG:colcon:Command line arguments: ['/usr/bin/colcon', 'build']
[0.055s] DEBUG:colcon:Parsed command line arguments: Namespace(log_base=None, log_level=None, verb_name='build', build_base='build', install_base='install', merge_install=False, symlink_install=False, test_result_base=None, continue_on_error=False, executor='parallel', parallel_workers=20, event_handlers=None, ignore_user_meta=False, metas=['./colcon.meta'], base_paths=['.'], packages_ignore=None, packages_ignore_regex=None, paths=None, packages_up_to=None, packages_up_to_regex=None, packages_above=None, packages_above_and_dependencies=None, packages_above_depth=None, packages_select_by_dep=None, packages_skip_by_dep=None, packages_skip_up_to=None, packages_select_build_failed=False, packages_skip_build_finished=False, packages_select_test_failures=False, packages_skip_test_passed=False, packages_select=None, packages_skip=None, packages_select_regex=None, packages_skip_regex=None, packages_start=None, packages_end=None, allow_overriding=[], cmake_args=None, cmake_target=None, cmake_target_skip_unavailable=False, cmake_clean_cache=False, cmake_clean_first=False, cmake_force_configure=False, ament_cmake_args=None, catkin_cmake_args=None, catkin_skip_building_tests=False, verb_parser=<colcon_defaults.argument_parser.defaults.DefaultArgumentsDecorator object at 0x7d04ce065e10>, verb_extension=<colcon_core.verb.build.BuildVerb object at 0x7d04ce065870>, main=<bound method BuildVerb.main of <colcon_core.verb.build.BuildVerb object at 0x7d04ce065870>>)
[0.077s] Level 1:colcon.colcon_core.package_discovery:discover_packages(colcon_meta) check parameters
[0.077s] Level 1:colcon.colcon_core.package_discovery:discover_packages(recursive) check parameters
[0.077s] Level 1:colcon.colcon_core.package_discovery:discover_packages(ignore) check parameters
[0.077s] Level 1:colcon.colcon_core.package_discovery:discover_packages(path) check parameters
[0.077s] Level 1:colcon.colcon_core.package_discovery:discover_packages(colcon_meta) discover
[0.077s] Level 1:colcon.colcon_core.package_discovery:discover_packages(recursive) discover
[0.077s] INFO:colcon.colcon_core.package_discovery:Crawling recursively for packages in '/home/line/town_ws/src'
[0.077s] Level 1:colcon.colcon_core.package_identification:_identify(.) by extensions ['ignore', 'ignore_ament_install']
[0.078s] Level 1:colcon.colcon_core.package_identification:_identify(.) by extension 'ignore'
[0.078s] Level 1:colcon.colcon_core.package_identification:_identify(.) by extension 'ignore_ament_install'
[0.078s] Level 1:colcon.colcon_core.package_identification:_identify(.) by extensions ['colcon_pkg']
[0.078s] Level 1:colcon.colcon_core.package_identification:_identify(.) by extension 'colcon_pkg'
[0.078s] Level 1:colcon.colcon_core.package_identification:_identify(.) by extensions ['colcon_meta']
[0.078s] Level 1:colcon.colcon_core.package_identification:_identify(.) by extension 'colcon_meta'
[0.078s] Level 1:colcon.colcon_core.package_identification:_identify(.) by extensions ['ros']
[0.078s] Level 1:colcon.colcon_core.package_identification:_identify(.) by extension 'ros'
[0.086s] Level 1:colcon.colcon_core.package_identification:_identify(.) by extensions ['cmake', 'python']
[0.086s] Level 1:colcon.colcon_core.package_identification:_identify(.) by extension 'cmake'
[0.086s] Level 1:colcon.colcon_core.package_identification:_identify(.) by extension 'python'
[0.086s] Level 1:colcon.colcon_core.package_identification:_identify(.) by extensions ['python_setup_py']
[0.086s] Level 1:colcon.colcon_core.package_identification:_identify(.) by extension 'python_setup_py'
[0.086s] Level 1:colcon.colcon_core.package_identification:_identify(build) by extensions ['ignore', 'ignore_ament_install']
[0.086s] Level 1:colcon.colcon_core.package_identification:_identify(build) by extension 'ignore'
[0.086s] Level 1:colcon.colcon_core.package_identification:_identify(build) ignored
[0.086s] Level 1:colcon.colcon_core.package_identification:_identify(install) by extensions ['ignore', 'ignore_ament_install']
[0.086s] Level 1:colcon.colcon_core.package_identification:_identify(install) by extension 'ignore'
[0.086s] Level 1:colcon.colcon_core.package_identification:_identify(install) ignored
[0.086s] Level 1:colcon.colcon_core.package_identification:_identify(log) by extensions ['ignore', 'ignore_ament_install']
[0.087s] Level 1:colcon.colcon_core.package_identification:_identify(log) by extension 'ignore'
[0.087s] Level 1:colcon.colcon_core.package_identification:_identify(log) ignored
[0.087s] Level 1:colcon.colcon_core.package_identification:_identify(village_interfaces) by extensions ['ignore', 'ignore_ament_install']
[0.087s] Level 1:colcon.colcon_core.package_identification:_identify(village_interfaces) by extension 'ignore'
[0.087s] Level 1:colcon.colcon_core.package_identification:_identify(village_interfaces) by extension 'ignore_ament_install'
[0.087s] Level 1:colcon.colcon_core.package_identification:_identify(village_interfaces) by extensions ['colcon_pkg']
[0.087s] Level 1:colcon.colcon_core.package_identification:_identify(village_interfaces) by extension 'colcon_pkg'
[0.087s] Level 1:colcon.colcon_core.package_identification:_identify(village_interfaces) by extensions ['colcon_meta']
[0.087s] Level 1:colcon.colcon_core.package_identification:_identify(village_interfaces) by extension 'colcon_meta'
[0.087s] Level 1:colcon.colcon_core.package_identification:_identify(village_interfaces) by extensions ['ros']
[0.087s] Level 1:colcon.colcon_core.package_identification:_identify(village_interfaces) by extension 'ros'
[0.088s] DEBUG:colcon.colcon_core.package_identification:Package 'village_interfaces' with type 'ros.ament_cmake' and name 'village_interfaces'
[0.088s] Level 1:colcon.colcon_core.package_identification:_identify(village_li) by extensions ['ignore', 'ignore_ament_install']
[0.088s] Level 1:colcon.colcon_core.package_identification:_identify(village_li) by extension 'ignore'
[0.088s] Level 1:colcon.colcon_core.package_identification:_identify(village_li) by extension 'ignore_ament_install'
[0.088s] Level 1:colcon.colcon_core.package_identification:_identify(village_li) by extensions ['colcon_pkg']
[0.088s] Level 1:colcon.colcon_core.package_identification:_identify(village_li) by extension 'colcon_pkg'
[0.088s] Level 1:colcon.colcon_core.package_identification:_identify(village_li) by extensions ['colcon_meta']
[0.088s] Level 1:colcon.colcon_core.package_identification:_identify(village_li) by extension 'colcon_meta'
[0.088s] Level 1:colcon.colcon_core.package_identification:_identify(village_li) by extensions ['ros']
[0.088s] Level 1:colcon.colcon_core.package_identification:_identify(village_li) by extension 'ros'
[0.089s] DEBUG:colcon.colcon_core.package_identification:Package 'village_li' with type 'ros.ament_python' and name 'village_li'
[0.089s] Level 1:colcon.colcon_core.package_identification:_identify(village_wang) by extensions ['ignore', 'ignore_ament_install']
[0.089s] Level 1:colcon.colcon_core.package_identification:_identify(village_wang) by extension 'ignore'
[0.089s] Level 1:colcon.colcon_core.package_identification:_identify(village_wang) by extension 'ignore_ament_install'
[0.089s] Level 1:colcon.colcon_core.package_identification:_identify(village_wang) by extensions ['colcon_pkg']
[0.089s] Level 1:colcon.colcon_core.package_identification:_identify(village_wang) by extension 'colcon_pkg'
[0.089s] Level 1:colcon.colcon_core.package_identification:_identify(village_wang) by extensions ['colcon_meta']
[0.089s] Level 1:colcon.colcon_core.package_identification:_identify(village_wang) by extension 'colcon_meta'
[0.089s] Level 1:colcon.colcon_core.package_identification:_identify(village_wang) by extensions ['ros']
[0.089s] Level 1:colcon.colcon_core.package_identification:_identify(village_wang) by extension 'ros'
[0.089s] DEBUG:colcon.colcon_core.package_identification:Package 'village_wang' with type 'ros.ament_cmake' and name 'village_wang'
[0.089s] Level 1:colcon.colcon_core.package_identification:_identify(village_zhang) by extensions ['ignore', 'ignore_ament_install']
[0.089s] Level 1:colcon.colcon_core.package_identification:_identify(village_zhang) by extension 'ignore'
[0.089s] Level 1:colcon.colcon_core.package_identification:_identify(village_zhang) by extension 'ignore_ament_install'
[0.090s] Level 1:colcon.colcon_core.package_identification:_identify(village_zhang) by extensions ['colcon_pkg']
[0.090s] Level 1:colcon.colcon_core.package_identification:_identify(village_zhang) by extension 'colcon_pkg'
[0.090s] Level 1:colcon.colcon_core.package_identification:_identify(village_zhang) by extensions ['colcon_meta']
[0.090s] Level 1:colcon.colcon_core.package_identification:_identify(village_zhang) by extension 'colcon_meta'
[0.090s] Level 1:colcon.colcon_core.package_identification:_identify(village_zhang) by extensions ['ros']
[0.090s] Level 1:colcon.colcon_core.package_identification:_identify(village_zhang) by extension 'ros'
[0.090s] DEBUG:colcon.colcon_core.package_identification:Package 'village_zhang' with type 'ros.ament_python' and name 'village_zhang'
[0.090s] Level 1:colcon.colcon_core.package_discovery:discover_packages(recursive) using defaults
[0.090s] Level 1:colcon.colcon_core.package_discovery:discover_packages(ignore) discover
[0.090s] Level 1:colcon.colcon_core.package_discovery:discover_packages(ignore) using defaults
[0.090s] Level 1:colcon.colcon_core.package_discovery:discover_packages(path) discover
[0.090s] Level 1:colcon.colcon_core.package_discovery:discover_packages(path) using defaults
[0.103s] Level 1:colcon.colcon_core.package_discovery:discover_packages(prefix_path) check parameters
[0.103s] Level 1:colcon.colcon_core.package_discovery:discover_packages(prefix_path) discover
[0.103s] DEBUG:colcon.colcon_installed_package_information.package_discovery:Found 4 installed packages in /home/line/town_ws/src/install
[0.104s] DEBUG:colcon.colcon_installed_package_information.package_discovery:Found 319 installed packages in /opt/ros/humble
[0.105s] Level 1:colcon.colcon_core.package_discovery:discover_packages(prefix_path) using defaults
[0.123s] Level 5:colcon.colcon_core.verb:set package 'village_interfaces' build argument 'cmake_args' from command line to 'None'
[0.123s] Level 5:colcon.colcon_core.verb:set package 'village_interfaces' build argument 'cmake_target' from command line to 'None'
[0.123s] Level 5:colcon.colcon_core.verb:set package 'village_interfaces' build argument 'cmake_target_skip_unavailable' from command line to 'False'
[0.123s] Level 5:colcon.colcon_core.verb:set package 'village_interfaces' build argument 'cmake_clean_cache' from command line to 'False'
[0.123s] Level 5:colcon.colcon_core.verb:set package 'village_interfaces' build argument 'cmake_clean_first' from command line to 'False'
[0.123s] Level 5:colcon.colcon_core.verb:set package 'village_interfaces' build argument 'cmake_force_configure' from command line to 'False'
[0.123s] Level 5:colcon.colcon_core.verb:set package 'village_interfaces' build argument 'ament_cmake_args' from command line to 'None'
[0.123s] Level 5:colcon.colcon_core.verb:set package 'village_interfaces' build argument 'catkin_cmake_args' from command line to 'None'
[0.123s] Level 5:colcon.colcon_core.verb:set package 'village_interfaces' build argument 'catkin_skip_building_tests' from command line to 'False'
[0.123s] DEBUG:colcon.colcon_core.verb:Building package 'village_interfaces' with the following arguments: {'ament_cmake_args': None, 'build_base': '/home/line/town_ws/src/build/village_interfaces', 'catkin_cmake_args': None, 'catkin_skip_building_tests': False, 'cmake_args': None, 'cmake_clean_cache': False, 'cmake_clean_first': False, 'cmake_force_configure': False, 'cmake_target': None, 'cmake_target_skip_unavailable': False, 'install_base': '/home/line/town_ws/src/install/village_interfaces', 'merge_install': False, 'path': '/home/line/town_ws/src/village_interfaces', 'symlink_install': False, 'test_result_base': None}
[0.124s] Level 5:colcon.colcon_core.verb:set package 'village_li' build argument 'cmake_args' from command line to 'None'
[0.124s] Level 5:colcon.colcon_core.verb:set package 'village_li' build argument 'cmake_target' from command line to 'None'
[0.124s] Level 5:colcon.colcon_core.verb:set package 'village_li' build argument 'cmake_target_skip_unavailable' from command line to 'False'
[0.124s] Level 5:colcon.colcon_core.verb:set package 'village_li' build argument 'cmake_clean_cache' from command line to 'False'
[0.124s] Level 5:colcon.colcon_core.verb:set package 'village_li' build argument 'cmake_clean_first' from command line to 'False'
[0.124s] Level 5:colcon.colcon_core.verb:set package 'village_li' build argument 'cmake_force_configure' from command line to 'False'
[0.124s] Level 5:colcon.colcon_core.verb:set package 'village_li' build argument 'ament_cmake_args' from command line to 'None'
[0.124s] Level 5:colcon.colcon_core.verb:set package 'village_li' build argument 'catkin_cmake_args' from command line to 'None'
[0.124s] Level 5:colcon.colcon_core.verb:set package 'village_li' build argument 'catkin_skip_building_tests' from command line to 'False'
[0.124s] DEBUG:colcon.colcon_core.verb:Building package 'village_li' with the following arguments: {'ament_cmake_args': None, 'build_base': '/home/line/town_ws/src/build/village_li', 'catkin_cmake_args': None, 'catkin_skip_building_tests': False, 'cmake_args': None, 'cmake_clean_cache': False, 'cmake_clean_first': False, 'cmake_force_configure': False, 'cmake_target': None, 'cmake_target_skip_unavailable': False, 'install_base': '/home/line/town_ws/src/install/village_li', 'merge_install': False, 'path': '/home/line/town_ws/src/village_li', 'symlink_install': False, 'test_result_base': None}
[0.124s] Level 5:colcon.colcon_core.verb:set package 'village_wang' build argument 'cmake_args' from command line to 'None'
[0.124s] Level 5:colcon.colcon_core.verb:set package 'village_wang' build argument 'cmake_target' from command line to 'None'
[0.124s] Level 5:colcon.colcon_core.verb:set package 'village_wang' build argument 'cmake_target_skip_unavailable' from command line to 'False'
[0.124s] Level 5:colcon.colcon_core.verb:set package 'village_wang' build argument 'cmake_clean_cache' from command line to 'False'
[0.124s] Level 5:colcon.colcon_core.verb:set package 'village_wang' build argument 'cmake_clean_first' from command line to 'False'
[0.124s] Level 5:colcon.colcon_core.verb:set package 'village_wang' build argument 'cmake_force_configure' from command line to 'False'
[0.124s] Level 5:colcon.colcon_core.verb:set package 'village_wang' build argument 'ament_cmake_args' from command line to 'None'
[0.124s] Level 5:colcon.colcon_core.verb:set package 'village_wang' build argument 'catkin_cmake_args' from command line to 'None'
[0.124s] Level 5:colcon.colcon_core.verb:set package 'village_wang' build argument 'catkin_skip_building_tests' from command line to 'False'
[0.124s] DEBUG:colcon.colcon_core.verb:Building package 'village_wang' with the following arguments: {'ament_cmake_args': None, 'build_base': '/home/line/town_ws/src/build/village_wang', 'catkin_cmake_args': None, 'catkin_skip_building_tests': False, 'cmake_args': None, 'cmake_clean_cache': False, 'cmake_clean_first': False, 'cmake_force_configure': False, 'cmake_target': None, 'cmake_target_skip_unavailable': False, 'install_base': '/home/line/town_ws/src/install/village_wang', 'merge_install': False, 'path': '/home/line/town_ws/src/village_wang', 'symlink_install': False, 'test_result_base': None}
[0.124s] Level 5:colcon.colcon_core.verb:set package 'village_zhang' build argument 'cmake_args' from command line to 'None'
[0.124s] Level 5:colcon.colcon_core.verb:set package 'village_zhang' build argument 'cmake_target' from command line to 'None'
[0.124s] Level 5:colcon.colcon_core.verb:set package 'village_zhang' build argument 'cmake_target_skip_unavailable' from command line to 'False'
[0.124s] Level 5:colcon.colcon_core.verb:set package 'village_zhang' build argument 'cmake_clean_cache' from command line to 'False'
[0.124s] Level 5:colcon.colcon_core.verb:set package 'village_zhang' build argument 'cmake_clean_first' from command line to 'False'
[0.124s] Level 5:colcon.colcon_core.verb:set package 'village_zhang' build argument 'cmake_force_configure' from command line to 'False'
[0.124s] Level 5:colcon.colcon_core.verb:set package 'village_zhang' build argument 'ament_cmake_args' from command line to 'None'
[0.124s] Level 5:colcon.colcon_core.verb:set package 'village_zhang' build argument 'catkin_cmake_args' from command line to 'None'
[0.124s] Level 5:colcon.colcon_core.verb:set package 'village_zhang' build argument 'catkin_skip_building_tests' from command line to 'False'
[0.124s] DEBUG:colcon.colcon_core.verb:Building package 'village_zhang' with the following arguments: {'ament_cmake_args': None, 'build_base': '/home/line/town_ws/src/build/village_zhang', 'catkin_cmake_args': None, 'catkin_skip_building_tests': False, 'cmake_args': None, 'cmake_clean_cache': False, 'cmake_clean_first': False, 'cmake_force_configure': False, 'cmake_target': None, 'cmake_target_skip_unavailable': False, 'install_base': '/home/line/town_ws/src/install/village_zhang', 'merge_install': False, 'path': '/home/line/town_ws/src/village_zhang', 'symlink_install': False, 'test_result_base': None}
[0.124s] INFO:colcon.colcon_core.executor:Executing jobs using 'parallel' executor
[0.125s] DEBUG:colcon.colcon_parallel_executor.executor.parallel:run_until_complete
[0.125s] INFO:colcon.colcon_ros.task.ament_cmake.build:Building ROS package in '/home/line/town_ws/src/village_interfaces' with build type 'ament_cmake'
[0.125s] INFO:colcon.colcon_cmake.task.cmake.build:Building CMake package in '/home/line/town_ws/src/village_interfaces'
[0.126s] INFO:colcon.colcon_core.plugin_system:Skipping extension 'colcon_core.shell.bat': Not used on non-Windows systems
[0.126s] INFO:colcon.colcon_core.shell:Skip shell extension 'powershell' for command environment: Not usable outside of PowerShell
[0.126s] DEBUG:colcon.colcon_core.shell:Skip shell extension 'dsv' for command environment
[0.132s] DEBUG:colcon.colcon_core.event_handler.log_command:Invoking command in '/home/line/town_ws/src/build/village_interfaces': CMAKE_PREFIX_PATH=${CMAKE_PREFIX_PATH}:/home/line/town_ws/src/install/village_zhang:/home/line/town_ws/src/install/village_li:/opt/ros/humble /usr/bin/cmake --build /home/line/town_ws/src/build/village_interfaces -- -j20 -l20
[0.352s] DEBUG:colcon.colcon_core.event_handler.log_command:Invoked command in '/home/line/town_ws/src/build/village_interfaces' returned '0': CMAKE_PREFIX_PATH=${CMAKE_PREFIX_PATH}:/home/line/town_ws/src/install/village_zhang:/home/line/town_ws/src/install/village_li:/opt/ros/humble /usr/bin/cmake --build /home/line/town_ws/src/build/village_interfaces -- -j20 -l20
[0.358s] DEBUG:colcon.colcon_core.event_handler.log_command:Invoking command in '/home/line/town_ws/src/build/village_interfaces': CMAKE_PREFIX_PATH=${CMAKE_PREFIX_PATH}:/home/line/town_ws/src/install/village_zhang:/home/line/town_ws/src/install/village_li:/opt/ros/humble /usr/bin/cmake --install /home/line/town_ws/src/build/village_interfaces
[0.411s] Level 1:colcon.colcon_core.environment:create_environment_scripts_only(village_interfaces)
[0.412s] DEBUG:colcon.colcon_core.event_handler.log_command:Invoked command in '/home/line/town_ws/src/build/village_interfaces' returned '0': CMAKE_PREFIX_PATH=${CMAKE_PREFIX_PATH}:/home/line/town_ws/src/install/village_zhang:/home/line/town_ws/src/install/village_li:/opt/ros/humble /usr/bin/cmake --install /home/line/town_ws/src/build/village_interfaces
[0.414s] Level 1:colcon.colcon_core.environment:checking '/home/line/town_ws/src/install/village_interfaces' for CMake module files
[0.415s] Level 1:colcon.colcon_core.environment:checking '/home/line/town_ws/src/install/village_interfaces' for CMake config files
[0.416s] Level 1:colcon.colcon_core.shell:create_environment_hook('village_interfaces', 'cmake_prefix_path')
[0.416s] INFO:colcon.colcon_core.shell:Creating environment hook '/home/line/town_ws/src/install/village_interfaces/share/village_interfaces/hook/cmake_prefix_path.ps1'
[0.417s] INFO:colcon.colcon_core.shell:Creating environment descriptor '/home/line/town_ws/src/install/village_interfaces/share/village_interfaces/hook/cmake_prefix_path.dsv'
[0.417s] INFO:colcon.colcon_core.shell:Creating environment hook '/home/line/town_ws/src/install/village_interfaces/share/village_interfaces/hook/cmake_prefix_path.sh'
[0.418s] Level 1:colcon.colcon_core.environment:checking '/home/line/town_ws/src/install/village_interfaces/lib'
[0.418s] Level 1:colcon.colcon_core.shell:create_environment_hook('village_interfaces', 'ld_library_path_lib')
[0.418s] INFO:colcon.colcon_core.shell:Creating environment hook '/home/line/town_ws/src/install/village_interfaces/share/village_interfaces/hook/ld_library_path_lib.ps1'
[0.419s] INFO:colcon.colcon_core.shell:Creating environment descriptor '/home/line/town_ws/src/install/village_interfaces/share/village_interfaces/hook/ld_library_path_lib.dsv'
[0.419s] INFO:colcon.colcon_core.shell:Creating environment hook '/home/line/town_ws/src/install/village_interfaces/share/village_interfaces/hook/ld_library_path_lib.sh'
[0.419s] Level 1:colcon.colcon_core.environment:checking '/home/line/town_ws/src/install/village_interfaces/bin'
[0.420s] Level 1:colcon.colcon_core.environment:checking '/home/line/town_ws/src/install/village_interfaces/lib/pkgconfig/village_interfaces.pc'
[0.420s] Level 1:colcon.colcon_core.environment:checking '/home/line/town_ws/src/install/village_interfaces/lib/python3.10/site-packages'
[0.420s] Level 1:colcon.colcon_core.environment:checking '/home/line/town_ws/src/install/village_interfaces/bin'
[0.420s] INFO:colcon.colcon_core.shell:Creating package script '/home/line/town_ws/src/install/village_interfaces/share/village_interfaces/package.ps1'
[0.422s] INFO:colcon.colcon_core.shell:Creating package descriptor '/home/line/town_ws/src/install/village_interfaces/share/village_interfaces/package.dsv'
[0.422s] INFO:colcon.colcon_core.shell:Creating package script '/home/line/town_ws/src/install/village_interfaces/share/village_interfaces/package.sh'
[0.423s] INFO:colcon.colcon_core.shell:Creating package script '/home/line/town_ws/src/install/village_interfaces/share/village_interfaces/package.bash'
[0.423s] INFO:colcon.colcon_core.shell:Creating package script '/home/line/town_ws/src/install/village_interfaces/share/village_interfaces/package.zsh'
[0.424s] Level 1:colcon.colcon_core.environment:create_file_with_runtime_dependencies(/home/line/town_ws/src/install/village_interfaces/share/colcon-core/packages/village_interfaces)
[0.425s] Level 1:colcon.colcon_core.environment:create_environment_scripts_only(village_interfaces)
[0.425s] Level 1:colcon.colcon_core.environment:checking '/home/line/town_ws/src/install/village_interfaces' for CMake module files
[0.426s] Level 1:colcon.colcon_core.environment:checking '/home/line/town_ws/src/install/village_interfaces' for CMake config files
[0.426s] Level 1:colcon.colcon_core.shell:create_environment_hook('village_interfaces', 'cmake_prefix_path')
[0.426s] INFO:colcon.colcon_core.shell:Creating environment hook '/home/line/town_ws/src/install/village_interfaces/share/village_interfaces/hook/cmake_prefix_path.ps1'
[0.508s] INFO:colcon.colcon_core.shell:Creating environment descriptor '/home/line/town_ws/src/install/village_interfaces/share/village_interfaces/hook/cmake_prefix_path.dsv'
[0.509s] INFO:colcon.colcon_core.shell:Creating environment hook '/home/line/town_ws/src/install/village_interfaces/share/village_interfaces/hook/cmake_prefix_path.sh'
[0.509s] Level 1:colcon.colcon_core.environment:checking '/home/line/town_ws/src/install/village_interfaces/lib'
[0.509s] Level 1:colcon.colcon_core.shell:create_environment_hook('village_interfaces', 'ld_library_path_lib')
[0.510s] INFO:colcon.colcon_core.shell:Creating environment hook '/home/line/town_ws/src/install/village_interfaces/share/village_interfaces/hook/ld_library_path_lib.ps1'
[0.510s] INFO:colcon.colcon_core.shell:Creating environment descriptor '/home/line/town_ws/src/install/village_interfaces/share/village_interfaces/hook/ld_library_path_lib.dsv'
[0.510s] INFO:colcon.colcon_core.shell:Creating environment hook '/home/line/town_ws/src/install/village_interfaces/share/village_interfaces/hook/ld_library_path_lib.sh'
[0.511s] Level 1:colcon.colcon_core.environment:checking '/home/line/town_ws/src/install/village_interfaces/bin'
[0.511s] Level 1:colcon.colcon_core.environment:checking '/home/line/town_ws/src/install/village_interfaces/lib/pkgconfig/village_interfaces.pc'
[0.511s] Level 1:colcon.colcon_core.environment:checking '/home/line/town_ws/src/install/village_interfaces/lib/python3.10/site-packages'
[0.511s] Level 1:colcon.colcon_core.environment:checking '/home/line/town_ws/src/install/village_interfaces/bin'
[0.512s] INFO:colcon.colcon_core.shell:Creating package script '/home/line/town_ws/src/install/village_interfaces/share/village_interfaces/package.ps1'
[0.512s] INFO:colcon.colcon_core.shell:Creating package descriptor '/home/line/town_ws/src/install/village_interfaces/share/village_interfaces/package.dsv'
[0.513s] INFO:colcon.colcon_core.shell:Creating package script '/home/line/town_ws/src/install/village_interfaces/share/village_interfaces/package.sh'
[0.513s] INFO:colcon.colcon_core.shell:Creating package script '/home/line/town_ws/src/install/village_interfaces/share/village_interfaces/package.bash'
[0.513s] INFO:colcon.colcon_core.shell:Creating package script '/home/line/town_ws/src/install/village_interfaces/share/village_interfaces/package.zsh'
[0.513s] Level 1:colcon.colcon_core.environment:create_file_with_runtime_dependencies(/home/line/town_ws/src/install/village_interfaces/share/colcon-core/packages/village_interfaces)
[0.514s] INFO:colcon.colcon_ros.task.ament_python.build:Building ROS package in '/home/line/town_ws/src/village_li' with build type 'ament_python'
[0.514s] Level 1:colcon.colcon_core.shell:create_environment_hook('village_li', 'ament_prefix_path')
[0.514s] INFO:colcon.colcon_core.shell:Creating environment hook '/home/line/town_ws/src/install/village_li/share/village_li/hook/ament_prefix_path.ps1'
[0.515s] INFO:colcon.colcon_core.shell:Creating environment descriptor '/home/line/town_ws/src/install/village_li/share/village_li/hook/ament_prefix_path.dsv'
[0.515s] INFO:colcon.colcon_core.shell:Creating environment hook '/home/line/town_ws/src/install/village_li/share/village_li/hook/ament_prefix_path.sh'
[0.516s] INFO:colcon.colcon_core.shell:Skip shell extension 'powershell' for command environment: Not usable outside of PowerShell
[0.516s] DEBUG:colcon.colcon_core.shell:Skip shell extension 'dsv' for command environment
[0.518s] INFO:colcon.colcon_ros.task.ament_cmake.build:Building ROS package in '/home/line/town_ws/src/village_wang' with build type 'ament_cmake'
[0.518s] INFO:colcon.colcon_cmake.task.cmake.build:Building CMake package in '/home/line/town_ws/src/village_wang'
[0.518s] INFO:colcon.colcon_core.shell:Skip shell extension 'powershell' for command environment: Not usable outside of PowerShell
[0.518s] DEBUG:colcon.colcon_core.shell:Skip shell extension 'dsv' for command environment
[0.520s] INFO:colcon.colcon_ros.task.ament_python.build:Building ROS package in '/home/line/town_ws/src/village_zhang' with build type 'ament_python'
[0.520s] Level 1:colcon.colcon_core.shell:create_environment_hook('village_zhang', 'ament_prefix_path')
[0.521s] INFO:colcon.colcon_core.shell:Creating environment hook '/home/line/town_ws/src/install/village_zhang/share/village_zhang/hook/ament_prefix_path.ps1'
[0.521s] INFO:colcon.colcon_core.shell:Creating environment descriptor '/home/line/town_ws/src/install/village_zhang/share/village_zhang/hook/ament_prefix_path.dsv'
[0.521s] INFO:colcon.colcon_core.shell:Creating environment hook '/home/line/town_ws/src/install/village_zhang/share/village_zhang/hook/ament_prefix_path.sh'
[0.521s] INFO:colcon.colcon_core.shell:Skip shell extension 'powershell' for command environment: Not usable outside of PowerShell
[0.521s] DEBUG:colcon.colcon_core.shell:Skip shell extension 'dsv' for command environment
[0.632s] INFO:colcon.colcon_core.task.python.build:Building Python package in '/home/line/town_ws/src/village_li'
[0.632s] INFO:colcon.colcon_core.shell:Skip shell extension 'powershell' for command environment: Not usable outside of PowerShell
[0.632s] DEBUG:colcon.colcon_core.shell:Skip shell extension 'dsv' for command environment
[0.637s] DEBUG:colcon.colcon_core.event_handler.log_command:Invoking command in '/home/line/town_ws/src/build/village_wang': CMAKE_PREFIX_PATH=/home/line/town_ws/src/install/village_interfaces:/home/line/town_ws/src/install/village_wang:/home/line/town_ws/src/install/village_zhang:/home/line/town_ws/src/install/village_li:/opt/ros/humble /usr/bin/cmake --build /home/line/town_ws/src/build/village_wang -- -j20 -l20
[0.740s] INFO:colcon.colcon_core.task.python.build:Building Python package in '/home/line/town_ws/src/village_zhang'
[0.740s] INFO:colcon.colcon_core.shell:Skip shell extension 'powershell' for command environment: Not usable outside of PowerShell
[0.740s] DEBUG:colcon.colcon_core.shell:Skip shell extension 'dsv' for command environment
[0.745s] DEBUG:colcon.colcon_core.event_handler.log_command:Invoked command in '/home/line/town_ws/src/build/village_wang' returned '0': CMAKE_PREFIX_PATH=/home/line/town_ws/src/install/village_interfaces:/home/line/town_ws/src/install/village_wang:/home/line/town_ws/src/install/village_zhang:/home/line/town_ws/src/install/village_li:/opt/ros/humble /usr/bin/cmake --build /home/line/town_ws/src/build/village_wang -- -j20 -l20
[0.745s] DEBUG:colcon.colcon_core.event_handler.log_command:Invoking command in '/home/line/town_ws/src/build/village_wang': CMAKE_PREFIX_PATH=/home/line/town_ws/src/install/village_interfaces:/home/line/town_ws/src/install/village_wang:/home/line/town_ws/src/install/village_zhang:/home/line/town_ws/src/install/village_li:/opt/ros/humble /usr/bin/cmake --install /home/line/town_ws/src/build/village_wang
[0.753s] Level 1:colcon.colcon_core.environment:create_environment_scripts_only(village_wang)
[0.754s] Level 1:colcon.colcon_core.environment:checking '/home/line/town_ws/src/install/village_wang' for CMake module files
[0.754s] DEBUG:colcon.colcon_core.event_handler.log_command:Invoked command in '/home/line/town_ws/src/build/village_wang' returned '0': CMAKE_PREFIX_PATH=/home/line/town_ws/src/install/village_interfaces:/home/line/town_ws/src/install/village_wang:/home/line/town_ws/src/install/village_zhang:/home/line/town_ws/src/install/village_li:/opt/ros/humble /usr/bin/cmake --install /home/line/town_ws/src/build/village_wang
[0.754s] Level 1:colcon.colcon_core.environment:checking '/home/line/town_ws/src/install/village_wang' for CMake config files
[0.754s] Level 1:colcon.colcon_core.shell:create_environment_hook('village_wang', 'cmake_prefix_path')
[0.754s] INFO:colcon.colcon_core.shell:Creating environment hook '/home/line/town_ws/src/install/village_wang/share/village_wang/hook/cmake_prefix_path.ps1'
[0.755s] INFO:colcon.colcon_core.shell:Creating environment descriptor '/home/line/town_ws/src/install/village_wang/share/village_wang/hook/cmake_prefix_path.dsv'
[0.755s] INFO:colcon.colcon_core.shell:Creating environment hook '/home/line/town_ws/src/install/village_wang/share/village_wang/hook/cmake_prefix_path.sh'
[0.755s] Level 1:colcon.colcon_core.environment:checking '/home/line/town_ws/src/install/village_wang/lib'
[0.755s] Level 1:colcon.colcon_core.environment:checking '/home/line/town_ws/src/install/village_wang/bin'
[0.755s] Level 1:colcon.colcon_core.environment:checking '/home/line/town_ws/src/install/village_wang/lib/pkgconfig/village_wang.pc'
[0.755s] Level 1:colcon.colcon_core.environment:checking '/home/line/town_ws/src/install/village_wang/lib/python3.10/site-packages'
[0.755s] Level 1:colcon.colcon_core.environment:checking '/home/line/town_ws/src/install/village_wang/bin'
[0.756s] INFO:colcon.colcon_core.shell:Creating package script '/home/line/town_ws/src/install/village_wang/share/village_wang/package.ps1'
[0.756s] INFO:colcon.colcon_core.shell:Creating package descriptor '/home/line/town_ws/src/install/village_wang/share/village_wang/package.dsv'
[0.756s] INFO:colcon.colcon_core.shell:Creating package script '/home/line/town_ws/src/install/village_wang/share/village_wang/package.sh'
[0.756s] INFO:colcon.colcon_core.shell:Creating package script '/home/line/town_ws/src/install/village_wang/share/village_wang/package.bash'
[0.757s] INFO:colcon.colcon_core.shell:Creating package script '/home/line/town_ws/src/install/village_wang/share/village_wang/package.zsh'
[0.757s] Level 1:colcon.colcon_core.environment:create_file_with_runtime_dependencies(/home/line/town_ws/src/install/village_wang/share/colcon-core/packages/village_wang)
[0.757s] Level 1:colcon.colcon_core.environment:create_environment_scripts_only(village_wang)
[0.757s] Level 1:colcon.colcon_core.environment:checking '/home/line/town_ws/src/install/village_wang' for CMake module files
[0.757s] Level 1:colcon.colcon_core.environment:checking '/home/line/town_ws/src/install/village_wang' for CMake config files
[0.757s] Level 1:colcon.colcon_core.shell:create_environment_hook('village_wang', 'cmake_prefix_path')
[0.757s] INFO:colcon.colcon_core.shell:Creating environment hook '/home/line/town_ws/src/install/village_wang/share/village_wang/hook/cmake_prefix_path.ps1'
[0.758s] INFO:colcon.colcon_core.shell:Creating environment descriptor '/home/line/town_ws/src/install/village_wang/share/village_wang/hook/cmake_prefix_path.dsv'
[0.758s] INFO:colcon.colcon_core.shell:Creating environment hook '/home/line/town_ws/src/install/village_wang/share/village_wang/hook/cmake_prefix_path.sh'
[0.758s] Level 1:colcon.colcon_core.environment:checking '/home/line/town_ws/src/install/village_wang/lib'
[0.758s] Level 1:colcon.colcon_core.environment:checking '/home/line/town_ws/src/install/village_wang/bin'
[0.758s] Level 1:colcon.colcon_core.environment:checking '/home/line/town_ws/src/install/village_wang/lib/pkgconfig/village_wang.pc'
[0.758s] Level 1:colcon.colcon_core.environment:checking '/home/line/town_ws/src/install/village_wang/lib/python3.10/site-packages'
[0.758s] Level 1:colcon.colcon_core.environment:checking '/home/line/town_ws/src/install/village_wang/bin'
[0.759s] INFO:colcon.colcon_core.shell:Creating package script '/home/line/town_ws/src/install/village_wang/share/village_wang/package.ps1'
[0.759s] INFO:colcon.colcon_core.shell:Creating package descriptor '/home/line/town_ws/src/install/village_wang/share/village_wang/package.dsv'
[0.759s] INFO:colcon.colcon_core.shell:Creating package script '/home/line/town_ws/src/install/village_wang/share/village_wang/package.sh'
[0.759s] INFO:colcon.colcon_core.shell:Creating package script '/home/line/town_ws/src/install/village_wang/share/village_wang/package.bash'
[0.760s] INFO:colcon.colcon_core.shell:Creating package script '/home/line/town_ws/src/install/village_wang/share/village_wang/package.zsh'
[0.760s] Level 1:colcon.colcon_core.environment:create_file_with_runtime_dependencies(/home/line/town_ws/src/install/village_wang/share/colcon-core/packages/village_wang)
[0.941s] DEBUG:colcon.colcon_core.task.python.build:Available setuptools commands: build, install_lib, editable_wheel, bdist_rpm, develop, bdist_egg, bdist_wheel, bdist, egg_info, install_headers, build_py, easy_install, extract_messages, alias, install_data, build_scripts, saveopts, check, install_egg_info, build_clib, dist_info, sdist, setopt, bdist_dumb, update_catalog, compile_catalog, build_ext, install, init_catalog, install_scripts, clean, symlink_data, rotate
[0.943s] DEBUG:colcon.colcon_core.event_handler.log_command:Invoking command in '/home/line/town_ws/src/village_li': CMAKE_PREFIX_PATH=/home/line/town_ws/src/install/village_interfaces:/home/line/town_ws/src/install/village_wang PYTHONPATH=/home/line/town_ws/src/build/village_li/prefix_override:/usr/lib/python3/dist-packages/colcon_core/task/python/colcon_distutils_commands:/home/line/town_ws/src/install/village_li/lib/python3.10/site-packages:${PYTHONPATH} /usr/bin/python3 -W ignore:setup.py install is deprecated -W ignore:easy_install command is deprecated setup.py egg_info --egg-base ../build/village_li build --build-base /home/line/town_ws/src/build/village_li/build install --record /home/line/town_ws/src/build/village_li/install.log --install-scripts $base/lib/village_li --single-version-externally-managed install_data
[0.947s] DEBUG:colcon.colcon_core.task.python.build:Available setuptools commands: build, install_lib, editable_wheel, bdist_rpm, develop, bdist_egg, bdist_wheel, bdist, egg_info, install_headers, build_py, easy_install, extract_messages, alias, install_data, build_scripts, saveopts, check, install_egg_info, build_clib, dist_info, sdist, setopt, bdist_dumb, update_catalog, compile_catalog, build_ext, install, init_catalog, install_scripts, clean, symlink_data, rotate
[0.950s] DEBUG:colcon.colcon_core.event_handler.log_command:Invoking command in '/home/line/town_ws/src/village_zhang': CMAKE_PREFIX_PATH=/home/line/town_ws/src/install/village_interfaces:/home/line/town_ws/src/install/village_wang PYTHONPATH=/home/line/town_ws/src/build/village_zhang/prefix_override:/usr/lib/python3/dist-packages/colcon_core/task/python/colcon_distutils_commands:/home/line/town_ws/src/install/village_zhang/lib/python3.10/site-packages:${PYTHONPATH} /usr/bin/python3 -W ignore:setup.py install is deprecated -W ignore:easy_install command is deprecated setup.py egg_info --egg-base ../build/village_zhang build --build-base /home/line/town_ws/src/build/village_zhang/build install --record /home/line/town_ws/src/build/village_zhang/install.log --install-scripts $base/lib/village_zhang --single-version-externally-managed install_data
[1.121s] Level 1:colcon.colcon_core.environment:checking '/home/line/town_ws/src/install/village_li' for CMake module files
[1.121s] DEBUG:colcon.colcon_core.event_handler.log_command:Invoked command in '/home/line/town_ws/src/village_li' returned '0': CMAKE_PREFIX_PATH=/home/line/town_ws/src/install/village_interfaces:/home/line/town_ws/src/install/village_wang PYTHONPATH=/home/line/town_ws/src/build/village_li/prefix_override:/usr/lib/python3/dist-packages/colcon_core/task/python/colcon_distutils_commands:/home/line/town_ws/src/install/village_li/lib/python3.10/site-packages:${PYTHONPATH} /usr/bin/python3 -W ignore:setup.py install is deprecated -W ignore:easy_install command is deprecated setup.py egg_info --egg-base ../build/village_li build --build-base /home/line/town_ws/src/build/village_li/build install --record /home/line/town_ws/src/build/village_li/install.log --install-scripts $base/lib/village_li --single-version-externally-managed install_data
[1.121s] Level 1:colcon.colcon_core.environment:checking '/home/line/town_ws/src/install/village_li' for CMake config files
[1.122s] Level 1:colcon.colcon_core.environment:checking '/home/line/town_ws/src/install/village_li/lib'
[1.122s] Level 1:colcon.colcon_core.environment:checking '/home/line/town_ws/src/install/village_li/bin'
[1.122s] Level 1:colcon.colcon_core.environment:checking '/home/line/town_ws/src/install/village_li/lib/pkgconfig/village_li.pc'
[1.122s] Level 1:colcon.colcon_core.environment:checking '/home/line/town_ws/src/install/village_li/lib/python3.10/site-packages'
[1.122s] Level 1:colcon.colcon_core.shell:create_environment_hook('village_li', 'pythonpath')
[1.122s] INFO:colcon.colcon_core.shell:Creating environment hook '/home/line/town_ws/src/install/village_li/share/village_li/hook/pythonpath.ps1'
[1.122s] INFO:colcon.colcon_core.shell:Creating environment descriptor '/home/line/town_ws/src/install/village_li/share/village_li/hook/pythonpath.dsv'
[1.123s] INFO:colcon.colcon_core.shell:Creating environment hook '/home/line/town_ws/src/install/village_li/share/village_li/hook/pythonpath.sh'
[1.123s] Level 1:colcon.colcon_core.environment:checking '/home/line/town_ws/src/install/village_li/bin'
[1.123s] Level 1:colcon.colcon_core.environment:create_environment_scripts_only(village_li)
[1.123s] INFO:colcon.colcon_core.shell:Creating package script '/home/line/town_ws/src/install/village_li/share/village_li/package.ps1'
[1.123s] INFO:colcon.colcon_core.shell:Creating package descriptor '/home/line/town_ws/src/install/village_li/share/village_li/package.dsv'
[1.124s] INFO:colcon.colcon_core.shell:Creating package script '/home/line/town_ws/src/install/village_li/share/village_li/package.sh'
[1.124s] INFO:colcon.colcon_core.shell:Creating package script '/home/line/town_ws/src/install/village_li/share/village_li/package.bash'
[1.124s] INFO:colcon.colcon_core.shell:Creating package script '/home/line/town_ws/src/install/village_li/share/village_li/package.zsh'
[1.124s] Level 1:colcon.colcon_core.environment:create_file_with_runtime_dependencies(/home/line/town_ws/src/install/village_li/share/colcon-core/packages/village_li)
[1.144s] Level 1:colcon.colcon_core.environment:checking '/home/line/town_ws/src/install/village_zhang' for CMake module files
[1.145s] Level 1:colcon.colcon_core.environment:checking '/home/line/town_ws/src/install/village_zhang' for CMake config files
[1.145s] DEBUG:colcon.colcon_core.event_handler.log_command:Invoked command in '/home/line/town_ws/src/village_zhang' returned '0': CMAKE_PREFIX_PATH=/home/line/town_ws/src/install/village_interfaces:/home/line/town_ws/src/install/village_wang PYTHONPATH=/home/line/town_ws/src/build/village_zhang/prefix_override:/usr/lib/python3/dist-packages/colcon_core/task/python/colcon_distutils_commands:/home/line/town_ws/src/install/village_zhang/lib/python3.10/site-packages:${PYTHONPATH} /usr/bin/python3 -W ignore:setup.py install is deprecated -W ignore:easy_install command is deprecated setup.py egg_info --egg-base ../build/village_zhang build --build-base /home/line/town_ws/src/build/village_zhang/build install --record /home/line/town_ws/src/build/village_zhang/install.log --install-scripts $base/lib/village_zhang --single-version-externally-managed install_data
[1.145s] Level 1:colcon.colcon_core.environment:checking '/home/line/town_ws/src/install/village_zhang/lib'
[1.145s] Level 1:colcon.colcon_core.environment:checking '/home/line/town_ws/src/install/village_zhang/bin'
[1.146s] Level 1:colcon.colcon_core.environment:checking '/home/line/town_ws/src/install/village_zhang/lib/pkgconfig/village_zhang.pc'
[1.146s] Level 1:colcon.colcon_core.environment:checking '/home/line/town_ws/src/install/village_zhang/lib/python3.10/site-packages'
[1.146s] Level 1:colcon.colcon_core.shell:create_environment_hook('village_zhang', 'pythonpath')
[1.146s] INFO:colcon.colcon_core.shell:Creating environment hook '/home/line/town_ws/src/install/village_zhang/share/village_zhang/hook/pythonpath.ps1'
[1.146s] INFO:colcon.colcon_core.shell:Creating environment descriptor '/home/line/town_ws/src/install/village_zhang/share/village_zhang/hook/pythonpath.dsv'
[1.147s] INFO:colcon.colcon_core.shell:Creating environment hook '/home/line/town_ws/src/install/village_zhang/share/village_zhang/hook/pythonpath.sh'
[1.147s] Level 1:colcon.colcon_core.environment:checking '/home/line/town_ws/src/install/village_zhang/bin'
[1.147s] Level 1:colcon.colcon_core.environment:create_environment_scripts_only(village_zhang)
[1.147s] INFO:colcon.colcon_core.shell:Creating package script '/home/line/town_ws/src/install/village_zhang/share/village_zhang/package.ps1'
[1.148s] INFO:colcon.colcon_core.shell:Creating package descriptor '/home/line/town_ws/src/install/village_zhang/share/village_zhang/package.dsv'
[1.148s] INFO:colcon.colcon_core.shell:Creating package script '/home/line/town_ws/src/install/village_zhang/share/village_zhang/package.sh'
[1.148s] INFO:colcon.colcon_core.shell:Creating package script '/home/line/town_ws/src/install/village_zhang/share/village_zhang/package.bash'
[1.148s] INFO:colcon.colcon_core.shell:Creating package script '/home/line/town_ws/src/install/village_zhang/share/village_zhang/package.zsh'
[1.149s] Level 1:colcon.colcon_core.environment:create_file_with_runtime_dependencies(/home/line/town_ws/src/install/village_zhang/share/colcon-core/packages/village_zhang)
[1.149s] DEBUG:colcon.colcon_parallel_executor.executor.parallel:closing loop
[1.149s] DEBUG:colcon.colcon_parallel_executor.executor.parallel:loop closed
[1.149s] DEBUG:colcon.colcon_parallel_executor.executor.parallel:run_until_complete finished with '0'
[1.149s] DEBUG:colcon.colcon_core.event_reactor:joining thread
[1.153s] INFO:colcon.colcon_core.plugin_system:Skipping extension 'colcon_notification.desktop_notification.terminal_notifier': Not used on non-Darwin systems
[1.153s] INFO:colcon.colcon_core.plugin_system:Skipping extension 'colcon_notification.desktop_notification.win32': Not used on non-Windows systems
[1.153s] INFO:colcon.colcon_notification.desktop_notification:Sending desktop notification using 'notify2'
[1.160s] DEBUG:colcon.colcon_core.event_reactor:joined thread
[1.160s] INFO:colcon.colcon_core.shell:Creating prefix script '/home/line/town_ws/src/install/local_setup.ps1'
[1.160s] INFO:colcon.colcon_core.shell:Creating prefix util module '/home/line/town_ws/src/install/_local_setup_util_ps1.py'
[1.161s] INFO:colcon.colcon_core.shell:Creating prefix chain script '/home/line/town_ws/src/install/setup.ps1'
[1.162s] INFO:colcon.colcon_core.shell:Creating prefix script '/home/line/town_ws/src/install/local_setup.sh'
[1.162s] INFO:colcon.colcon_core.shell:Creating prefix util module '/home/line/town_ws/src/install/_local_setup_util_sh.py'
[1.162s] INFO:colcon.colcon_core.shell:Creating prefix chain script '/home/line/town_ws/src/install/setup.sh'
[1.163s] INFO:colcon.colcon_core.shell:Creating prefix script '/home/line/town_ws/src/install/local_setup.bash'
[1.163s] INFO:colcon.colcon_core.shell:Creating prefix chain script '/home/line/town_ws/src/install/setup.bash'
[1.163s] INFO:colcon.colcon_core.shell:Creating prefix script '/home/line/town_ws/src/install/local_setup.zsh'
[1.164s] INFO:colcon.colcon_core.shell:Creating prefix chain script '/home/line/town_ws/src/install/setup.zsh'
