[0.429s] Invoking command in '/home/line/town_ws/src/village_zhang': CMAKE_PREFIX_PATH=/home/line/town_ws/src/install/village_interfaces:/home/line/town_ws/src/install/village_wang PYTHONPATH=/home/line/town_ws/src/build/village_zhang/prefix_override:/usr/lib/python3/dist-packages/colcon_core/task/python/colcon_distutils_commands:/home/line/town_ws/src/install/village_zhang/lib/python3.10/site-packages:${PYTHONPATH} /usr/bin/python3 -W ignore:setup.py install is deprecated -W ignore:easy_install command is deprecated setup.py egg_info --egg-base ../build/village_zhang build --build-base /home/line/town_ws/src/build/village_zhang/build install --record /home/line/town_ws/src/build/village_zhang/install.log --install-scripts $base/lib/village_zhang --single-version-externally-managed install_data
[0.558s] running egg_info
[0.565s] writing ../build/village_zhang/village_zhang.egg-info/PKG-INFO
[0.565s] writing dependency_links to ../build/village_zhang/village_zhang.egg-info/dependency_links.txt
[0.565s] writing entry points to ../build/village_zhang/village_zhang.egg-info/entry_points.txt
[0.565s] writing requirements to ../build/village_zhang/village_zhang.egg-info/requires.txt
[0.565s] writing top-level names to ../build/village_zhang/village_zhang.egg-info/top_level.txt
[0.578s] reading manifest file '../build/village_zhang/village_zhang.egg-info/SOURCES.txt'
[0.579s] writing manifest file '../build/village_zhang/village_zhang.egg-info/SOURCES.txt'
[0.579s] running build
[0.579s] running build_py
[0.579s] copying village_zhang/zhang3.py -> /home/line/town_ws/src/build/village_zhang/build/lib/village_zhang
[0.579s] copying village_zhang/__init__.py -> /home/line/town_ws/src/build/village_zhang/build/lib/village_zhang
[0.579s] running install
[0.582s] running install_lib
[0.588s] running install_data
[0.588s] copying resource/village_zhang -> /home/line/town_ws/src/install/village_zhang/share/ament_index/resource_index/packages
[0.588s] copying package.xml -> /home/line/town_ws/src/install/village_zhang/share/village_zhang
[0.588s] running install_egg_info
[0.595s] removing '/home/line/town_ws/src/install/village_zhang/lib/python3.10/site-packages/village_zhang-0.0.0-py3.10.egg-info' (and everything under it)
[0.595s] Copying ../build/village_zhang/village_zhang.egg-info to /home/line/town_ws/src/install/village_zhang/lib/python3.10/site-packages/village_zhang-0.0.0-py3.10.egg-info
[0.596s] running install_scripts
[0.610s] Installing zhang3_node script to /home/line/town_ws/src/install/village_zhang/lib/village_zhang
[0.610s] writing list of installed files to '/home/line/town_ws/src/build/village_zhang/install.log'
[0.624s] Invoked command in '/home/line/town_ws/src/village_zhang' returned '0': CMAKE_PREFIX_PATH=/home/line/town_ws/src/install/village_interfaces:/home/line/town_ws/src/install/village_wang PYTHONPATH=/home/line/town_ws/src/build/village_zhang/prefix_override:/usr/lib/python3/dist-packages/colcon_core/task/python/colcon_distutils_commands:/home/line/town_ws/src/install/village_zhang/lib/python3.10/site-packages:${PYTHONPATH} /usr/bin/python3 -W ignore:setup.py install is deprecated -W ignore:easy_install command is deprecated setup.py egg_info --egg-base ../build/village_zhang build --build-base /home/line/town_ws/src/build/village_zhang/build install --record /home/line/town_ws/src/build/village_zhang/install.log --install-scripts $base/lib/village_zhang --single-version-externally-managed install_data
