[0.008s] Invoking command in '/home/line/Community_ws/build/community_interfaces': CMAKE_PREFIX_PATH=${CMAKE_PREFIX_PATH}:/home/line/Community_ws/install/building_1:/opt/ros/humble /usr/bin/cmake --build /home/line/Community_ws/build/community_interfaces -- -j20 -l20
[0.030s] -- Found ament_cmake: 1.3.14 (/opt/ros/humble/share/ament_cmake/cmake)
[0.131s] -- Found rosidl_default_generators: 1.2.1 (/opt/ros/humble/share/rosidl_default_generators/cmake)
[0.132s] -- Using all available rosidl_typesupport_c: rosidl_typesupport_fastrtps_c;rosidl_typesupport_introspection_c
[0.133s] -- Found rosidl_adapter: 3.1.9 (/opt/ros/humble/share/rosidl_adapter/cmake)
[0.148s] -- Using all available rosidl_typesupport_cpp: rosidl_typesupport_fastrtps_cpp;rosidl_typesupport_introspection_cpp
[0.266s] [31mCMake Error at /opt/ros/humble/share/rosidl_adapter/cmake/rosidl_adapt_interfaces.cmake:59 (message):
[0.266s]   execute_process(/usr/bin/python3 -m rosidl_adapter --package-name
[0.266s]   community_interfaces --arguments-file
[0.266s]   /home/line/Community_ws/build/community_interfaces/rosidl_adapter__arguments__community_interfaces.json
[0.266s]   --output-dir
[0.267s]   /home/line/Community_ws/build/community_interfaces/rosidl_adapter/community_interfaces
[0.267s]   --output-file
[0.267s]   /home/line/Community_ws/build/community_interfaces/rosidl_adapter/community_interfaces.idls)
[0.267s]   returned error code 1:
[0.267s] 
[0.267s]   Traceback (most recent call last):
[0.267s] 
[0.267s]     File "/usr/lib/python3.10/runpy.py", line 196, in _run_module_as_main
[0.267s]       return _run_code(code, main_globals, None,
[0.267s]     File "/usr/lib/python3.10/runpy.py", line 86, in _run_code
[0.267s]       exec(code, run_globals)
[0.267s]     File "/opt/ros/humble/local/lib/python3.10/dist-packages/rosidl_adapter/__main__.py", line 19, in <module>
[0.267s]       sys.exit(main())
[0.267s]     File "/opt/ros/humble/local/lib/python3.10/dist-packages/rosidl_adapter/main.py", line 53, in main
[0.267s]       abs_idl_file = convert_to_idl(
[0.267s]     File "/opt/ros/humble/local/lib/python3.10/dist-packages/rosidl_adapter/__init__.py", line 24, in convert_to_idl
[0.267s]       return convert_srv_to_idl(
[0.268s]     File "/opt/ros/humble/local/lib/python3.10/dist-packages/rosidl_adapter/srv/__init__.py", line 28, in convert_srv_to_idl
[0.268s]       srv = parse_service_string(package_name, input_file.stem, content)
[0.268s]     File "/opt/ros/humble/local/lib/python3.10/dist-packages/rosidl_adapter/parser.py", line 859, in parse_service_string
[0.268s]       request_message = parse_message_string(
[0.268s]     File "/opt/ros/humble/local/lib/python3.10/dist-packages/rosidl_adapter/parser.py", line 544, in parse_message_string
[0.268s]       msg = MessageSpecification(pkg_name, msg_name, fields, constants)
[0.268s]     File "/opt/ros/humble/local/lib/python3.10/dist-packages/rosidl_adapter/parser.py", line 388, in __init__
[0.268s]       self.base_type = BaseType(
[0.268s]     File "/opt/ros/humble/local/lib/python3.10/dist-packages/rosidl_adapter/parser.py", line 205, in __init__
[0.268s]       raise InvalidResourceName(
[0.268s] 
[0.268s]   rosidl_adapter.parser.InvalidResourceName: 'rent_Request' is an invalid
[0.268s]   message name.  It should have the pattern '^[A-Z][A-Za-z0-9]*$'
[0.268s] 
[0.268s] Call Stack (most recent call first):
[0.268s]   /opt/ros/humble/share/rosidl_cmake/cmake/rosidl_generate_interfaces.cmake:130 (rosidl_adapt_interfaces)
[0.268s]   CMakeLists.txt:11 (rosidl_generate_interfaces)
[0.268s] 
[0.268s] [0m
[0.268s] -- Configuring incomplete, errors occurred!
[0.268s] See also "/home/line/Community_ws/build/community_interfaces/CMakeFiles/CMakeOutput.log".
[0.269s] gmake: *** [Makefile:1193：cmake_check_build_system] 错误 1
[0.271s] Invoked command in '/home/line/Community_ws/build/community_interfaces' returned '2': CMAKE_PREFIX_PATH=${CMAKE_PREFIX_PATH}:/home/line/Community_ws/install/building_1:/opt/ros/humble /usr/bin/cmake --build /home/line/Community_ws/build/community_interfaces -- -j20 -l20
