[0.006s] Invoking command in '/home/line/Community_ws/build/community_interfaces': CMAKE_PREFIX_PATH=${CMAKE_PREFIX_PATH}:/home/line/Community_ws/install/building_1:/opt/ros/humble /usr/bin/cmake --build /home/line/Community_ws/build/community_interfaces -- -j20 -l20
[0.028s] -- Found ament_cmake: 1.3.14 (/opt/ros/humble/share/ament_cmake/cmake)
[0.125s] -- Found rosidl_default_generators: 1.2.1 (/opt/ros/humble/share/rosidl_default_generators/cmake)
[0.126s] -- Using all available rosidl_typesupport_c: rosidl_typesupport_fastrtps_c;rosidl_typesupport_introspection_c
[0.127s] -- Found rosidl_adapter: 3.1.9 (/opt/ros/humble/share/rosidl_adapter/cmake)
[0.146s] -- Using all available rosidl_typesupport_cpp: rosidl_typesupport_fastrtps_cpp;rosidl_typesupport_introspection_cpp
[0.340s] -- Found ament_cmake_ros: 0.10.0 (/opt/ros/humble/share/ament_cmake_ros/cmake)
[0.501s] -- Using all available rosidl_typesupport_c: rosidl_typesupport_fastrtps_c;rosidl_typesupport_introspection_c
[0.668s] -- Using all available rosidl_typesupport_cpp: rosidl_typesupport_fastrtps_cpp;rosidl_typesupport_introspection_cpp
[0.683s] -- Found python_cmake_module: 0.10.0 (/opt/ros/humble/share/python_cmake_module/cmake)
[0.705s] -- Using PYTHON_EXECUTABLE: /usr/bin/python3
[0.705s] -- Using PYTHON_INCLUDE_DIRS: /usr/include/python3.10
[0.705s] -- Using PYTHON_LIBRARIES: /usr/lib/x86_64-linux-gnu/libpython3.10.so
[0.751s] -- Found ament_lint_auto: 0.12.15 (/opt/ros/humble/share/ament_lint_auto/cmake)
[0.772s] -- Added test 'cppcheck' to perform static code analysis on C / C++ code
[0.773s] -- Configured cppcheck include dirs: 
[0.773s] -- Configured cppcheck exclude dirs and/or files: 
[0.775s] -- Added test 'flake8' to check Python code syntax and style conventions
[0.778s] -- Added test 'lint_cmake' to check CMake code style
[0.779s] -- Added test 'pep257' to check Python code against some of the docstring style conventions in PEP 257
[0.791s] -- Added test 'uncrustify' to check C / C++ code style
[0.791s] -- Configured uncrustify additional arguments: 
[0.793s] -- Added test 'xmllint' to check XML markup files
[0.794s] -- Configuring done
[0.811s] -- Generating done
[0.817s] -- Build files have been written to: /home/line/Community_ws/build/community_interfaces
[0.836s] [  1%] [34m[1mGenerating C code for ROS interfaces[0m
[0.842s] [  3%] [34m[1mGenerating Rust code for ROS interfaces[0m
[0.845s] [  5%] [34m[1mGenerating C++ code for ROS interfaces[0m
[0.849s] [  5%] Built target ament_cmake_python_copy_community_interfaces
[0.958s] running egg_info
[0.965s] writing community_interfaces.egg-info/PKG-INFO
[0.965s] writing dependency_links to community_interfaces.egg-info/dependency_links.txt
[0.965s] writing top-level names to community_interfaces.egg-info/top_level.txt
[0.993s] reading manifest file 'community_interfaces.egg-info/SOURCES.txt'
[0.995s] writing manifest file 'community_interfaces.egg-info/SOURCES.txt'
[1.033s] [  5%] Built target ament_cmake_python_build_community_interfaces_egg
[1.054s] [  5%] Built target community_interfaces__rs
[1.154s] [  5%] Built target community_interfaces__cpp
[1.158s] [  7%] [34m[1mGenerating C++ introspection for ROS interfaces[0m
[1.159s] [  8%] [34m[1mGenerating C++ type support for eProsima Fast-RTPS[0m
[1.159s] [ 10%] [34m[1mGenerating C++ type support dispatch for ROS interfaces[0m
[1.164s] [35m[1mConsolidate compiler generated dependencies of target community_interfaces__rosidl_generator_c[0m
[1.174s] [ 12%] [32mBuilding C object CMakeFiles/community_interfaces__rosidl_generator_c.dir/rosidl_generator_c/community_interfaces/msg/detail/noise_element__functions.c.o[0m
[1.174s] [ 14%] [32mBuilding C object CMakeFiles/community_interfaces__rosidl_generator_c.dir/rosidl_generator_c/community_interfaces/srv/detail/complain__functions.c.o[0m
[1.174s] [ 16%] [32mBuilding C object CMakeFiles/community_interfaces__rosidl_generator_c.dir/rosidl_generator_c/community_interfaces/srv/detail/command__functions.c.o[0m
[1.175s] [ 17%] [32mBuilding C object CMakeFiles/community_interfaces__rosidl_generator_c.dir/rosidl_generator_c/community_interfaces/srv/detail/rent__functions.c.o[0m
[1.235s] [ 19%] [32m[1mLinking C shared library libcommunity_interfaces__rosidl_generator_c.so[0m
[1.267s] [ 19%] Built target community_interfaces__rosidl_generator_c
[1.275s] [ 21%] [34m[1mGenerating C introspection for ROS interfaces[0m
[1.276s] [ 25%] [34m[1mGenerating C type support dispatch for ROS interfaces[0m
[1.276s] [ 25%] [34m[1mGenerating C type support for eProsima Fast-RTPS[0m
[1.419s] [35m[1mConsolidate compiler generated dependencies of target community_interfaces__rosidl_typesupport_fastrtps_cpp[0m
[1.432s] [ 26%] [32mBuilding CXX object CMakeFiles/community_interfaces__rosidl_typesupport_fastrtps_cpp.dir/rosidl_typesupport_fastrtps_cpp/community_interfaces/srv/detail/dds_fastrtps/complain__type_support.cpp.o[0m
[1.432s] [ 28%] [32mBuilding CXX object CMakeFiles/community_interfaces__rosidl_typesupport_fastrtps_cpp.dir/rosidl_typesupport_fastrtps_cpp/community_interfaces/msg/detail/dds_fastrtps/noise_element__type_support.cpp.o[0m
[1.433s] [ 32%] [32mBuilding CXX object CMakeFiles/community_interfaces__rosidl_typesupport_fastrtps_cpp.dir/rosidl_typesupport_fastrtps_cpp/community_interfaces/srv/detail/dds_fastrtps/command__type_support.cpp.o[0m
[1.433s] [ 32%] [32mBuilding CXX object CMakeFiles/community_interfaces__rosidl_typesupport_fastrtps_cpp.dir/rosidl_typesupport_fastrtps_cpp/community_interfaces/srv/detail/dds_fastrtps/rent__type_support.cpp.o[0m
[1.433s] [35m[1mConsolidate compiler generated dependencies of target community_interfaces__rosidl_typesupport_cpp[0m
[1.439s] [35m[1mConsolidate compiler generated dependencies of target community_interfaces__rosidl_typesupport_introspection_cpp[0m
[1.444s] [ 33%] [32mBuilding CXX object CMakeFiles/community_interfaces__rosidl_typesupport_cpp.dir/rosidl_typesupport_cpp/community_interfaces/srv/rent__type_support.cpp.o[0m
[1.445s] [ 35%] [32mBuilding CXX object CMakeFiles/community_interfaces__rosidl_typesupport_cpp.dir/rosidl_typesupport_cpp/community_interfaces/srv/command__type_support.cpp.o[0m
[1.445s] [ 39%] [32mBuilding CXX object CMakeFiles/community_interfaces__rosidl_typesupport_cpp.dir/rosidl_typesupport_cpp/community_interfaces/srv/complain__type_support.cpp.o[0m
[1.445s] [ 39%] [32mBuilding CXX object CMakeFiles/community_interfaces__rosidl_typesupport_cpp.dir/rosidl_typesupport_cpp/community_interfaces/msg/noise_element__type_support.cpp.o[0m
[1.452s] [ 41%] [32mBuilding CXX object CMakeFiles/community_interfaces__rosidl_typesupport_introspection_cpp.dir/rosidl_typesupport_introspection_cpp/community_interfaces/srv/detail/complain__type_support.cpp.o[0m
[1.453s] [ 42%] [32mBuilding CXX object CMakeFiles/community_interfaces__rosidl_typesupport_introspection_cpp.dir/rosidl_typesupport_introspection_cpp/community_interfaces/msg/detail/noise_element__type_support.cpp.o[0m
[1.453s] [ 46%] [32mBuilding CXX object CMakeFiles/community_interfaces__rosidl_typesupport_introspection_cpp.dir/rosidl_typesupport_introspection_cpp/community_interfaces/srv/detail/rent__type_support.cpp.o[0m
[1.453s] [ 46%] [32mBuilding CXX object CMakeFiles/community_interfaces__rosidl_typesupport_introspection_cpp.dir/rosidl_typesupport_introspection_cpp/community_interfaces/srv/detail/command__type_support.cpp.o[0m
[1.524s] [35m[1mConsolidate compiler generated dependencies of target community_interfaces__rosidl_typesupport_c[0m
[1.535s] [ 48%] [32mBuilding CXX object CMakeFiles/community_interfaces__rosidl_typesupport_c.dir/rosidl_typesupport_c/community_interfaces/msg/noise_element__type_support.cpp.o[0m
[1.535s] [ 50%] [32mBuilding CXX object CMakeFiles/community_interfaces__rosidl_typesupport_c.dir/rosidl_typesupport_c/community_interfaces/srv/command__type_support.cpp.o[0m
[1.536s] [ 51%] [32mBuilding CXX object CMakeFiles/community_interfaces__rosidl_typesupport_c.dir/rosidl_typesupport_c/community_interfaces/srv/complain__type_support.cpp.o[0m
[1.536s] [ 53%] [32mBuilding CXX object CMakeFiles/community_interfaces__rosidl_typesupport_c.dir/rosidl_typesupport_c/community_interfaces/srv/rent__type_support.cpp.o[0m
[1.568s] [ 55%] [32m[1mLinking CXX shared library libcommunity_interfaces__rosidl_typesupport_c.so[0m
[1.606s] [35m[1mConsolidate compiler generated dependencies of target community_interfaces__rosidl_typesupport_fastrtps_c[0m
[1.612s] [ 55%] Built target community_interfaces__rosidl_typesupport_c
[1.618s] [ 62%] [32mBuilding CXX object CMakeFiles/community_interfaces__rosidl_typesupport_fastrtps_c.dir/rosidl_typesupport_fastrtps_c/community_interfaces/srv/detail/rent__type_support_c.cpp.o[0m
[1.619s] [ 62%] [32mBuilding CXX object CMakeFiles/community_interfaces__rosidl_typesupport_fastrtps_c.dir/rosidl_typesupport_fastrtps_c/community_interfaces/msg/detail/noise_element__type_support_c.cpp.o[0m
[1.619s] [ 62%] [32mBuilding CXX object CMakeFiles/community_interfaces__rosidl_typesupport_fastrtps_c.dir/rosidl_typesupport_fastrtps_c/community_interfaces/srv/detail/complain__type_support_c.cpp.o[0m
[1.619s] [ 62%] [32mBuilding CXX object CMakeFiles/community_interfaces__rosidl_typesupport_fastrtps_c.dir/rosidl_typesupport_fastrtps_c/community_interfaces/srv/detail/command__type_support_c.cpp.o[0m
[1.653s] [35m[1mConsolidate compiler generated dependencies of target community_interfaces__rosidl_typesupport_introspection_c[0m
[1.661s] [ 66%] [32mBuilding C object CMakeFiles/community_interfaces__rosidl_typesupport_introspection_c.dir/rosidl_typesupport_introspection_c/community_interfaces/msg/detail/noise_element__type_support.c.o[0m
[1.662s] [ 66%] [32mBuilding C object CMakeFiles/community_interfaces__rosidl_typesupport_introspection_c.dir/rosidl_typesupport_introspection_c/community_interfaces/srv/detail/complain__type_support.c.o[0m
[1.662s] [ 67%] [32mBuilding C object CMakeFiles/community_interfaces__rosidl_typesupport_introspection_c.dir/rosidl_typesupport_introspection_c/community_interfaces/srv/detail/command__type_support.c.o[0m
[1.667s] [ 69%] [32mBuilding C object CMakeFiles/community_interfaces__rosidl_typesupport_introspection_c.dir/rosidl_typesupport_introspection_c/community_interfaces/srv/detail/rent__type_support.c.o[0m
[1.701s] [ 71%] [32m[1mLinking C shared library libcommunity_interfaces__rosidl_typesupport_introspection_c.so[0m
[1.723s] [ 71%] Built target community_interfaces__rosidl_typesupport_introspection_c
[1.741s] [ 73%] [32m[1mLinking CXX shared library libcommunity_interfaces__rosidl_typesupport_cpp.so[0m
[1.770s] [ 73%] Built target community_interfaces__rosidl_typesupport_cpp
[1.871s] [ 75%] [32m[1mLinking CXX shared library libcommunity_interfaces__rosidl_typesupport_introspection_cpp.so[0m
[1.883s] [ 76%] [32m[1mLinking CXX shared library libcommunity_interfaces__rosidl_typesupport_fastrtps_cpp.so[0m
[1.917s] [ 76%] Built target community_interfaces__rosidl_typesupport_introspection_cpp
[1.930s] [ 76%] Built target community_interfaces__rosidl_typesupport_fastrtps_cpp
[1.937s] [ 78%] [32m[1mLinking CXX shared library libcommunity_interfaces__rosidl_typesupport_fastrtps_c.so[0m
[1.983s] [ 78%] Built target community_interfaces__rosidl_typesupport_fastrtps_c
[2.005s] [ 78%] Built target community_interfaces
[2.025s] [ 80%] [34m[1mGenerating Python code for ROS interfaces[0m
[2.432s] [ 80%] Built target community_interfaces__py
[2.440s] [35m[1mConsolidate compiler generated dependencies of target community_interfaces__rosidl_generator_py[0m
[2.451s] [ 82%] [32mBuilding C object CMakeFiles/community_interfaces__rosidl_generator_py.dir/rosidl_generator_py/community_interfaces/srv/_complain_s.c.o[0m
[2.451s] [ 83%] [32mBuilding C object CMakeFiles/community_interfaces__rosidl_generator_py.dir/rosidl_generator_py/community_interfaces/srv/_rent_s.c.o[0m
[2.452s] [ 85%] [32mBuilding C object CMakeFiles/community_interfaces__rosidl_generator_py.dir/rosidl_generator_py/community_interfaces/msg/_noise_element_s.c.o[0m
[2.452s] [ 87%] [32mBuilding C object CMakeFiles/community_interfaces__rosidl_generator_py.dir/rosidl_generator_py/community_interfaces/srv/_command_s.c.o[0m
[2.532s] [ 89%] [32m[1mLinking C shared library rosidl_generator_py/community_interfaces/libcommunity_interfaces__rosidl_generator_py.so[0m
[2.572s] [ 89%] Built target community_interfaces__rosidl_generator_py
[2.583s] [35m[1mConsolidate compiler generated dependencies of target community_interfaces__rosidl_typesupport_c__pyext[0m
[2.584s] [35m[1mConsolidate compiler generated dependencies of target community_interfaces__rosidl_typesupport_fastrtps_c__pyext[0m
[2.585s] [35m[1mConsolidate compiler generated dependencies of target community_interfaces__rosidl_typesupport_introspection_c__pyext[0m
[2.598s] [ 91%] [32mBuilding C object CMakeFiles/community_interfaces__rosidl_typesupport_fastrtps_c__pyext.dir/rosidl_generator_py/community_interfaces/_community_interfaces_s.ep.rosidl_typesupport_fastrtps_c.c.o[0m
[2.598s] [ 92%] [32mBuilding C object CMakeFiles/community_interfaces__rosidl_typesupport_c__pyext.dir/rosidl_generator_py/community_interfaces/_community_interfaces_s.ep.rosidl_typesupport_c.c.o[0m
[2.602s] [ 94%] [32mBuilding C object CMakeFiles/community_interfaces__rosidl_typesupport_introspection_c__pyext.dir/rosidl_generator_py/community_interfaces/_community_interfaces_s.ep.rosidl_typesupport_introspection_c.c.o[0m
[2.668s] [ 98%] [32m[1mLinking C shared library rosidl_generator_py/community_interfaces/community_interfaces_s__rosidl_typesupport_c.cpython-310-x86_64-linux-gnu.so[0m
[2.668s] [ 98%] [32m[1mLinking C shared library rosidl_generator_py/community_interfaces/community_interfaces_s__rosidl_typesupport_fastrtps_c.cpython-310-x86_64-linux-gnu.so[0m
[2.668s] [100%] [32m[1mLinking C shared library rosidl_generator_py/community_interfaces/community_interfaces_s__rosidl_typesupport_introspection_c.cpython-310-x86_64-linux-gnu.so[0m
[2.695s] [100%] Built target community_interfaces__rosidl_typesupport_introspection_c__pyext
[2.695s] [100%] Built target community_interfaces__rosidl_typesupport_c__pyext
[2.697s] [100%] Built target community_interfaces__rosidl_typesupport_fastrtps_c__pyext
[2.705s] Invoked command in '/home/line/Community_ws/build/community_interfaces' returned '0': CMAKE_PREFIX_PATH=${CMAKE_PREFIX_PATH}:/home/line/Community_ws/install/building_1:/opt/ros/humble /usr/bin/cmake --build /home/line/Community_ws/build/community_interfaces -- -j20 -l20
[2.718s] Invoking command in '/home/line/Community_ws/build/community_interfaces': CMAKE_PREFIX_PATH=${CMAKE_PREFIX_PATH}:/home/line/Community_ws/install/building_1:/opt/ros/humble /usr/bin/cmake --install /home/line/Community_ws/build/community_interfaces
[2.732s] -- Install configuration: ""
[2.733s] -- Installing: /home/line/Community_ws/install/community_interfaces/share/ament_index/resource_index/rosidl_interfaces/community_interfaces
[2.733s] -- Up-to-date: /home/line/Community_ws/install/community_interfaces/include/community_interfaces/community_interfaces
[2.733s] -- Up-to-date: /home/line/Community_ws/install/community_interfaces/include/community_interfaces/community_interfaces/msg
[2.733s] -- Up-to-date: /home/line/Community_ws/install/community_interfaces/include/community_interfaces/community_interfaces/msg/rosidl_generator_c__visibility_control.h
[2.733s] -- Up-to-date: /home/line/Community_ws/install/community_interfaces/include/community_interfaces/community_interfaces/msg/detail
[2.733s] -- Installing: /home/line/Community_ws/install/community_interfaces/include/community_interfaces/community_interfaces/msg/detail/noise_element__functions.h
[2.733s] -- Installing: /home/line/Community_ws/install/community_interfaces/include/community_interfaces/community_interfaces/msg/detail/noise_element__functions.c
[2.733s] -- Installing: /home/line/Community_ws/install/community_interfaces/include/community_interfaces/community_interfaces/msg/detail/noise_element__type_support.h
[2.734s] -- Installing: /home/line/Community_ws/install/community_interfaces/include/community_interfaces/community_interfaces/msg/detail/noise_element__struct.h
[2.734s] -- Installing: /home/line/Community_ws/install/community_interfaces/include/community_interfaces/community_interfaces/msg/noise_element.h
[2.734s] -- Up-to-date: /home/line/Community_ws/install/community_interfaces/include/community_interfaces/community_interfaces/srv
[2.734s] -- Installing: /home/line/Community_ws/install/community_interfaces/include/community_interfaces/community_interfaces/srv/rent.h
[2.734s] -- Installing: /home/line/Community_ws/install/community_interfaces/include/community_interfaces/community_interfaces/srv/complain.h
[2.734s] -- Installing: /home/line/Community_ws/install/community_interfaces/include/community_interfaces/community_interfaces/srv/command.h
[2.734s] -- Up-to-date: /home/line/Community_ws/install/community_interfaces/include/community_interfaces/community_interfaces/srv/detail
[2.734s] -- Installing: /home/line/Community_ws/install/community_interfaces/include/community_interfaces/community_interfaces/srv/detail/complain__struct.h
[2.735s] -- Installing: /home/line/Community_ws/install/community_interfaces/include/community_interfaces/community_interfaces/srv/detail/rent__type_support.h
[2.735s] -- Installing: /home/line/Community_ws/install/community_interfaces/include/community_interfaces/community_interfaces/srv/detail/rent__functions.h
[2.735s] -- Installing: /home/line/Community_ws/install/community_interfaces/include/community_interfaces/community_interfaces/srv/detail/complain__functions.c
[2.735s] -- Installing: /home/line/Community_ws/install/community_interfaces/include/community_interfaces/community_interfaces/srv/detail/complain__functions.h
[2.735s] -- Installing: /home/line/Community_ws/install/community_interfaces/include/community_interfaces/community_interfaces/srv/detail/command__type_support.h
[2.735s] -- Installing: /home/line/Community_ws/install/community_interfaces/include/community_interfaces/community_interfaces/srv/detail/complain__type_support.h
[2.735s] -- Installing: /home/line/Community_ws/install/community_interfaces/include/community_interfaces/community_interfaces/srv/detail/command__functions.c
[2.735s] -- Installing: /home/line/Community_ws/install/community_interfaces/include/community_interfaces/community_interfaces/srv/detail/rent__functions.c
[2.736s] -- Installing: /home/line/Community_ws/install/community_interfaces/include/community_interfaces/community_interfaces/srv/detail/command__struct.h
[2.736s] -- Installing: /home/line/Community_ws/install/community_interfaces/include/community_interfaces/community_interfaces/srv/detail/command__functions.h
[2.736s] -- Installing: /home/line/Community_ws/install/community_interfaces/include/community_interfaces/community_interfaces/srv/detail/rent__struct.h
[2.736s] -- Up-to-date: /home/line/Community_ws/install/community_interfaces/share/community_interfaces/environment/library_path.sh
[2.736s] -- Installing: /home/line/Community_ws/install/community_interfaces/share/community_interfaces/environment/library_path.dsv
[2.736s] -- Installing: /home/line/Community_ws/install/community_interfaces/lib/libcommunity_interfaces__rosidl_generator_c.so
[2.737s] -- Set runtime path of "/home/line/Community_ws/install/community_interfaces/lib/libcommunity_interfaces__rosidl_generator_c.so" to ""
[2.737s] -- Up-to-date: /home/line/Community_ws/install/community_interfaces/include/community_interfaces/community_interfaces
[2.737s] -- Up-to-date: /home/line/Community_ws/install/community_interfaces/include/community_interfaces/community_interfaces/msg
[2.737s] -- Up-to-date: /home/line/Community_ws/install/community_interfaces/include/community_interfaces/community_interfaces/msg/detail
[2.737s] -- Installing: /home/line/Community_ws/install/community_interfaces/include/community_interfaces/community_interfaces/msg/detail/noise_element__rosidl_typesupport_fastrtps_c.h
[2.737s] -- Up-to-date: /home/line/Community_ws/install/community_interfaces/include/community_interfaces/community_interfaces/msg/rosidl_typesupport_fastrtps_c__visibility_control.h
[2.737s] -- Up-to-date: /home/line/Community_ws/install/community_interfaces/include/community_interfaces/community_interfaces/srv
[2.737s] -- Up-to-date: /home/line/Community_ws/install/community_interfaces/include/community_interfaces/community_interfaces/srv/detail
[2.737s] -- Installing: /home/line/Community_ws/install/community_interfaces/include/community_interfaces/community_interfaces/srv/detail/command__rosidl_typesupport_fastrtps_c.h
[2.737s] -- Installing: /home/line/Community_ws/install/community_interfaces/include/community_interfaces/community_interfaces/srv/detail/complain__rosidl_typesupport_fastrtps_c.h
[2.737s] -- Installing: /home/line/Community_ws/install/community_interfaces/include/community_interfaces/community_interfaces/srv/detail/rent__rosidl_typesupport_fastrtps_c.h
[2.737s] -- Installing: /home/line/Community_ws/install/community_interfaces/lib/libcommunity_interfaces__rosidl_typesupport_fastrtps_c.so
[2.738s] -- Set runtime path of "/home/line/Community_ws/install/community_interfaces/lib/libcommunity_interfaces__rosidl_typesupport_fastrtps_c.so" to ""
[2.738s] -- Up-to-date: /home/line/Community_ws/install/community_interfaces/include/community_interfaces/community_interfaces
[2.738s] -- Up-to-date: /home/line/Community_ws/install/community_interfaces/include/community_interfaces/community_interfaces/msg
[2.738s] -- Up-to-date: /home/line/Community_ws/install/community_interfaces/include/community_interfaces/community_interfaces/msg/rosidl_typesupport_introspection_c__visibility_control.h
[2.738s] -- Up-to-date: /home/line/Community_ws/install/community_interfaces/include/community_interfaces/community_interfaces/msg/detail
[2.738s] -- Installing: /home/line/Community_ws/install/community_interfaces/include/community_interfaces/community_interfaces/msg/detail/noise_element__type_support.c
[2.738s] -- Installing: /home/line/Community_ws/install/community_interfaces/include/community_interfaces/community_interfaces/msg/detail/noise_element__rosidl_typesupport_introspection_c.h
[2.738s] -- Up-to-date: /home/line/Community_ws/install/community_interfaces/include/community_interfaces/community_interfaces/srv
[2.738s] -- Up-to-date: /home/line/Community_ws/install/community_interfaces/include/community_interfaces/community_interfaces/srv/detail
[2.738s] -- Installing: /home/line/Community_ws/install/community_interfaces/include/community_interfaces/community_interfaces/srv/detail/command__type_support.c
[2.738s] -- Installing: /home/line/Community_ws/install/community_interfaces/include/community_interfaces/community_interfaces/srv/detail/command__rosidl_typesupport_introspection_c.h
[2.738s] -- Installing: /home/line/Community_ws/install/community_interfaces/include/community_interfaces/community_interfaces/srv/detail/complain__type_support.c
[2.739s] -- Installing: /home/line/Community_ws/install/community_interfaces/include/community_interfaces/community_interfaces/srv/detail/rent__rosidl_typesupport_introspection_c.h
[2.739s] -- Installing: /home/line/Community_ws/install/community_interfaces/include/community_interfaces/community_interfaces/srv/detail/rent__type_support.c
[2.739s] -- Installing: /home/line/Community_ws/install/community_interfaces/include/community_interfaces/community_interfaces/srv/detail/complain__rosidl_typesupport_introspection_c.h
[2.739s] -- Installing: /home/line/Community_ws/install/community_interfaces/lib/libcommunity_interfaces__rosidl_typesupport_introspection_c.so
[2.739s] -- Set runtime path of "/home/line/Community_ws/install/community_interfaces/lib/libcommunity_interfaces__rosidl_typesupport_introspection_c.so" to ""
[2.739s] -- Installing: /home/line/Community_ws/install/community_interfaces/lib/libcommunity_interfaces__rosidl_typesupport_c.so
[2.740s] -- Set runtime path of "/home/line/Community_ws/install/community_interfaces/lib/libcommunity_interfaces__rosidl_typesupport_c.so" to ""
[2.740s] -- Up-to-date: /home/line/Community_ws/install/community_interfaces/include/community_interfaces/community_interfaces
[2.740s] -- Up-to-date: /home/line/Community_ws/install/community_interfaces/include/community_interfaces/community_interfaces/msg
[2.740s] -- Up-to-date: /home/line/Community_ws/install/community_interfaces/include/community_interfaces/community_interfaces/msg/rosidl_generator_cpp__visibility_control.hpp
[2.740s] -- Installing: /home/line/Community_ws/install/community_interfaces/include/community_interfaces/community_interfaces/msg/noise_element.hpp
[2.740s] -- Up-to-date: /home/line/Community_ws/install/community_interfaces/include/community_interfaces/community_interfaces/msg/detail
[2.740s] -- Installing: /home/line/Community_ws/install/community_interfaces/include/community_interfaces/community_interfaces/msg/detail/noise_element__traits.hpp
[2.740s] -- Installing: /home/line/Community_ws/install/community_interfaces/include/community_interfaces/community_interfaces/msg/detail/noise_element__struct.hpp
[2.740s] -- Installing: /home/line/Community_ws/install/community_interfaces/include/community_interfaces/community_interfaces/msg/detail/noise_element__type_support.hpp
[2.740s] -- Installing: /home/line/Community_ws/install/community_interfaces/include/community_interfaces/community_interfaces/msg/detail/noise_element__builder.hpp
[2.740s] -- Up-to-date: /home/line/Community_ws/install/community_interfaces/include/community_interfaces/community_interfaces/srv
[2.740s] -- Installing: /home/line/Community_ws/install/community_interfaces/include/community_interfaces/community_interfaces/srv/complain.hpp
[2.740s] -- Installing: /home/line/Community_ws/install/community_interfaces/include/community_interfaces/community_interfaces/srv/command.hpp
[2.741s] -- Up-to-date: /home/line/Community_ws/install/community_interfaces/include/community_interfaces/community_interfaces/srv/detail
[2.741s] -- Installing: /home/line/Community_ws/install/community_interfaces/include/community_interfaces/community_interfaces/srv/detail/rent__builder.hpp
[2.741s] -- Installing: /home/line/Community_ws/install/community_interfaces/include/community_interfaces/community_interfaces/srv/detail/rent__type_support.hpp
[2.741s] -- Installing: /home/line/Community_ws/install/community_interfaces/include/community_interfaces/community_interfaces/srv/detail/rent__struct.hpp
[2.741s] -- Installing: /home/line/Community_ws/install/community_interfaces/include/community_interfaces/community_interfaces/srv/detail/command__struct.hpp
[2.741s] -- Installing: /home/line/Community_ws/install/community_interfaces/include/community_interfaces/community_interfaces/srv/detail/complain__struct.hpp
[2.741s] -- Installing: /home/line/Community_ws/install/community_interfaces/include/community_interfaces/community_interfaces/srv/detail/command__traits.hpp
[2.741s] -- Installing: /home/line/Community_ws/install/community_interfaces/include/community_interfaces/community_interfaces/srv/detail/complain__type_support.hpp
[2.741s] -- Installing: /home/line/Community_ws/install/community_interfaces/include/community_interfaces/community_interfaces/srv/detail/command__type_support.hpp
[2.741s] -- Installing: /home/line/Community_ws/install/community_interfaces/include/community_interfaces/community_interfaces/srv/detail/rent__traits.hpp
[2.741s] -- Installing: /home/line/Community_ws/install/community_interfaces/include/community_interfaces/community_interfaces/srv/detail/complain__builder.hpp
[2.741s] -- Installing: /home/line/Community_ws/install/community_interfaces/include/community_interfaces/community_interfaces/srv/detail/command__builder.hpp
[2.741s] -- Installing: /home/line/Community_ws/install/community_interfaces/include/community_interfaces/community_interfaces/srv/detail/complain__traits.hpp
[2.741s] -- Installing: /home/line/Community_ws/install/community_interfaces/include/community_interfaces/community_interfaces/srv/rent.hpp
[2.741s] -- Up-to-date: /home/line/Community_ws/install/community_interfaces/include/community_interfaces/community_interfaces
[2.741s] -- Up-to-date: /home/line/Community_ws/install/community_interfaces/include/community_interfaces/community_interfaces/msg
[2.741s] -- Up-to-date: /home/line/Community_ws/install/community_interfaces/include/community_interfaces/community_interfaces/msg/rosidl_typesupport_fastrtps_cpp__visibility_control.h
[2.741s] -- Up-to-date: /home/line/Community_ws/install/community_interfaces/include/community_interfaces/community_interfaces/msg/detail
[2.741s] -- Up-to-date: /home/line/Community_ws/install/community_interfaces/include/community_interfaces/community_interfaces/msg/detail/dds_fastrtps
[2.741s] -- Installing: /home/line/Community_ws/install/community_interfaces/include/community_interfaces/community_interfaces/msg/detail/noise_element__rosidl_typesupport_fastrtps_cpp.hpp
[2.741s] -- Up-to-date: /home/line/Community_ws/install/community_interfaces/include/community_interfaces/community_interfaces/srv
[2.741s] -- Up-to-date: /home/line/Community_ws/install/community_interfaces/include/community_interfaces/community_interfaces/srv/detail
[2.741s] -- Installing: /home/line/Community_ws/install/community_interfaces/include/community_interfaces/community_interfaces/srv/detail/rent__rosidl_typesupport_fastrtps_cpp.hpp
[2.741s] -- Up-to-date: /home/line/Community_ws/install/community_interfaces/include/community_interfaces/community_interfaces/srv/detail/dds_fastrtps
[2.741s] -- Installing: /home/line/Community_ws/install/community_interfaces/include/community_interfaces/community_interfaces/srv/detail/command__rosidl_typesupport_fastrtps_cpp.hpp
[2.741s] -- Installing: /home/line/Community_ws/install/community_interfaces/include/community_interfaces/community_interfaces/srv/detail/complain__rosidl_typesupport_fastrtps_cpp.hpp
[2.741s] -- Installing: /home/line/Community_ws/install/community_interfaces/lib/libcommunity_interfaces__rosidl_typesupport_fastrtps_cpp.so
[2.741s] -- Set runtime path of "/home/line/Community_ws/install/community_interfaces/lib/libcommunity_interfaces__rosidl_typesupport_fastrtps_cpp.so" to ""
[2.741s] -- Up-to-date: /home/line/Community_ws/install/community_interfaces/include/community_interfaces/community_interfaces
[2.741s] -- Up-to-date: /home/line/Community_ws/install/community_interfaces/include/community_interfaces/community_interfaces/msg
[2.741s] -- Up-to-date: /home/line/Community_ws/install/community_interfaces/include/community_interfaces/community_interfaces/msg/detail
[2.742s] -- Installing: /home/line/Community_ws/install/community_interfaces/include/community_interfaces/community_interfaces/msg/detail/noise_element__type_support.cpp
[2.742s] -- Installing: /home/line/Community_ws/install/community_interfaces/include/community_interfaces/community_interfaces/msg/detail/noise_element__rosidl_typesupport_introspection_cpp.hpp
[2.742s] -- Up-to-date: /home/line/Community_ws/install/community_interfaces/include/community_interfaces/community_interfaces/srv
[2.742s] -- Up-to-date: /home/line/Community_ws/install/community_interfaces/include/community_interfaces/community_interfaces/srv/detail
[2.742s] -- Installing: /home/line/Community_ws/install/community_interfaces/include/community_interfaces/community_interfaces/srv/detail/complain__type_support.cpp
[2.742s] -- Installing: /home/line/Community_ws/install/community_interfaces/include/community_interfaces/community_interfaces/srv/detail/command__type_support.cpp
[2.742s] -- Installing: /home/line/Community_ws/install/community_interfaces/include/community_interfaces/community_interfaces/srv/detail/rent__rosidl_typesupport_introspection_cpp.hpp
[2.742s] -- Installing: /home/line/Community_ws/install/community_interfaces/include/community_interfaces/community_interfaces/srv/detail/command__rosidl_typesupport_introspection_cpp.hpp
[2.742s] -- Installing: /home/line/Community_ws/install/community_interfaces/include/community_interfaces/community_interfaces/srv/detail/rent__type_support.cpp
[2.742s] -- Installing: /home/line/Community_ws/install/community_interfaces/include/community_interfaces/community_interfaces/srv/detail/complain__rosidl_typesupport_introspection_cpp.hpp
[2.742s] -- Installing: /home/line/Community_ws/install/community_interfaces/lib/libcommunity_interfaces__rosidl_typesupport_introspection_cpp.so
[2.742s] -- Set runtime path of "/home/line/Community_ws/install/community_interfaces/lib/libcommunity_interfaces__rosidl_typesupport_introspection_cpp.so" to ""
[2.742s] -- Installing: /home/line/Community_ws/install/community_interfaces/lib/libcommunity_interfaces__rosidl_typesupport_cpp.so
[2.742s] -- Set runtime path of "/home/line/Community_ws/install/community_interfaces/lib/libcommunity_interfaces__rosidl_typesupport_cpp.so" to ""
[2.742s] -- Up-to-date: /home/line/Community_ws/install/community_interfaces/share/community_interfaces/environment/pythonpath.sh
[2.742s] -- Installing: /home/line/Community_ws/install/community_interfaces/share/community_interfaces/environment/pythonpath.dsv
[2.742s] -- Up-to-date: /home/line/Community_ws/install/community_interfaces/local/lib/python3.10/dist-packages/community_interfaces-0.0.0-py3.10.egg-info
[2.742s] -- Installing: /home/line/Community_ws/install/community_interfaces/local/lib/python3.10/dist-packages/community_interfaces-0.0.0-py3.10.egg-info/top_level.txt
[2.742s] -- Installing: /home/line/Community_ws/install/community_interfaces/local/lib/python3.10/dist-packages/community_interfaces-0.0.0-py3.10.egg-info/dependency_links.txt
[2.742s] -- Installing: /home/line/Community_ws/install/community_interfaces/local/lib/python3.10/dist-packages/community_interfaces-0.0.0-py3.10.egg-info/SOURCES.txt
[2.742s] -- Installing: /home/line/Community_ws/install/community_interfaces/local/lib/python3.10/dist-packages/community_interfaces-0.0.0-py3.10.egg-info/PKG-INFO
[2.742s] -- Up-to-date: /home/line/Community_ws/install/community_interfaces/local/lib/python3.10/dist-packages/community_interfaces
[2.743s] -- Up-to-date: /home/line/Community_ws/install/community_interfaces/local/lib/python3.10/dist-packages/community_interfaces/msg
[2.743s] -- Installing: /home/line/Community_ws/install/community_interfaces/local/lib/python3.10/dist-packages/community_interfaces/msg/_noise_element_s.c
[2.743s] -- Installing: /home/line/Community_ws/install/community_interfaces/local/lib/python3.10/dist-packages/community_interfaces/msg/__init__.py
[2.743s] -- Installing: /home/line/Community_ws/install/community_interfaces/local/lib/python3.10/dist-packages/community_interfaces/msg/_noise_element.py
[2.743s] -- Installing: /home/line/Community_ws/install/community_interfaces/local/lib/python3.10/dist-packages/community_interfaces/libcommunity_interfaces__rosidl_generator_py.so
[2.743s] -- Up-to-date: /home/line/Community_ws/install/community_interfaces/local/lib/python3.10/dist-packages/community_interfaces/srv
[2.743s] -- Installing: /home/line/Community_ws/install/community_interfaces/local/lib/python3.10/dist-packages/community_interfaces/srv/_rent_s.c
[2.743s] -- Installing: /home/line/Community_ws/install/community_interfaces/local/lib/python3.10/dist-packages/community_interfaces/srv/_rent.py
[2.743s] -- Installing: /home/line/Community_ws/install/community_interfaces/local/lib/python3.10/dist-packages/community_interfaces/srv/_complain.py
[2.743s] -- Installing: /home/line/Community_ws/install/community_interfaces/local/lib/python3.10/dist-packages/community_interfaces/srv/__init__.py
[2.743s] -- Installing: /home/line/Community_ws/install/community_interfaces/local/lib/python3.10/dist-packages/community_interfaces/srv/_command.py
[2.743s] -- Installing: /home/line/Community_ws/install/community_interfaces/local/lib/python3.10/dist-packages/community_interfaces/srv/_complain_s.c
[2.743s] -- Installing: /home/line/Community_ws/install/community_interfaces/local/lib/python3.10/dist-packages/community_interfaces/srv/_command_s.c
[2.743s] -- Installing: /home/line/Community_ws/install/community_interfaces/local/lib/python3.10/dist-packages/community_interfaces/_community_interfaces_s.ep.rosidl_typesupport_introspection_c.c
[2.743s] -- Installing: /home/line/Community_ws/install/community_interfaces/local/lib/python3.10/dist-packages/community_interfaces/_community_interfaces_s.ep.rosidl_typesupport_c.c
[2.743s] -- Installing: /home/line/Community_ws/install/community_interfaces/local/lib/python3.10/dist-packages/community_interfaces/__init__.py
[2.743s] -- Installing: /home/line/Community_ws/install/community_interfaces/local/lib/python3.10/dist-packages/community_interfaces/community_interfaces_s__rosidl_typesupport_introspection_c.cpython-310-x86_64-linux-gnu.so
[2.743s] -- Installing: /home/line/Community_ws/install/community_interfaces/local/lib/python3.10/dist-packages/community_interfaces/community_interfaces_s__rosidl_typesupport_c.cpython-310-x86_64-linux-gnu.so
[2.743s] -- Installing: /home/line/Community_ws/install/community_interfaces/local/lib/python3.10/dist-packages/community_interfaces/_community_interfaces_s.ep.rosidl_typesupport_fastrtps_c.c
[2.743s] -- Installing: /home/line/Community_ws/install/community_interfaces/local/lib/python3.10/dist-packages/community_interfaces/community_interfaces_s__rosidl_typesupport_fastrtps_c.cpython-310-x86_64-linux-gnu.so
[2.767s] Listing '/home/line/Community_ws/install/community_interfaces/local/lib/python3.10/dist-packages/community_interfaces'...
[2.767s] Compiling '/home/line/Community_ws/install/community_interfaces/local/lib/python3.10/dist-packages/community_interfaces/__init__.py'...
[2.767s] Listing '/home/line/Community_ws/install/community_interfaces/local/lib/python3.10/dist-packages/community_interfaces/msg'...
[2.767s] Compiling '/home/line/Community_ws/install/community_interfaces/local/lib/python3.10/dist-packages/community_interfaces/msg/__init__.py'...
[2.767s] Compiling '/home/line/Community_ws/install/community_interfaces/local/lib/python3.10/dist-packages/community_interfaces/msg/_noise_element.py'...
[2.767s] Listing '/home/line/Community_ws/install/community_interfaces/local/lib/python3.10/dist-packages/community_interfaces/srv'...
[2.767s] Compiling '/home/line/Community_ws/install/community_interfaces/local/lib/python3.10/dist-packages/community_interfaces/srv/__init__.py'...
[2.767s] Compiling '/home/line/Community_ws/install/community_interfaces/local/lib/python3.10/dist-packages/community_interfaces/srv/_command.py'...
[2.768s] Compiling '/home/line/Community_ws/install/community_interfaces/local/lib/python3.10/dist-packages/community_interfaces/srv/_complain.py'...
[2.768s] Compiling '/home/line/Community_ws/install/community_interfaces/local/lib/python3.10/dist-packages/community_interfaces/srv/_rent.py'...
[2.770s] -- Installing: /home/line/Community_ws/install/community_interfaces/local/lib/python3.10/dist-packages/community_interfaces/community_interfaces_s__rosidl_typesupport_fastrtps_c.cpython-310-x86_64-linux-gnu.so
[2.770s] -- Set runtime path of "/home/line/Community_ws/install/community_interfaces/local/lib/python3.10/dist-packages/community_interfaces/community_interfaces_s__rosidl_typesupport_fastrtps_c.cpython-310-x86_64-linux-gnu.so" to ""
[2.770s] -- Installing: /home/line/Community_ws/install/community_interfaces/local/lib/python3.10/dist-packages/community_interfaces/community_interfaces_s__rosidl_typesupport_introspection_c.cpython-310-x86_64-linux-gnu.so
[2.770s] -- Set runtime path of "/home/line/Community_ws/install/community_interfaces/local/lib/python3.10/dist-packages/community_interfaces/community_interfaces_s__rosidl_typesupport_introspection_c.cpython-310-x86_64-linux-gnu.so" to ""
[2.770s] -- Installing: /home/line/Community_ws/install/community_interfaces/local/lib/python3.10/dist-packages/community_interfaces/community_interfaces_s__rosidl_typesupport_c.cpython-310-x86_64-linux-gnu.so
[2.770s] -- Set runtime path of "/home/line/Community_ws/install/community_interfaces/local/lib/python3.10/dist-packages/community_interfaces/community_interfaces_s__rosidl_typesupport_c.cpython-310-x86_64-linux-gnu.so" to ""
[2.770s] -- Installing: /home/line/Community_ws/install/community_interfaces/lib/libcommunity_interfaces__rosidl_generator_py.so
[2.771s] -- Set runtime path of "/home/line/Community_ws/install/community_interfaces/lib/libcommunity_interfaces__rosidl_generator_py.so" to ""
[2.771s] -- Up-to-date: /home/line/Community_ws/install/community_interfaces/share/ament_index/resource_index/rust_packages/community_interfaces
[2.771s] -- Up-to-date: /home/line/Community_ws/install/community_interfaces/share/community_interfaces/rust
[2.771s] -- Up-to-date: /home/line/Community_ws/install/community_interfaces/share/community_interfaces/rust/src
[2.771s] -- Up-to-date: /home/line/Community_ws/install/community_interfaces/share/community_interfaces/rust/src/msg
[2.771s] -- Installing: /home/line/Community_ws/install/community_interfaces/share/community_interfaces/rust/src/msg/rmw.rs
[2.771s] -- Installing: /home/line/Community_ws/install/community_interfaces/share/community_interfaces/rust/src/lib.rs
[2.771s] -- Up-to-date: /home/line/Community_ws/install/community_interfaces/share/community_interfaces/rust/src/srv
[2.771s] -- Installing: /home/line/Community_ws/install/community_interfaces/share/community_interfaces/rust/src/srv/rmw.rs
[2.772s] -- Installing: /home/line/Community_ws/install/community_interfaces/share/community_interfaces/rust/src/msg.rs
[2.772s] -- Installing: /home/line/Community_ws/install/community_interfaces/share/community_interfaces/rust/src/srv.rs
[2.772s] -- Installing: /home/line/Community_ws/install/community_interfaces/share/community_interfaces/rust/build.rs
[2.772s] -- Installing: /home/line/Community_ws/install/community_interfaces/share/community_interfaces/rust/Cargo.toml
[2.772s] -- Installing: /home/line/Community_ws/install/community_interfaces/share/community_interfaces/msg/NoiseElement.idl
[2.772s] -- Up-to-date: /home/line/Community_ws/install/community_interfaces/share/community_interfaces/srv/Complain.idl
[2.772s] -- Up-to-date: /home/line/Community_ws/install/community_interfaces/share/community_interfaces/srv/Command.idl
[2.772s] -- Installing: /home/line/Community_ws/install/community_interfaces/share/community_interfaces/srv/Rent.idl
[2.772s] -- Installing: /home/line/Community_ws/install/community_interfaces/share/community_interfaces/msg/NoiseElement.msg
[2.772s] -- Up-to-date: /home/line/Community_ws/install/community_interfaces/share/community_interfaces/srv/Complain.srv
[2.773s] -- Up-to-date: /home/line/Community_ws/install/community_interfaces/share/community_interfaces/srv/Complain_Request.msg
[2.773s] -- Up-to-date: /home/line/Community_ws/install/community_interfaces/share/community_interfaces/srv/Complain_Response.msg
[2.773s] -- Up-to-date: /home/line/Community_ws/install/community_interfaces/share/community_interfaces/srv/Command.srv
[2.773s] -- Up-to-date: /home/line/Community_ws/install/community_interfaces/share/community_interfaces/srv/Command_Request.msg
[2.773s] -- Up-to-date: /home/line/Community_ws/install/community_interfaces/share/community_interfaces/srv/Command_Response.msg
[2.773s] -- Installing: /home/line/Community_ws/install/community_interfaces/share/community_interfaces/srv/Rent.srv
[2.773s] -- Installing: /home/line/Community_ws/install/community_interfaces/share/community_interfaces/srv/Rent_Request.msg
[2.773s] -- Installing: /home/line/Community_ws/install/community_interfaces/share/community_interfaces/srv/Rent_Response.msg
[2.773s] -- Up-to-date: /home/line/Community_ws/install/community_interfaces/share/ament_index/resource_index/package_run_dependencies/community_interfaces
[2.773s] -- Installing: /home/line/Community_ws/install/community_interfaces/share/ament_index/resource_index/parent_prefix_path/community_interfaces
[2.773s] -- Up-to-date: /home/line/Community_ws/install/community_interfaces/share/community_interfaces/environment/ament_prefix_path.sh
[2.773s] -- Installing: /home/line/Community_ws/install/community_interfaces/share/community_interfaces/environment/ament_prefix_path.dsv
[2.773s] -- Up-to-date: /home/line/Community_ws/install/community_interfaces/share/community_interfaces/environment/path.sh
[2.773s] -- Installing: /home/line/Community_ws/install/community_interfaces/share/community_interfaces/environment/path.dsv
[2.773s] -- Up-to-date: /home/line/Community_ws/install/community_interfaces/share/community_interfaces/local_setup.bash
[2.773s] -- Up-to-date: /home/line/Community_ws/install/community_interfaces/share/community_interfaces/local_setup.sh
[2.773s] -- Up-to-date: /home/line/Community_ws/install/community_interfaces/share/community_interfaces/local_setup.zsh
[2.773s] -- Installing: /home/line/Community_ws/install/community_interfaces/share/community_interfaces/local_setup.dsv
[2.773s] -- Installing: /home/line/Community_ws/install/community_interfaces/share/community_interfaces/package.dsv
[2.773s] -- Up-to-date: /home/line/Community_ws/install/community_interfaces/share/ament_index/resource_index/packages/community_interfaces
[2.773s] -- Up-to-date: /home/line/Community_ws/install/community_interfaces/share/community_interfaces/cmake/export_community_interfaces__rosidl_generator_cExport.cmake
[2.774s] -- Up-to-date: /home/line/Community_ws/install/community_interfaces/share/community_interfaces/cmake/export_community_interfaces__rosidl_generator_cExport-noconfig.cmake
[2.774s] -- Up-to-date: /home/line/Community_ws/install/community_interfaces/share/community_interfaces/cmake/export_community_interfaces__rosidl_typesupport_fastrtps_cExport.cmake
[2.774s] -- Up-to-date: /home/line/Community_ws/install/community_interfaces/share/community_interfaces/cmake/export_community_interfaces__rosidl_typesupport_fastrtps_cExport-noconfig.cmake
[2.774s] -- Up-to-date: /home/line/Community_ws/install/community_interfaces/share/community_interfaces/cmake/community_interfaces__rosidl_typesupport_introspection_cExport.cmake
[2.774s] -- Up-to-date: /home/line/Community_ws/install/community_interfaces/share/community_interfaces/cmake/community_interfaces__rosidl_typesupport_introspection_cExport-noconfig.cmake
[2.774s] -- Up-to-date: /home/line/Community_ws/install/community_interfaces/share/community_interfaces/cmake/community_interfaces__rosidl_typesupport_cExport.cmake
[2.774s] -- Up-to-date: /home/line/Community_ws/install/community_interfaces/share/community_interfaces/cmake/community_interfaces__rosidl_typesupport_cExport-noconfig.cmake
[2.774s] -- Up-to-date: /home/line/Community_ws/install/community_interfaces/share/community_interfaces/cmake/export_community_interfaces__rosidl_generator_cppExport.cmake
[2.774s] -- Up-to-date: /home/line/Community_ws/install/community_interfaces/share/community_interfaces/cmake/export_community_interfaces__rosidl_typesupport_fastrtps_cppExport.cmake
[2.774s] -- Up-to-date: /home/line/Community_ws/install/community_interfaces/share/community_interfaces/cmake/export_community_interfaces__rosidl_typesupport_fastrtps_cppExport-noconfig.cmake
[2.774s] -- Up-to-date: /home/line/Community_ws/install/community_interfaces/share/community_interfaces/cmake/community_interfaces__rosidl_typesupport_introspection_cppExport.cmake
[2.774s] -- Up-to-date: /home/line/Community_ws/install/community_interfaces/share/community_interfaces/cmake/community_interfaces__rosidl_typesupport_introspection_cppExport-noconfig.cmake
[2.774s] -- Up-to-date: /home/line/Community_ws/install/community_interfaces/share/community_interfaces/cmake/community_interfaces__rosidl_typesupport_cppExport.cmake
[2.774s] -- Up-to-date: /home/line/Community_ws/install/community_interfaces/share/community_interfaces/cmake/community_interfaces__rosidl_typesupport_cppExport-noconfig.cmake
[2.774s] -- Up-to-date: /home/line/Community_ws/install/community_interfaces/share/community_interfaces/cmake/export_community_interfaces__rosidl_generator_pyExport.cmake
[2.774s] -- Up-to-date: /home/line/Community_ws/install/community_interfaces/share/community_interfaces/cmake/export_community_interfaces__rosidl_generator_pyExport-noconfig.cmake
[2.774s] -- Installing: /home/line/Community_ws/install/community_interfaces/share/community_interfaces/cmake/rosidl_cmake-extras.cmake
[2.774s] -- Up-to-date: /home/line/Community_ws/install/community_interfaces/share/community_interfaces/cmake/ament_cmake_export_include_directories-extras.cmake
[2.774s] -- Up-to-date: /home/line/Community_ws/install/community_interfaces/share/community_interfaces/cmake/ament_cmake_export_libraries-extras.cmake
[2.774s] -- Up-to-date: /home/line/Community_ws/install/community_interfaces/share/community_interfaces/cmake/ament_cmake_export_targets-extras.cmake
[2.774s] -- Up-to-date: /home/line/Community_ws/install/community_interfaces/share/community_interfaces/cmake/rosidl_cmake_export_typesupport_targets-extras.cmake
[2.774s] -- Up-to-date: /home/line/Community_ws/install/community_interfaces/share/community_interfaces/cmake/ament_cmake_export_dependencies-extras.cmake
[2.774s] -- Up-to-date: /home/line/Community_ws/install/community_interfaces/share/community_interfaces/cmake/rosidl_cmake_export_typesupport_libraries-extras.cmake
[2.774s] -- Up-to-date: /home/line/Community_ws/install/community_interfaces/share/community_interfaces/cmake/rosidl_cmake_aggregate_target-extras.cmake
[2.774s] -- Up-to-date: /home/line/Community_ws/install/community_interfaces/share/community_interfaces/cmake/community_interfacesConfig.cmake
[2.774s] -- Up-to-date: /home/line/Community_ws/install/community_interfaces/share/community_interfaces/cmake/community_interfacesConfig-version.cmake
[2.774s] -- Up-to-date: /home/line/Community_ws/install/community_interfaces/share/community_interfaces/package.xml
[2.775s] Invoked command in '/home/line/Community_ws/build/community_interfaces' returned '0': CMAKE_PREFIX_PATH=${CMAKE_PREFIX_PATH}:/home/line/Community_ws/install/building_1:/opt/ros/humble /usr/bin/cmake --install /home/line/Community_ws/build/community_interfaces
