[0.116s] DEBUG:colcon:Command line arguments: ['/usr/bin/colcon', 'build']
[0.116s] DEBUG:colcon:Parsed command line arguments: Namespace(log_base=None, log_level=None, verb_name='build', build_base='build', install_base='install', merge_install=False, symlink_install=False, test_result_base=None, continue_on_error=False, executor='parallel', parallel_workers=20, event_handlers=None, ignore_user_meta=False, metas=['./colcon.meta'], base_paths=['.'], packages_ignore=None, packages_ignore_regex=None, paths=None, packages_up_to=None, packages_up_to_regex=None, packages_above=None, packages_above_and_dependencies=None, packages_above_depth=None, packages_select_by_dep=None, packages_skip_by_dep=None, packages_skip_up_to=None, packages_select_build_failed=False, packages_skip_build_finished=False, packages_select_test_failures=False, packages_skip_test_passed=False, packages_select=None, packages_skip=None, packages_select_regex=None, packages_skip_regex=None, packages_start=None, packages_end=None, allow_overriding=[], cmake_args=None, cmake_target=None, cmake_target_skip_unavailable=False, cmake_clean_cache=False, cmake_clean_first=False, cmake_force_configure=False, ament_cmake_args=None, catkin_cmake_args=None, catkin_skip_building_tests=False, verb_parser=<colcon_defaults.argument_parser.defaults.DefaultArgumentsDecorator object at 0x7a88d115db40>, verb_extension=<colcon_core.verb.build.BuildVerb object at 0x7a88d115d5a0>, main=<bound method BuildVerb.main of <colcon_core.verb.build.BuildVerb object at 0x7a88d115d5a0>>)
[0.171s] Level 1:colcon.colcon_core.package_discovery:discover_packages(colcon_meta) check parameters
[0.171s] Level 1:colcon.colcon_core.package_discovery:discover_packages(recursive) check parameters
[0.171s] Level 1:colcon.colcon_core.package_discovery:discover_packages(ignore) check parameters
[0.171s] Level 1:colcon.colcon_core.package_discovery:discover_packages(path) check parameters
[0.171s] Level 1:colcon.colcon_core.package_discovery:discover_packages(colcon_meta) discover
[0.171s] Level 1:colcon.colcon_core.package_discovery:discover_packages(recursive) discover
[0.171s] INFO:colcon.colcon_core.package_discovery:Crawling recursively for packages in '/home/line/ROSlearning_LJK/01_HelloROS/camera'
[0.171s] Level 1:colcon.colcon_core.package_identification:_identify(.) by extensions ['ignore', 'ignore_ament_install']
[0.171s] Level 1:colcon.colcon_core.package_identification:_identify(.) by extension 'ignore'
[0.171s] Level 1:colcon.colcon_core.package_identification:_identify(.) by extension 'ignore_ament_install'
[0.171s] Level 1:colcon.colcon_core.package_identification:_identify(.) by extensions ['colcon_pkg']
[0.171s] Level 1:colcon.colcon_core.package_identification:_identify(.) by extension 'colcon_pkg'
[0.171s] Level 1:colcon.colcon_core.package_identification:_identify(.) by extensions ['colcon_meta']
[0.171s] Level 1:colcon.colcon_core.package_identification:_identify(.) by extension 'colcon_meta'
[0.171s] Level 1:colcon.colcon_core.package_identification:_identify(.) by extensions ['ros']
[0.171s] Level 1:colcon.colcon_core.package_identification:_identify(.) by extension 'ros'
[0.184s] DEBUG:colcon.colcon_core.package_identification:Package '.' with type 'ros.ament_cmake' and name 'camera'
[0.184s] Level 1:colcon.colcon_core.package_discovery:discover_packages(recursive) using defaults
[0.184s] Level 1:colcon.colcon_core.package_discovery:discover_packages(ignore) discover
[0.184s] Level 1:colcon.colcon_core.package_discovery:discover_packages(ignore) using defaults
[0.184s] Level 1:colcon.colcon_core.package_discovery:discover_packages(path) discover
[0.184s] Level 1:colcon.colcon_core.package_discovery:discover_packages(path) using defaults
[0.197s] Level 1:colcon.colcon_core.package_discovery:discover_packages(prefix_path) check parameters
[0.197s] Level 1:colcon.colcon_core.package_discovery:discover_packages(prefix_path) discover
[0.199s] DEBUG:colcon.colcon_installed_package_information.package_discovery:Found 319 installed packages in /opt/ros/humble
[0.200s] Level 1:colcon.colcon_core.package_discovery:discover_packages(prefix_path) using defaults
[0.219s] Level 5:colcon.colcon_core.verb:set package 'camera' build argument 'cmake_args' from command line to 'None'
[0.219s] Level 5:colcon.colcon_core.verb:set package 'camera' build argument 'cmake_target' from command line to 'None'
[0.220s] Level 5:colcon.colcon_core.verb:set package 'camera' build argument 'cmake_target_skip_unavailable' from command line to 'False'
[0.220s] Level 5:colcon.colcon_core.verb:set package 'camera' build argument 'cmake_clean_cache' from command line to 'False'
[0.220s] Level 5:colcon.colcon_core.verb:set package 'camera' build argument 'cmake_clean_first' from command line to 'False'
[0.220s] Level 5:colcon.colcon_core.verb:set package 'camera' build argument 'cmake_force_configure' from command line to 'False'
[0.220s] Level 5:colcon.colcon_core.verb:set package 'camera' build argument 'ament_cmake_args' from command line to 'None'
[0.220s] Level 5:colcon.colcon_core.verb:set package 'camera' build argument 'catkin_cmake_args' from command line to 'None'
[0.220s] Level 5:colcon.colcon_core.verb:set package 'camera' build argument 'catkin_skip_building_tests' from command line to 'False'
[0.220s] DEBUG:colcon.colcon_core.verb:Building package 'camera' with the following arguments: {'ament_cmake_args': None, 'build_base': '/home/line/ROSlearning_LJK/01_HelloROS/camera/build/camera', 'catkin_cmake_args': None, 'catkin_skip_building_tests': False, 'cmake_args': None, 'cmake_clean_cache': False, 'cmake_clean_first': False, 'cmake_force_configure': False, 'cmake_target': None, 'cmake_target_skip_unavailable': False, 'install_base': '/home/line/ROSlearning_LJK/01_HelloROS/camera/install/camera', 'merge_install': False, 'path': '/home/line/ROSlearning_LJK/01_HelloROS/camera', 'symlink_install': False, 'test_result_base': None}
[0.220s] INFO:colcon.colcon_core.executor:Executing jobs using 'parallel' executor
[0.220s] DEBUG:colcon.colcon_parallel_executor.executor.parallel:run_until_complete
[0.220s] INFO:colcon.colcon_ros.task.ament_cmake.build:Building ROS package in '/home/line/ROSlearning_LJK/01_HelloROS/camera' with build type 'ament_cmake'
[0.220s] INFO:colcon.colcon_cmake.task.cmake.build:Building CMake package in '/home/line/ROSlearning_LJK/01_HelloROS/camera'
[0.223s] INFO:colcon.colcon_core.plugin_system:Skipping extension 'colcon_core.shell.bat': Not used on non-Windows systems
[0.223s] INFO:colcon.colcon_core.shell:Skip shell extension 'powershell' for command environment: Not usable outside of PowerShell
[0.223s] DEBUG:colcon.colcon_core.shell:Skip shell extension 'dsv' for command environment
[0.228s] DEBUG:colcon.colcon_core.event_handler.log_command:Invoking command in '/home/line/ROSlearning_LJK/01_HelloROS/camera/build/camera': CMAKE_PREFIX_PATH=/opt/ros/humble /usr/bin/cmake /home/line/ROSlearning_LJK/01_HelloROS/camera -DCMAKE_INSTALL_PREFIX=/home/line/ROSlearning_LJK/01_HelloROS/camera/install/camera
[1.853s] DEBUG:colcon.colcon_core.event_handler.log_command:Invoked command in '/home/line/ROSlearning_LJK/01_HelloROS/camera/build/camera' returned '0': CMAKE_PREFIX_PATH=/opt/ros/humble /usr/bin/cmake /home/line/ROSlearning_LJK/01_HelloROS/camera -DCMAKE_INSTALL_PREFIX=/home/line/ROSlearning_LJK/01_HelloROS/camera/install/camera
[1.855s] DEBUG:colcon.colcon_core.event_handler.log_command:Invoking command in '/home/line/ROSlearning_LJK/01_HelloROS/camera/build/camera': CMAKE_PREFIX_PATH=/opt/ros/humble /usr/bin/cmake --build /home/line/ROSlearning_LJK/01_HelloROS/camera/build/camera -- -j20 -l20
[6.969s] DEBUG:colcon.colcon_core.event_handler.log_command:Invoked command in '/home/line/ROSlearning_LJK/01_HelloROS/camera/build/camera' returned '0': CMAKE_PREFIX_PATH=/opt/ros/humble /usr/bin/cmake --build /home/line/ROSlearning_LJK/01_HelloROS/camera/build/camera -- -j20 -l20
[6.975s] DEBUG:colcon.colcon_core.event_handler.log_command:Invoking command in '/home/line/ROSlearning_LJK/01_HelloROS/camera/build/camera': CMAKE_PREFIX_PATH=/opt/ros/humble /usr/bin/cmake --install /home/line/ROSlearning_LJK/01_HelloROS/camera/build/camera
[6.989s] Level 1:colcon.colcon_core.environment:create_environment_scripts_only(camera)
[6.989s] DEBUG:colcon.colcon_core.event_handler.log_command:Invoked command in '/home/line/ROSlearning_LJK/01_HelloROS/camera/build/camera' returned '0': CMAKE_PREFIX_PATH=/opt/ros/humble /usr/bin/cmake --install /home/line/ROSlearning_LJK/01_HelloROS/camera/build/camera
[7.009s] Level 1:colcon.colcon_core.environment:checking '/home/line/ROSlearning_LJK/01_HelloROS/camera/install/camera' for CMake module files
[7.010s] Level 1:colcon.colcon_core.environment:checking '/home/line/ROSlearning_LJK/01_HelloROS/camera/install/camera' for CMake config files
[7.011s] Level 1:colcon.colcon_core.shell:create_environment_hook('camera', 'cmake_prefix_path')
[7.011s] INFO:colcon.colcon_core.shell:Creating environment hook '/home/line/ROSlearning_LJK/01_HelloROS/camera/install/camera/share/camera/hook/cmake_prefix_path.ps1'
[7.013s] INFO:colcon.colcon_core.shell:Creating environment descriptor '/home/line/ROSlearning_LJK/01_HelloROS/camera/install/camera/share/camera/hook/cmake_prefix_path.dsv'
[7.014s] INFO:colcon.colcon_core.shell:Creating environment hook '/home/line/ROSlearning_LJK/01_HelloROS/camera/install/camera/share/camera/hook/cmake_prefix_path.sh'
[7.016s] Level 1:colcon.colcon_core.environment:checking '/home/line/ROSlearning_LJK/01_HelloROS/camera/install/camera/lib'
[7.016s] Level 1:colcon.colcon_core.shell:create_environment_hook('camera', 'ld_library_path_lib')
[7.016s] INFO:colcon.colcon_core.shell:Creating environment hook '/home/line/ROSlearning_LJK/01_HelloROS/camera/install/camera/share/camera/hook/ld_library_path_lib.ps1'
[7.017s] INFO:colcon.colcon_core.shell:Creating environment descriptor '/home/line/ROSlearning_LJK/01_HelloROS/camera/install/camera/share/camera/hook/ld_library_path_lib.dsv'
[7.017s] INFO:colcon.colcon_core.shell:Creating environment hook '/home/line/ROSlearning_LJK/01_HelloROS/camera/install/camera/share/camera/hook/ld_library_path_lib.sh'
[7.018s] Level 1:colcon.colcon_core.environment:checking '/home/line/ROSlearning_LJK/01_HelloROS/camera/install/camera/bin'
[7.018s] Level 1:colcon.colcon_core.environment:checking '/home/line/ROSlearning_LJK/01_HelloROS/camera/install/camera/lib/pkgconfig/camera.pc'
[7.018s] Level 1:colcon.colcon_core.environment:checking '/home/line/ROSlearning_LJK/01_HelloROS/camera/install/camera/lib/python3.10/site-packages'
[7.019s] Level 1:colcon.colcon_core.environment:checking '/home/line/ROSlearning_LJK/01_HelloROS/camera/install/camera/bin'
[7.019s] INFO:colcon.colcon_core.shell:Creating package script '/home/line/ROSlearning_LJK/01_HelloROS/camera/install/camera/share/camera/package.ps1'
[7.021s] INFO:colcon.colcon_core.shell:Creating package descriptor '/home/line/ROSlearning_LJK/01_HelloROS/camera/install/camera/share/camera/package.dsv'
[7.022s] INFO:colcon.colcon_core.shell:Creating package script '/home/line/ROSlearning_LJK/01_HelloROS/camera/install/camera/share/camera/package.sh'
[7.023s] INFO:colcon.colcon_core.shell:Creating package script '/home/line/ROSlearning_LJK/01_HelloROS/camera/install/camera/share/camera/package.bash'
[7.024s] INFO:colcon.colcon_core.shell:Creating package script '/home/line/ROSlearning_LJK/01_HelloROS/camera/install/camera/share/camera/package.zsh'
[7.025s] Level 1:colcon.colcon_core.environment:create_file_with_runtime_dependencies(/home/line/ROSlearning_LJK/01_HelloROS/camera/install/camera/share/colcon-core/packages/camera)
[7.025s] Level 1:colcon.colcon_core.environment:create_environment_scripts_only(camera)
[7.025s] Level 1:colcon.colcon_core.environment:checking '/home/line/ROSlearning_LJK/01_HelloROS/camera/install/camera' for CMake module files
[7.026s] Level 1:colcon.colcon_core.environment:checking '/home/line/ROSlearning_LJK/01_HelloROS/camera/install/camera' for CMake config files
[7.026s] Level 1:colcon.colcon_core.shell:create_environment_hook('camera', 'cmake_prefix_path')
[7.026s] INFO:colcon.colcon_core.shell:Creating environment hook '/home/line/ROSlearning_LJK/01_HelloROS/camera/install/camera/share/camera/hook/cmake_prefix_path.ps1'
[7.026s] INFO:colcon.colcon_core.shell:Creating environment descriptor '/home/line/ROSlearning_LJK/01_HelloROS/camera/install/camera/share/camera/hook/cmake_prefix_path.dsv'
[7.027s] INFO:colcon.colcon_core.shell:Creating environment hook '/home/line/ROSlearning_LJK/01_HelloROS/camera/install/camera/share/camera/hook/cmake_prefix_path.sh'
[7.027s] Level 1:colcon.colcon_core.environment:checking '/home/line/ROSlearning_LJK/01_HelloROS/camera/install/camera/lib'
[7.027s] Level 1:colcon.colcon_core.shell:create_environment_hook('camera', 'ld_library_path_lib')
[7.027s] INFO:colcon.colcon_core.shell:Creating environment hook '/home/line/ROSlearning_LJK/01_HelloROS/camera/install/camera/share/camera/hook/ld_library_path_lib.ps1'
[7.027s] INFO:colcon.colcon_core.shell:Creating environment descriptor '/home/line/ROSlearning_LJK/01_HelloROS/camera/install/camera/share/camera/hook/ld_library_path_lib.dsv'
[7.028s] INFO:colcon.colcon_core.shell:Creating environment hook '/home/line/ROSlearning_LJK/01_HelloROS/camera/install/camera/share/camera/hook/ld_library_path_lib.sh'
[7.028s] Level 1:colcon.colcon_core.environment:checking '/home/line/ROSlearning_LJK/01_HelloROS/camera/install/camera/bin'
[7.028s] Level 1:colcon.colcon_core.environment:checking '/home/line/ROSlearning_LJK/01_HelloROS/camera/install/camera/lib/pkgconfig/camera.pc'
[7.028s] Level 1:colcon.colcon_core.environment:checking '/home/line/ROSlearning_LJK/01_HelloROS/camera/install/camera/lib/python3.10/site-packages'
[7.028s] Level 1:colcon.colcon_core.environment:checking '/home/line/ROSlearning_LJK/01_HelloROS/camera/install/camera/bin'
[7.028s] INFO:colcon.colcon_core.shell:Creating package script '/home/line/ROSlearning_LJK/01_HelloROS/camera/install/camera/share/camera/package.ps1'
[7.029s] INFO:colcon.colcon_core.shell:Creating package descriptor '/home/line/ROSlearning_LJK/01_HelloROS/camera/install/camera/share/camera/package.dsv'
[7.029s] INFO:colcon.colcon_core.shell:Creating package script '/home/line/ROSlearning_LJK/01_HelloROS/camera/install/camera/share/camera/package.sh'
[7.029s] INFO:colcon.colcon_core.shell:Creating package script '/home/line/ROSlearning_LJK/01_HelloROS/camera/install/camera/share/camera/package.bash'
[7.030s] INFO:colcon.colcon_core.shell:Creating package script '/home/line/ROSlearning_LJK/01_HelloROS/camera/install/camera/share/camera/package.zsh'
[7.030s] Level 1:colcon.colcon_core.environment:create_file_with_runtime_dependencies(/home/line/ROSlearning_LJK/01_HelloROS/camera/install/camera/share/colcon-core/packages/camera)
[7.030s] DEBUG:colcon.colcon_parallel_executor.executor.parallel:closing loop
[7.030s] DEBUG:colcon.colcon_parallel_executor.executor.parallel:loop closed
[7.030s] DEBUG:colcon.colcon_parallel_executor.executor.parallel:run_until_complete finished with '0'
[7.030s] DEBUG:colcon.colcon_core.event_reactor:joining thread
[7.034s] INFO:colcon.colcon_core.plugin_system:Skipping extension 'colcon_notification.desktop_notification.terminal_notifier': Not used on non-Darwin systems
[7.034s] INFO:colcon.colcon_core.plugin_system:Skipping extension 'colcon_notification.desktop_notification.win32': Not used on non-Windows systems
[7.034s] INFO:colcon.colcon_notification.desktop_notification:Sending desktop notification using 'notify2'
[7.044s] DEBUG:colcon.colcon_core.event_reactor:joined thread
[7.044s] INFO:colcon.colcon_core.shell:Creating prefix script '/home/line/ROSlearning_LJK/01_HelloROS/camera/install/local_setup.ps1'
[7.045s] INFO:colcon.colcon_core.shell:Creating prefix util module '/home/line/ROSlearning_LJK/01_HelloROS/camera/install/_local_setup_util_ps1.py'
[7.046s] INFO:colcon.colcon_core.shell:Creating prefix chain script '/home/line/ROSlearning_LJK/01_HelloROS/camera/install/setup.ps1'
[7.048s] INFO:colcon.colcon_core.shell:Creating prefix script '/home/line/ROSlearning_LJK/01_HelloROS/camera/install/local_setup.sh'
[7.049s] INFO:colcon.colcon_core.shell:Creating prefix util module '/home/line/ROSlearning_LJK/01_HelloROS/camera/install/_local_setup_util_sh.py'
[7.049s] INFO:colcon.colcon_core.shell:Creating prefix chain script '/home/line/ROSlearning_LJK/01_HelloROS/camera/install/setup.sh'
[7.050s] INFO:colcon.colcon_core.shell:Creating prefix script '/home/line/ROSlearning_LJK/01_HelloROS/camera/install/local_setup.bash'
[7.051s] INFO:colcon.colcon_core.shell:Creating prefix chain script '/home/line/ROSlearning_LJK/01_HelloROS/camera/install/setup.bash'
[7.052s] INFO:colcon.colcon_core.shell:Creating prefix script '/home/line/ROSlearning_LJK/01_HelloROS/camera/install/local_setup.zsh'
[7.052s] INFO:colcon.colcon_core.shell:Creating prefix chain script '/home/line/ROSlearning_LJK/01_HelloROS/camera/install/setup.zsh'
