[0.006s] Invoking command in '/home/line/Community_ws/build/community_interfaces': CMAKE_PREFIX_PATH=/opt/ros/humble /usr/bin/cmake /home/line/Community_ws/src/community_interfaces -DCMAKE_INSTALL_PREFIX=/home/line/Community_ws/install/community_interfaces
[0.017s] -- Found ament_cmake: 1.3.14 (/opt/ros/humble/share/ament_cmake/cmake)
[0.096s] -- Found rosidl_default_generators: 1.2.1 (/opt/ros/humble/share/rosidl_default_generators/cmake)
[0.097s] -- Using all available rosidl_typesupport_c: rosidl_typesupport_fastrtps_c;rosidl_typesupport_introspection_c
[0.099s] -- Found rosidl_adapter: 3.1.9 (/opt/ros/humble/share/rosidl_adapter/cmake)
[0.115s] -- Using all available rosidl_typesupport_cpp: rosidl_typesupport_fastrtps_cpp;rosidl_typesupport_introspection_cpp
[0.250s] [31mCMake Error at /opt/ros/humble/share/rosidl_adapter/cmake/rosidl_adapt_interfaces.cmake:59 (message):
[0.250s]   execute_process(/usr/bin/python3 -m rosidl_adapter --package-name
[0.250s]   community_interfaces --arguments-file
[0.250s]   /home/line/Community_ws/build/community_interfaces/rosidl_adapter__arguments__community_interfaces.json
[0.250s]   --output-dir
[0.250s]   /home/line/Community_ws/build/community_interfaces/rosidl_adapter/community_interfaces
[0.250s]   --output-file
[0.250s]   /home/line/Community_ws/build/community_interfaces/rosidl_adapter/community_interfaces.idls)
[0.250s]   returned error code 1:
[0.250s] 
[0.250s]   Traceback (most recent call last):
[0.250s] 
[0.250s]     File "/usr/lib/python3.10/runpy.py", line 196, in _run_module_as_main
[0.250s]       return _run_code(code, main_globals, None,
[0.250s]     File "/usr/lib/python3.10/runpy.py", line 86, in _run_code
[0.250s]       exec(code, run_globals)
[0.250s]     File "/opt/ros/humble/local/lib/python3.10/dist-packages/rosidl_adapter/__main__.py", line 19, in <module>
[0.250s]       sys.exit(main())
[0.250s]     File "/opt/ros/humble/local/lib/python3.10/dist-packages/rosidl_adapter/main.py", line 53, in main
[0.250s]       abs_idl_file = convert_to_idl(
[0.250s]     File "/opt/ros/humble/local/lib/python3.10/dist-packages/rosidl_adapter/__init__.py", line 19, in convert_to_idl
[0.250s]       return convert_msg_to_idl(
[0.251s]     File "/opt/ros/humble/local/lib/python3.10/dist-packages/rosidl_adapter/msg/__init__.py", line 28, in convert_msg_to_idl
[0.251s]       msg = parse_message_string(package_name, input_file.stem, content)
[0.251s]     File "/opt/ros/humble/local/lib/python3.10/dist-packages/rosidl_adapter/parser.py", line 544, in parse_message_string
[0.251s]       msg = MessageSpecification(pkg_name, msg_name, fields, constants)
[0.251s]     File "/opt/ros/humble/local/lib/python3.10/dist-packages/rosidl_adapter/parser.py", line 388, in __init__
[0.251s]       self.base_type = BaseType(
[0.251s]     File "/opt/ros/humble/local/lib/python3.10/dist-packages/rosidl_adapter/parser.py", line 205, in __init__
[0.251s]       raise InvalidResourceName(
[0.251s] 
[0.251s]   rosidl_adapter.parser.InvalidResourceName: 'Noise_Element' is an invalid
[0.251s]   message name.  It should have the pattern '^[A-Z][A-Za-z0-9]*$'
[0.251s] 
[0.251s] Call Stack (most recent call first):
[0.251s]   /opt/ros/humble/share/rosidl_cmake/cmake/rosidl_generate_interfaces.cmake:130 (rosidl_adapt_interfaces)
[0.251s]   CMakeLists.txt:11 (rosidl_generate_interfaces)
[0.251s] 
[0.251s] [0m
[0.251s] -- Configuring incomplete, errors occurred!
[0.251s] See also "/home/line/Community_ws/build/community_interfaces/CMakeFiles/CMakeOutput.log".
[0.253s] Invoked command in '/home/line/Community_ws/build/community_interfaces' returned '1': CMAKE_PREFIX_PATH=/opt/ros/humble /usr/bin/cmake /home/line/Community_ws/src/community_interfaces -DCMAKE_INSTALL_PREFIX=/home/line/Community_ws/install/community_interfaces
