[0.008s] Invoking command in '/home/line/town_ws/src/build/village_interfaces': CMAKE_PREFIX_PATH=${CMAKE_PREFIX_PATH}:/home/line/town_ws/src/install/village_zhang:/home/line/town_ws/src/install/village_li:/opt/ros/humble /usr/bin/cmake --build /home/line/town_ws/src/build/village_interfaces -- -j20 -l20
[0.049s] [  6%] Built target village_interfaces__cpp
[0.049s] [  6%] Built target village_interfaces__rs
[0.049s] [ 14%] Built target village_interfaces__rosidl_generator_c
[0.053s] [ 14%] Built target ament_cmake_python_copy_village_interfaces
[0.077s] [ 25%] Built target village_interfaces__rosidl_typesupport_cpp
[0.077s] [ 35%] Built target village_interfaces__rosidl_typesupport_introspection_c
[0.078s] [ 45%] Built target village_interfaces__rosidl_typesupport_c
[0.082s] [ 56%] Built target village_interfaces__rosidl_typesupport_introspection_cpp
[0.083s] [ 66%] Built target village_interfaces__rosidl_typesupport_fastrtps_cpp
[0.089s] [ 77%] Built target village_interfaces__rosidl_typesupport_fastrtps_c
[0.105s] [ 77%] Built target village_interfaces
[0.124s] [ 79%] Built target village_interfaces__py
[0.132s] [35m[1mConsolidate compiler generated dependencies of target village_interfaces__rosidl_generator_py[0m
[0.142s] [ 87%] Built target village_interfaces__rosidl_generator_py
[0.149s] [35m[1mConsolidate compiler generated dependencies of target village_interfaces__rosidl_typesupport_introspection_c__pyext[0m
[0.149s] [35m[1mConsolidate compiler generated dependencies of target village_interfaces__rosidl_typesupport_fastrtps_c__pyext[0m
[0.150s] [35m[1mConsolidate compiler generated dependencies of target village_interfaces__rosidl_typesupport_c__pyext[0m
[0.159s] [ 91%] Built target village_interfaces__rosidl_typesupport_fastrtps_c__pyext
[0.159s] [ 95%] Built target village_interfaces__rosidl_typesupport_introspection_c__pyext
[0.160s] [100%] Built target village_interfaces__rosidl_typesupport_c__pyext
[0.193s] running egg_info
[0.200s] writing village_interfaces.egg-info/PKG-INFO
[0.200s] writing dependency_links to village_interfaces.egg-info/dependency_links.txt
[0.200s] writing top-level names to village_interfaces.egg-info/top_level.txt
[0.219s] reading manifest file 'village_interfaces.egg-info/SOURCES.txt'
[0.220s] writing manifest file 'village_interfaces.egg-info/SOURCES.txt'
[0.238s] [100%] Built target ament_cmake_python_build_village_interfaces_egg
[0.247s] Invoked command in '/home/line/town_ws/src/build/village_interfaces' returned '0': CMAKE_PREFIX_PATH=${CMAKE_PREFIX_PATH}:/home/line/town_ws/src/install/village_zhang:/home/line/town_ws/src/install/village_li:/opt/ros/humble /usr/bin/cmake --build /home/line/town_ws/src/build/village_interfaces -- -j20 -l20
[0.257s] Invoking command in '/home/line/town_ws/src/build/village_interfaces': CMAKE_PREFIX_PATH=${CMAKE_PREFIX_PATH}:/home/line/town_ws/src/install/village_zhang:/home/line/town_ws/src/install/village_li:/opt/ros/humble /usr/bin/cmake --install /home/line/town_ws/src/build/village_interfaces
[0.265s] -- Install configuration: ""
[0.265s] -- Up-to-date: /home/line/town_ws/src/install/village_interfaces/share/ament_index/resource_index/rosidl_interfaces/village_interfaces
[0.265s] -- Up-to-date: /home/line/town_ws/src/install/village_interfaces/include/village_interfaces/village_interfaces
[0.265s] -- Up-to-date: /home/line/town_ws/src/install/village_interfaces/include/village_interfaces/village_interfaces/msg
[0.265s] -- Up-to-date: /home/line/town_ws/src/install/village_interfaces/include/village_interfaces/village_interfaces/msg/rosidl_generator_c__visibility_control.h
[0.265s] -- Up-to-date: /home/line/town_ws/src/install/village_interfaces/include/village_interfaces/village_interfaces/msg/novel.h
[0.265s] -- Up-to-date: /home/line/town_ws/src/install/village_interfaces/include/village_interfaces/village_interfaces/msg/detail
[0.266s] -- Up-to-date: /home/line/town_ws/src/install/village_interfaces/include/village_interfaces/village_interfaces/msg/detail/novel__functions.c
[0.266s] -- Up-to-date: /home/line/town_ws/src/install/village_interfaces/include/village_interfaces/village_interfaces/msg/detail/novel__struct.h
[0.266s] -- Up-to-date: /home/line/town_ws/src/install/village_interfaces/include/village_interfaces/village_interfaces/msg/detail/novel__type_support.h
[0.266s] -- Up-to-date: /home/line/town_ws/src/install/village_interfaces/include/village_interfaces/village_interfaces/msg/detail/novel__functions.h
[0.266s] -- Up-to-date: /home/line/town_ws/src/install/village_interfaces/include/village_interfaces/village_interfaces/srv
[0.266s] -- Up-to-date: /home/line/town_ws/src/install/village_interfaces/include/village_interfaces/village_interfaces/srv/borrow_money.h
[0.266s] -- Up-to-date: /home/line/town_ws/src/install/village_interfaces/include/village_interfaces/village_interfaces/srv/detail
[0.266s] -- Up-to-date: /home/line/town_ws/src/install/village_interfaces/include/village_interfaces/village_interfaces/srv/detail/sell_novel__functions.h
[0.266s] -- Up-to-date: /home/line/town_ws/src/install/village_interfaces/include/village_interfaces/village_interfaces/srv/detail/sell_novel__struct.h
[0.266s] -- Up-to-date: /home/line/town_ws/src/install/village_interfaces/include/village_interfaces/village_interfaces/srv/detail/borrow_money__functions.c
[0.267s] -- Up-to-date: /home/line/town_ws/src/install/village_interfaces/include/village_interfaces/village_interfaces/srv/detail/borrow_money__type_support.h
[0.267s] -- Up-to-date: /home/line/town_ws/src/install/village_interfaces/include/village_interfaces/village_interfaces/srv/detail/sell_novel__functions.c
[0.267s] -- Up-to-date: /home/line/town_ws/src/install/village_interfaces/include/village_interfaces/village_interfaces/srv/detail/borrow_money__functions.h
[0.267s] -- Up-to-date: /home/line/town_ws/src/install/village_interfaces/include/village_interfaces/village_interfaces/srv/detail/borrow_money__struct.h
[0.267s] -- Up-to-date: /home/line/town_ws/src/install/village_interfaces/include/village_interfaces/village_interfaces/srv/detail/sell_novel__type_support.h
[0.267s] -- Up-to-date: /home/line/town_ws/src/install/village_interfaces/include/village_interfaces/village_interfaces/srv/sell_novel.h
[0.267s] -- Up-to-date: /home/line/town_ws/src/install/village_interfaces/share/village_interfaces/environment/library_path.sh
[0.267s] -- Up-to-date: /home/line/town_ws/src/install/village_interfaces/share/village_interfaces/environment/library_path.dsv
[0.267s] -- Up-to-date: /home/line/town_ws/src/install/village_interfaces/lib/libvillage_interfaces__rosidl_generator_c.so
[0.267s] -- Up-to-date: /home/line/town_ws/src/install/village_interfaces/include/village_interfaces/village_interfaces
[0.267s] -- Up-to-date: /home/line/town_ws/src/install/village_interfaces/include/village_interfaces/village_interfaces/msg
[0.267s] -- Up-to-date: /home/line/town_ws/src/install/village_interfaces/include/village_interfaces/village_interfaces/msg/detail
[0.268s] -- Up-to-date: /home/line/town_ws/src/install/village_interfaces/include/village_interfaces/village_interfaces/msg/detail/novel__rosidl_typesupport_fastrtps_c.h
[0.268s] -- Up-to-date: /home/line/town_ws/src/install/village_interfaces/include/village_interfaces/village_interfaces/msg/rosidl_typesupport_fastrtps_c__visibility_control.h
[0.268s] -- Up-to-date: /home/line/town_ws/src/install/village_interfaces/include/village_interfaces/village_interfaces/srv
[0.268s] -- Up-to-date: /home/line/town_ws/src/install/village_interfaces/include/village_interfaces/village_interfaces/srv/detail
[0.268s] -- Up-to-date: /home/line/town_ws/src/install/village_interfaces/include/village_interfaces/village_interfaces/srv/detail/borrow_money__rosidl_typesupport_fastrtps_c.h
[0.268s] -- Up-to-date: /home/line/town_ws/src/install/village_interfaces/include/village_interfaces/village_interfaces/srv/detail/sell_novel__rosidl_typesupport_fastrtps_c.h
[0.268s] -- Up-to-date: /home/line/town_ws/src/install/village_interfaces/lib/libvillage_interfaces__rosidl_typesupport_fastrtps_c.so
[0.268s] -- Up-to-date: /home/line/town_ws/src/install/village_interfaces/include/village_interfaces/village_interfaces
[0.268s] -- Up-to-date: /home/line/town_ws/src/install/village_interfaces/include/village_interfaces/village_interfaces/msg
[0.268s] -- Up-to-date: /home/line/town_ws/src/install/village_interfaces/include/village_interfaces/village_interfaces/msg/rosidl_generator_cpp__visibility_control.hpp
[0.269s] -- Up-to-date: /home/line/town_ws/src/install/village_interfaces/include/village_interfaces/village_interfaces/msg/novel.hpp
[0.269s] -- Up-to-date: /home/line/town_ws/src/install/village_interfaces/include/village_interfaces/village_interfaces/msg/detail
[0.269s] -- Up-to-date: /home/line/town_ws/src/install/village_interfaces/include/village_interfaces/village_interfaces/msg/detail/novel__builder.hpp
[0.269s] -- Up-to-date: /home/line/town_ws/src/install/village_interfaces/include/village_interfaces/village_interfaces/msg/detail/novel__struct.hpp
[0.269s] -- Up-to-date: /home/line/town_ws/src/install/village_interfaces/include/village_interfaces/village_interfaces/msg/detail/novel__traits.hpp
[0.269s] -- Up-to-date: /home/line/town_ws/src/install/village_interfaces/include/village_interfaces/village_interfaces/msg/detail/novel__type_support.hpp
[0.269s] -- Up-to-date: /home/line/town_ws/src/install/village_interfaces/include/village_interfaces/village_interfaces/srv
[0.269s] -- Up-to-date: /home/line/town_ws/src/install/village_interfaces/include/village_interfaces/village_interfaces/srv/borrow_money.hpp
[0.269s] -- Up-to-date: /home/line/town_ws/src/install/village_interfaces/include/village_interfaces/village_interfaces/srv/sell_novel.hpp
[0.269s] -- Up-to-date: /home/line/town_ws/src/install/village_interfaces/include/village_interfaces/village_interfaces/srv/detail
[0.269s] -- Up-to-date: /home/line/town_ws/src/install/village_interfaces/include/village_interfaces/village_interfaces/srv/detail/sell_novel__builder.hpp
[0.269s] -- Up-to-date: /home/line/town_ws/src/install/village_interfaces/include/village_interfaces/village_interfaces/srv/detail/sell_novel__type_support.hpp
[0.269s] -- Up-to-date: /home/line/town_ws/src/install/village_interfaces/include/village_interfaces/village_interfaces/srv/detail/borrow_money__builder.hpp
[0.269s] -- Up-to-date: /home/line/town_ws/src/install/village_interfaces/include/village_interfaces/village_interfaces/srv/detail/borrow_money__traits.hpp
[0.269s] -- Up-to-date: /home/line/town_ws/src/install/village_interfaces/include/village_interfaces/village_interfaces/srv/detail/sell_novel__traits.hpp
[0.269s] -- Up-to-date: /home/line/town_ws/src/install/village_interfaces/include/village_interfaces/village_interfaces/srv/detail/sell_novel__struct.hpp
[0.270s] -- Up-to-date: /home/line/town_ws/src/install/village_interfaces/include/village_interfaces/village_interfaces/srv/detail/borrow_money__type_support.hpp
[0.270s] -- Up-to-date: /home/line/town_ws/src/install/village_interfaces/include/village_interfaces/village_interfaces/srv/detail/borrow_money__struct.hpp
[0.270s] -- Up-to-date: /home/line/town_ws/src/install/village_interfaces/include/village_interfaces/village_interfaces
[0.270s] -- Up-to-date: /home/line/town_ws/src/install/village_interfaces/include/village_interfaces/village_interfaces/msg
[0.270s] -- Up-to-date: /home/line/town_ws/src/install/village_interfaces/include/village_interfaces/village_interfaces/msg/rosidl_typesupport_fastrtps_cpp__visibility_control.h
[0.270s] -- Up-to-date: /home/line/town_ws/src/install/village_interfaces/include/village_interfaces/village_interfaces/msg/detail
[0.270s] -- Up-to-date: /home/line/town_ws/src/install/village_interfaces/include/village_interfaces/village_interfaces/msg/detail/novel__rosidl_typesupport_fastrtps_cpp.hpp
[0.270s] -- Up-to-date: /home/line/town_ws/src/install/village_interfaces/include/village_interfaces/village_interfaces/msg/detail/dds_fastrtps
[0.270s] -- Up-to-date: /home/line/town_ws/src/install/village_interfaces/include/village_interfaces/village_interfaces/srv
[0.270s] -- Up-to-date: /home/line/town_ws/src/install/village_interfaces/include/village_interfaces/village_interfaces/srv/detail
[0.270s] -- Up-to-date: /home/line/town_ws/src/install/village_interfaces/include/village_interfaces/village_interfaces/srv/detail/borrow_money__rosidl_typesupport_fastrtps_cpp.hpp
[0.270s] -- Up-to-date: /home/line/town_ws/src/install/village_interfaces/include/village_interfaces/village_interfaces/srv/detail/dds_fastrtps
[0.270s] -- Up-to-date: /home/line/town_ws/src/install/village_interfaces/include/village_interfaces/village_interfaces/srv/detail/sell_novel__rosidl_typesupport_fastrtps_cpp.hpp
[0.270s] -- Up-to-date: /home/line/town_ws/src/install/village_interfaces/lib/libvillage_interfaces__rosidl_typesupport_fastrtps_cpp.so
[0.270s] -- Up-to-date: /home/line/town_ws/src/install/village_interfaces/include/village_interfaces/village_interfaces
[0.270s] -- Up-to-date: /home/line/town_ws/src/install/village_interfaces/include/village_interfaces/village_interfaces/msg
[0.271s] -- Up-to-date: /home/line/town_ws/src/install/village_interfaces/include/village_interfaces/village_interfaces/msg/rosidl_typesupport_introspection_c__visibility_control.h
[0.271s] -- Up-to-date: /home/line/town_ws/src/install/village_interfaces/include/village_interfaces/village_interfaces/msg/detail
[0.271s] -- Up-to-date: /home/line/town_ws/src/install/village_interfaces/include/village_interfaces/village_interfaces/msg/detail/novel__type_support.c
[0.271s] -- Up-to-date: /home/line/town_ws/src/install/village_interfaces/include/village_interfaces/village_interfaces/msg/detail/novel__rosidl_typesupport_introspection_c.h
[0.271s] -- Up-to-date: /home/line/town_ws/src/install/village_interfaces/include/village_interfaces/village_interfaces/srv
[0.271s] -- Up-to-date: /home/line/town_ws/src/install/village_interfaces/include/village_interfaces/village_interfaces/srv/detail
[0.271s] -- Up-to-date: /home/line/town_ws/src/install/village_interfaces/include/village_interfaces/village_interfaces/srv/detail/sell_novel__rosidl_typesupport_introspection_c.h
[0.271s] -- Up-to-date: /home/line/town_ws/src/install/village_interfaces/include/village_interfaces/village_interfaces/srv/detail/sell_novel__type_support.c
[0.271s] -- Up-to-date: /home/line/town_ws/src/install/village_interfaces/include/village_interfaces/village_interfaces/srv/detail/borrow_money__type_support.c
[0.271s] -- Up-to-date: /home/line/town_ws/src/install/village_interfaces/include/village_interfaces/village_interfaces/srv/detail/borrow_money__rosidl_typesupport_introspection_c.h
[0.271s] -- Up-to-date: /home/line/town_ws/src/install/village_interfaces/lib/libvillage_interfaces__rosidl_typesupport_introspection_c.so
[0.271s] -- Up-to-date: /home/line/town_ws/src/install/village_interfaces/lib/libvillage_interfaces__rosidl_typesupport_c.so
[0.271s] -- Up-to-date: /home/line/town_ws/src/install/village_interfaces/include/village_interfaces/village_interfaces
[0.271s] -- Up-to-date: /home/line/town_ws/src/install/village_interfaces/include/village_interfaces/village_interfaces/msg
[0.271s] -- Up-to-date: /home/line/town_ws/src/install/village_interfaces/include/village_interfaces/village_interfaces/msg/detail
[0.271s] -- Up-to-date: /home/line/town_ws/src/install/village_interfaces/include/village_interfaces/village_interfaces/msg/detail/novel__rosidl_typesupport_introspection_cpp.hpp
[0.271s] -- Up-to-date: /home/line/town_ws/src/install/village_interfaces/include/village_interfaces/village_interfaces/msg/detail/novel__type_support.cpp
[0.271s] -- Up-to-date: /home/line/town_ws/src/install/village_interfaces/include/village_interfaces/village_interfaces/srv
[0.271s] -- Up-to-date: /home/line/town_ws/src/install/village_interfaces/include/village_interfaces/village_interfaces/srv/detail
[0.272s] -- Up-to-date: /home/line/town_ws/src/install/village_interfaces/include/village_interfaces/village_interfaces/srv/detail/borrow_money__rosidl_typesupport_introspection_cpp.hpp
[0.272s] -- Up-to-date: /home/line/town_ws/src/install/village_interfaces/include/village_interfaces/village_interfaces/srv/detail/sell_novel__type_support.cpp
[0.272s] -- Up-to-date: /home/line/town_ws/src/install/village_interfaces/include/village_interfaces/village_interfaces/srv/detail/borrow_money__type_support.cpp
[0.272s] -- Up-to-date: /home/line/town_ws/src/install/village_interfaces/include/village_interfaces/village_interfaces/srv/detail/sell_novel__rosidl_typesupport_introspection_cpp.hpp
[0.272s] -- Up-to-date: /home/line/town_ws/src/install/village_interfaces/lib/libvillage_interfaces__rosidl_typesupport_introspection_cpp.so
[0.272s] -- Up-to-date: /home/line/town_ws/src/install/village_interfaces/lib/libvillage_interfaces__rosidl_typesupport_cpp.so
[0.272s] -- Up-to-date: /home/line/town_ws/src/install/village_interfaces/share/village_interfaces/environment/pythonpath.sh
[0.272s] -- Up-to-date: /home/line/town_ws/src/install/village_interfaces/share/village_interfaces/environment/pythonpath.dsv
[0.272s] -- Up-to-date: /home/line/town_ws/src/install/village_interfaces/local/lib/python3.10/dist-packages/village_interfaces-0.0.0-py3.10.egg-info
[0.272s] -- Installing: /home/line/town_ws/src/install/village_interfaces/local/lib/python3.10/dist-packages/village_interfaces-0.0.0-py3.10.egg-info/top_level.txt
[0.272s] -- Installing: /home/line/town_ws/src/install/village_interfaces/local/lib/python3.10/dist-packages/village_interfaces-0.0.0-py3.10.egg-info/dependency_links.txt
[0.272s] -- Installing: /home/line/town_ws/src/install/village_interfaces/local/lib/python3.10/dist-packages/village_interfaces-0.0.0-py3.10.egg-info/SOURCES.txt
[0.272s] -- Installing: /home/line/town_ws/src/install/village_interfaces/local/lib/python3.10/dist-packages/village_interfaces-0.0.0-py3.10.egg-info/PKG-INFO
[0.272s] -- Up-to-date: /home/line/town_ws/src/install/village_interfaces/local/lib/python3.10/dist-packages/village_interfaces
[0.272s] -- Up-to-date: /home/line/town_ws/src/install/village_interfaces/local/lib/python3.10/dist-packages/village_interfaces/msg
[0.272s] -- Up-to-date: /home/line/town_ws/src/install/village_interfaces/local/lib/python3.10/dist-packages/village_interfaces/msg/_novel.py
[0.272s] -- Up-to-date: /home/line/town_ws/src/install/village_interfaces/local/lib/python3.10/dist-packages/village_interfaces/msg/_novel_s.c
[0.272s] -- Up-to-date: /home/line/town_ws/src/install/village_interfaces/local/lib/python3.10/dist-packages/village_interfaces/msg/__init__.py
[0.272s] -- Up-to-date: /home/line/town_ws/src/install/village_interfaces/local/lib/python3.10/dist-packages/village_interfaces/srv
[0.272s] -- Up-to-date: /home/line/town_ws/src/install/village_interfaces/local/lib/python3.10/dist-packages/village_interfaces/srv/_sell_novel.py
[0.273s] -- Up-to-date: /home/line/town_ws/src/install/village_interfaces/local/lib/python3.10/dist-packages/village_interfaces/srv/__init__.py
[0.273s] -- Up-to-date: /home/line/town_ws/src/install/village_interfaces/local/lib/python3.10/dist-packages/village_interfaces/srv/_borrow_money_s.c
[0.273s] -- Up-to-date: /home/line/town_ws/src/install/village_interfaces/local/lib/python3.10/dist-packages/village_interfaces/srv/_sell_novel_s.c
[0.273s] -- Up-to-date: /home/line/town_ws/src/install/village_interfaces/local/lib/python3.10/dist-packages/village_interfaces/srv/_borrow_money.py
[0.273s] -- Up-to-date: /home/line/town_ws/src/install/village_interfaces/local/lib/python3.10/dist-packages/village_interfaces/_village_interfaces_s.ep.rosidl_typesupport_fastrtps_c.c
[0.273s] -- Up-to-date: /home/line/town_ws/src/install/village_interfaces/local/lib/python3.10/dist-packages/village_interfaces/village_interfaces_s__rosidl_typesupport_fastrtps_c.cpython-310-x86_64-linux-gnu.so
[0.273s] -- Up-to-date: /home/line/town_ws/src/install/village_interfaces/local/lib/python3.10/dist-packages/village_interfaces/_village_interfaces_s.ep.rosidl_typesupport_c.c
[0.273s] -- Up-to-date: /home/line/town_ws/src/install/village_interfaces/local/lib/python3.10/dist-packages/village_interfaces/__init__.py
[0.273s] -- Up-to-date: /home/line/town_ws/src/install/village_interfaces/local/lib/python3.10/dist-packages/village_interfaces/village_interfaces_s__rosidl_typesupport_c.cpython-310-x86_64-linux-gnu.so
[0.273s] -- Up-to-date: /home/line/town_ws/src/install/village_interfaces/local/lib/python3.10/dist-packages/village_interfaces/_village_interfaces_s.ep.rosidl_typesupport_introspection_c.c
[0.273s] -- Up-to-date: /home/line/town_ws/src/install/village_interfaces/local/lib/python3.10/dist-packages/village_interfaces/libvillage_interfaces__rosidl_generator_py.so
[0.273s] -- Up-to-date: /home/line/town_ws/src/install/village_interfaces/local/lib/python3.10/dist-packages/village_interfaces/village_interfaces_s__rosidl_typesupport_introspection_c.cpython-310-x86_64-linux-gnu.so
[0.292s] Listing '/home/line/town_ws/src/install/village_interfaces/local/lib/python3.10/dist-packages/village_interfaces'...
[0.292s] Listing '/home/line/town_ws/src/install/village_interfaces/local/lib/python3.10/dist-packages/village_interfaces/msg'...
[0.292s] Listing '/home/line/town_ws/src/install/village_interfaces/local/lib/python3.10/dist-packages/village_interfaces/srv'...
[0.294s] -- Up-to-date: /home/line/town_ws/src/install/village_interfaces/local/lib/python3.10/dist-packages/village_interfaces/village_interfaces_s__rosidl_typesupport_fastrtps_c.cpython-310-x86_64-linux-gnu.so
[0.294s] -- Up-to-date: /home/line/town_ws/src/install/village_interfaces/local/lib/python3.10/dist-packages/village_interfaces/village_interfaces_s__rosidl_typesupport_introspection_c.cpython-310-x86_64-linux-gnu.so
[0.294s] -- Up-to-date: /home/line/town_ws/src/install/village_interfaces/local/lib/python3.10/dist-packages/village_interfaces/village_interfaces_s__rosidl_typesupport_c.cpython-310-x86_64-linux-gnu.so
[0.294s] -- Up-to-date: /home/line/town_ws/src/install/village_interfaces/lib/libvillage_interfaces__rosidl_generator_py.so
[0.294s] -- Up-to-date: /home/line/town_ws/src/install/village_interfaces/share/ament_index/resource_index/rust_packages/village_interfaces
[0.295s] -- Up-to-date: /home/line/town_ws/src/install/village_interfaces/share/village_interfaces/rust
[0.295s] -- Up-to-date: /home/line/town_ws/src/install/village_interfaces/share/village_interfaces/rust/src
[0.295s] -- Up-to-date: /home/line/town_ws/src/install/village_interfaces/share/village_interfaces/rust/src/msg
[0.295s] -- Up-to-date: /home/line/town_ws/src/install/village_interfaces/share/village_interfaces/rust/src/msg/rmw.rs
[0.295s] -- Up-to-date: /home/line/town_ws/src/install/village_interfaces/share/village_interfaces/rust/src/lib.rs
[0.295s] -- Up-to-date: /home/line/town_ws/src/install/village_interfaces/share/village_interfaces/rust/src/srv
[0.295s] -- Up-to-date: /home/line/town_ws/src/install/village_interfaces/share/village_interfaces/rust/src/srv/rmw.rs
[0.295s] -- Up-to-date: /home/line/town_ws/src/install/village_interfaces/share/village_interfaces/rust/src/msg.rs
[0.295s] -- Up-to-date: /home/line/town_ws/src/install/village_interfaces/share/village_interfaces/rust/src/srv.rs
[0.295s] -- Up-to-date: /home/line/town_ws/src/install/village_interfaces/share/village_interfaces/rust/build.rs
[0.295s] -- Up-to-date: /home/line/town_ws/src/install/village_interfaces/share/village_interfaces/rust/Cargo.toml
[0.296s] -- Up-to-date: /home/line/town_ws/src/install/village_interfaces/share/village_interfaces/msg/Novel.idl
[0.296s] -- Up-to-date: /home/line/town_ws/src/install/village_interfaces/share/village_interfaces/srv/BorrowMoney.idl
[0.296s] -- Up-to-date: /home/line/town_ws/src/install/village_interfaces/share/village_interfaces/srv/SellNovel.idl
[0.296s] -- Up-to-date: /home/line/town_ws/src/install/village_interfaces/share/village_interfaces/msg/Novel.msg
[0.296s] -- Up-to-date: /home/line/town_ws/src/install/village_interfaces/share/village_interfaces/srv/BorrowMoney.srv
[0.296s] -- Up-to-date: /home/line/town_ws/src/install/village_interfaces/share/village_interfaces/srv/BorrowMoney_Request.msg
[0.296s] -- Up-to-date: /home/line/town_ws/src/install/village_interfaces/share/village_interfaces/srv/BorrowMoney_Response.msg
[0.296s] -- Up-to-date: /home/line/town_ws/src/install/village_interfaces/share/village_interfaces/srv/SellNovel.srv
[0.296s] -- Up-to-date: /home/line/town_ws/src/install/village_interfaces/share/village_interfaces/srv/SellNovel_Request.msg
[0.296s] -- Up-to-date: /home/line/town_ws/src/install/village_interfaces/share/village_interfaces/srv/SellNovel_Response.msg
[0.296s] -- Up-to-date: /home/line/town_ws/src/install/village_interfaces/share/ament_index/resource_index/package_run_dependencies/village_interfaces
[0.296s] -- Up-to-date: /home/line/town_ws/src/install/village_interfaces/share/ament_index/resource_index/parent_prefix_path/village_interfaces
[0.296s] -- Up-to-date: /home/line/town_ws/src/install/village_interfaces/share/village_interfaces/environment/ament_prefix_path.sh
[0.296s] -- Up-to-date: /home/line/town_ws/src/install/village_interfaces/share/village_interfaces/environment/ament_prefix_path.dsv
[0.296s] -- Up-to-date: /home/line/town_ws/src/install/village_interfaces/share/village_interfaces/environment/path.sh
[0.296s] -- Up-to-date: /home/line/town_ws/src/install/village_interfaces/share/village_interfaces/environment/path.dsv
[0.296s] -- Up-to-date: /home/line/town_ws/src/install/village_interfaces/share/village_interfaces/local_setup.bash
[0.297s] -- Up-to-date: /home/line/town_ws/src/install/village_interfaces/share/village_interfaces/local_setup.sh
[0.297s] -- Up-to-date: /home/line/town_ws/src/install/village_interfaces/share/village_interfaces/local_setup.zsh
[0.297s] -- Up-to-date: /home/line/town_ws/src/install/village_interfaces/share/village_interfaces/local_setup.dsv
[0.297s] -- Installing: /home/line/town_ws/src/install/village_interfaces/share/village_interfaces/package.dsv
[0.298s] -- Up-to-date: /home/line/town_ws/src/install/village_interfaces/share/ament_index/resource_index/packages/village_interfaces
[0.298s] -- Up-to-date: /home/line/town_ws/src/install/village_interfaces/share/village_interfaces/cmake/export_village_interfaces__rosidl_generator_cExport.cmake
[0.298s] -- Up-to-date: /home/line/town_ws/src/install/village_interfaces/share/village_interfaces/cmake/export_village_interfaces__rosidl_generator_cExport-noconfig.cmake
[0.298s] -- Up-to-date: /home/line/town_ws/src/install/village_interfaces/share/village_interfaces/cmake/export_village_interfaces__rosidl_typesupport_fastrtps_cExport.cmake
[0.298s] -- Up-to-date: /home/line/town_ws/src/install/village_interfaces/share/village_interfaces/cmake/export_village_interfaces__rosidl_typesupport_fastrtps_cExport-noconfig.cmake
[0.298s] -- Up-to-date: /home/line/town_ws/src/install/village_interfaces/share/village_interfaces/cmake/export_village_interfaces__rosidl_generator_cppExport.cmake
[0.298s] -- Up-to-date: /home/line/town_ws/src/install/village_interfaces/share/village_interfaces/cmake/export_village_interfaces__rosidl_typesupport_fastrtps_cppExport.cmake
[0.298s] -- Up-to-date: /home/line/town_ws/src/install/village_interfaces/share/village_interfaces/cmake/export_village_interfaces__rosidl_typesupport_fastrtps_cppExport-noconfig.cmake
[0.299s] -- Up-to-date: /home/line/town_ws/src/install/village_interfaces/share/village_interfaces/cmake/village_interfaces__rosidl_typesupport_introspection_cExport.cmake
[0.299s] -- Up-to-date: /home/line/town_ws/src/install/village_interfaces/share/village_interfaces/cmake/village_interfaces__rosidl_typesupport_introspection_cExport-noconfig.cmake
[0.299s] -- Up-to-date: /home/line/town_ws/src/install/village_interfaces/share/village_interfaces/cmake/village_interfaces__rosidl_typesupport_cExport.cmake
[0.299s] -- Up-to-date: /home/line/town_ws/src/install/village_interfaces/share/village_interfaces/cmake/village_interfaces__rosidl_typesupport_cExport-noconfig.cmake
[0.299s] -- Up-to-date: /home/line/town_ws/src/install/village_interfaces/share/village_interfaces/cmake/village_interfaces__rosidl_typesupport_introspection_cppExport.cmake
[0.299s] -- Up-to-date: /home/line/town_ws/src/install/village_interfaces/share/village_interfaces/cmake/village_interfaces__rosidl_typesupport_introspection_cppExport-noconfig.cmake
[0.299s] -- Up-to-date: /home/line/town_ws/src/install/village_interfaces/share/village_interfaces/cmake/village_interfaces__rosidl_typesupport_cppExport.cmake
[0.299s] -- Up-to-date: /home/line/town_ws/src/install/village_interfaces/share/village_interfaces/cmake/village_interfaces__rosidl_typesupport_cppExport-noconfig.cmake
[0.299s] -- Up-to-date: /home/line/town_ws/src/install/village_interfaces/share/village_interfaces/cmake/export_village_interfaces__rosidl_generator_pyExport.cmake
[0.299s] -- Up-to-date: /home/line/town_ws/src/install/village_interfaces/share/village_interfaces/cmake/export_village_interfaces__rosidl_generator_pyExport-noconfig.cmake
[0.300s] -- Up-to-date: /home/line/town_ws/src/install/village_interfaces/share/village_interfaces/cmake/rosidl_cmake-extras.cmake
[0.300s] -- Up-to-date: /home/line/town_ws/src/install/village_interfaces/share/village_interfaces/cmake/ament_cmake_export_dependencies-extras.cmake
[0.300s] -- Up-to-date: /home/line/town_ws/src/install/village_interfaces/share/village_interfaces/cmake/ament_cmake_export_include_directories-extras.cmake
[0.300s] -- Up-to-date: /home/line/town_ws/src/install/village_interfaces/share/village_interfaces/cmake/ament_cmake_export_libraries-extras.cmake
[0.300s] -- Up-to-date: /home/line/town_ws/src/install/village_interfaces/share/village_interfaces/cmake/ament_cmake_export_targets-extras.cmake
[0.300s] -- Up-to-date: /home/line/town_ws/src/install/village_interfaces/share/village_interfaces/cmake/rosidl_cmake_export_typesupport_targets-extras.cmake
[0.300s] -- Up-to-date: /home/line/town_ws/src/install/village_interfaces/share/village_interfaces/cmake/rosidl_cmake_export_typesupport_libraries-extras.cmake
[0.300s] -- Up-to-date: /home/line/town_ws/src/install/village_interfaces/share/village_interfaces/cmake/rosidl_cmake_aggregate_target-extras.cmake
[0.300s] -- Up-to-date: /home/line/town_ws/src/install/village_interfaces/share/village_interfaces/cmake/village_interfacesConfig.cmake
[0.300s] -- Up-to-date: /home/line/town_ws/src/install/village_interfaces/share/village_interfaces/cmake/village_interfacesConfig-version.cmake
[0.300s] -- Up-to-date: /home/line/town_ws/src/install/village_interfaces/share/village_interfaces/package.xml
[0.301s] Invoked command in '/home/line/town_ws/src/build/village_interfaces' returned '0': CMAKE_PREFIX_PATH=${CMAKE_PREFIX_PATH}:/home/line/town_ws/src/install/village_zhang:/home/line/town_ws/src/install/village_li:/opt/ros/humble /usr/bin/cmake --install /home/line/town_ws/src/build/village_interfaces
