[0.005s] Invoking command in '/home/line/Community_ws/build/community_interfaces': CMAKE_PREFIX_PATH=/opt/ros/humble /usr/bin/cmake --build /home/line/Community_ws/build/community_interfaces -- -j20 -l20
[0.029s] -- Found ament_cmake: 1.3.14 (/opt/ros/humble/share/ament_cmake/cmake)
[0.127s] -- Found rosidl_default_generators: 1.2.1 (/opt/ros/humble/share/rosidl_default_generators/cmake)
[0.128s] -- Using all available rosidl_typesupport_c: rosidl_typesupport_fastrtps_c;rosidl_typesupport_introspection_c
[0.130s] -- Found rosidl_adapter: 3.1.9 (/opt/ros/humble/share/rosidl_adapter/cmake)
[0.159s] -- Using all available rosidl_typesupport_cpp: rosidl_typesupport_fastrtps_cpp;rosidl_typesupport_introspection_cpp
[0.331s] -- Found ament_cmake_ros: 0.10.0 (/opt/ros/humble/share/ament_cmake_ros/cmake)
[0.449s] -- Using all available rosidl_typesupport_c: rosidl_typesupport_fastrtps_c;rosidl_typesupport_introspection_c
[0.609s] -- Using all available rosidl_typesupport_cpp: rosidl_typesupport_fastrtps_cpp;rosidl_typesupport_introspection_cpp
[0.626s] -- Found python_cmake_module: 0.10.0 (/opt/ros/humble/share/python_cmake_module/cmake)
[0.644s] -- Using PYTHON_EXECUTABLE: /usr/bin/python3
[0.644s] -- Using PYTHON_INCLUDE_DIRS: /usr/include/python3.10
[0.644s] -- Using PYTHON_LIBRARIES: /usr/lib/x86_64-linux-gnu/libpython3.10.so
[0.695s] -- Found ament_lint_auto: 0.12.15 (/opt/ros/humble/share/ament_lint_auto/cmake)
[0.719s] -- Added test 'cppcheck' to perform static code analysis on C / C++ code
[0.720s] -- Configured cppcheck include dirs: 
[0.720s] -- Configured cppcheck exclude dirs and/or files: 
[0.722s] -- Added test 'flake8' to check Python code syntax and style conventions
[0.725s] -- Added test 'lint_cmake' to check CMake code style
[0.727s] -- Added test 'pep257' to check Python code against some of the docstring style conventions in PEP 257
[0.739s] -- Added test 'uncrustify' to check C / C++ code style
[0.739s] -- Configured uncrustify additional arguments: 
[0.740s] -- Added test 'xmllint' to check XML markup files
[0.742s] -- Configuring done
[0.759s] -- Generating done
[0.765s] -- Build files have been written to: /home/line/Community_ws/build/community_interfaces
[0.783s] [  2%] Generating C code for ROS interfaces
[0.790s] [  4%] Generating C++ code for ROS interfaces
[0.792s] [  6%] Generating Rust code for ROS interfaces
[0.798s] [  6%] Built target ament_cmake_python_copy_community_interfaces
[0.914s] running egg_info
[0.920s] writing community_interfaces.egg-info/PKG-INFO
[0.920s] writing dependency_links to community_interfaces.egg-info/dependency_links.txt
[0.920s] writing top-level names to community_interfaces.egg-info/top_level.txt
[0.940s] reading manifest file 'community_interfaces.egg-info/SOURCES.txt'
[0.941s] writing manifest file 'community_interfaces.egg-info/SOURCES.txt'
[0.965s] [  6%] Built target ament_cmake_python_build_community_interfaces_egg
[0.979s] [  6%] Built target community_interfaces__rs
[1.024s] Consolidate compiler generated dependencies of target community_interfaces__rosidl_generator_c
[1.031s] [  8%] Building C object CMakeFiles/community_interfaces__rosidl_generator_c.dir/rosidl_generator_c/community_interfaces/msg/detail/noise_element__functions.c.o
[1.031s] [  8%] Built target community_interfaces__cpp
[1.032s] [ 10%] Building C object CMakeFiles/community_interfaces__rosidl_generator_c.dir/rosidl_generator_c/community_interfaces/srv/detail/complain__functions.c.o
[1.032s] [ 12%] Building C object CMakeFiles/community_interfaces__rosidl_generator_c.dir/rosidl_generator_c/community_interfaces/srv/detail/command__functions.c.o
[1.037s] [ 16%] Generating C++ type support dispatch for ROS interfaces
[1.037s] [ 16%] Generating C++ introspection for ROS interfaces
[1.038s] [ 18%] Generating C++ type support for eProsima Fast-RTPS
[1.088s] [ 20%] Linking C shared library libcommunity_interfaces__rosidl_generator_c.so
[1.119s] [ 20%] Built target community_interfaces__rosidl_generator_c
[1.126s] [ 27%] Generating C type support dispatch for ROS interfaces
[1.126s] [ 27%] Generating C introspection for ROS interfaces
[1.127s] [ 27%] Generating C type support for eProsima Fast-RTPS
[1.212s] Consolidate compiler generated dependencies of target community_interfaces__rosidl_typesupport_cpp
[1.220s] [ 29%] Building CXX object CMakeFiles/community_interfaces__rosidl_typesupport_cpp.dir/rosidl_typesupport_cpp/community_interfaces/msg/noise_element__type_support.cpp.o
[1.221s] [ 33%] Building CXX object CMakeFiles/community_interfaces__rosidl_typesupport_cpp.dir/rosidl_typesupport_cpp/community_interfaces/srv/command__type_support.cpp.o
[1.221s] [ 33%] Building CXX object CMakeFiles/community_interfaces__rosidl_typesupport_cpp.dir/rosidl_typesupport_cpp/community_interfaces/srv/complain__type_support.cpp.o
[1.241s] Consolidate compiler generated dependencies of target community_interfaces__rosidl_typesupport_introspection_cpp
[1.249s] [ 35%] Building CXX object CMakeFiles/community_interfaces__rosidl_typesupport_introspection_cpp.dir/rosidl_typesupport_introspection_cpp/community_interfaces/srv/detail/command__type_support.cpp.o
[1.250s] [ 37%] Building CXX object CMakeFiles/community_interfaces__rosidl_typesupport_introspection_cpp.dir/rosidl_typesupport_introspection_cpp/community_interfaces/msg/detail/noise_element__type_support.cpp.o
[1.250s] [ 39%] Building CXX object CMakeFiles/community_interfaces__rosidl_typesupport_introspection_cpp.dir/rosidl_typesupport_introspection_cpp/community_interfaces/srv/detail/complain__type_support.cpp.o
[1.263s] Consolidate compiler generated dependencies of target community_interfaces__rosidl_typesupport_fastrtps_cpp
[1.271s] [ 41%] Building CXX object CMakeFiles/community_interfaces__rosidl_typesupport_fastrtps_cpp.dir/rosidl_typesupport_fastrtps_cpp/community_interfaces/srv/detail/dds_fastrtps/command__type_support.cpp.o
[1.273s] [ 45%] Building CXX object CMakeFiles/community_interfaces__rosidl_typesupport_fastrtps_cpp.dir/rosidl_typesupport_fastrtps_cpp/community_interfaces/srv/detail/dds_fastrtps/complain__type_support.cpp.o
[1.273s] [ 45%] Building CXX object CMakeFiles/community_interfaces__rosidl_typesupport_fastrtps_cpp.dir/rosidl_typesupport_fastrtps_cpp/community_interfaces/msg/detail/dds_fastrtps/noise_element__type_support.cpp.o
[1.347s] Consolidate compiler generated dependencies of target community_interfaces__rosidl_typesupport_fastrtps_c
[1.353s] Consolidate compiler generated dependencies of target community_interfaces__rosidl_typesupport_c
[1.354s] [ 47%] Building CXX object CMakeFiles/community_interfaces__rosidl_typesupport_fastrtps_c.dir/rosidl_typesupport_fastrtps_c/community_interfaces/srv/detail/complain__type_support_c.cpp.o
[1.356s] [ 52%] Building CXX object CMakeFiles/community_interfaces__rosidl_typesupport_fastrtps_c.dir/rosidl_typesupport_fastrtps_c/community_interfaces/srv/detail/command__type_support_c.cpp.o
[1.356s] [ 52%] Building CXX object CMakeFiles/community_interfaces__rosidl_typesupport_fastrtps_c.dir/rosidl_typesupport_fastrtps_c/community_interfaces/msg/detail/noise_element__type_support_c.cpp.o
[1.363s] [ 54%] Building CXX object CMakeFiles/community_interfaces__rosidl_typesupport_c.dir/rosidl_typesupport_c/community_interfaces/msg/noise_element__type_support.cpp.o
[1.363s] [ 58%] Building CXX object CMakeFiles/community_interfaces__rosidl_typesupport_c.dir/rosidl_typesupport_c/community_interfaces/srv/command__type_support.cpp.o
[1.363s] [ 58%] Building CXX object CMakeFiles/community_interfaces__rosidl_typesupport_c.dir/rosidl_typesupport_c/community_interfaces/srv/complain__type_support.cpp.o
[1.376s] Consolidate compiler generated dependencies of target community_interfaces__rosidl_typesupport_introspection_c
[1.384s] [ 60%] Building C object CMakeFiles/community_interfaces__rosidl_typesupport_introspection_c.dir/rosidl_typesupport_introspection_c/community_interfaces/srv/detail/command__type_support.c.o
[1.384s] [ 62%] Building C object CMakeFiles/community_interfaces__rosidl_typesupport_introspection_c.dir/rosidl_typesupport_introspection_c/community_interfaces/msg/detail/noise_element__type_support.c.o
[1.384s] [ 64%] Building C object CMakeFiles/community_interfaces__rosidl_typesupport_introspection_c.dir/rosidl_typesupport_introspection_c/community_interfaces/srv/detail/complain__type_support.c.o
[1.389s] [ 66%] Linking CXX shared library libcommunity_interfaces__rosidl_typesupport_c.so
[1.415s] [ 68%] Linking C shared library libcommunity_interfaces__rosidl_typesupport_introspection_c.so
[1.423s] [ 68%] Built target community_interfaces__rosidl_typesupport_c
[1.436s] [ 68%] Built target community_interfaces__rosidl_typesupport_introspection_c
[1.491s] [ 70%] Linking CXX shared library libcommunity_interfaces__rosidl_typesupport_cpp.so
[1.519s] [ 70%] Built target community_interfaces__rosidl_typesupport_cpp
[1.547s] [ 72%] Linking CXX shared library libcommunity_interfaces__rosidl_typesupport_introspection_cpp.so
[1.580s] [ 75%] Linking CXX shared library libcommunity_interfaces__rosidl_typesupport_fastrtps_cpp.so
[1.586s] [ 75%] Built target community_interfaces__rosidl_typesupport_introspection_cpp
[1.625s] [ 75%] Built target community_interfaces__rosidl_typesupport_fastrtps_cpp
[1.630s] [ 77%] Linking CXX shared library libcommunity_interfaces__rosidl_typesupport_fastrtps_c.so
[1.679s] [ 77%] Built target community_interfaces__rosidl_typesupport_fastrtps_c
[1.700s] [ 77%] Built target community_interfaces
[1.719s] [ 79%] Generating Python code for ROS interfaces
[2.055s] [ 79%] Built target community_interfaces__py
[2.064s] Consolidate compiler generated dependencies of target community_interfaces__rosidl_generator_py
[2.076s] [ 81%] Building C object CMakeFiles/community_interfaces__rosidl_generator_py.dir/rosidl_generator_py/community_interfaces/msg/_noise_element_s.c.o
[2.076s] [ 85%] Building C object CMakeFiles/community_interfaces__rosidl_generator_py.dir/rosidl_generator_py/community_interfaces/srv/_complain_s.c.o
[2.076s] [ 85%] Building C object CMakeFiles/community_interfaces__rosidl_generator_py.dir/rosidl_generator_py/community_interfaces/srv/_command_s.c.o
[2.167s] [ 87%] Linking C shared library rosidl_generator_py/community_interfaces/libcommunity_interfaces__rosidl_generator_py.so
[2.199s] [ 87%] Built target community_interfaces__rosidl_generator_py
[2.209s] Consolidate compiler generated dependencies of target community_interfaces__rosidl_typesupport_fastrtps_c__pyext
[2.210s] Consolidate compiler generated dependencies of target community_interfaces__rosidl_typesupport_c__pyext
[2.213s] Consolidate compiler generated dependencies of target community_interfaces__rosidl_typesupport_introspection_c__pyext
[2.219s] [ 89%] Building C object CMakeFiles/community_interfaces__rosidl_typesupport_fastrtps_c__pyext.dir/rosidl_generator_py/community_interfaces/_community_interfaces_s.ep.rosidl_typesupport_fastrtps_c.c.o
[2.220s] [ 91%] Building C object CMakeFiles/community_interfaces__rosidl_typesupport_c__pyext.dir/rosidl_generator_py/community_interfaces/_community_interfaces_s.ep.rosidl_typesupport_c.c.o
[2.221s] [ 93%] Building C object CMakeFiles/community_interfaces__rosidl_typesupport_introspection_c__pyext.dir/rosidl_generator_py/community_interfaces/_community_interfaces_s.ep.rosidl_typesupport_introspection_c.c.o
[2.277s] [100%] Linking C shared library rosidl_generator_py/community_interfaces/community_interfaces_s__rosidl_typesupport_c.cpython-310-x86_64-linux-gnu.so
[2.277s] [100%] Linking C shared library rosidl_generator_py/community_interfaces/community_interfaces_s__rosidl_typesupport_fastrtps_c.cpython-310-x86_64-linux-gnu.so
[2.277s] [100%] Linking C shared library rosidl_generator_py/community_interfaces/community_interfaces_s__rosidl_typesupport_introspection_c.cpython-310-x86_64-linux-gnu.so
[2.301s] [100%] Built target community_interfaces__rosidl_typesupport_introspection_c__pyext
[2.301s] [100%] Built target community_interfaces__rosidl_typesupport_fastrtps_c__pyext
[2.301s] [100%] Built target community_interfaces__rosidl_typesupport_c__pyext
[2.310s] Invoked command in '/home/line/Community_ws/build/community_interfaces' returned '0': CMAKE_PREFIX_PATH=/opt/ros/humble /usr/bin/cmake --build /home/line/Community_ws/build/community_interfaces -- -j20 -l20
[2.318s] Invoking command in '/home/line/Community_ws/build/community_interfaces': CMAKE_PREFIX_PATH=/opt/ros/humble /usr/bin/cmake --install /home/line/Community_ws/build/community_interfaces
[2.323s] -- Install configuration: ""
[2.323s] -- Installing: /home/line/Community_ws/install/community_interfaces/share/ament_index/resource_index/rosidl_interfaces/community_interfaces
[2.323s] -- Up-to-date: /home/line/Community_ws/install/community_interfaces/include/community_interfaces/community_interfaces
[2.323s] -- Up-to-date: /home/line/Community_ws/install/community_interfaces/include/community_interfaces/community_interfaces/msg
[2.323s] -- Up-to-date: /home/line/Community_ws/install/community_interfaces/include/community_interfaces/community_interfaces/msg/rosidl_generator_c__visibility_control.h
[2.324s] -- Up-to-date: /home/line/Community_ws/install/community_interfaces/include/community_interfaces/community_interfaces/msg/detail
[2.324s] -- Installing: /home/line/Community_ws/install/community_interfaces/include/community_interfaces/community_interfaces/msg/detail/noise_element__functions.h
[2.324s] -- Installing: /home/line/Community_ws/install/community_interfaces/include/community_interfaces/community_interfaces/msg/detail/noise_element__functions.c
[2.324s] -- Installing: /home/line/Community_ws/install/community_interfaces/include/community_interfaces/community_interfaces/msg/detail/noise_element__type_support.h
[2.324s] -- Installing: /home/line/Community_ws/install/community_interfaces/include/community_interfaces/community_interfaces/msg/detail/noise_element__struct.h
[2.324s] -- Installing: /home/line/Community_ws/install/community_interfaces/include/community_interfaces/community_interfaces/msg/noise_element.h
[2.324s] -- Up-to-date: /home/line/Community_ws/install/community_interfaces/include/community_interfaces/community_interfaces/srv
[2.324s] -- Installing: /home/line/Community_ws/install/community_interfaces/include/community_interfaces/community_interfaces/srv/complain.h
[2.324s] -- Installing: /home/line/Community_ws/install/community_interfaces/include/community_interfaces/community_interfaces/srv/command.h
[2.324s] -- Up-to-date: /home/line/Community_ws/install/community_interfaces/include/community_interfaces/community_interfaces/srv/detail
[2.324s] -- Installing: /home/line/Community_ws/install/community_interfaces/include/community_interfaces/community_interfaces/srv/detail/complain__struct.h
[2.324s] -- Installing: /home/line/Community_ws/install/community_interfaces/include/community_interfaces/community_interfaces/srv/detail/complain__functions.c
[2.324s] -- Installing: /home/line/Community_ws/install/community_interfaces/include/community_interfaces/community_interfaces/srv/detail/complain__functions.h
[2.324s] -- Installing: /home/line/Community_ws/install/community_interfaces/include/community_interfaces/community_interfaces/srv/detail/command__type_support.h
[2.325s] -- Installing: /home/line/Community_ws/install/community_interfaces/include/community_interfaces/community_interfaces/srv/detail/complain__type_support.h
[2.325s] -- Installing: /home/line/Community_ws/install/community_interfaces/include/community_interfaces/community_interfaces/srv/detail/command__functions.c
[2.325s] -- Installing: /home/line/Community_ws/install/community_interfaces/include/community_interfaces/community_interfaces/srv/detail/command__struct.h
[2.325s] -- Installing: /home/line/Community_ws/install/community_interfaces/include/community_interfaces/community_interfaces/srv/detail/command__functions.h
[2.325s] -- Up-to-date: /home/line/Community_ws/install/community_interfaces/share/community_interfaces/environment/library_path.sh
[2.325s] -- Installing: /home/line/Community_ws/install/community_interfaces/share/community_interfaces/environment/library_path.dsv
[2.325s] -- Installing: /home/line/Community_ws/install/community_interfaces/lib/libcommunity_interfaces__rosidl_generator_c.so
[2.325s] -- Set runtime path of "/home/line/Community_ws/install/community_interfaces/lib/libcommunity_interfaces__rosidl_generator_c.so" to ""
[2.325s] -- Up-to-date: /home/line/Community_ws/install/community_interfaces/include/community_interfaces/community_interfaces
[2.325s] -- Up-to-date: /home/line/Community_ws/install/community_interfaces/include/community_interfaces/community_interfaces/msg
[2.325s] -- Up-to-date: /home/line/Community_ws/install/community_interfaces/include/community_interfaces/community_interfaces/msg/detail
[2.325s] -- Installing: /home/line/Community_ws/install/community_interfaces/include/community_interfaces/community_interfaces/msg/detail/noise_element__rosidl_typesupport_fastrtps_c.h
[2.325s] -- Up-to-date: /home/line/Community_ws/install/community_interfaces/include/community_interfaces/community_interfaces/msg/rosidl_typesupport_fastrtps_c__visibility_control.h
[2.325s] -- Up-to-date: /home/line/Community_ws/install/community_interfaces/include/community_interfaces/community_interfaces/srv
[2.325s] -- Up-to-date: /home/line/Community_ws/install/community_interfaces/include/community_interfaces/community_interfaces/srv/detail
[2.325s] -- Installing: /home/line/Community_ws/install/community_interfaces/include/community_interfaces/community_interfaces/srv/detail/command__rosidl_typesupport_fastrtps_c.h
[2.325s] -- Installing: /home/line/Community_ws/install/community_interfaces/include/community_interfaces/community_interfaces/srv/detail/complain__rosidl_typesupport_fastrtps_c.h
[2.325s] -- Installing: /home/line/Community_ws/install/community_interfaces/lib/libcommunity_interfaces__rosidl_typesupport_fastrtps_c.so
[2.325s] -- Set runtime path of "/home/line/Community_ws/install/community_interfaces/lib/libcommunity_interfaces__rosidl_typesupport_fastrtps_c.so" to ""
[2.325s] -- Up-to-date: /home/line/Community_ws/install/community_interfaces/include/community_interfaces/community_interfaces
[2.325s] -- Up-to-date: /home/line/Community_ws/install/community_interfaces/include/community_interfaces/community_interfaces/msg
[2.325s] -- Up-to-date: /home/line/Community_ws/install/community_interfaces/include/community_interfaces/community_interfaces/msg/rosidl_typesupport_introspection_c__visibility_control.h
[2.325s] -- Up-to-date: /home/line/Community_ws/install/community_interfaces/include/community_interfaces/community_interfaces/msg/detail
[2.325s] -- Installing: /home/line/Community_ws/install/community_interfaces/include/community_interfaces/community_interfaces/msg/detail/noise_element__type_support.c
[2.325s] -- Installing: /home/line/Community_ws/install/community_interfaces/include/community_interfaces/community_interfaces/msg/detail/noise_element__rosidl_typesupport_introspection_c.h
[2.325s] -- Up-to-date: /home/line/Community_ws/install/community_interfaces/include/community_interfaces/community_interfaces/srv
[2.325s] -- Up-to-date: /home/line/Community_ws/install/community_interfaces/include/community_interfaces/community_interfaces/srv/detail
[2.325s] -- Installing: /home/line/Community_ws/install/community_interfaces/include/community_interfaces/community_interfaces/srv/detail/command__type_support.c
[2.325s] -- Installing: /home/line/Community_ws/install/community_interfaces/include/community_interfaces/community_interfaces/srv/detail/command__rosidl_typesupport_introspection_c.h
[2.326s] -- Installing: /home/line/Community_ws/install/community_interfaces/include/community_interfaces/community_interfaces/srv/detail/complain__type_support.c
[2.326s] -- Installing: /home/line/Community_ws/install/community_interfaces/include/community_interfaces/community_interfaces/srv/detail/complain__rosidl_typesupport_introspection_c.h
[2.326s] -- Installing: /home/line/Community_ws/install/community_interfaces/lib/libcommunity_interfaces__rosidl_typesupport_introspection_c.so
[2.326s] -- Set runtime path of "/home/line/Community_ws/install/community_interfaces/lib/libcommunity_interfaces__rosidl_typesupport_introspection_c.so" to ""
[2.326s] -- Installing: /home/line/Community_ws/install/community_interfaces/lib/libcommunity_interfaces__rosidl_typesupport_c.so
[2.326s] -- Set runtime path of "/home/line/Community_ws/install/community_interfaces/lib/libcommunity_interfaces__rosidl_typesupport_c.so" to ""
[2.326s] -- Up-to-date: /home/line/Community_ws/install/community_interfaces/include/community_interfaces/community_interfaces
[2.326s] -- Up-to-date: /home/line/Community_ws/install/community_interfaces/include/community_interfaces/community_interfaces/msg
[2.326s] -- Up-to-date: /home/line/Community_ws/install/community_interfaces/include/community_interfaces/community_interfaces/msg/rosidl_generator_cpp__visibility_control.hpp
[2.326s] -- Installing: /home/line/Community_ws/install/community_interfaces/include/community_interfaces/community_interfaces/msg/noise_element.hpp
[2.326s] -- Up-to-date: /home/line/Community_ws/install/community_interfaces/include/community_interfaces/community_interfaces/msg/detail
[2.326s] -- Installing: /home/line/Community_ws/install/community_interfaces/include/community_interfaces/community_interfaces/msg/detail/noise_element__traits.hpp
[2.326s] -- Installing: /home/line/Community_ws/install/community_interfaces/include/community_interfaces/community_interfaces/msg/detail/noise_element__struct.hpp
[2.326s] -- Installing: /home/line/Community_ws/install/community_interfaces/include/community_interfaces/community_interfaces/msg/detail/noise_element__type_support.hpp
[2.326s] -- Installing: /home/line/Community_ws/install/community_interfaces/include/community_interfaces/community_interfaces/msg/detail/noise_element__builder.hpp
[2.326s] -- Up-to-date: /home/line/Community_ws/install/community_interfaces/include/community_interfaces/community_interfaces/srv
[2.326s] -- Installing: /home/line/Community_ws/install/community_interfaces/include/community_interfaces/community_interfaces/srv/complain.hpp
[2.326s] -- Installing: /home/line/Community_ws/install/community_interfaces/include/community_interfaces/community_interfaces/srv/command.hpp
[2.326s] -- Up-to-date: /home/line/Community_ws/install/community_interfaces/include/community_interfaces/community_interfaces/srv/detail
[2.326s] -- Installing: /home/line/Community_ws/install/community_interfaces/include/community_interfaces/community_interfaces/srv/detail/command__struct.hpp
[2.326s] -- Installing: /home/line/Community_ws/install/community_interfaces/include/community_interfaces/community_interfaces/srv/detail/complain__struct.hpp
[2.326s] -- Installing: /home/line/Community_ws/install/community_interfaces/include/community_interfaces/community_interfaces/srv/detail/command__traits.hpp
[2.326s] -- Installing: /home/line/Community_ws/install/community_interfaces/include/community_interfaces/community_interfaces/srv/detail/complain__type_support.hpp
[2.326s] -- Installing: /home/line/Community_ws/install/community_interfaces/include/community_interfaces/community_interfaces/srv/detail/command__type_support.hpp
[2.326s] -- Installing: /home/line/Community_ws/install/community_interfaces/include/community_interfaces/community_interfaces/srv/detail/complain__builder.hpp
[2.327s] -- Installing: /home/line/Community_ws/install/community_interfaces/include/community_interfaces/community_interfaces/srv/detail/command__builder.hpp
[2.327s] -- Installing: /home/line/Community_ws/install/community_interfaces/include/community_interfaces/community_interfaces/srv/detail/complain__traits.hpp
[2.327s] -- Up-to-date: /home/line/Community_ws/install/community_interfaces/include/community_interfaces/community_interfaces
[2.327s] -- Up-to-date: /home/line/Community_ws/install/community_interfaces/include/community_interfaces/community_interfaces/msg
[2.327s] -- Up-to-date: /home/line/Community_ws/install/community_interfaces/include/community_interfaces/community_interfaces/msg/rosidl_typesupport_fastrtps_cpp__visibility_control.h
[2.327s] -- Up-to-date: /home/line/Community_ws/install/community_interfaces/include/community_interfaces/community_interfaces/msg/detail
[2.327s] -- Up-to-date: /home/line/Community_ws/install/community_interfaces/include/community_interfaces/community_interfaces/msg/detail/dds_fastrtps
[2.327s] -- Installing: /home/line/Community_ws/install/community_interfaces/include/community_interfaces/community_interfaces/msg/detail/noise_element__rosidl_typesupport_fastrtps_cpp.hpp
[2.327s] -- Up-to-date: /home/line/Community_ws/install/community_interfaces/include/community_interfaces/community_interfaces/srv
[2.327s] -- Up-to-date: /home/line/Community_ws/install/community_interfaces/include/community_interfaces/community_interfaces/srv/detail
[2.327s] -- Up-to-date: /home/line/Community_ws/install/community_interfaces/include/community_interfaces/community_interfaces/srv/detail/dds_fastrtps
[2.327s] -- Installing: /home/line/Community_ws/install/community_interfaces/include/community_interfaces/community_interfaces/srv/detail/command__rosidl_typesupport_fastrtps_cpp.hpp
[2.327s] -- Installing: /home/line/Community_ws/install/community_interfaces/include/community_interfaces/community_interfaces/srv/detail/complain__rosidl_typesupport_fastrtps_cpp.hpp
[2.327s] -- Installing: /home/line/Community_ws/install/community_interfaces/lib/libcommunity_interfaces__rosidl_typesupport_fastrtps_cpp.so
[2.327s] -- Set runtime path of "/home/line/Community_ws/install/community_interfaces/lib/libcommunity_interfaces__rosidl_typesupport_fastrtps_cpp.so" to ""
[2.327s] -- Up-to-date: /home/line/Community_ws/install/community_interfaces/include/community_interfaces/community_interfaces
[2.327s] -- Up-to-date: /home/line/Community_ws/install/community_interfaces/include/community_interfaces/community_interfaces/msg
[2.327s] -- Up-to-date: /home/line/Community_ws/install/community_interfaces/include/community_interfaces/community_interfaces/msg/detail
[2.327s] -- Installing: /home/line/Community_ws/install/community_interfaces/include/community_interfaces/community_interfaces/msg/detail/noise_element__type_support.cpp
[2.327s] -- Installing: /home/line/Community_ws/install/community_interfaces/include/community_interfaces/community_interfaces/msg/detail/noise_element__rosidl_typesupport_introspection_cpp.hpp
[2.327s] -- Up-to-date: /home/line/Community_ws/install/community_interfaces/include/community_interfaces/community_interfaces/srv
[2.327s] -- Up-to-date: /home/line/Community_ws/install/community_interfaces/include/community_interfaces/community_interfaces/srv/detail
[2.327s] -- Installing: /home/line/Community_ws/install/community_interfaces/include/community_interfaces/community_interfaces/srv/detail/complain__type_support.cpp
[2.328s] -- Installing: /home/line/Community_ws/install/community_interfaces/include/community_interfaces/community_interfaces/srv/detail/command__type_support.cpp
[2.328s] -- Installing: /home/line/Community_ws/install/community_interfaces/include/community_interfaces/community_interfaces/srv/detail/command__rosidl_typesupport_introspection_cpp.hpp
[2.328s] -- Installing: /home/line/Community_ws/install/community_interfaces/include/community_interfaces/community_interfaces/srv/detail/complain__rosidl_typesupport_introspection_cpp.hpp
[2.328s] -- Installing: /home/line/Community_ws/install/community_interfaces/lib/libcommunity_interfaces__rosidl_typesupport_introspection_cpp.so
[2.328s] -- Set runtime path of "/home/line/Community_ws/install/community_interfaces/lib/libcommunity_interfaces__rosidl_typesupport_introspection_cpp.so" to ""
[2.328s] -- Installing: /home/line/Community_ws/install/community_interfaces/lib/libcommunity_interfaces__rosidl_typesupport_cpp.so
[2.328s] -- Set runtime path of "/home/line/Community_ws/install/community_interfaces/lib/libcommunity_interfaces__rosidl_typesupport_cpp.so" to ""
[2.328s] -- Up-to-date: /home/line/Community_ws/install/community_interfaces/share/community_interfaces/environment/pythonpath.sh
[2.328s] -- Installing: /home/line/Community_ws/install/community_interfaces/share/community_interfaces/environment/pythonpath.dsv
[2.328s] -- Up-to-date: /home/line/Community_ws/install/community_interfaces/local/lib/python3.10/dist-packages/community_interfaces-0.0.0-py3.10.egg-info
[2.328s] -- Installing: /home/line/Community_ws/install/community_interfaces/local/lib/python3.10/dist-packages/community_interfaces-0.0.0-py3.10.egg-info/top_level.txt
[2.328s] -- Installing: /home/line/Community_ws/install/community_interfaces/local/lib/python3.10/dist-packages/community_interfaces-0.0.0-py3.10.egg-info/dependency_links.txt
[2.328s] -- Installing: /home/line/Community_ws/install/community_interfaces/local/lib/python3.10/dist-packages/community_interfaces-0.0.0-py3.10.egg-info/SOURCES.txt
[2.328s] -- Installing: /home/line/Community_ws/install/community_interfaces/local/lib/python3.10/dist-packages/community_interfaces-0.0.0-py3.10.egg-info/PKG-INFO
[2.328s] -- Up-to-date: /home/line/Community_ws/install/community_interfaces/local/lib/python3.10/dist-packages/community_interfaces
[2.328s] -- Up-to-date: /home/line/Community_ws/install/community_interfaces/local/lib/python3.10/dist-packages/community_interfaces/msg
[2.328s] -- Installing: /home/line/Community_ws/install/community_interfaces/local/lib/python3.10/dist-packages/community_interfaces/msg/_noise_element_s.c
[2.328s] -- Installing: /home/line/Community_ws/install/community_interfaces/local/lib/python3.10/dist-packages/community_interfaces/msg/__init__.py
[2.328s] -- Installing: /home/line/Community_ws/install/community_interfaces/local/lib/python3.10/dist-packages/community_interfaces/msg/_noise_element.py
[2.328s] -- Installing: /home/line/Community_ws/install/community_interfaces/local/lib/python3.10/dist-packages/community_interfaces/libcommunity_interfaces__rosidl_generator_py.so
[2.328s] -- Up-to-date: /home/line/Community_ws/install/community_interfaces/local/lib/python3.10/dist-packages/community_interfaces/srv
[2.328s] -- Installing: /home/line/Community_ws/install/community_interfaces/local/lib/python3.10/dist-packages/community_interfaces/srv/_complain.py
[2.328s] -- Installing: /home/line/Community_ws/install/community_interfaces/local/lib/python3.10/dist-packages/community_interfaces/srv/__init__.py
[2.329s] -- Installing: /home/line/Community_ws/install/community_interfaces/local/lib/python3.10/dist-packages/community_interfaces/srv/_command.py
[2.329s] -- Installing: /home/line/Community_ws/install/community_interfaces/local/lib/python3.10/dist-packages/community_interfaces/srv/_complain_s.c
[2.329s] -- Installing: /home/line/Community_ws/install/community_interfaces/local/lib/python3.10/dist-packages/community_interfaces/srv/_command_s.c
[2.329s] -- Installing: /home/line/Community_ws/install/community_interfaces/local/lib/python3.10/dist-packages/community_interfaces/_community_interfaces_s.ep.rosidl_typesupport_introspection_c.c
[2.329s] -- Installing: /home/line/Community_ws/install/community_interfaces/local/lib/python3.10/dist-packages/community_interfaces/_community_interfaces_s.ep.rosidl_typesupport_c.c
[2.329s] -- Installing: /home/line/Community_ws/install/community_interfaces/local/lib/python3.10/dist-packages/community_interfaces/__init__.py
[2.329s] -- Installing: /home/line/Community_ws/install/community_interfaces/local/lib/python3.10/dist-packages/community_interfaces/community_interfaces_s__rosidl_typesupport_introspection_c.cpython-310-x86_64-linux-gnu.so
[2.329s] -- Installing: /home/line/Community_ws/install/community_interfaces/local/lib/python3.10/dist-packages/community_interfaces/community_interfaces_s__rosidl_typesupport_c.cpython-310-x86_64-linux-gnu.so
[2.329s] -- Installing: /home/line/Community_ws/install/community_interfaces/local/lib/python3.10/dist-packages/community_interfaces/_community_interfaces_s.ep.rosidl_typesupport_fastrtps_c.c
[2.329s] -- Installing: /home/line/Community_ws/install/community_interfaces/local/lib/python3.10/dist-packages/community_interfaces/community_interfaces_s__rosidl_typesupport_fastrtps_c.cpython-310-x86_64-linux-gnu.so
[2.353s] Listing '/home/line/Community_ws/install/community_interfaces/local/lib/python3.10/dist-packages/community_interfaces'...
[2.353s] Compiling '/home/line/Community_ws/install/community_interfaces/local/lib/python3.10/dist-packages/community_interfaces/__init__.py'...
[2.353s] Listing '/home/line/Community_ws/install/community_interfaces/local/lib/python3.10/dist-packages/community_interfaces/msg'...
[2.353s] Compiling '/home/line/Community_ws/install/community_interfaces/local/lib/python3.10/dist-packages/community_interfaces/msg/__init__.py'...
[2.353s] Compiling '/home/line/Community_ws/install/community_interfaces/local/lib/python3.10/dist-packages/community_interfaces/msg/_noise_element.py'...
[2.353s] Listing '/home/line/Community_ws/install/community_interfaces/local/lib/python3.10/dist-packages/community_interfaces/srv'...
[2.353s] Compiling '/home/line/Community_ws/install/community_interfaces/local/lib/python3.10/dist-packages/community_interfaces/srv/__init__.py'...
[2.353s] Compiling '/home/line/Community_ws/install/community_interfaces/local/lib/python3.10/dist-packages/community_interfaces/srv/_command.py'...
[2.353s] Compiling '/home/line/Community_ws/install/community_interfaces/local/lib/python3.10/dist-packages/community_interfaces/srv/_complain.py'...
[2.355s] -- Installing: /home/line/Community_ws/install/community_interfaces/local/lib/python3.10/dist-packages/community_interfaces/community_interfaces_s__rosidl_typesupport_fastrtps_c.cpython-310-x86_64-linux-gnu.so
[2.355s] -- Set runtime path of "/home/line/Community_ws/install/community_interfaces/local/lib/python3.10/dist-packages/community_interfaces/community_interfaces_s__rosidl_typesupport_fastrtps_c.cpython-310-x86_64-linux-gnu.so" to ""
[2.356s] -- Installing: /home/line/Community_ws/install/community_interfaces/local/lib/python3.10/dist-packages/community_interfaces/community_interfaces_s__rosidl_typesupport_introspection_c.cpython-310-x86_64-linux-gnu.so
[2.356s] -- Set runtime path of "/home/line/Community_ws/install/community_interfaces/local/lib/python3.10/dist-packages/community_interfaces/community_interfaces_s__rosidl_typesupport_introspection_c.cpython-310-x86_64-linux-gnu.so" to ""
[2.356s] -- Installing: /home/line/Community_ws/install/community_interfaces/local/lib/python3.10/dist-packages/community_interfaces/community_interfaces_s__rosidl_typesupport_c.cpython-310-x86_64-linux-gnu.so
[2.356s] -- Set runtime path of "/home/line/Community_ws/install/community_interfaces/local/lib/python3.10/dist-packages/community_interfaces/community_interfaces_s__rosidl_typesupport_c.cpython-310-x86_64-linux-gnu.so" to ""
[2.356s] -- Installing: /home/line/Community_ws/install/community_interfaces/lib/libcommunity_interfaces__rosidl_generator_py.so
[2.356s] -- Set runtime path of "/home/line/Community_ws/install/community_interfaces/lib/libcommunity_interfaces__rosidl_generator_py.so" to ""
[2.356s] -- Up-to-date: /home/line/Community_ws/install/community_interfaces/share/ament_index/resource_index/rust_packages/community_interfaces
[2.356s] -- Up-to-date: /home/line/Community_ws/install/community_interfaces/share/community_interfaces/rust
[2.356s] -- Up-to-date: /home/line/Community_ws/install/community_interfaces/share/community_interfaces/rust/src
[2.356s] -- Up-to-date: /home/line/Community_ws/install/community_interfaces/share/community_interfaces/rust/src/msg
[2.356s] -- Installing: /home/line/Community_ws/install/community_interfaces/share/community_interfaces/rust/src/msg/rmw.rs
[2.356s] -- Installing: /home/line/Community_ws/install/community_interfaces/share/community_interfaces/rust/src/lib.rs
[2.356s] -- Up-to-date: /home/line/Community_ws/install/community_interfaces/share/community_interfaces/rust/src/srv
[2.356s] -- Installing: /home/line/Community_ws/install/community_interfaces/share/community_interfaces/rust/src/srv/rmw.rs
[2.356s] -- Installing: /home/line/Community_ws/install/community_interfaces/share/community_interfaces/rust/src/msg.rs
[2.356s] -- Installing: /home/line/Community_ws/install/community_interfaces/share/community_interfaces/rust/src/srv.rs
[2.356s] -- Installing: /home/line/Community_ws/install/community_interfaces/share/community_interfaces/rust/build.rs
[2.356s] -- Installing: /home/line/Community_ws/install/community_interfaces/share/community_interfaces/rust/Cargo.toml
[2.356s] -- Up-to-date: /home/line/Community_ws/install/community_interfaces/share/community_interfaces/msg/NoiseElement.idl
[2.357s] -- Up-to-date: /home/line/Community_ws/install/community_interfaces/share/community_interfaces/srv/Complain.idl
[2.357s] -- Installing: /home/line/Community_ws/install/community_interfaces/share/community_interfaces/srv/Command.idl
[2.357s] -- Up-to-date: /home/line/Community_ws/install/community_interfaces/share/community_interfaces/msg/NoiseElement.msg
[2.357s] -- Up-to-date: /home/line/Community_ws/install/community_interfaces/share/community_interfaces/srv/Complain.srv
[2.357s] -- Up-to-date: /home/line/Community_ws/install/community_interfaces/share/community_interfaces/srv/Complain_Request.msg
[2.357s] -- Up-to-date: /home/line/Community_ws/install/community_interfaces/share/community_interfaces/srv/Complain_Response.msg
[2.357s] -- Installing: /home/line/Community_ws/install/community_interfaces/share/community_interfaces/srv/Command.srv
[2.357s] -- Installing: /home/line/Community_ws/install/community_interfaces/share/community_interfaces/srv/Command_Request.msg
[2.357s] -- Installing: /home/line/Community_ws/install/community_interfaces/share/community_interfaces/srv/Command_Response.msg
[2.357s] -- Up-to-date: /home/line/Community_ws/install/community_interfaces/share/ament_index/resource_index/package_run_dependencies/community_interfaces
[2.357s] -- Up-to-date: /home/line/Community_ws/install/community_interfaces/share/ament_index/resource_index/parent_prefix_path/community_interfaces
[2.357s] -- Up-to-date: /home/line/Community_ws/install/community_interfaces/share/community_interfaces/environment/ament_prefix_path.sh
[2.357s] -- Installing: /home/line/Community_ws/install/community_interfaces/share/community_interfaces/environment/ament_prefix_path.dsv
[2.357s] -- Up-to-date: /home/line/Community_ws/install/community_interfaces/share/community_interfaces/environment/path.sh
[2.357s] -- Installing: /home/line/Community_ws/install/community_interfaces/share/community_interfaces/environment/path.dsv
[2.357s] -- Up-to-date: /home/line/Community_ws/install/community_interfaces/share/community_interfaces/local_setup.bash
[2.357s] -- Up-to-date: /home/line/Community_ws/install/community_interfaces/share/community_interfaces/local_setup.sh
[2.357s] -- Up-to-date: /home/line/Community_ws/install/community_interfaces/share/community_interfaces/local_setup.zsh
[2.357s] -- Installing: /home/line/Community_ws/install/community_interfaces/share/community_interfaces/local_setup.dsv
[2.357s] -- Installing: /home/line/Community_ws/install/community_interfaces/share/community_interfaces/package.dsv
[2.357s] -- Up-to-date: /home/line/Community_ws/install/community_interfaces/share/ament_index/resource_index/packages/community_interfaces
[2.357s] -- Up-to-date: /home/line/Community_ws/install/community_interfaces/share/community_interfaces/cmake/export_community_interfaces__rosidl_generator_cExport.cmake
[2.357s] -- Up-to-date: /home/line/Community_ws/install/community_interfaces/share/community_interfaces/cmake/export_community_interfaces__rosidl_generator_cExport-noconfig.cmake
[2.357s] -- Up-to-date: /home/line/Community_ws/install/community_interfaces/share/community_interfaces/cmake/export_community_interfaces__rosidl_typesupport_fastrtps_cExport.cmake
[2.357s] -- Up-to-date: /home/line/Community_ws/install/community_interfaces/share/community_interfaces/cmake/export_community_interfaces__rosidl_typesupport_fastrtps_cExport-noconfig.cmake
[2.357s] -- Up-to-date: /home/line/Community_ws/install/community_interfaces/share/community_interfaces/cmake/community_interfaces__rosidl_typesupport_introspection_cExport.cmake
[2.357s] -- Up-to-date: /home/line/Community_ws/install/community_interfaces/share/community_interfaces/cmake/community_interfaces__rosidl_typesupport_introspection_cExport-noconfig.cmake
[2.357s] -- Up-to-date: /home/line/Community_ws/install/community_interfaces/share/community_interfaces/cmake/community_interfaces__rosidl_typesupport_cExport.cmake
[2.357s] -- Up-to-date: /home/line/Community_ws/install/community_interfaces/share/community_interfaces/cmake/community_interfaces__rosidl_typesupport_cExport-noconfig.cmake
[2.358s] -- Up-to-date: /home/line/Community_ws/install/community_interfaces/share/community_interfaces/cmake/export_community_interfaces__rosidl_generator_cppExport.cmake
[2.358s] -- Up-to-date: /home/line/Community_ws/install/community_interfaces/share/community_interfaces/cmake/export_community_interfaces__rosidl_typesupport_fastrtps_cppExport.cmake
[2.358s] -- Up-to-date: /home/line/Community_ws/install/community_interfaces/share/community_interfaces/cmake/export_community_interfaces__rosidl_typesupport_fastrtps_cppExport-noconfig.cmake
[2.358s] -- Up-to-date: /home/line/Community_ws/install/community_interfaces/share/community_interfaces/cmake/community_interfaces__rosidl_typesupport_introspection_cppExport.cmake
[2.358s] -- Up-to-date: /home/line/Community_ws/install/community_interfaces/share/community_interfaces/cmake/community_interfaces__rosidl_typesupport_introspection_cppExport-noconfig.cmake
[2.358s] -- Up-to-date: /home/line/Community_ws/install/community_interfaces/share/community_interfaces/cmake/community_interfaces__rosidl_typesupport_cppExport.cmake
[2.358s] -- Up-to-date: /home/line/Community_ws/install/community_interfaces/share/community_interfaces/cmake/community_interfaces__rosidl_typesupport_cppExport-noconfig.cmake
[2.358s] -- Up-to-date: /home/line/Community_ws/install/community_interfaces/share/community_interfaces/cmake/export_community_interfaces__rosidl_generator_pyExport.cmake
[2.358s] -- Up-to-date: /home/line/Community_ws/install/community_interfaces/share/community_interfaces/cmake/export_community_interfaces__rosidl_generator_pyExport-noconfig.cmake
[2.358s] -- Installing: /home/line/Community_ws/install/community_interfaces/share/community_interfaces/cmake/rosidl_cmake-extras.cmake
[2.358s] -- Up-to-date: /home/line/Community_ws/install/community_interfaces/share/community_interfaces/cmake/ament_cmake_export_include_directories-extras.cmake
[2.358s] -- Up-to-date: /home/line/Community_ws/install/community_interfaces/share/community_interfaces/cmake/ament_cmake_export_libraries-extras.cmake
[2.358s] -- Up-to-date: /home/line/Community_ws/install/community_interfaces/share/community_interfaces/cmake/ament_cmake_export_targets-extras.cmake
[2.358s] -- Up-to-date: /home/line/Community_ws/install/community_interfaces/share/community_interfaces/cmake/rosidl_cmake_export_typesupport_targets-extras.cmake
[2.358s] -- Up-to-date: /home/line/Community_ws/install/community_interfaces/share/community_interfaces/cmake/ament_cmake_export_dependencies-extras.cmake
[2.358s] -- Up-to-date: /home/line/Community_ws/install/community_interfaces/share/community_interfaces/cmake/rosidl_cmake_export_typesupport_libraries-extras.cmake
[2.358s] -- Up-to-date: /home/line/Community_ws/install/community_interfaces/share/community_interfaces/cmake/rosidl_cmake_aggregate_target-extras.cmake
[2.358s] -- Up-to-date: /home/line/Community_ws/install/community_interfaces/share/community_interfaces/cmake/community_interfacesConfig.cmake
[2.358s] -- Up-to-date: /home/line/Community_ws/install/community_interfaces/share/community_interfaces/cmake/community_interfacesConfig-version.cmake
[2.358s] -- Up-to-date: /home/line/Community_ws/install/community_interfaces/share/community_interfaces/package.xml
[2.359s] Invoked command in '/home/line/Community_ws/build/community_interfaces' returned '0': CMAKE_PREFIX_PATH=/opt/ros/humble /usr/bin/cmake --install /home/line/Community_ws/build/community_interfaces
