[0.493s] Invoking command in '/home/line/town_ws/src/village_zhang': AMENT_PREFIX_PATH=/home/line/town_ws/src/install/village_interfaces:${AMENT_PREFIX_PATH} CMAKE_PREFIX_PATH=/home/line/town_ws/src/install/village_interfaces LD_LIBRARY_PATH=/home/line/town_ws/src/install/village_interfaces/lib:${LD_LIBRARY_PATH} PYTHONPATH=/home/line/town_ws/src/build/village_zhang/prefix_override:/usr/lib/python3/dist-packages/colcon_core/task/python/colcon_distutils_commands:/home/line/town_ws/src/install/village_zhang/lib/python3.10/site-packages:/home/line/town_ws/src/install/village_interfaces/local/lib/python3.10/dist-packages:${PYTHONPATH} /usr/bin/python3 -W ignore:setup.py install is deprecated -W ignore:easy_install command is deprecated setup.py egg_info --egg-base ../build/village_zhang build --build-base /home/line/town_ws/src/build/village_zhang/build install --record /home/line/town_ws/src/build/village_zhang/install.log --install-scripts $base/lib/village_zhang --single-version-externally-managed install_data
[0.621s] running egg_info
[0.627s] creating ../build/village_zhang/village_zhang.egg-info
[0.627s] writing ../build/village_zhang/village_zhang.egg-info/PKG-INFO
[0.627s] writing dependency_links to ../build/village_zhang/village_zhang.egg-info/dependency_links.txt
[0.628s] writing entry points to ../build/village_zhang/village_zhang.egg-info/entry_points.txt
[0.628s] writing requirements to ../build/village_zhang/village_zhang.egg-info/requires.txt
[0.628s] writing top-level names to ../build/village_zhang/village_zhang.egg-info/top_level.txt
[0.628s] writing manifest file '../build/village_zhang/village_zhang.egg-info/SOURCES.txt'
[0.642s] reading manifest file '../build/village_zhang/village_zhang.egg-info/SOURCES.txt'
[0.642s] writing manifest file '../build/village_zhang/village_zhang.egg-info/SOURCES.txt'
[0.642s] running build
[0.643s] running build_py
[0.643s] creating /home/line/town_ws/src/build/village_zhang/build/lib/village_zhang
[0.643s] copying village_zhang/zhang3.py -> /home/line/town_ws/src/build/village_zhang/build/lib/village_zhang
[0.643s] copying village_zhang/__init__.py -> /home/line/town_ws/src/build/village_zhang/build/lib/village_zhang
[0.643s] running install
[0.645s] running install_lib
[0.652s] creating /home/line/town_ws/src/install/village_zhang/lib/python3.10/site-packages/village_zhang
[0.652s] copying /home/line/town_ws/src/build/village_zhang/build/lib/village_zhang/zhang3.py -> /home/line/town_ws/src/install/village_zhang/lib/python3.10/site-packages/village_zhang
[0.652s] copying /home/line/town_ws/src/build/village_zhang/build/lib/village_zhang/__init__.py -> /home/line/town_ws/src/install/village_zhang/lib/python3.10/site-packages/village_zhang
[0.652s] byte-compiling /home/line/town_ws/src/install/village_zhang/lib/python3.10/site-packages/village_zhang/zhang3.py to zhang3.cpython-310.pyc
[0.653s] byte-compiling /home/line/town_ws/src/install/village_zhang/lib/python3.10/site-packages/village_zhang/__init__.py to __init__.cpython-310.pyc
[0.653s] running install_data
[0.653s] creating /home/line/town_ws/src/install/village_zhang/share/ament_index/resource_index/packages
[0.653s] copying resource/village_zhang -> /home/line/town_ws/src/install/village_zhang/share/ament_index/resource_index/packages
[0.653s] copying package.xml -> /home/line/town_ws/src/install/village_zhang/share/village_zhang
[0.653s] running install_egg_info
[0.660s] Copying ../build/village_zhang/village_zhang.egg-info to /home/line/town_ws/src/install/village_zhang/lib/python3.10/site-packages/village_zhang-0.0.0-py3.10.egg-info
[0.661s] running install_scripts
[0.675s] Installing zhang3_node script to /home/line/town_ws/src/install/village_zhang/lib/village_zhang
[0.676s] writing list of installed files to '/home/line/town_ws/src/build/village_zhang/install.log'
[0.691s] Invoked command in '/home/line/town_ws/src/village_zhang' returned '0': AMENT_PREFIX_PATH=/home/line/town_ws/src/install/village_interfaces:${AMENT_PREFIX_PATH} CMAKE_PREFIX_PATH=/home/line/town_ws/src/install/village_interfaces LD_LIBRARY_PATH=/home/line/town_ws/src/install/village_interfaces/lib:${LD_LIBRARY_PATH} PYTHONPATH=/home/line/town_ws/src/build/village_zhang/prefix_override:/usr/lib/python3/dist-packages/colcon_core/task/python/colcon_distutils_commands:/home/line/town_ws/src/install/village_zhang/lib/python3.10/site-packages:/home/line/town_ws/src/install/village_interfaces/local/lib/python3.10/dist-packages:${PYTHONPATH} /usr/bin/python3 -W ignore:setup.py install is deprecated -W ignore:easy_install command is deprecated setup.py egg_info --egg-base ../build/village_zhang build --build-base /home/line/town_ws/src/build/village_zhang/build install --record /home/line/town_ws/src/build/village_zhang/install.log --install-scripts $base/lib/village_zhang --single-version-externally-managed install_data
