Traceback (most recent call last):
  File "/home/line/town_ws/src/build/village_interfaces/ament_cmake_python/village_interfaces/setup.py", line 4, in <module>
    setup(
  File "/home/line/.local/lib/python3.10/site-packages/setuptools/__init__.py", line 117, in setup
    return distutils.core.setup(**attrs)  # type: ignore[return-value]
  File "/home/line/.local/lib/python3.10/site-packages/setuptools/_distutils/core.py", line 186, in setup
    return run_commands(dist)
  File "/home/line/.local/lib/python3.10/site-packages/setuptools/_distutils/core.py", line 202, in run_commands
    dist.run_commands()
  File "/home/line/.local/lib/python3.10/site-packages/setuptools/_distutils/dist.py", line 1001, in run_commands
    self.run_command(cmd)
  File "/home/line/.local/lib/python3.10/site-packages/setuptools/dist.py", line 1107, in run_command
    super().run_command(command)
  File "/home/line/.local/lib/python3.10/site-packages/setuptools/_distutils/dist.py", line 1020, in run_command
    cmd_obj.run()
  File "/home/line/.local/lib/python3.10/site-packages/setuptools/command/egg_info.py", line 338, in run
    self.find_sources()
  File "/home/line/.local/lib/python3.10/site-packages/setuptools/command/egg_info.py", line 346, in find_sources
    mm.run()
  File "/home/line/.local/lib/python3.10/site-packages/setuptools/command/egg_info.py", line 573, in run
    self.prune_file_list()
  File "/home/line/.local/lib/python3.10/site-packages/setuptools/command/sdist.py", line 163, in prune_file_list
    super().prune_file_list()
  File "/home/line/.local/lib/python3.10/site-packages/setuptools/_distutils/command/sdist.py", line 386, in prune_file_list
    base_dir = self.distribution.get_fullname()
  File "/home/line/.local/lib/python3.10/site-packages/setuptools/_core_metadata.py", line 275, in get_fullname
    return _distribution_fullname(self.get_name(), self.get_version())
  File "/home/line/.local/lib/python3.10/site-packages/setuptools/_core_metadata.py", line 293, in _distribution_fullname
    canonicalize_version(version, strip_trailing_zero=False),
TypeError: canonicalize_version() got an unexpected keyword argument 'strip_trailing_zero'
gmake[2]: *** [CMakeFiles/ament_cmake_python_build_village_interfaces_egg.dir/build.make:70：CMakeFiles/ament_cmake_python_build_village_interfaces_egg] 错误 1
gmake[1]: *** [CMakeFiles/Makefile2:466：CMakeFiles/ament_cmake_python_build_village_interfaces_egg.dir/all] 错误 2
gmake[1]: *** 正在等待未完成的任务....
gmake: *** [Makefile:146：all] 错误 2
