[35m[1mConsolidate compiler generated dependencies of target village_interfaces__rosidl_generator_c[0m
[  2%] Built target village_interfaces__cpp
[  4%] Built target village_interfaces__rs
[ 14%] Built target village_interfaces__rosidl_generator_c
[ 16%] [34m[1mGenerating C++ type support dispatch for ROS interfaces[0m
[ 16%] Built target ament_cmake_python_copy_village_interfaces
[ 20%] [34m[1mGenerating C++ type support for eProsima Fast-RTPS[0m
[ 20%] [34m[1mGenerating C++ introspection for ROS interfaces[0m
[ 25%] [34m[1mGenerating C type support dispatch for ROS interfaces[0m
[ 25%] [34m[1mGenerating C introspection for ROS interfaces[0m
[ 27%] [34m[1mGenerating C type support for eProsima Fast-RTPS[0m
running egg_info
writing village_interfaces.egg-info/PKG-INFO
writing dependency_links to village_interfaces.egg-info/dependency_links.txt
writing top-level names to village_interfaces.egg-info/top_level.txt
reading manifest file 'village_interfaces.egg-info/SOURCES.txt'
Traceback (most recent call last):
  File "/home/line/town_ws/src/build/village_interfaces/ament_cmake_python/village_interfaces/setup.py", line 4, in <module>
    setup(
  File "/home/line/.local/lib/python3.10/site-packages/setuptools/__init__.py", line 117, in setup
    return distutils.core.setup(**attrs)  # type: ignore[return-value]
  File "/home/line/.local/lib/python3.10/site-packages/setuptools/_distutils/core.py", line 186, in setup
    return run_commands(dist)
  File "/home/line/.local/lib/python3.10/site-packages/setuptools/_distutils/core.py", line 202, in run_commands
    dist.run_commands()
  File "/home/line/.local/lib/python3.10/site-packages/setuptools/_distutils/dist.py", line 1001, in run_commands
    self.run_command(cmd)
  File "/home/line/.local/lib/python3.10/site-packages/setuptools/dist.py", line 1107, in run_command
    super().run_command(command)
  File "/home/line/.local/lib/python3.10/site-packages/setuptools/_distutils/dist.py", line 1020, in run_command
    cmd_obj.run()
  File "/home/line/.local/lib/python3.10/site-packages/setuptools/command/egg_info.py", line 338, in run
    self.find_sources()
  File "/home/line/.local/lib/python3.10/site-packages/setuptools/command/egg_info.py", line 346, in find_sources
    mm.run()
  File "/home/line/.local/lib/python3.10/site-packages/setuptools/command/egg_info.py", line 573, in run
    self.prune_file_list()
  File "/home/line/.local/lib/python3.10/site-packages/setuptools/command/sdist.py", line 163, in prune_file_list
    super().prune_file_list()
  File "/home/line/.local/lib/python3.10/site-packages/setuptools/_distutils/command/sdist.py", line 386, in prune_file_list
    base_dir = self.distribution.get_fullname()
  File "/home/line/.local/lib/python3.10/site-packages/setuptools/_core_metadata.py", line 275, in get_fullname
    return _distribution_fullname(self.get_name(), self.get_version())
  File "/home/line/.local/lib/python3.10/site-packages/setuptools/_core_metadata.py", line 293, in _distribution_fullname
    canonicalize_version(version, strip_trailing_zero=False),
TypeError: canonicalize_version() got an unexpected keyword argument 'strip_trailing_zero'
gmake[2]: *** [CMakeFiles/ament_cmake_python_build_village_interfaces_egg.dir/build.make:70：CMakeFiles/ament_cmake_python_build_village_interfaces_egg] 错误 1
gmake[1]: *** [CMakeFiles/Makefile2:466：CMakeFiles/ament_cmake_python_build_village_interfaces_egg.dir/all] 错误 2
gmake[1]: *** 正在等待未完成的任务....
[ 29%] [32mBuilding CXX object CMakeFiles/village_interfaces__rosidl_typesupport_c.dir/rosidl_typesupport_c/village_interfaces/srv/borrow_money__type_support.cpp.o[0m
[ 33%] [32mBuilding CXX object CMakeFiles/village_interfaces__rosidl_typesupport_c.dir/rosidl_typesupport_c/village_interfaces/srv/sell_novel__type_support.cpp.o[0m
[ 33%] [32mBuilding CXX object CMakeFiles/village_interfaces__rosidl_typesupport_c.dir/rosidl_typesupport_c/village_interfaces/msg/novel__type_support.cpp.o[0m
[ 35%] [32mBuilding CXX object CMakeFiles/village_interfaces__rosidl_typesupport_cpp.dir/rosidl_typesupport_cpp/village_interfaces/srv/borrow_money__type_support.cpp.o[0m
[ 37%] [32mBuilding CXX object CMakeFiles/village_interfaces__rosidl_typesupport_cpp.dir/rosidl_typesupport_cpp/village_interfaces/msg/novel__type_support.cpp.o[0m
[ 39%] [32mBuilding CXX object CMakeFiles/village_interfaces__rosidl_typesupport_cpp.dir/rosidl_typesupport_cpp/village_interfaces/srv/sell_novel__type_support.cpp.o[0m
[ 41%] [32mBuilding C object CMakeFiles/village_interfaces__rosidl_typesupport_introspection_c.dir/rosidl_typesupport_introspection_c/village_interfaces/msg/detail/novel__type_support.c.o[0m
[ 43%] [32mBuilding C object CMakeFiles/village_interfaces__rosidl_typesupport_introspection_c.dir/rosidl_typesupport_introspection_c/village_interfaces/srv/detail/borrow_money__type_support.c.o[0m
[ 45%] [32mBuilding C object CMakeFiles/village_interfaces__rosidl_typesupport_introspection_c.dir/rosidl_typesupport_introspection_c/village_interfaces/srv/detail/sell_novel__type_support.c.o[0m
[ 47%] [32m[1mLinking CXX shared library libvillage_interfaces__rosidl_typesupport_c.so[0m
[ 50%] [32mBuilding CXX object CMakeFiles/village_interfaces__rosidl_typesupport_fastrtps_c.dir/rosidl_typesupport_fastrtps_c/village_interfaces/srv/detail/borrow_money__type_support_c.cpp.o[0m
[ 54%] [32mBuilding CXX object CMakeFiles/village_interfaces__rosidl_typesupport_fastrtps_c.dir/rosidl_typesupport_fastrtps_c/village_interfaces/msg/detail/novel__type_support_c.cpp.o[0m
[ 54%] [32mBuilding CXX object CMakeFiles/village_interfaces__rosidl_typesupport_fastrtps_c.dir/rosidl_typesupport_fastrtps_c/village_interfaces/srv/detail/sell_novel__type_support_c.cpp.o[0m
[ 56%] [32mBuilding CXX object CMakeFiles/village_interfaces__rosidl_typesupport_fastrtps_cpp.dir/rosidl_typesupport_fastrtps_cpp/village_interfaces/srv/detail/dds_fastrtps/sell_novel__type_support.cpp.o[0m
[ 58%] [32mBuilding CXX object CMakeFiles/village_interfaces__rosidl_typesupport_fastrtps_cpp.dir/rosidl_typesupport_fastrtps_cpp/village_interfaces/srv/detail/dds_fastrtps/borrow_money__type_support.cpp.o[0m
[ 60%] [32mBuilding CXX object CMakeFiles/village_interfaces__rosidl_typesupport_fastrtps_cpp.dir/rosidl_typesupport_fastrtps_cpp/village_interfaces/msg/detail/dds_fastrtps/novel__type_support.cpp.o[0m
[ 62%] [32m[1mLinking C shared library libvillage_interfaces__rosidl_typesupport_introspection_c.so[0m
[ 62%] Built target village_interfaces__rosidl_typesupport_c
[ 62%] Built target village_interfaces__rosidl_typesupport_introspection_c
[ 64%] [32mBuilding CXX object CMakeFiles/village_interfaces__rosidl_typesupport_introspection_cpp.dir/rosidl_typesupport_introspection_cpp/village_interfaces/srv/detail/sell_novel__type_support.cpp.o[0m
[ 66%] [32mBuilding CXX object CMakeFiles/village_interfaces__rosidl_typesupport_introspection_cpp.dir/rosidl_typesupport_introspection_cpp/village_interfaces/msg/detail/novel__type_support.cpp.o[0m
[ 68%] [32mBuilding CXX object CMakeFiles/village_interfaces__rosidl_typesupport_introspection_cpp.dir/rosidl_typesupport_introspection_cpp/village_interfaces/srv/detail/borrow_money__type_support.cpp.o[0m
[ 70%] [32m[1mLinking CXX shared library libvillage_interfaces__rosidl_typesupport_cpp.so[0m
[ 70%] Built target village_interfaces__rosidl_typesupport_cpp
[ 72%] [32m[1mLinking CXX shared library libvillage_interfaces__rosidl_typesupport_fastrtps_cpp.so[0m
[ 75%] [32m[1mLinking CXX shared library libvillage_interfaces__rosidl_typesupport_introspection_cpp.so[0m
[ 77%] [32m[1mLinking CXX shared library libvillage_interfaces__rosidl_typesupport_fastrtps_c.so[0m
[ 77%] Built target village_interfaces__rosidl_typesupport_fastrtps_cpp
[ 77%] Built target village_interfaces__rosidl_typesupport_introspection_cpp
[ 77%] Built target village_interfaces__rosidl_typesupport_fastrtps_c
gmake: *** [Makefile:146：all] 错误 2
