[0.007s] Invoking command in '/home/line/town_ws/src/build/village_interfaces': CMAKE_PREFIX_PATH=/opt/ros/humble /usr/bin/cmake --build /home/line/town_ws/src/build/village_interfaces -- -j20 -l20
[0.039s] [35m[1mConsolidate compiler generated dependencies of target village_interfaces__rosidl_generator_c[0m
[0.049s] [  2%] Built target village_interfaces__cpp
[0.049s] [  4%] Built target village_interfaces__rs
[0.049s] [ 14%] Built target village_interfaces__rosidl_generator_c
[0.057s] [ 16%] [34m[1mGenerating C++ type support dispatch for ROS interfaces[0m
[0.057s] [ 16%] Built target ament_cmake_python_copy_village_interfaces
[0.057s] [ 20%] [34m[1mGenerating C++ type support for eProsima Fast-RTPS[0m
[0.057s] [ 20%] [34m[1mGenerating C++ introspection for ROS interfaces[0m
[0.063s] [ 25%] [34m[1mGenerating C type support dispatch for ROS interfaces[0m
[0.063s] [ 25%] [34m[1mGenerating C introspection for ROS interfaces[0m
[0.064s] [ 27%] [34m[1mGenerating C type support for eProsima Fast-RTPS[0m
[0.178s] running egg_info
[0.185s] writing village_interfaces.egg-info/PKG-INFO
[0.185s] writing dependency_links to village_interfaces.egg-info/dependency_links.txt
[0.185s] writing top-level names to village_interfaces.egg-info/top_level.txt
[0.206s] reading manifest file 'village_interfaces.egg-info/SOURCES.txt'
[0.214s] Traceback (most recent call last):
[0.215s]   File "/home/line/town_ws/src/build/village_interfaces/ament_cmake_python/village_interfaces/setup.py", line 4, in <module>
[0.215s]     setup(
[0.215s]   File "/home/line/.local/lib/python3.10/site-packages/setuptools/__init__.py", line 117, in setup
[0.215s]     return distutils.core.setup(**attrs)  # type: ignore[return-value]
[0.215s]   File "/home/line/.local/lib/python3.10/site-packages/setuptools/_distutils/core.py", line 186, in setup
[0.215s]     return run_commands(dist)
[0.215s]   File "/home/line/.local/lib/python3.10/site-packages/setuptools/_distutils/core.py", line 202, in run_commands
[0.215s]     dist.run_commands()
[0.215s]   File "/home/line/.local/lib/python3.10/site-packages/setuptools/_distutils/dist.py", line 1001, in run_commands
[0.215s]     self.run_command(cmd)
[0.215s]   File "/home/line/.local/lib/python3.10/site-packages/setuptools/dist.py", line 1107, in run_command
[0.215s]     super().run_command(command)
[0.215s]   File "/home/line/.local/lib/python3.10/site-packages/setuptools/_distutils/dist.py", line 1020, in run_command
[0.215s]     cmd_obj.run()
[0.215s]   File "/home/line/.local/lib/python3.10/site-packages/setuptools/command/egg_info.py", line 338, in run
[0.215s]     self.find_sources()
[0.215s]   File "/home/line/.local/lib/python3.10/site-packages/setuptools/command/egg_info.py", line 346, in find_sources
[0.216s]     mm.run()
[0.216s]   File "/home/line/.local/lib/python3.10/site-packages/setuptools/command/egg_info.py", line 573, in run
[0.216s]     self.prune_file_list()
[0.216s]   File "/home/line/.local/lib/python3.10/site-packages/setuptools/command/sdist.py", line 163, in prune_file_list
[0.216s]     super().prune_file_list()
[0.216s]   File "/home/line/.local/lib/python3.10/site-packages/setuptools/_distutils/command/sdist.py", line 386, in prune_file_list
[0.216s]     base_dir = self.distribution.get_fullname()
[0.216s]   File "/home/line/.local/lib/python3.10/site-packages/setuptools/_core_metadata.py", line 275, in get_fullname
[0.216s]     return _distribution_fullname(self.get_name(), self.get_version())
[0.216s]   File "/home/line/.local/lib/python3.10/site-packages/setuptools/_core_metadata.py", line 293, in _distribution_fullname
[0.216s]     canonicalize_version(version, strip_trailing_zero=False),
[0.216s] TypeError: canonicalize_version() got an unexpected keyword argument 'strip_trailing_zero'
[0.231s] gmake[2]: *** [CMakeFiles/ament_cmake_python_build_village_interfaces_egg.dir/build.make:70：CMakeFiles/ament_cmake_python_build_village_interfaces_egg] 错误 1
[0.231s] gmake[1]: *** [CMakeFiles/Makefile2:466：CMakeFiles/ament_cmake_python_build_village_interfaces_egg.dir/all] 错误 2
[0.231s] gmake[1]: *** 正在等待未完成的任务....
[0.243s] [ 29%] [32mBuilding CXX object CMakeFiles/village_interfaces__rosidl_typesupport_c.dir/rosidl_typesupport_c/village_interfaces/srv/borrow_money__type_support.cpp.o[0m
[0.244s] [ 33%] [32mBuilding CXX object CMakeFiles/village_interfaces__rosidl_typesupport_c.dir/rosidl_typesupport_c/village_interfaces/srv/sell_novel__type_support.cpp.o[0m
[0.244s] [ 33%] [32mBuilding CXX object CMakeFiles/village_interfaces__rosidl_typesupport_c.dir/rosidl_typesupport_c/village_interfaces/msg/novel__type_support.cpp.o[0m
[0.263s] [ 35%] [32mBuilding CXX object CMakeFiles/village_interfaces__rosidl_typesupport_cpp.dir/rosidl_typesupport_cpp/village_interfaces/srv/borrow_money__type_support.cpp.o[0m
[0.263s] [ 37%] [32mBuilding CXX object CMakeFiles/village_interfaces__rosidl_typesupport_cpp.dir/rosidl_typesupport_cpp/village_interfaces/msg/novel__type_support.cpp.o[0m
[0.264s] [ 39%] [32mBuilding CXX object CMakeFiles/village_interfaces__rosidl_typesupport_cpp.dir/rosidl_typesupport_cpp/village_interfaces/srv/sell_novel__type_support.cpp.o[0m
[0.269s] [ 41%] [32mBuilding C object CMakeFiles/village_interfaces__rosidl_typesupport_introspection_c.dir/rosidl_typesupport_introspection_c/village_interfaces/msg/detail/novel__type_support.c.o[0m
[0.269s] [ 43%] [32mBuilding C object CMakeFiles/village_interfaces__rosidl_typesupport_introspection_c.dir/rosidl_typesupport_introspection_c/village_interfaces/srv/detail/borrow_money__type_support.c.o[0m
[0.272s] [ 45%] [32mBuilding C object CMakeFiles/village_interfaces__rosidl_typesupport_introspection_c.dir/rosidl_typesupport_introspection_c/village_interfaces/srv/detail/sell_novel__type_support.c.o[0m
[0.272s] [ 47%] [32m[1mLinking CXX shared library libvillage_interfaces__rosidl_typesupport_c.so[0m
[0.275s] [ 50%] [32mBuilding CXX object CMakeFiles/village_interfaces__rosidl_typesupport_fastrtps_c.dir/rosidl_typesupport_fastrtps_c/village_interfaces/srv/detail/borrow_money__type_support_c.cpp.o[0m
[0.277s] [ 54%] [32mBuilding CXX object CMakeFiles/village_interfaces__rosidl_typesupport_fastrtps_c.dir/rosidl_typesupport_fastrtps_c/village_interfaces/msg/detail/novel__type_support_c.cpp.o[0m
[0.277s] [ 54%] [32mBuilding CXX object CMakeFiles/village_interfaces__rosidl_typesupport_fastrtps_c.dir/rosidl_typesupport_fastrtps_c/village_interfaces/srv/detail/sell_novel__type_support_c.cpp.o[0m
[0.278s] [ 56%] [32mBuilding CXX object CMakeFiles/village_interfaces__rosidl_typesupport_fastrtps_cpp.dir/rosidl_typesupport_fastrtps_cpp/village_interfaces/srv/detail/dds_fastrtps/sell_novel__type_support.cpp.o[0m
[0.279s] [ 58%] [32mBuilding CXX object CMakeFiles/village_interfaces__rosidl_typesupport_fastrtps_cpp.dir/rosidl_typesupport_fastrtps_cpp/village_interfaces/srv/detail/dds_fastrtps/borrow_money__type_support.cpp.o[0m
[0.280s] [ 60%] [32mBuilding CXX object CMakeFiles/village_interfaces__rosidl_typesupport_fastrtps_cpp.dir/rosidl_typesupport_fastrtps_cpp/village_interfaces/msg/detail/dds_fastrtps/novel__type_support.cpp.o[0m
[0.303s] [ 62%] [32m[1mLinking C shared library libvillage_interfaces__rosidl_typesupport_introspection_c.so[0m
[0.304s] [ 62%] Built target village_interfaces__rosidl_typesupport_c
[0.327s] [ 62%] Built target village_interfaces__rosidl_typesupport_introspection_c
[0.388s] [ 64%] [32mBuilding CXX object CMakeFiles/village_interfaces__rosidl_typesupport_introspection_cpp.dir/rosidl_typesupport_introspection_cpp/village_interfaces/srv/detail/sell_novel__type_support.cpp.o[0m
[0.388s] [ 66%] [32mBuilding CXX object CMakeFiles/village_interfaces__rosidl_typesupport_introspection_cpp.dir/rosidl_typesupport_introspection_cpp/village_interfaces/msg/detail/novel__type_support.cpp.o[0m
[0.389s] [ 68%] [32mBuilding CXX object CMakeFiles/village_interfaces__rosidl_typesupport_introspection_cpp.dir/rosidl_typesupport_introspection_cpp/village_interfaces/srv/detail/borrow_money__type_support.cpp.o[0m
[0.533s] [ 70%] [32m[1mLinking CXX shared library libvillage_interfaces__rosidl_typesupport_cpp.so[0m
[0.572s] [ 70%] Built target village_interfaces__rosidl_typesupport_cpp
[0.625s] [ 72%] [32m[1mLinking CXX shared library libvillage_interfaces__rosidl_typesupport_fastrtps_cpp.so[0m
[0.642s] [ 75%] [32m[1mLinking CXX shared library libvillage_interfaces__rosidl_typesupport_introspection_cpp.so[0m
[0.694s] [ 77%] [32m[1mLinking CXX shared library libvillage_interfaces__rosidl_typesupport_fastrtps_c.so[0m
[0.713s] [ 77%] Built target village_interfaces__rosidl_typesupport_fastrtps_cpp
[0.714s] [ 77%] Built target village_interfaces__rosidl_typesupport_introspection_cpp
[0.740s] [ 77%] Built target village_interfaces__rosidl_typesupport_fastrtps_c
[0.741s] gmake: *** [Makefile:146：all] 错误 2
[0.744s] Invoked command in '/home/line/town_ws/src/build/village_interfaces' returned '2': CMAKE_PREFIX_PATH=/opt/ros/humble /usr/bin/cmake --build /home/line/town_ws/src/build/village_interfaces -- -j20 -l20
