[0.108s] Invoking command in '/home/line/town_ws/src/build/village_wang': AMENT_PREFIX_PATH=/home/line/town_ws/src/install/village_interfaces:${AMENT_PREFIX_PATH} CMAKE_PREFIX_PATH=/home/line/town_ws/src/install/village_interfaces:/opt/ros/humble LD_LIBRARY_PATH=/home/line/town_ws/src/install/village_interfaces/lib:${LD_LIBRARY_PATH} PYTHONPATH=/home/line/town_ws/src/install/village_interfaces/local/lib/python3.10/dist-packages:${PYTHONPATH} /usr/bin/cmake --build /home/line/town_ws/src/build/village_wang -- -j20 -l20
[0.216s] -- Found ament_cmake: 1.3.14 (/opt/ros/humble/share/ament_cmake/cmake)
[0.217s] -- Found rclcpp: 16.0.19 (/opt/ros/humble/share/rclcpp/cmake)
[0.220s] -- Found rosidl_generator_c: 3.1.9 (/opt/ros/humble/share/rosidl_generator_c/cmake)
[0.220s] -- Found rosidl_adapter: 3.1.9 (/opt/ros/humble/share/rosidl_adapter/cmake)
[0.223s] -- Found rosidl_generator_cpp: 3.1.9 (/opt/ros/humble/share/rosidl_generator_cpp/cmake)
[0.229s] -- Using all available rosidl_typesupport_c: rosidl_typesupport_fastrtps_c;rosidl_typesupport_introspection_c
[0.235s] -- Using all available rosidl_typesupport_cpp: rosidl_typesupport_fastrtps_cpp;rosidl_typesupport_introspection_cpp
[0.258s] -- Found rmw_implementation_cmake: 6.1.2 (/opt/ros/humble/share/rmw_implementation_cmake/cmake)
[0.259s] -- Found rmw_fastrtps_cpp: 6.2.10 (/opt/ros/humble/share/rmw_fastrtps_cpp/cmake)
[0.334s] -- Using RMW implementation 'rmw_fastrtps_cpp' as default
[0.375s] -- Found village_interfaces: 0.0.0 (/home/line/town_ws/src/install/village_interfaces/share/village_interfaces/cmake)
[0.400s] -- Found ament_lint_auto: 0.12.15 (/opt/ros/humble/share/ament_lint_auto/cmake)
[0.448s] -- Added test 'cppcheck' to perform static code analysis on C / C++ code
[0.448s] -- Configured cppcheck include dirs: 
[0.448s] -- Configured cppcheck exclude dirs and/or files: 
[0.448s] -- Added test 'flake8' to check Python code syntax and style conventions
[0.448s] -- Added test 'lint_cmake' to check CMake code style
[0.448s] -- Added test 'pep257' to check Python code against some of the docstring style conventions in PEP 257
[0.449s] -- Added test 'uncrustify' to check C / C++ code style
[0.449s] -- Configured uncrustify additional arguments: 
[0.450s] -- Added test 'xmllint' to check XML markup files
[0.451s] -- Configuring done
[0.457s] -- Generating done
[0.459s] -- Build files have been written to: /home/line/town_ws/src/build/village_wang
[0.487s] [ 50%] Building CXX object CMakeFiles/wang2_node.dir/src/wang2.cpp.o
[5.364s] [100%] Linking CXX executable wang2_node
[5.603s] [100%] Built target wang2_node
[5.611s] Invoked command in '/home/line/town_ws/src/build/village_wang' returned '0': AMENT_PREFIX_PATH=/home/line/town_ws/src/install/village_interfaces:${AMENT_PREFIX_PATH} CMAKE_PREFIX_PATH=/home/line/town_ws/src/install/village_interfaces:/opt/ros/humble LD_LIBRARY_PATH=/home/line/town_ws/src/install/village_interfaces/lib:${LD_LIBRARY_PATH} PYTHONPATH=/home/line/town_ws/src/install/village_interfaces/local/lib/python3.10/dist-packages:${PYTHONPATH} /usr/bin/cmake --build /home/line/town_ws/src/build/village_wang -- -j20 -l20
[5.613s] Invoking command in '/home/line/town_ws/src/build/village_wang': AMENT_PREFIX_PATH=/home/line/town_ws/src/install/village_interfaces:${AMENT_PREFIX_PATH} CMAKE_PREFIX_PATH=/home/line/town_ws/src/install/village_interfaces:/opt/ros/humble LD_LIBRARY_PATH=/home/line/town_ws/src/install/village_interfaces/lib:${LD_LIBRARY_PATH} PYTHONPATH=/home/line/town_ws/src/install/village_interfaces/local/lib/python3.10/dist-packages:${PYTHONPATH} /usr/bin/cmake --install /home/line/town_ws/src/build/village_wang
[5.620s] -- Install configuration: ""
[5.621s] -- Installing: /home/line/town_ws/src/install/village_wang/share/ament_index/resource_index/package_run_dependencies/village_wang
[5.621s] -- Installing: /home/line/town_ws/src/install/village_wang/share/ament_index/resource_index/parent_prefix_path/village_wang
[5.621s] -- Up-to-date: /home/line/town_ws/src/install/village_wang/share/village_wang/environment/ament_prefix_path.sh
[5.621s] -- Installing: /home/line/town_ws/src/install/village_wang/share/village_wang/environment/ament_prefix_path.dsv
[5.621s] -- Up-to-date: /home/line/town_ws/src/install/village_wang/share/village_wang/environment/path.sh
[5.621s] -- Installing: /home/line/town_ws/src/install/village_wang/share/village_wang/environment/path.dsv
[5.621s] -- Up-to-date: /home/line/town_ws/src/install/village_wang/share/village_wang/local_setup.bash
[5.621s] -- Up-to-date: /home/line/town_ws/src/install/village_wang/share/village_wang/local_setup.sh
[5.621s] -- Up-to-date: /home/line/town_ws/src/install/village_wang/share/village_wang/local_setup.zsh
[5.621s] -- Installing: /home/line/town_ws/src/install/village_wang/share/village_wang/local_setup.dsv
[5.622s] -- Installing: /home/line/town_ws/src/install/village_wang/share/village_wang/package.dsv
[5.622s] -- Up-to-date: /home/line/town_ws/src/install/village_wang/share/ament_index/resource_index/packages/village_wang
[5.622s] -- Up-to-date: /home/line/town_ws/src/install/village_wang/share/village_wang/cmake/village_wangConfig.cmake
[5.622s] -- Up-to-date: /home/line/town_ws/src/install/village_wang/share/village_wang/cmake/village_wangConfig-version.cmake
[5.622s] -- Installing: /home/line/town_ws/src/install/village_wang/share/village_wang/package.xml
[5.622s] -- Installing: /home/line/town_ws/src/install/village_wang/lib/village_wang/wang2_node
[5.623s] -- Set runtime path of "/home/line/town_ws/src/install/village_wang/lib/village_wang/wang2_node" to ""
[5.623s] -- Installing: /home/line/town_ws/src/install/village_wang/share/village_wang/launch
[5.623s] -- Installing: /home/line/town_ws/src/install/village_wang/share/village_wang/launch/village.launch.py
[5.624s] Invoked command in '/home/line/town_ws/src/build/village_wang' returned '0': AMENT_PREFIX_PATH=/home/line/town_ws/src/install/village_interfaces:${AMENT_PREFIX_PATH} CMAKE_PREFIX_PATH=/home/line/town_ws/src/install/village_interfaces:/opt/ros/humble LD_LIBRARY_PATH=/home/line/town_ws/src/install/village_interfaces/lib:${LD_LIBRARY_PATH} PYTHONPATH=/home/line/town_ws/src/install/village_interfaces/local/lib/python3.10/dist-packages:${PYTHONPATH} /usr/bin/cmake --install /home/line/town_ws/src/build/village_wang
