[0.056s] DEBUG:colcon:Command line arguments: ['/usr/bin/colcon', 'build']
[0.056s] DEBUG:colcon:Parsed command line arguments: Namespace(log_base=None, log_level=None, verb_name='build', build_base='build', install_base='install', merge_install=False, symlink_install=False, test_result_base=None, continue_on_error=False, executor='parallel', parallel_workers=20, event_handlers=None, ignore_user_meta=False, metas=['./colcon.meta'], base_paths=['.'], packages_ignore=None, packages_ignore_regex=None, paths=None, packages_up_to=None, packages_up_to_regex=None, packages_above=None, packages_above_and_dependencies=None, packages_above_depth=None, packages_select_by_dep=None, packages_skip_by_dep=None, packages_skip_up_to=None, packages_select_build_failed=False, packages_skip_build_finished=False, packages_select_test_failures=False, packages_skip_test_passed=False, packages_select=None, packages_skip=None, packages_select_regex=None, packages_skip_regex=None, packages_start=None, packages_end=None, allow_overriding=[], cmake_args=None, cmake_target=None, cmake_target_skip_unavailable=False, cmake_clean_cache=False, cmake_clean_first=False, cmake_force_configure=False, ament_cmake_args=None, catkin_cmake_args=None, catkin_skip_building_tests=False, verb_parser=<colcon_defaults.argument_parser.defaults.DefaultArgumentsDecorator object at 0x743896c65db0>, verb_extension=<colcon_core.verb.build.BuildVerb object at 0x743896c65810>, main=<bound method BuildVerb.main of <colcon_core.verb.build.BuildVerb object at 0x743896c65810>>)
[0.077s] Level 1:colcon.colcon_core.package_discovery:discover_packages(colcon_meta) check parameters
[0.077s] Level 1:colcon.colcon_core.package_discovery:discover_packages(recursive) check parameters
[0.077s] Level 1:colcon.colcon_core.package_discovery:discover_packages(ignore) check parameters
[0.077s] Level 1:colcon.colcon_core.package_discovery:discover_packages(path) check parameters
[0.077s] Level 1:colcon.colcon_core.package_discovery:discover_packages(colcon_meta) discover
[0.077s] Level 1:colcon.colcon_core.package_discovery:discover_packages(recursive) discover
[0.077s] INFO:colcon.colcon_core.package_discovery:Crawling recursively for packages in '/home/line/Community_ws'
[0.077s] Level 1:colcon.colcon_core.package_identification:_identify(.) by extensions ['ignore', 'ignore_ament_install']
[0.077s] Level 1:colcon.colcon_core.package_identification:_identify(.) by extension 'ignore'
[0.077s] Level 1:colcon.colcon_core.package_identification:_identify(.) by extension 'ignore_ament_install'
[0.077s] Level 1:colcon.colcon_core.package_identification:_identify(.) by extensions ['colcon_pkg']
[0.077s] Level 1:colcon.colcon_core.package_identification:_identify(.) by extension 'colcon_pkg'
[0.077s] Level 1:colcon.colcon_core.package_identification:_identify(.) by extensions ['colcon_meta']
[0.077s] Level 1:colcon.colcon_core.package_identification:_identify(.) by extension 'colcon_meta'
[0.077s] Level 1:colcon.colcon_core.package_identification:_identify(.) by extensions ['ros']
[0.077s] Level 1:colcon.colcon_core.package_identification:_identify(.) by extension 'ros'
[0.085s] Level 1:colcon.colcon_core.package_identification:_identify(.) by extensions ['cmake', 'python']
[0.085s] Level 1:colcon.colcon_core.package_identification:_identify(.) by extension 'cmake'
[0.085s] Level 1:colcon.colcon_core.package_identification:_identify(.) by extension 'python'
[0.085s] Level 1:colcon.colcon_core.package_identification:_identify(.) by extensions ['python_setup_py']
[0.085s] Level 1:colcon.colcon_core.package_identification:_identify(.) by extension 'python_setup_py'
[0.085s] Level 1:colcon.colcon_core.package_identification:_identify(build) by extensions ['ignore', 'ignore_ament_install']
[0.085s] Level 1:colcon.colcon_core.package_identification:_identify(build) by extension 'ignore'
[0.085s] Level 1:colcon.colcon_core.package_identification:_identify(build) ignored
[0.085s] Level 1:colcon.colcon_core.package_identification:_identify(install) by extensions ['ignore', 'ignore_ament_install']
[0.085s] Level 1:colcon.colcon_core.package_identification:_identify(install) by extension 'ignore'
[0.085s] Level 1:colcon.colcon_core.package_identification:_identify(install) ignored
[0.085s] Level 1:colcon.colcon_core.package_identification:_identify(log) by extensions ['ignore', 'ignore_ament_install']
[0.085s] Level 1:colcon.colcon_core.package_identification:_identify(log) by extension 'ignore'
[0.085s] Level 1:colcon.colcon_core.package_identification:_identify(log) ignored
[0.085s] Level 1:colcon.colcon_core.package_identification:_identify(src) by extensions ['ignore', 'ignore_ament_install']
[0.085s] Level 1:colcon.colcon_core.package_identification:_identify(src) by extension 'ignore'
[0.085s] Level 1:colcon.colcon_core.package_identification:_identify(src) by extension 'ignore_ament_install'
[0.086s] Level 1:colcon.colcon_core.package_identification:_identify(src) by extensions ['colcon_pkg']
[0.086s] Level 1:colcon.colcon_core.package_identification:_identify(src) by extension 'colcon_pkg'
[0.086s] Level 1:colcon.colcon_core.package_identification:_identify(src) by extensions ['colcon_meta']
[0.086s] Level 1:colcon.colcon_core.package_identification:_identify(src) by extension 'colcon_meta'
[0.086s] Level 1:colcon.colcon_core.package_identification:_identify(src) by extensions ['ros']
[0.086s] Level 1:colcon.colcon_core.package_identification:_identify(src) by extension 'ros'
[0.086s] Level 1:colcon.colcon_core.package_identification:_identify(src) by extensions ['cmake', 'python']
[0.086s] Level 1:colcon.colcon_core.package_identification:_identify(src) by extension 'cmake'
[0.086s] Level 1:colcon.colcon_core.package_identification:_identify(src) by extension 'python'
[0.086s] Level 1:colcon.colcon_core.package_identification:_identify(src) by extensions ['python_setup_py']
[0.086s] Level 1:colcon.colcon_core.package_identification:_identify(src) by extension 'python_setup_py'
[0.086s] Level 1:colcon.colcon_core.package_identification:_identify(src/build) by extensions ['ignore', 'ignore_ament_install']
[0.086s] Level 1:colcon.colcon_core.package_identification:_identify(src/build) by extension 'ignore'
[0.086s] Level 1:colcon.colcon_core.package_identification:_identify(src/build) ignored
[0.086s] Level 1:colcon.colcon_core.package_identification:_identify(src/building_1) by extensions ['ignore', 'ignore_ament_install']
[0.086s] Level 1:colcon.colcon_core.package_identification:_identify(src/building_1) by extension 'ignore'
[0.086s] Level 1:colcon.colcon_core.package_identification:_identify(src/building_1) by extension 'ignore_ament_install'
[0.086s] Level 1:colcon.colcon_core.package_identification:_identify(src/building_1) by extensions ['colcon_pkg']
[0.086s] Level 1:colcon.colcon_core.package_identification:_identify(src/building_1) by extension 'colcon_pkg'
[0.086s] Level 1:colcon.colcon_core.package_identification:_identify(src/building_1) by extensions ['colcon_meta']
[0.086s] Level 1:colcon.colcon_core.package_identification:_identify(src/building_1) by extension 'colcon_meta'
[0.086s] Level 1:colcon.colcon_core.package_identification:_identify(src/building_1) by extensions ['ros']
[0.086s] Level 1:colcon.colcon_core.package_identification:_identify(src/building_1) by extension 'ros'
[0.087s] DEBUG:colcon.colcon_core.package_identification:Package 'src/building_1' with type 'ros.ament_python' and name 'building_1'
[0.087s] Level 1:colcon.colcon_core.package_identification:_identify(src/community_interfaces) by extensions ['ignore', 'ignore_ament_install']
[0.087s] Level 1:colcon.colcon_core.package_identification:_identify(src/community_interfaces) by extension 'ignore'
[0.087s] Level 1:colcon.colcon_core.package_identification:_identify(src/community_interfaces) by extension 'ignore_ament_install'
[0.087s] Level 1:colcon.colcon_core.package_identification:_identify(src/community_interfaces) by extensions ['colcon_pkg']
[0.088s] Level 1:colcon.colcon_core.package_identification:_identify(src/community_interfaces) by extension 'colcon_pkg'
[0.088s] Level 1:colcon.colcon_core.package_identification:_identify(src/community_interfaces) by extensions ['colcon_meta']
[0.088s] Level 1:colcon.colcon_core.package_identification:_identify(src/community_interfaces) by extension 'colcon_meta'
[0.088s] Level 1:colcon.colcon_core.package_identification:_identify(src/community_interfaces) by extensions ['ros']
[0.088s] Level 1:colcon.colcon_core.package_identification:_identify(src/community_interfaces) by extension 'ros'
[0.088s] DEBUG:colcon.colcon_core.package_identification:Package 'src/community_interfaces' with type 'ros.ament_cmake' and name 'community_interfaces'
[0.088s] Level 1:colcon.colcon_core.package_identification:_identify(src/install) by extensions ['ignore', 'ignore_ament_install']
[0.088s] Level 1:colcon.colcon_core.package_identification:_identify(src/install) by extension 'ignore'
[0.088s] Level 1:colcon.colcon_core.package_identification:_identify(src/install) ignored
[0.088s] Level 1:colcon.colcon_core.package_identification:_identify(src/log) by extensions ['ignore', 'ignore_ament_install']
[0.088s] Level 1:colcon.colcon_core.package_identification:_identify(src/log) by extension 'ignore'
[0.088s] Level 1:colcon.colcon_core.package_identification:_identify(src/log) ignored
[0.088s] Level 1:colcon.colcon_core.package_discovery:discover_packages(recursive) using defaults
[0.088s] Level 1:colcon.colcon_core.package_discovery:discover_packages(ignore) discover
[0.088s] Level 1:colcon.colcon_core.package_discovery:discover_packages(ignore) using defaults
[0.088s] Level 1:colcon.colcon_core.package_discovery:discover_packages(path) discover
[0.088s] Level 1:colcon.colcon_core.package_discovery:discover_packages(path) using defaults
[0.100s] Level 1:colcon.colcon_core.package_discovery:discover_packages(prefix_path) check parameters
[0.100s] Level 1:colcon.colcon_core.package_discovery:discover_packages(prefix_path) discover
[0.101s] DEBUG:colcon.colcon_installed_package_information.package_discovery:Found 2 installed packages in /home/line/Community_ws/install
[0.101s] DEBUG:colcon.colcon_installed_package_information.package_discovery:Found 319 installed packages in /opt/ros/humble
[0.102s] Level 1:colcon.colcon_core.package_discovery:discover_packages(prefix_path) using defaults
[0.122s] Level 5:colcon.colcon_core.verb:set package 'community_interfaces' build argument 'cmake_args' from command line to 'None'
[0.122s] Level 5:colcon.colcon_core.verb:set package 'community_interfaces' build argument 'cmake_target' from command line to 'None'
[0.122s] Level 5:colcon.colcon_core.verb:set package 'community_interfaces' build argument 'cmake_target_skip_unavailable' from command line to 'False'
[0.122s] Level 5:colcon.colcon_core.verb:set package 'community_interfaces' build argument 'cmake_clean_cache' from command line to 'False'
[0.122s] Level 5:colcon.colcon_core.verb:set package 'community_interfaces' build argument 'cmake_clean_first' from command line to 'False'
[0.122s] Level 5:colcon.colcon_core.verb:set package 'community_interfaces' build argument 'cmake_force_configure' from command line to 'False'
[0.122s] Level 5:colcon.colcon_core.verb:set package 'community_interfaces' build argument 'ament_cmake_args' from command line to 'None'
[0.122s] Level 5:colcon.colcon_core.verb:set package 'community_interfaces' build argument 'catkin_cmake_args' from command line to 'None'
[0.122s] Level 5:colcon.colcon_core.verb:set package 'community_interfaces' build argument 'catkin_skip_building_tests' from command line to 'False'
[0.122s] DEBUG:colcon.colcon_core.verb:Building package 'community_interfaces' with the following arguments: {'ament_cmake_args': None, 'build_base': '/home/line/Community_ws/build/community_interfaces', 'catkin_cmake_args': None, 'catkin_skip_building_tests': False, 'cmake_args': None, 'cmake_clean_cache': False, 'cmake_clean_first': False, 'cmake_force_configure': False, 'cmake_target': None, 'cmake_target_skip_unavailable': False, 'install_base': '/home/line/Community_ws/install/community_interfaces', 'merge_install': False, 'path': '/home/line/Community_ws/src/community_interfaces', 'symlink_install': False, 'test_result_base': None}
[0.122s] Level 5:colcon.colcon_core.verb:set package 'building_1' build argument 'cmake_args' from command line to 'None'
[0.122s] Level 5:colcon.colcon_core.verb:set package 'building_1' build argument 'cmake_target' from command line to 'None'
[0.122s] Level 5:colcon.colcon_core.verb:set package 'building_1' build argument 'cmake_target_skip_unavailable' from command line to 'False'
[0.122s] Level 5:colcon.colcon_core.verb:set package 'building_1' build argument 'cmake_clean_cache' from command line to 'False'
[0.122s] Level 5:colcon.colcon_core.verb:set package 'building_1' build argument 'cmake_clean_first' from command line to 'False'
[0.122s] Level 5:colcon.colcon_core.verb:set package 'building_1' build argument 'cmake_force_configure' from command line to 'False'
[0.122s] Level 5:colcon.colcon_core.verb:set package 'building_1' build argument 'ament_cmake_args' from command line to 'None'
[0.122s] Level 5:colcon.colcon_core.verb:set package 'building_1' build argument 'catkin_cmake_args' from command line to 'None'
[0.122s] Level 5:colcon.colcon_core.verb:set package 'building_1' build argument 'catkin_skip_building_tests' from command line to 'False'
[0.122s] DEBUG:colcon.colcon_core.verb:Building package 'building_1' with the following arguments: {'ament_cmake_args': None, 'build_base': '/home/line/Community_ws/build/building_1', 'catkin_cmake_args': None, 'catkin_skip_building_tests': False, 'cmake_args': None, 'cmake_clean_cache': False, 'cmake_clean_first': False, 'cmake_force_configure': False, 'cmake_target': None, 'cmake_target_skip_unavailable': False, 'install_base': '/home/line/Community_ws/install/building_1', 'merge_install': False, 'path': '/home/line/Community_ws/src/building_1', 'symlink_install': False, 'test_result_base': None}
[0.123s] INFO:colcon.colcon_core.executor:Executing jobs using 'parallel' executor
[0.123s] DEBUG:colcon.colcon_parallel_executor.executor.parallel:run_until_complete
[0.123s] INFO:colcon.colcon_ros.task.ament_cmake.build:Building ROS package in '/home/line/Community_ws/src/community_interfaces' with build type 'ament_cmake'
[0.123s] INFO:colcon.colcon_cmake.task.cmake.build:Building CMake package in '/home/line/Community_ws/src/community_interfaces'
[0.125s] INFO:colcon.colcon_core.plugin_system:Skipping extension 'colcon_core.shell.bat': Not used on non-Windows systems
[0.125s] INFO:colcon.colcon_core.shell:Skip shell extension 'powershell' for command environment: Not usable outside of PowerShell
[0.125s] DEBUG:colcon.colcon_core.shell:Skip shell extension 'dsv' for command environment
[0.131s] DEBUG:colcon.colcon_core.event_handler.log_command:Invoking command in '/home/line/Community_ws/build/community_interfaces': CMAKE_PREFIX_PATH=${CMAKE_PREFIX_PATH}:/home/line/Community_ws/install/building_1:/opt/ros/humble /usr/bin/cmake --build /home/line/Community_ws/build/community_interfaces -- -j20 -l20
[0.355s] DEBUG:colcon.colcon_core.event_handler.log_command:Invoked command in '/home/line/Community_ws/build/community_interfaces' returned '0': CMAKE_PREFIX_PATH=${CMAKE_PREFIX_PATH}:/home/line/Community_ws/install/building_1:/opt/ros/humble /usr/bin/cmake --build /home/line/Community_ws/build/community_interfaces -- -j20 -l20
[0.368s] DEBUG:colcon.colcon_core.event_handler.log_command:Invoking command in '/home/line/Community_ws/build/community_interfaces': CMAKE_PREFIX_PATH=${CMAKE_PREFIX_PATH}:/home/line/Community_ws/install/building_1:/opt/ros/humble /usr/bin/cmake --install /home/line/Community_ws/build/community_interfaces
[0.415s] Level 1:colcon.colcon_core.environment:create_environment_scripts_only(community_interfaces)
[0.415s] DEBUG:colcon.colcon_core.event_handler.log_command:Invoked command in '/home/line/Community_ws/build/community_interfaces' returned '0': CMAKE_PREFIX_PATH=${CMAKE_PREFIX_PATH}:/home/line/Community_ws/install/building_1:/opt/ros/humble /usr/bin/cmake --install /home/line/Community_ws/build/community_interfaces
[0.417s] Level 1:colcon.colcon_core.environment:checking '/home/line/Community_ws/install/community_interfaces' for CMake module files
[0.417s] Level 1:colcon.colcon_core.environment:checking '/home/line/Community_ws/install/community_interfaces' for CMake config files
[0.418s] Level 1:colcon.colcon_core.shell:create_environment_hook('community_interfaces', 'cmake_prefix_path')
[0.418s] INFO:colcon.colcon_core.shell:Creating environment hook '/home/line/Community_ws/install/community_interfaces/share/community_interfaces/hook/cmake_prefix_path.ps1'
[0.418s] INFO:colcon.colcon_core.shell:Creating environment descriptor '/home/line/Community_ws/install/community_interfaces/share/community_interfaces/hook/cmake_prefix_path.dsv'
[0.418s] INFO:colcon.colcon_core.shell:Creating environment hook '/home/line/Community_ws/install/community_interfaces/share/community_interfaces/hook/cmake_prefix_path.sh'
[0.419s] Level 1:colcon.colcon_core.environment:checking '/home/line/Community_ws/install/community_interfaces/lib'
[0.419s] Level 1:colcon.colcon_core.shell:create_environment_hook('community_interfaces', 'ld_library_path_lib')
[0.419s] INFO:colcon.colcon_core.shell:Creating environment hook '/home/line/Community_ws/install/community_interfaces/share/community_interfaces/hook/ld_library_path_lib.ps1'
[0.419s] INFO:colcon.colcon_core.shell:Creating environment descriptor '/home/line/Community_ws/install/community_interfaces/share/community_interfaces/hook/ld_library_path_lib.dsv'
[0.419s] INFO:colcon.colcon_core.shell:Creating environment hook '/home/line/Community_ws/install/community_interfaces/share/community_interfaces/hook/ld_library_path_lib.sh'
[0.419s] Level 1:colcon.colcon_core.environment:checking '/home/line/Community_ws/install/community_interfaces/bin'
[0.419s] Level 1:colcon.colcon_core.environment:checking '/home/line/Community_ws/install/community_interfaces/lib/pkgconfig/community_interfaces.pc'
[0.420s] Level 1:colcon.colcon_core.environment:checking '/home/line/Community_ws/install/community_interfaces/lib/python3.10/site-packages'
[0.420s] Level 1:colcon.colcon_core.environment:checking '/home/line/Community_ws/install/community_interfaces/bin'
[0.420s] INFO:colcon.colcon_core.shell:Creating package script '/home/line/Community_ws/install/community_interfaces/share/community_interfaces/package.ps1'
[0.420s] INFO:colcon.colcon_core.shell:Creating package descriptor '/home/line/Community_ws/install/community_interfaces/share/community_interfaces/package.dsv'
[0.421s] INFO:colcon.colcon_core.shell:Creating package script '/home/line/Community_ws/install/community_interfaces/share/community_interfaces/package.sh'
[0.421s] INFO:colcon.colcon_core.shell:Creating package script '/home/line/Community_ws/install/community_interfaces/share/community_interfaces/package.bash'
[0.421s] INFO:colcon.colcon_core.shell:Creating package script '/home/line/Community_ws/install/community_interfaces/share/community_interfaces/package.zsh'
[0.422s] Level 1:colcon.colcon_core.environment:create_file_with_runtime_dependencies(/home/line/Community_ws/install/community_interfaces/share/colcon-core/packages/community_interfaces)
[0.422s] Level 1:colcon.colcon_core.environment:create_environment_scripts_only(community_interfaces)
[0.422s] Level 1:colcon.colcon_core.environment:checking '/home/line/Community_ws/install/community_interfaces' for CMake module files
[0.422s] Level 1:colcon.colcon_core.environment:checking '/home/line/Community_ws/install/community_interfaces' for CMake config files
[0.423s] Level 1:colcon.colcon_core.shell:create_environment_hook('community_interfaces', 'cmake_prefix_path')
[0.423s] INFO:colcon.colcon_core.shell:Creating environment hook '/home/line/Community_ws/install/community_interfaces/share/community_interfaces/hook/cmake_prefix_path.ps1'
[0.423s] INFO:colcon.colcon_core.shell:Creating environment descriptor '/home/line/Community_ws/install/community_interfaces/share/community_interfaces/hook/cmake_prefix_path.dsv'
[0.423s] INFO:colcon.colcon_core.shell:Creating environment hook '/home/line/Community_ws/install/community_interfaces/share/community_interfaces/hook/cmake_prefix_path.sh'
[0.423s] Level 1:colcon.colcon_core.environment:checking '/home/line/Community_ws/install/community_interfaces/lib'
[0.423s] Level 1:colcon.colcon_core.shell:create_environment_hook('community_interfaces', 'ld_library_path_lib')
[0.423s] INFO:colcon.colcon_core.shell:Creating environment hook '/home/line/Community_ws/install/community_interfaces/share/community_interfaces/hook/ld_library_path_lib.ps1'
[0.424s] INFO:colcon.colcon_core.shell:Creating environment descriptor '/home/line/Community_ws/install/community_interfaces/share/community_interfaces/hook/ld_library_path_lib.dsv'
[0.424s] INFO:colcon.colcon_core.shell:Creating environment hook '/home/line/Community_ws/install/community_interfaces/share/community_interfaces/hook/ld_library_path_lib.sh'
[0.424s] Level 1:colcon.colcon_core.environment:checking '/home/line/Community_ws/install/community_interfaces/bin'
[0.424s] Level 1:colcon.colcon_core.environment:checking '/home/line/Community_ws/install/community_interfaces/lib/pkgconfig/community_interfaces.pc'
[0.424s] Level 1:colcon.colcon_core.environment:checking '/home/line/Community_ws/install/community_interfaces/lib/python3.10/site-packages'
[0.424s] Level 1:colcon.colcon_core.environment:checking '/home/line/Community_ws/install/community_interfaces/bin'
[0.425s] INFO:colcon.colcon_core.shell:Creating package script '/home/line/Community_ws/install/community_interfaces/share/community_interfaces/package.ps1'
[0.425s] INFO:colcon.colcon_core.shell:Creating package descriptor '/home/line/Community_ws/install/community_interfaces/share/community_interfaces/package.dsv'
[0.425s] INFO:colcon.colcon_core.shell:Creating package script '/home/line/Community_ws/install/community_interfaces/share/community_interfaces/package.sh'
[0.425s] INFO:colcon.colcon_core.shell:Creating package script '/home/line/Community_ws/install/community_interfaces/share/community_interfaces/package.bash'
[0.426s] INFO:colcon.colcon_core.shell:Creating package script '/home/line/Community_ws/install/community_interfaces/share/community_interfaces/package.zsh'
[0.426s] Level 1:colcon.colcon_core.environment:create_file_with_runtime_dependencies(/home/line/Community_ws/install/community_interfaces/share/colcon-core/packages/community_interfaces)
[0.426s] INFO:colcon.colcon_ros.task.ament_python.build:Building ROS package in '/home/line/Community_ws/src/building_1' with build type 'ament_python'
[0.426s] Level 1:colcon.colcon_core.shell:create_environment_hook('building_1', 'ament_prefix_path')
[0.426s] INFO:colcon.colcon_core.shell:Creating environment hook '/home/line/Community_ws/install/building_1/share/building_1/hook/ament_prefix_path.ps1'
[0.427s] INFO:colcon.colcon_core.shell:Creating environment descriptor '/home/line/Community_ws/install/building_1/share/building_1/hook/ament_prefix_path.dsv'
[0.427s] INFO:colcon.colcon_core.shell:Creating environment hook '/home/line/Community_ws/install/building_1/share/building_1/hook/ament_prefix_path.sh'
[0.427s] INFO:colcon.colcon_core.shell:Skip shell extension 'powershell' for command environment: Not usable outside of PowerShell
[0.427s] DEBUG:colcon.colcon_core.shell:Skip shell extension 'dsv' for command environment
[0.547s] INFO:colcon.colcon_core.task.python.build:Building Python package in '/home/line/Community_ws/src/building_1'
[0.547s] INFO:colcon.colcon_core.shell:Skip shell extension 'powershell' for command environment: Not usable outside of PowerShell
[0.547s] DEBUG:colcon.colcon_core.shell:Skip shell extension 'dsv' for command environment
[0.740s] DEBUG:colcon.colcon_core.task.python.build:Available setuptools commands: compile_catalog, bdist_wheel, egg_info, symlink_data, dist_info, build, alias, editable_wheel, rotate, build_scripts, install_headers, check, bdist_rpm, saveopts, install_data, sdist, build_clib, install, bdist_dumb, bdist, install_scripts, build_py, update_catalog, clean, install_lib, init_catalog, install_egg_info, bdist_egg, setopt, develop, easy_install, extract_messages, build_ext
[0.742s] DEBUG:colcon.colcon_core.event_handler.log_command:Invoking command in '/home/line/Community_ws/src/building_1': PYTHONPATH=/home/line/Community_ws/build/building_1/prefix_override:/usr/lib/python3/dist-packages/colcon_core/task/python/colcon_distutils_commands:/home/line/Community_ws/install/building_1/lib/python3.10/site-packages:${PYTHONPATH} /usr/bin/python3 -W ignore:setup.py install is deprecated -W ignore:easy_install command is deprecated setup.py egg_info --egg-base ../../build/building_1 build --build-base /home/line/Community_ws/build/building_1/build install --record /home/line/Community_ws/build/building_1/install.log --install-scripts $base/lib/building_1 --single-version-externally-managed install_data
[0.926s] Level 1:colcon.colcon_core.environment:checking '/home/line/Community_ws/install/building_1' for CMake module files
[0.927s] Level 1:colcon.colcon_core.environment:checking '/home/line/Community_ws/install/building_1' for CMake config files
[0.927s] DEBUG:colcon.colcon_core.event_handler.log_command:Invoked command in '/home/line/Community_ws/src/building_1' returned '0': PYTHONPATH=/home/line/Community_ws/build/building_1/prefix_override:/usr/lib/python3/dist-packages/colcon_core/task/python/colcon_distutils_commands:/home/line/Community_ws/install/building_1/lib/python3.10/site-packages:${PYTHONPATH} /usr/bin/python3 -W ignore:setup.py install is deprecated -W ignore:easy_install command is deprecated setup.py egg_info --egg-base ../../build/building_1 build --build-base /home/line/Community_ws/build/building_1/build install --record /home/line/Community_ws/build/building_1/install.log --install-scripts $base/lib/building_1 --single-version-externally-managed install_data
[0.927s] Level 1:colcon.colcon_core.environment:checking '/home/line/Community_ws/install/building_1/lib'
[0.927s] Level 1:colcon.colcon_core.environment:checking '/home/line/Community_ws/install/building_1/bin'
[0.927s] Level 1:colcon.colcon_core.environment:checking '/home/line/Community_ws/install/building_1/lib/pkgconfig/building_1.pc'
[0.928s] Level 1:colcon.colcon_core.environment:checking '/home/line/Community_ws/install/building_1/lib/python3.10/site-packages'
[0.928s] Level 1:colcon.colcon_core.shell:create_environment_hook('building_1', 'pythonpath')
[0.928s] INFO:colcon.colcon_core.shell:Creating environment hook '/home/line/Community_ws/install/building_1/share/building_1/hook/pythonpath.ps1'
[0.928s] INFO:colcon.colcon_core.shell:Creating environment descriptor '/home/line/Community_ws/install/building_1/share/building_1/hook/pythonpath.dsv'
[0.928s] INFO:colcon.colcon_core.shell:Creating environment hook '/home/line/Community_ws/install/building_1/share/building_1/hook/pythonpath.sh'
[0.928s] Level 1:colcon.colcon_core.environment:checking '/home/line/Community_ws/install/building_1/bin'
[0.928s] Level 1:colcon.colcon_core.environment:create_environment_scripts_only(building_1)
[0.929s] INFO:colcon.colcon_core.shell:Creating package script '/home/line/Community_ws/install/building_1/share/building_1/package.ps1'
[0.929s] INFO:colcon.colcon_core.shell:Creating package descriptor '/home/line/Community_ws/install/building_1/share/building_1/package.dsv'
[0.929s] INFO:colcon.colcon_core.shell:Creating package script '/home/line/Community_ws/install/building_1/share/building_1/package.sh'
[0.929s] INFO:colcon.colcon_core.shell:Creating package script '/home/line/Community_ws/install/building_1/share/building_1/package.bash'
[0.929s] INFO:colcon.colcon_core.shell:Creating package script '/home/line/Community_ws/install/building_1/share/building_1/package.zsh'
[0.930s] Level 1:colcon.colcon_core.environment:create_file_with_runtime_dependencies(/home/line/Community_ws/install/building_1/share/colcon-core/packages/building_1)
[0.930s] DEBUG:colcon.colcon_parallel_executor.executor.parallel:closing loop
[0.930s] DEBUG:colcon.colcon_parallel_executor.executor.parallel:loop closed
[0.930s] DEBUG:colcon.colcon_parallel_executor.executor.parallel:run_until_complete finished with '0'
[0.930s] DEBUG:colcon.colcon_core.event_reactor:joining thread
[0.933s] INFO:colcon.colcon_core.plugin_system:Skipping extension 'colcon_notification.desktop_notification.terminal_notifier': Not used on non-Darwin systems
[0.933s] INFO:colcon.colcon_core.plugin_system:Skipping extension 'colcon_notification.desktop_notification.win32': Not used on non-Windows systems
[0.933s] INFO:colcon.colcon_notification.desktop_notification:Sending desktop notification using 'notify2'
[0.939s] DEBUG:colcon.colcon_core.event_reactor:joined thread
[0.939s] INFO:colcon.colcon_core.shell:Creating prefix script '/home/line/Community_ws/install/local_setup.ps1'
[0.940s] INFO:colcon.colcon_core.shell:Creating prefix util module '/home/line/Community_ws/install/_local_setup_util_ps1.py'
[0.940s] INFO:colcon.colcon_core.shell:Creating prefix chain script '/home/line/Community_ws/install/setup.ps1'
[0.941s] INFO:colcon.colcon_core.shell:Creating prefix script '/home/line/Community_ws/install/local_setup.sh'
[0.941s] INFO:colcon.colcon_core.shell:Creating prefix util module '/home/line/Community_ws/install/_local_setup_util_sh.py'
[0.941s] INFO:colcon.colcon_core.shell:Creating prefix chain script '/home/line/Community_ws/install/setup.sh'
[0.942s] INFO:colcon.colcon_core.shell:Creating prefix script '/home/line/Community_ws/install/local_setup.bash'
[0.942s] INFO:colcon.colcon_core.shell:Creating prefix chain script '/home/line/Community_ws/install/setup.bash'
[0.942s] INFO:colcon.colcon_core.shell:Creating prefix script '/home/line/Community_ws/install/local_setup.zsh'
[0.943s] INFO:colcon.colcon_core.shell:Creating prefix chain script '/home/line/Community_ws/install/setup.zsh'
