[0.006s] Invoking command in '/home/line/town_ws/build/village_interfaces': CMAKE_PREFIX_PATH=/opt/ros/humble /usr/bin/cmake --build /home/line/town_ws/build/village_interfaces -- -j20 -l20
[0.043s] [  2%] Built target village_interfaces__cpp
[0.046s] [  4%] Built target village_interfaces__rs
[0.047s] [ 14%] Built target village_interfaces__rosidl_generator_c
[0.051s] [ 14%] Built target ament_cmake_python_symlink_village_interfaces
[0.061s] [ 25%] Built target village_interfaces__rosidl_typesupport_fastrtps_cpp
[0.063s] [ 35%] Built target village_interfaces__rosidl_typesupport_introspection_cpp
[0.064s] [ 45%] Built target village_interfaces__rosidl_typesupport_c
[0.064s] [ 56%] Built target village_interfaces__rosidl_typesupport_cpp
[0.072s] [ 77%] Built target village_interfaces__rosidl_typesupport_introspection_c
[0.072s] [ 77%] Built target village_interfaces__rosidl_typesupport_fastrtps_c
[0.085s] [ 77%] Built target village_interfaces
[0.101s] [ 79%] Built target village_interfaces__py
[0.120s] [ 87%] Built target village_interfaces__rosidl_generator_py
[0.137s] [ 91%] Built target village_interfaces__rosidl_typesupport_c__pyext
[0.138s] [100%] Built target village_interfaces__rosidl_typesupport_fastrtps_c__pyext
[0.139s] [ 97%] Built target village_interfaces__rosidl_typesupport_introspection_c__pyext
[0.171s] running egg_info
[0.172s] writing village_interfaces.egg-info/PKG-INFO
[0.172s] writing dependency_links to village_interfaces.egg-info/dependency_links.txt
[0.172s] writing top-level names to village_interfaces.egg-info/top_level.txt
[0.173s] reading manifest file 'village_interfaces.egg-info/SOURCES.txt'
[0.173s] writing manifest file 'village_interfaces.egg-info/SOURCES.txt'
[0.191s] [100%] Built target ament_cmake_python_build_village_interfaces_egg
[0.201s] Invoked command in '/home/line/town_ws/build/village_interfaces' returned '0': CMAKE_PREFIX_PATH=/opt/ros/humble /usr/bin/cmake --build /home/line/town_ws/build/village_interfaces -- -j20 -l20
[0.207s] Invoking command in '/home/line/town_ws/build/village_interfaces': CMAKE_PREFIX_PATH=/opt/ros/humble /usr/bin/cmake --install /home/line/town_ws/build/village_interfaces
[0.213s] -- Install configuration: ""
[0.214s] -- Execute custom install script
[0.214s] -- Up-to-date symlink: /home/line/town_ws/install/village_interfaces/share/ament_index/resource_index/rosidl_interfaces/village_interfaces
[0.214s] -- Up-to-date symlink: /home/line/town_ws/install/village_interfaces/include/village_interfaces/village_interfaces/msg/detail/novel__functions.h
[0.214s] -- Up-to-date symlink: /home/line/town_ws/install/village_interfaces/include/village_interfaces/village_interfaces/msg/detail/novel__struct.h
[0.215s] -- Up-to-date symlink: /home/line/town_ws/install/village_interfaces/include/village_interfaces/village_interfaces/msg/detail/novel__type_support.h
[0.215s] -- Up-to-date symlink: /home/line/town_ws/install/village_interfaces/include/village_interfaces/village_interfaces/msg/novel.h
[0.215s] -- Up-to-date symlink: /home/line/town_ws/install/village_interfaces/include/village_interfaces/village_interfaces/msg/rosidl_generator_c__visibility_control.h
[0.215s] -- Up-to-date symlink: /home/line/town_ws/install/village_interfaces/include/village_interfaces/village_interfaces/srv/borrow_money.h
[0.215s] -- Up-to-date symlink: /home/line/town_ws/install/village_interfaces/include/village_interfaces/village_interfaces/srv/detail/borrow_money__functions.h
[0.215s] -- Up-to-date symlink: /home/line/town_ws/install/village_interfaces/include/village_interfaces/village_interfaces/srv/detail/borrow_money__struct.h
[0.215s] -- Up-to-date symlink: /home/line/town_ws/install/village_interfaces/include/village_interfaces/village_interfaces/srv/detail/borrow_money__type_support.h
[0.215s] -- Up-to-date symlink: /home/line/town_ws/install/village_interfaces/include/village_interfaces/village_interfaces/srv/detail/sell_novel__functions.h
[0.215s] -- Up-to-date symlink: /home/line/town_ws/install/village_interfaces/include/village_interfaces/village_interfaces/srv/detail/sell_novel__struct.h
[0.215s] -- Up-to-date symlink: /home/line/town_ws/install/village_interfaces/include/village_interfaces/village_interfaces/srv/detail/sell_novel__type_support.h
[0.215s] -- Up-to-date symlink: /home/line/town_ws/install/village_interfaces/include/village_interfaces/village_interfaces/srv/sell_novel.h
[0.215s] -- Up-to-date symlink: /home/line/town_ws/install/village_interfaces/share/village_interfaces/environment/library_path.sh
[0.215s] -- Up-to-date symlink: /home/line/town_ws/install/village_interfaces/share/village_interfaces/environment/library_path.dsv
[0.216s] -- Up-to-date symlink: /home/line/town_ws/install/village_interfaces/include/village_interfaces/village_interfaces/msg/detail/novel__rosidl_typesupport_fastrtps_c.h
[0.216s] -- Up-to-date symlink: /home/line/town_ws/install/village_interfaces/include/village_interfaces/village_interfaces/msg/rosidl_typesupport_fastrtps_c__visibility_control.h
[0.216s] -- Up-to-date symlink: /home/line/town_ws/install/village_interfaces/include/village_interfaces/village_interfaces/srv/detail/borrow_money__rosidl_typesupport_fastrtps_c.h
[0.216s] -- Up-to-date symlink: /home/line/town_ws/install/village_interfaces/include/village_interfaces/village_interfaces/srv/detail/sell_novel__rosidl_typesupport_fastrtps_c.h
[0.216s] -- Up-to-date symlink: /home/line/town_ws/install/village_interfaces/include/village_interfaces/village_interfaces/msg/detail/novel__builder.hpp
[0.216s] -- Up-to-date symlink: /home/line/town_ws/install/village_interfaces/include/village_interfaces/village_interfaces/msg/detail/novel__struct.hpp
[0.216s] -- Up-to-date symlink: /home/line/town_ws/install/village_interfaces/include/village_interfaces/village_interfaces/msg/detail/novel__traits.hpp
[0.216s] -- Up-to-date symlink: /home/line/town_ws/install/village_interfaces/include/village_interfaces/village_interfaces/msg/detail/novel__type_support.hpp
[0.216s] -- Up-to-date symlink: /home/line/town_ws/install/village_interfaces/include/village_interfaces/village_interfaces/msg/novel.hpp
[0.216s] -- Up-to-date symlink: /home/line/town_ws/install/village_interfaces/include/village_interfaces/village_interfaces/msg/rosidl_generator_cpp__visibility_control.hpp
[0.216s] -- Up-to-date symlink: /home/line/town_ws/install/village_interfaces/include/village_interfaces/village_interfaces/srv/borrow_money.hpp
[0.216s] -- Up-to-date symlink: /home/line/town_ws/install/village_interfaces/include/village_interfaces/village_interfaces/srv/detail/borrow_money__builder.hpp
[0.216s] -- Up-to-date symlink: /home/line/town_ws/install/village_interfaces/include/village_interfaces/village_interfaces/srv/detail/borrow_money__struct.hpp
[0.216s] -- Up-to-date symlink: /home/line/town_ws/install/village_interfaces/include/village_interfaces/village_interfaces/srv/detail/borrow_money__traits.hpp
[0.217s] -- Up-to-date symlink: /home/line/town_ws/install/village_interfaces/include/village_interfaces/village_interfaces/srv/detail/borrow_money__type_support.hpp
[0.217s] -- Up-to-date symlink: /home/line/town_ws/install/village_interfaces/include/village_interfaces/village_interfaces/srv/detail/sell_novel__builder.hpp
[0.217s] -- Up-to-date symlink: /home/line/town_ws/install/village_interfaces/include/village_interfaces/village_interfaces/srv/detail/sell_novel__struct.hpp
[0.217s] -- Up-to-date symlink: /home/line/town_ws/install/village_interfaces/include/village_interfaces/village_interfaces/srv/detail/sell_novel__traits.hpp
[0.217s] -- Up-to-date symlink: /home/line/town_ws/install/village_interfaces/include/village_interfaces/village_interfaces/srv/detail/sell_novel__type_support.hpp
[0.217s] -- Up-to-date symlink: /home/line/town_ws/install/village_interfaces/include/village_interfaces/village_interfaces/srv/sell_novel.hpp
[0.217s] -- Up-to-date symlink: /home/line/town_ws/install/village_interfaces/include/village_interfaces/village_interfaces/msg/detail/novel__rosidl_typesupport_fastrtps_cpp.hpp
[0.217s] -- Up-to-date symlink: /home/line/town_ws/install/village_interfaces/include/village_interfaces/village_interfaces/msg/rosidl_typesupport_fastrtps_cpp__visibility_control.h
[0.217s] -- Up-to-date symlink: /home/line/town_ws/install/village_interfaces/include/village_interfaces/village_interfaces/srv/detail/borrow_money__rosidl_typesupport_fastrtps_cpp.hpp
[0.217s] -- Up-to-date symlink: /home/line/town_ws/install/village_interfaces/include/village_interfaces/village_interfaces/srv/detail/sell_novel__rosidl_typesupport_fastrtps_cpp.hpp
[0.217s] -- Up-to-date symlink: /home/line/town_ws/install/village_interfaces/include/village_interfaces/village_interfaces/msg/detail/novel__rosidl_typesupport_introspection_c.h
[0.217s] -- Up-to-date symlink: /home/line/town_ws/install/village_interfaces/include/village_interfaces/village_interfaces/msg/rosidl_typesupport_introspection_c__visibility_control.h
[0.217s] -- Up-to-date symlink: /home/line/town_ws/install/village_interfaces/include/village_interfaces/village_interfaces/srv/detail/borrow_money__rosidl_typesupport_introspection_c.h
[0.217s] -- Up-to-date symlink: /home/line/town_ws/install/village_interfaces/include/village_interfaces/village_interfaces/srv/detail/sell_novel__rosidl_typesupport_introspection_c.h
[0.217s] -- Up-to-date symlink: /home/line/town_ws/install/village_interfaces/include/village_interfaces/village_interfaces/msg/detail/novel__rosidl_typesupport_introspection_cpp.hpp
[0.217s] -- Up-to-date symlink: /home/line/town_ws/install/village_interfaces/include/village_interfaces/village_interfaces/srv/detail/borrow_money__rosidl_typesupport_introspection_cpp.hpp
[0.218s] -- Up-to-date symlink: /home/line/town_ws/install/village_interfaces/include/village_interfaces/village_interfaces/srv/detail/sell_novel__rosidl_typesupport_introspection_cpp.hpp
[0.218s] -- Up-to-date symlink: /home/line/town_ws/install/village_interfaces/share/village_interfaces/environment/pythonpath.sh
[0.218s] -- Up-to-date symlink: /home/line/town_ws/install/village_interfaces/share/village_interfaces/environment/pythonpath.dsv
[0.218s] -- Up-to-date symlink: /home/line/town_ws/install/village_interfaces/local/lib/python3.10/dist-packages/village_interfaces-0.0.0-py3.10.egg-info/PKG-INFO
[0.218s] -- Up-to-date symlink: /home/line/town_ws/install/village_interfaces/local/lib/python3.10/dist-packages/village_interfaces-0.0.0-py3.10.egg-info/SOURCES.txt
[0.218s] -- Up-to-date symlink: /home/line/town_ws/install/village_interfaces/local/lib/python3.10/dist-packages/village_interfaces-0.0.0-py3.10.egg-info/dependency_links.txt
[0.218s] -- Up-to-date symlink: /home/line/town_ws/install/village_interfaces/local/lib/python3.10/dist-packages/village_interfaces-0.0.0-py3.10.egg-info/top_level.txt
[0.218s] -- Up-to-date symlink: /home/line/town_ws/install/village_interfaces/local/lib/python3.10/dist-packages/village_interfaces/__init__.py
[0.218s] -- Up-to-date symlink: /home/line/town_ws/install/village_interfaces/local/lib/python3.10/dist-packages/village_interfaces/_village_interfaces_s.ep.rosidl_typesupport_c.c
[0.218s] -- Up-to-date symlink: /home/line/town_ws/install/village_interfaces/local/lib/python3.10/dist-packages/village_interfaces/_village_interfaces_s.ep.rosidl_typesupport_fastrtps_c.c
[0.218s] -- Up-to-date symlink: /home/line/town_ws/install/village_interfaces/local/lib/python3.10/dist-packages/village_interfaces/_village_interfaces_s.ep.rosidl_typesupport_introspection_c.c
[0.218s] -- Up-to-date symlink: /home/line/town_ws/install/village_interfaces/local/lib/python3.10/dist-packages/village_interfaces/libvillage_interfaces__rosidl_generator_py.so
[0.218s] -- Up-to-date symlink: /home/line/town_ws/install/village_interfaces/local/lib/python3.10/dist-packages/village_interfaces/msg/__init__.py
[0.219s] -- Up-to-date symlink: /home/line/town_ws/install/village_interfaces/local/lib/python3.10/dist-packages/village_interfaces/msg/_novel.py
[0.219s] -- Up-to-date symlink: /home/line/town_ws/install/village_interfaces/local/lib/python3.10/dist-packages/village_interfaces/msg/_novel_s.c
[0.219s] -- Up-to-date symlink: /home/line/town_ws/install/village_interfaces/local/lib/python3.10/dist-packages/village_interfaces/srv/__init__.py
[0.219s] -- Up-to-date symlink: /home/line/town_ws/install/village_interfaces/local/lib/python3.10/dist-packages/village_interfaces/srv/_borrow_money.py
[0.219s] -- Up-to-date symlink: /home/line/town_ws/install/village_interfaces/local/lib/python3.10/dist-packages/village_interfaces/srv/_borrow_money_s.c
[0.219s] -- Up-to-date symlink: /home/line/town_ws/install/village_interfaces/local/lib/python3.10/dist-packages/village_interfaces/srv/_sell_novel.py
[0.219s] -- Up-to-date symlink: /home/line/town_ws/install/village_interfaces/local/lib/python3.10/dist-packages/village_interfaces/srv/_sell_novel_s.c
[0.219s] -- Up-to-date symlink: /home/line/town_ws/install/village_interfaces/local/lib/python3.10/dist-packages/village_interfaces/village_interfaces_s__rosidl_typesupport_c.cpython-310-x86_64-linux-gnu.so
[0.219s] -- Up-to-date symlink: /home/line/town_ws/install/village_interfaces/local/lib/python3.10/dist-packages/village_interfaces/village_interfaces_s__rosidl_typesupport_fastrtps_c.cpython-310-x86_64-linux-gnu.so
[0.219s] -- Up-to-date symlink: /home/line/town_ws/install/village_interfaces/local/lib/python3.10/dist-packages/village_interfaces/village_interfaces_s__rosidl_typesupport_introspection_c.cpython-310-x86_64-linux-gnu.so
[0.219s] -- Up-to-date symlink: /home/line/town_ws/install/village_interfaces/local/lib/python3.10/dist-packages/village_interfaces/village_interfaces_s__rosidl_typesupport_fastrtps_c.cpython-310-x86_64-linux-gnu.so
[0.219s] -- Up-to-date symlink: /home/line/town_ws/install/village_interfaces/local/lib/python3.10/dist-packages/village_interfaces/village_interfaces_s__rosidl_typesupport_introspection_c.cpython-310-x86_64-linux-gnu.so
[0.219s] -- Up-to-date symlink: /home/line/town_ws/install/village_interfaces/local/lib/python3.10/dist-packages/village_interfaces/village_interfaces_s__rosidl_typesupport_c.cpython-310-x86_64-linux-gnu.so
[0.220s] -- Up-to-date symlink: /home/line/town_ws/install/village_interfaces/share/ament_index/resource_index/rust_packages/village_interfaces
[0.220s] -- Up-to-date symlink: /home/line/town_ws/install/village_interfaces/share/village_interfaces/rust/Cargo.toml
[0.220s] -- Up-to-date symlink: /home/line/town_ws/install/village_interfaces/share/village_interfaces/rust/build.rs
[0.220s] -- Up-to-date symlink: /home/line/town_ws/install/village_interfaces/share/village_interfaces/rust/src/lib.rs
[0.220s] -- Up-to-date symlink: /home/line/town_ws/install/village_interfaces/share/village_interfaces/rust/src/msg.rs
[0.220s] -- Up-to-date symlink: /home/line/town_ws/install/village_interfaces/share/village_interfaces/rust/src/msg/rmw.rs
[0.220s] -- Up-to-date symlink: /home/line/town_ws/install/village_interfaces/share/village_interfaces/rust/src/srv.rs
[0.220s] -- Up-to-date symlink: /home/line/town_ws/install/village_interfaces/share/village_interfaces/rust/src/srv/rmw.rs
[0.220s] -- Up-to-date symlink: /home/line/town_ws/install/village_interfaces/share/village_interfaces/msg/Novel.idl
[0.220s] -- Up-to-date symlink: /home/line/town_ws/install/village_interfaces/share/village_interfaces/srv/BorrowMoney.idl
[0.220s] -- Up-to-date symlink: /home/line/town_ws/install/village_interfaces/share/village_interfaces/srv/SellNovel.idl
[0.220s] -- Up-to-date symlink: /home/line/town_ws/install/village_interfaces/share/village_interfaces/msg/Novel.msg
[0.220s] -- Up-to-date symlink: /home/line/town_ws/install/village_interfaces/share/village_interfaces/srv/BorrowMoney.srv
[0.220s] -- Up-to-date symlink: /home/line/town_ws/install/village_interfaces/share/village_interfaces/srv/BorrowMoney_Request.msg
[0.220s] -- Up-to-date symlink: /home/line/town_ws/install/village_interfaces/share/village_interfaces/srv/BorrowMoney_Response.msg
[0.220s] -- Up-to-date symlink: /home/line/town_ws/install/village_interfaces/share/village_interfaces/srv/SellNovel.srv
[0.220s] -- Up-to-date symlink: /home/line/town_ws/install/village_interfaces/share/village_interfaces/srv/SellNovel_Request.msg
[0.220s] -- Up-to-date symlink: /home/line/town_ws/install/village_interfaces/share/village_interfaces/srv/SellNovel_Response.msg
[0.220s] -- Up-to-date symlink: /home/line/town_ws/install/village_interfaces/share/ament_index/resource_index/package_run_dependencies/village_interfaces
[0.220s] -- Up-to-date symlink: /home/line/town_ws/install/village_interfaces/share/ament_index/resource_index/parent_prefix_path/village_interfaces
[0.220s] -- Up-to-date symlink: /home/line/town_ws/install/village_interfaces/share/village_interfaces/environment/ament_prefix_path.sh
[0.220s] -- Up-to-date symlink: /home/line/town_ws/install/village_interfaces/share/village_interfaces/environment/ament_prefix_path.dsv
[0.220s] -- Up-to-date symlink: /home/line/town_ws/install/village_interfaces/share/village_interfaces/environment/path.sh
[0.220s] -- Up-to-date symlink: /home/line/town_ws/install/village_interfaces/share/village_interfaces/environment/path.dsv
[0.220s] -- Up-to-date symlink: /home/line/town_ws/install/village_interfaces/share/village_interfaces/local_setup.bash
[0.220s] -- Up-to-date symlink: /home/line/town_ws/install/village_interfaces/share/village_interfaces/local_setup.sh
[0.220s] -- Up-to-date symlink: /home/line/town_ws/install/village_interfaces/share/village_interfaces/local_setup.zsh
[0.220s] -- Up-to-date symlink: /home/line/town_ws/install/village_interfaces/share/village_interfaces/local_setup.dsv
[0.221s] -- Symlinking: /home/line/town_ws/install/village_interfaces/share/village_interfaces/package.dsv
[0.227s] -- Up-to-date symlink: /home/line/town_ws/install/village_interfaces/share/ament_index/resource_index/packages/village_interfaces
[0.227s] -- Up-to-date symlink: /home/line/town_ws/install/village_interfaces/share/village_interfaces/cmake/rosidl_cmake-extras.cmake
[0.227s] -- Up-to-date symlink: /home/line/town_ws/install/village_interfaces/share/village_interfaces/cmake/ament_cmake_export_dependencies-extras.cmake
[0.227s] -- Up-to-date symlink: /home/line/town_ws/install/village_interfaces/share/village_interfaces/cmake/ament_cmake_export_include_directories-extras.cmake
[0.227s] -- Up-to-date symlink: /home/line/town_ws/install/village_interfaces/share/village_interfaces/cmake/ament_cmake_export_libraries-extras.cmake
[0.227s] -- Up-to-date symlink: /home/line/town_ws/install/village_interfaces/share/village_interfaces/cmake/ament_cmake_export_targets-extras.cmake
[0.227s] -- Up-to-date symlink: /home/line/town_ws/install/village_interfaces/share/village_interfaces/cmake/rosidl_cmake_export_typesupport_targets-extras.cmake
[0.227s] -- Up-to-date symlink: /home/line/town_ws/install/village_interfaces/share/village_interfaces/cmake/rosidl_cmake_export_typesupport_libraries-extras.cmake
[0.227s] -- Up-to-date symlink: /home/line/town_ws/install/village_interfaces/share/village_interfaces/cmake/village_interfacesConfig.cmake
[0.227s] -- Up-to-date symlink: /home/line/town_ws/install/village_interfaces/share/village_interfaces/cmake/village_interfacesConfig-version.cmake
[0.227s] -- Up-to-date symlink: /home/line/town_ws/install/village_interfaces/share/village_interfaces/package.xml
[0.227s] -- Up-to-date: /home/line/town_ws/install/village_interfaces/lib/libvillage_interfaces__rosidl_generator_c.so
[0.227s] -- Up-to-date: /home/line/town_ws/install/village_interfaces/lib/libvillage_interfaces__rosidl_typesupport_fastrtps_c.so
[0.228s] -- Up-to-date: /home/line/town_ws/install/village_interfaces/lib/libvillage_interfaces__rosidl_typesupport_fastrtps_cpp.so
[0.228s] -- Up-to-date: /home/line/town_ws/install/village_interfaces/lib/libvillage_interfaces__rosidl_typesupport_introspection_c.so
[0.228s] -- Up-to-date: /home/line/town_ws/install/village_interfaces/lib/libvillage_interfaces__rosidl_typesupport_c.so
[0.228s] -- Up-to-date: /home/line/town_ws/install/village_interfaces/lib/libvillage_interfaces__rosidl_typesupport_introspection_cpp.so
[0.228s] -- Up-to-date: /home/line/town_ws/install/village_interfaces/lib/libvillage_interfaces__rosidl_typesupport_cpp.so
[0.246s] Listing '/home/line/town_ws/install/village_interfaces/local/lib/python3.10/dist-packages/village_interfaces'...
[0.247s] Listing '/home/line/town_ws/install/village_interfaces/local/lib/python3.10/dist-packages/village_interfaces/msg'...
[0.247s] Listing '/home/line/town_ws/install/village_interfaces/local/lib/python3.10/dist-packages/village_interfaces/srv'...
[0.249s] -- Up-to-date: /home/line/town_ws/install/village_interfaces/lib/libvillage_interfaces__rosidl_generator_py.so
[0.249s] -- Up-to-date: /home/line/town_ws/install/village_interfaces/share/village_interfaces/cmake/export_village_interfaces__rosidl_generator_cExport.cmake
[0.249s] -- Up-to-date: /home/line/town_ws/install/village_interfaces/share/village_interfaces/cmake/export_village_interfaces__rosidl_generator_cExport-noconfig.cmake
[0.250s] -- Up-to-date: /home/line/town_ws/install/village_interfaces/share/village_interfaces/cmake/export_village_interfaces__rosidl_typesupport_fastrtps_cExport.cmake
[0.250s] -- Up-to-date: /home/line/town_ws/install/village_interfaces/share/village_interfaces/cmake/export_village_interfaces__rosidl_typesupport_fastrtps_cExport-noconfig.cmake
[0.250s] -- Up-to-date: /home/line/town_ws/install/village_interfaces/share/village_interfaces/cmake/export_village_interfaces__rosidl_generator_cppExport.cmake
[0.250s] -- Up-to-date: /home/line/town_ws/install/village_interfaces/share/village_interfaces/cmake/export_village_interfaces__rosidl_typesupport_fastrtps_cppExport.cmake
[0.250s] -- Up-to-date: /home/line/town_ws/install/village_interfaces/share/village_interfaces/cmake/export_village_interfaces__rosidl_typesupport_fastrtps_cppExport-noconfig.cmake
[0.250s] -- Up-to-date: /home/line/town_ws/install/village_interfaces/share/village_interfaces/cmake/village_interfaces__rosidl_typesupport_introspection_cExport.cmake
[0.250s] -- Up-to-date: /home/line/town_ws/install/village_interfaces/share/village_interfaces/cmake/village_interfaces__rosidl_typesupport_introspection_cExport-noconfig.cmake
[0.250s] -- Up-to-date: /home/line/town_ws/install/village_interfaces/share/village_interfaces/cmake/village_interfaces__rosidl_typesupport_cExport.cmake
[0.250s] -- Up-to-date: /home/line/town_ws/install/village_interfaces/share/village_interfaces/cmake/village_interfaces__rosidl_typesupport_cExport-noconfig.cmake
[0.250s] -- Up-to-date: /home/line/town_ws/install/village_interfaces/share/village_interfaces/cmake/village_interfaces__rosidl_typesupport_introspection_cppExport.cmake
[0.250s] -- Up-to-date: /home/line/town_ws/install/village_interfaces/share/village_interfaces/cmake/village_interfaces__rosidl_typesupport_introspection_cppExport-noconfig.cmake
[0.250s] -- Up-to-date: /home/line/town_ws/install/village_interfaces/share/village_interfaces/cmake/village_interfaces__rosidl_typesupport_cppExport.cmake
[0.250s] -- Up-to-date: /home/line/town_ws/install/village_interfaces/share/village_interfaces/cmake/village_interfaces__rosidl_typesupport_cppExport-noconfig.cmake
[0.250s] -- Up-to-date: /home/line/town_ws/install/village_interfaces/share/village_interfaces/cmake/export_village_interfaces__rosidl_generator_pyExport.cmake
[0.250s] -- Up-to-date: /home/line/town_ws/install/village_interfaces/share/village_interfaces/cmake/export_village_interfaces__rosidl_generator_pyExport-noconfig.cmake
[0.251s] Invoked command in '/home/line/town_ws/build/village_interfaces' returned '0': CMAKE_PREFIX_PATH=/opt/ros/humble /usr/bin/cmake --install /home/line/town_ws/build/village_interfaces
