[0.050s] DEBUG:colcon:Command line arguments: ['/usr/bin/colcon', 'build']
[0.050s] DEBUG:colcon:Parsed command line arguments: Namespace(log_base=None, log_level=None, verb_name='build', build_base='build', install_base='install', merge_install=False, symlink_install=False, test_result_base=None, continue_on_error=False, executor='parallel', parallel_workers=20, event_handlers=None, ignore_user_meta=False, metas=['./colcon.meta'], base_paths=['.'], packages_ignore=None, packages_ignore_regex=None, paths=None, packages_up_to=None, packages_up_to_regex=None, packages_above=None, packages_above_and_dependencies=None, packages_above_depth=None, packages_select_by_dep=None, packages_skip_by_dep=None, packages_skip_up_to=None, packages_select_build_failed=False, packages_skip_build_finished=False, packages_select_test_failures=False, packages_skip_test_passed=False, packages_select=None, packages_skip=None, packages_select_regex=None, packages_skip_regex=None, packages_start=None, packages_end=None, allow_overriding=[], cmake_args=None, cmake_target=None, cmake_target_skip_unavailable=False, cmake_clean_cache=False, cmake_clean_first=False, cmake_force_configure=False, ament_cmake_args=None, catkin_cmake_args=None, catkin_skip_building_tests=False, verb_parser=<colcon_defaults.argument_parser.defaults.DefaultArgumentsDecorator object at 0x791dcea51e10>, verb_extension=<colcon_core.verb.build.BuildVerb object at 0x791dcea51870>, main=<bound method BuildVerb.main of <colcon_core.verb.build.BuildVerb object at 0x791dcea51870>>)
[0.072s] Level 1:colcon.colcon_core.package_discovery:discover_packages(colcon_meta) check parameters
[0.072s] Level 1:colcon.colcon_core.package_discovery:discover_packages(recursive) check parameters
[0.072s] Level 1:colcon.colcon_core.package_discovery:discover_packages(ignore) check parameters
[0.072s] Level 1:colcon.colcon_core.package_discovery:discover_packages(path) check parameters
[0.072s] Level 1:colcon.colcon_core.package_discovery:discover_packages(colcon_meta) discover
[0.072s] Level 1:colcon.colcon_core.package_discovery:discover_packages(recursive) discover
[0.072s] INFO:colcon.colcon_core.package_discovery:Crawling recursively for packages in '/home/line/town_ws/src'
[0.072s] Level 1:colcon.colcon_core.package_identification:_identify(.) by extensions ['ignore', 'ignore_ament_install']
[0.072s] Level 1:colcon.colcon_core.package_identification:_identify(.) by extension 'ignore'
[0.072s] Level 1:colcon.colcon_core.package_identification:_identify(.) by extension 'ignore_ament_install'
[0.072s] Level 1:colcon.colcon_core.package_identification:_identify(.) by extensions ['colcon_pkg']
[0.072s] Level 1:colcon.colcon_core.package_identification:_identify(.) by extension 'colcon_pkg'
[0.072s] Level 1:colcon.colcon_core.package_identification:_identify(.) by extensions ['colcon_meta']
[0.072s] Level 1:colcon.colcon_core.package_identification:_identify(.) by extension 'colcon_meta'
[0.072s] Level 1:colcon.colcon_core.package_identification:_identify(.) by extensions ['ros']
[0.072s] Level 1:colcon.colcon_core.package_identification:_identify(.) by extension 'ros'
[0.080s] Level 1:colcon.colcon_core.package_identification:_identify(.) by extensions ['cmake', 'python']
[0.081s] Level 1:colcon.colcon_core.package_identification:_identify(.) by extension 'cmake'
[0.081s] Level 1:colcon.colcon_core.package_identification:_identify(.) by extension 'python'
[0.081s] Level 1:colcon.colcon_core.package_identification:_identify(.) by extensions ['python_setup_py']
[0.081s] Level 1:colcon.colcon_core.package_identification:_identify(.) by extension 'python_setup_py'
[0.081s] Level 1:colcon.colcon_core.package_identification:_identify(build) by extensions ['ignore', 'ignore_ament_install']
[0.081s] Level 1:colcon.colcon_core.package_identification:_identify(build) by extension 'ignore'
[0.081s] Level 1:colcon.colcon_core.package_identification:_identify(build) ignored
[0.081s] Level 1:colcon.colcon_core.package_identification:_identify(install) by extensions ['ignore', 'ignore_ament_install']
[0.081s] Level 1:colcon.colcon_core.package_identification:_identify(install) by extension 'ignore'
[0.081s] Level 1:colcon.colcon_core.package_identification:_identify(install) ignored
[0.081s] Level 1:colcon.colcon_core.package_identification:_identify(log) by extensions ['ignore', 'ignore_ament_install']
[0.081s] Level 1:colcon.colcon_core.package_identification:_identify(log) by extension 'ignore'
[0.081s] Level 1:colcon.colcon_core.package_identification:_identify(log) ignored
[0.081s] Level 1:colcon.colcon_core.package_identification:_identify(village_interfaces) by extensions ['ignore', 'ignore_ament_install']
[0.081s] Level 1:colcon.colcon_core.package_identification:_identify(village_interfaces) by extension 'ignore'
[0.081s] Level 1:colcon.colcon_core.package_identification:_identify(village_interfaces) by extension 'ignore_ament_install'
[0.081s] Level 1:colcon.colcon_core.package_identification:_identify(village_interfaces) by extensions ['colcon_pkg']
[0.081s] Level 1:colcon.colcon_core.package_identification:_identify(village_interfaces) by extension 'colcon_pkg'
[0.081s] Level 1:colcon.colcon_core.package_identification:_identify(village_interfaces) by extensions ['colcon_meta']
[0.081s] Level 1:colcon.colcon_core.package_identification:_identify(village_interfaces) by extension 'colcon_meta'
[0.081s] Level 1:colcon.colcon_core.package_identification:_identify(village_interfaces) by extensions ['ros']
[0.081s] Level 1:colcon.colcon_core.package_identification:_identify(village_interfaces) by extension 'ros'
[0.083s] DEBUG:colcon.colcon_core.package_identification:Package 'village_interfaces' with type 'ros.ament_cmake' and name 'village_interfaces'
[0.083s] Level 1:colcon.colcon_core.package_identification:_identify(village_li) by extensions ['ignore', 'ignore_ament_install']
[0.083s] Level 1:colcon.colcon_core.package_identification:_identify(village_li) by extension 'ignore'
[0.083s] Level 1:colcon.colcon_core.package_identification:_identify(village_li) by extension 'ignore_ament_install'
[0.083s] Level 1:colcon.colcon_core.package_identification:_identify(village_li) by extensions ['colcon_pkg']
[0.083s] Level 1:colcon.colcon_core.package_identification:_identify(village_li) by extension 'colcon_pkg'
[0.083s] Level 1:colcon.colcon_core.package_identification:_identify(village_li) by extensions ['colcon_meta']
[0.083s] Level 1:colcon.colcon_core.package_identification:_identify(village_li) by extension 'colcon_meta'
[0.083s] Level 1:colcon.colcon_core.package_identification:_identify(village_li) by extensions ['ros']
[0.083s] Level 1:colcon.colcon_core.package_identification:_identify(village_li) by extension 'ros'
[0.084s] DEBUG:colcon.colcon_core.package_identification:Package 'village_li' with type 'ros.ament_python' and name 'village_li'
[0.084s] Level 1:colcon.colcon_core.package_identification:_identify(village_wang) by extensions ['ignore', 'ignore_ament_install']
[0.084s] Level 1:colcon.colcon_core.package_identification:_identify(village_wang) by extension 'ignore'
[0.084s] Level 1:colcon.colcon_core.package_identification:_identify(village_wang) by extension 'ignore_ament_install'
[0.084s] Level 1:colcon.colcon_core.package_identification:_identify(village_wang) by extensions ['colcon_pkg']
[0.084s] Level 1:colcon.colcon_core.package_identification:_identify(village_wang) by extension 'colcon_pkg'
[0.084s] Level 1:colcon.colcon_core.package_identification:_identify(village_wang) by extensions ['colcon_meta']
[0.084s] Level 1:colcon.colcon_core.package_identification:_identify(village_wang) by extension 'colcon_meta'
[0.084s] Level 1:colcon.colcon_core.package_identification:_identify(village_wang) by extensions ['ros']
[0.084s] Level 1:colcon.colcon_core.package_identification:_identify(village_wang) by extension 'ros'
[0.084s] DEBUG:colcon.colcon_core.package_identification:Package 'village_wang' with type 'ros.ament_cmake' and name 'village_wang'
[0.084s] Level 1:colcon.colcon_core.package_identification:_identify(village_zhang) by extensions ['ignore', 'ignore_ament_install']
[0.084s] Level 1:colcon.colcon_core.package_identification:_identify(village_zhang) by extension 'ignore'
[0.084s] Level 1:colcon.colcon_core.package_identification:_identify(village_zhang) by extension 'ignore_ament_install'
[0.084s] Level 1:colcon.colcon_core.package_identification:_identify(village_zhang) by extensions ['colcon_pkg']
[0.084s] Level 1:colcon.colcon_core.package_identification:_identify(village_zhang) by extension 'colcon_pkg'
[0.084s] Level 1:colcon.colcon_core.package_identification:_identify(village_zhang) by extensions ['colcon_meta']
[0.084s] Level 1:colcon.colcon_core.package_identification:_identify(village_zhang) by extension 'colcon_meta'
[0.084s] Level 1:colcon.colcon_core.package_identification:_identify(village_zhang) by extensions ['ros']
[0.084s] Level 1:colcon.colcon_core.package_identification:_identify(village_zhang) by extension 'ros'
[0.085s] DEBUG:colcon.colcon_core.package_identification:Package 'village_zhang' with type 'ros.ament_python' and name 'village_zhang'
[0.085s] Level 1:colcon.colcon_core.package_discovery:discover_packages(recursive) using defaults
[0.085s] Level 1:colcon.colcon_core.package_discovery:discover_packages(ignore) discover
[0.085s] Level 1:colcon.colcon_core.package_discovery:discover_packages(ignore) using defaults
[0.085s] Level 1:colcon.colcon_core.package_discovery:discover_packages(path) discover
[0.085s] Level 1:colcon.colcon_core.package_discovery:discover_packages(path) using defaults
[0.097s] Level 1:colcon.colcon_core.package_discovery:discover_packages(prefix_path) check parameters
[0.097s] Level 1:colcon.colcon_core.package_discovery:discover_packages(prefix_path) discover
[0.098s] DEBUG:colcon.colcon_installed_package_information.package_discovery:Found 4 installed packages in /home/line/town_ws/src/install
[0.099s] DEBUG:colcon.colcon_installed_package_information.package_discovery:Found 319 installed packages in /opt/ros/humble
[0.100s] Level 1:colcon.colcon_core.package_discovery:discover_packages(prefix_path) using defaults
[0.119s] Level 5:colcon.colcon_core.verb:set package 'village_interfaces' build argument 'cmake_args' from command line to 'None'
[0.119s] Level 5:colcon.colcon_core.verb:set package 'village_interfaces' build argument 'cmake_target' from command line to 'None'
[0.119s] Level 5:colcon.colcon_core.verb:set package 'village_interfaces' build argument 'cmake_target_skip_unavailable' from command line to 'False'
[0.119s] Level 5:colcon.colcon_core.verb:set package 'village_interfaces' build argument 'cmake_clean_cache' from command line to 'False'
[0.119s] Level 5:colcon.colcon_core.verb:set package 'village_interfaces' build argument 'cmake_clean_first' from command line to 'False'
[0.119s] Level 5:colcon.colcon_core.verb:set package 'village_interfaces' build argument 'cmake_force_configure' from command line to 'False'
[0.119s] Level 5:colcon.colcon_core.verb:set package 'village_interfaces' build argument 'ament_cmake_args' from command line to 'None'
[0.119s] Level 5:colcon.colcon_core.verb:set package 'village_interfaces' build argument 'catkin_cmake_args' from command line to 'None'
[0.119s] Level 5:colcon.colcon_core.verb:set package 'village_interfaces' build argument 'catkin_skip_building_tests' from command line to 'False'
[0.119s] DEBUG:colcon.colcon_core.verb:Building package 'village_interfaces' with the following arguments: {'ament_cmake_args': None, 'build_base': '/home/line/town_ws/src/build/village_interfaces', 'catkin_cmake_args': None, 'catkin_skip_building_tests': False, 'cmake_args': None, 'cmake_clean_cache': False, 'cmake_clean_first': False, 'cmake_force_configure': False, 'cmake_target': None, 'cmake_target_skip_unavailable': False, 'install_base': '/home/line/town_ws/src/install/village_interfaces', 'merge_install': False, 'path': '/home/line/town_ws/src/village_interfaces', 'symlink_install': False, 'test_result_base': None}
[0.119s] Level 5:colcon.colcon_core.verb:set package 'village_li' build argument 'cmake_args' from command line to 'None'
[0.119s] Level 5:colcon.colcon_core.verb:set package 'village_li' build argument 'cmake_target' from command line to 'None'
[0.119s] Level 5:colcon.colcon_core.verb:set package 'village_li' build argument 'cmake_target_skip_unavailable' from command line to 'False'
[0.119s] Level 5:colcon.colcon_core.verb:set package 'village_li' build argument 'cmake_clean_cache' from command line to 'False'
[0.119s] Level 5:colcon.colcon_core.verb:set package 'village_li' build argument 'cmake_clean_first' from command line to 'False'
[0.119s] Level 5:colcon.colcon_core.verb:set package 'village_li' build argument 'cmake_force_configure' from command line to 'False'
[0.119s] Level 5:colcon.colcon_core.verb:set package 'village_li' build argument 'ament_cmake_args' from command line to 'None'
[0.119s] Level 5:colcon.colcon_core.verb:set package 'village_li' build argument 'catkin_cmake_args' from command line to 'None'
[0.119s] Level 5:colcon.colcon_core.verb:set package 'village_li' build argument 'catkin_skip_building_tests' from command line to 'False'
[0.119s] DEBUG:colcon.colcon_core.verb:Building package 'village_li' with the following arguments: {'ament_cmake_args': None, 'build_base': '/home/line/town_ws/src/build/village_li', 'catkin_cmake_args': None, 'catkin_skip_building_tests': False, 'cmake_args': None, 'cmake_clean_cache': False, 'cmake_clean_first': False, 'cmake_force_configure': False, 'cmake_target': None, 'cmake_target_skip_unavailable': False, 'install_base': '/home/line/town_ws/src/install/village_li', 'merge_install': False, 'path': '/home/line/town_ws/src/village_li', 'symlink_install': False, 'test_result_base': None}
[0.119s] Level 5:colcon.colcon_core.verb:set package 'village_wang' build argument 'cmake_args' from command line to 'None'
[0.119s] Level 5:colcon.colcon_core.verb:set package 'village_wang' build argument 'cmake_target' from command line to 'None'
[0.119s] Level 5:colcon.colcon_core.verb:set package 'village_wang' build argument 'cmake_target_skip_unavailable' from command line to 'False'
[0.119s] Level 5:colcon.colcon_core.verb:set package 'village_wang' build argument 'cmake_clean_cache' from command line to 'False'
[0.119s] Level 5:colcon.colcon_core.verb:set package 'village_wang' build argument 'cmake_clean_first' from command line to 'False'
[0.119s] Level 5:colcon.colcon_core.verb:set package 'village_wang' build argument 'cmake_force_configure' from command line to 'False'
[0.119s] Level 5:colcon.colcon_core.verb:set package 'village_wang' build argument 'ament_cmake_args' from command line to 'None'
[0.119s] Level 5:colcon.colcon_core.verb:set package 'village_wang' build argument 'catkin_cmake_args' from command line to 'None'
[0.119s] Level 5:colcon.colcon_core.verb:set package 'village_wang' build argument 'catkin_skip_building_tests' from command line to 'False'
[0.119s] DEBUG:colcon.colcon_core.verb:Building package 'village_wang' with the following arguments: {'ament_cmake_args': None, 'build_base': '/home/line/town_ws/src/build/village_wang', 'catkin_cmake_args': None, 'catkin_skip_building_tests': False, 'cmake_args': None, 'cmake_clean_cache': False, 'cmake_clean_first': False, 'cmake_force_configure': False, 'cmake_target': None, 'cmake_target_skip_unavailable': False, 'install_base': '/home/line/town_ws/src/install/village_wang', 'merge_install': False, 'path': '/home/line/town_ws/src/village_wang', 'symlink_install': False, 'test_result_base': None}
[0.119s] Level 5:colcon.colcon_core.verb:set package 'village_zhang' build argument 'cmake_args' from command line to 'None'
[0.119s] Level 5:colcon.colcon_core.verb:set package 'village_zhang' build argument 'cmake_target' from command line to 'None'
[0.119s] Level 5:colcon.colcon_core.verb:set package 'village_zhang' build argument 'cmake_target_skip_unavailable' from command line to 'False'
[0.119s] Level 5:colcon.colcon_core.verb:set package 'village_zhang' build argument 'cmake_clean_cache' from command line to 'False'
[0.119s] Level 5:colcon.colcon_core.verb:set package 'village_zhang' build argument 'cmake_clean_first' from command line to 'False'
[0.119s] Level 5:colcon.colcon_core.verb:set package 'village_zhang' build argument 'cmake_force_configure' from command line to 'False'
[0.119s] Level 5:colcon.colcon_core.verb:set package 'village_zhang' build argument 'ament_cmake_args' from command line to 'None'
[0.119s] Level 5:colcon.colcon_core.verb:set package 'village_zhang' build argument 'catkin_cmake_args' from command line to 'None'
[0.119s] Level 5:colcon.colcon_core.verb:set package 'village_zhang' build argument 'catkin_skip_building_tests' from command line to 'False'
[0.120s] DEBUG:colcon.colcon_core.verb:Building package 'village_zhang' with the following arguments: {'ament_cmake_args': None, 'build_base': '/home/line/town_ws/src/build/village_zhang', 'catkin_cmake_args': None, 'catkin_skip_building_tests': False, 'cmake_args': None, 'cmake_clean_cache': False, 'cmake_clean_first': False, 'cmake_force_configure': False, 'cmake_target': None, 'cmake_target_skip_unavailable': False, 'install_base': '/home/line/town_ws/src/install/village_zhang', 'merge_install': False, 'path': '/home/line/town_ws/src/village_zhang', 'symlink_install': False, 'test_result_base': None}
[0.120s] INFO:colcon.colcon_core.executor:Executing jobs using 'parallel' executor
[0.120s] DEBUG:colcon.colcon_parallel_executor.executor.parallel:run_until_complete
[0.121s] INFO:colcon.colcon_ros.task.ament_cmake.build:Building ROS package in '/home/line/town_ws/src/village_interfaces' with build type 'ament_cmake'
[0.121s] INFO:colcon.colcon_cmake.task.cmake.build:Building CMake package in '/home/line/town_ws/src/village_interfaces'
[0.122s] INFO:colcon.colcon_core.plugin_system:Skipping extension 'colcon_core.shell.bat': Not used on non-Windows systems
[0.122s] INFO:colcon.colcon_core.shell:Skip shell extension 'powershell' for command environment: Not usable outside of PowerShell
[0.122s] DEBUG:colcon.colcon_core.shell:Skip shell extension 'dsv' for command environment
[0.129s] DEBUG:colcon.colcon_core.event_handler.log_command:Invoking command in '/home/line/town_ws/src/build/village_interfaces': CMAKE_PREFIX_PATH=${CMAKE_PREFIX_PATH}:/home/line/town_ws/src/install/village_zhang:/home/line/town_ws/src/install/village_li:/opt/ros/humble /usr/bin/cmake --build /home/line/town_ws/src/build/village_interfaces -- -j20 -l20
[0.368s] DEBUG:colcon.colcon_core.event_handler.log_command:Invoked command in '/home/line/town_ws/src/build/village_interfaces' returned '0': CMAKE_PREFIX_PATH=${CMAKE_PREFIX_PATH}:/home/line/town_ws/src/install/village_zhang:/home/line/town_ws/src/install/village_li:/opt/ros/humble /usr/bin/cmake --build /home/line/town_ws/src/build/village_interfaces -- -j20 -l20
[0.378s] DEBUG:colcon.colcon_core.event_handler.log_command:Invoking command in '/home/line/town_ws/src/build/village_interfaces': CMAKE_PREFIX_PATH=${CMAKE_PREFIX_PATH}:/home/line/town_ws/src/install/village_zhang:/home/line/town_ws/src/install/village_li:/opt/ros/humble /usr/bin/cmake --install /home/line/town_ws/src/build/village_interfaces
[0.418s] Level 1:colcon.colcon_core.environment:create_environment_scripts_only(village_interfaces)
[0.422s] DEBUG:colcon.colcon_core.event_handler.log_command:Invoked command in '/home/line/town_ws/src/build/village_interfaces' returned '0': CMAKE_PREFIX_PATH=${CMAKE_PREFIX_PATH}:/home/line/town_ws/src/install/village_zhang:/home/line/town_ws/src/install/village_li:/opt/ros/humble /usr/bin/cmake --install /home/line/town_ws/src/build/village_interfaces
[0.422s] Level 1:colcon.colcon_core.environment:checking '/home/line/town_ws/src/install/village_interfaces' for CMake module files
[0.423s] Level 1:colcon.colcon_core.environment:checking '/home/line/town_ws/src/install/village_interfaces' for CMake config files
[0.424s] Level 1:colcon.colcon_core.shell:create_environment_hook('village_interfaces', 'cmake_prefix_path')
[0.424s] INFO:colcon.colcon_core.shell:Creating environment hook '/home/line/town_ws/src/install/village_interfaces/share/village_interfaces/hook/cmake_prefix_path.ps1'
[0.424s] INFO:colcon.colcon_core.shell:Creating environment descriptor '/home/line/town_ws/src/install/village_interfaces/share/village_interfaces/hook/cmake_prefix_path.dsv'
[0.425s] INFO:colcon.colcon_core.shell:Creating environment hook '/home/line/town_ws/src/install/village_interfaces/share/village_interfaces/hook/cmake_prefix_path.sh'
[0.426s] Level 1:colcon.colcon_core.environment:checking '/home/line/town_ws/src/install/village_interfaces/lib'
[0.426s] Level 1:colcon.colcon_core.shell:create_environment_hook('village_interfaces', 'ld_library_path_lib')
[0.426s] INFO:colcon.colcon_core.shell:Creating environment hook '/home/line/town_ws/src/install/village_interfaces/share/village_interfaces/hook/ld_library_path_lib.ps1'
[0.426s] INFO:colcon.colcon_core.shell:Creating environment descriptor '/home/line/town_ws/src/install/village_interfaces/share/village_interfaces/hook/ld_library_path_lib.dsv'
[0.426s] INFO:colcon.colcon_core.shell:Creating environment hook '/home/line/town_ws/src/install/village_interfaces/share/village_interfaces/hook/ld_library_path_lib.sh'
[0.427s] Level 1:colcon.colcon_core.environment:checking '/home/line/town_ws/src/install/village_interfaces/bin'
[0.427s] Level 1:colcon.colcon_core.environment:checking '/home/line/town_ws/src/install/village_interfaces/lib/pkgconfig/village_interfaces.pc'
[0.427s] Level 1:colcon.colcon_core.environment:checking '/home/line/town_ws/src/install/village_interfaces/lib/python3.10/site-packages'
[0.427s] Level 1:colcon.colcon_core.environment:checking '/home/line/town_ws/src/install/village_interfaces/bin'
[0.427s] INFO:colcon.colcon_core.shell:Creating package script '/home/line/town_ws/src/install/village_interfaces/share/village_interfaces/package.ps1'
[0.428s] INFO:colcon.colcon_core.shell:Creating package descriptor '/home/line/town_ws/src/install/village_interfaces/share/village_interfaces/package.dsv'
[0.428s] INFO:colcon.colcon_core.shell:Creating package script '/home/line/town_ws/src/install/village_interfaces/share/village_interfaces/package.sh'
[0.429s] INFO:colcon.colcon_core.shell:Creating package script '/home/line/town_ws/src/install/village_interfaces/share/village_interfaces/package.bash'
[0.429s] INFO:colcon.colcon_core.shell:Creating package script '/home/line/town_ws/src/install/village_interfaces/share/village_interfaces/package.zsh'
[0.430s] Level 1:colcon.colcon_core.environment:create_file_with_runtime_dependencies(/home/line/town_ws/src/install/village_interfaces/share/colcon-core/packages/village_interfaces)
[0.430s] Level 1:colcon.colcon_core.environment:create_environment_scripts_only(village_interfaces)
[0.430s] Level 1:colcon.colcon_core.environment:checking '/home/line/town_ws/src/install/village_interfaces' for CMake module files
[0.431s] Level 1:colcon.colcon_core.environment:checking '/home/line/town_ws/src/install/village_interfaces' for CMake config files
[0.431s] Level 1:colcon.colcon_core.shell:create_environment_hook('village_interfaces', 'cmake_prefix_path')
[0.431s] INFO:colcon.colcon_core.shell:Creating environment hook '/home/line/town_ws/src/install/village_interfaces/share/village_interfaces/hook/cmake_prefix_path.ps1'
[0.431s] INFO:colcon.colcon_core.shell:Creating environment descriptor '/home/line/town_ws/src/install/village_interfaces/share/village_interfaces/hook/cmake_prefix_path.dsv'
[0.432s] INFO:colcon.colcon_core.shell:Creating environment hook '/home/line/town_ws/src/install/village_interfaces/share/village_interfaces/hook/cmake_prefix_path.sh'
[0.432s] Level 1:colcon.colcon_core.environment:checking '/home/line/town_ws/src/install/village_interfaces/lib'
[0.432s] Level 1:colcon.colcon_core.shell:create_environment_hook('village_interfaces', 'ld_library_path_lib')
[0.432s] INFO:colcon.colcon_core.shell:Creating environment hook '/home/line/town_ws/src/install/village_interfaces/share/village_interfaces/hook/ld_library_path_lib.ps1'
[0.433s] INFO:colcon.colcon_core.shell:Creating environment descriptor '/home/line/town_ws/src/install/village_interfaces/share/village_interfaces/hook/ld_library_path_lib.dsv'
[0.433s] INFO:colcon.colcon_core.shell:Creating environment hook '/home/line/town_ws/src/install/village_interfaces/share/village_interfaces/hook/ld_library_path_lib.sh'
[0.433s] Level 1:colcon.colcon_core.environment:checking '/home/line/town_ws/src/install/village_interfaces/bin'
[0.433s] Level 1:colcon.colcon_core.environment:checking '/home/line/town_ws/src/install/village_interfaces/lib/pkgconfig/village_interfaces.pc'
[0.434s] Level 1:colcon.colcon_core.environment:checking '/home/line/town_ws/src/install/village_interfaces/lib/python3.10/site-packages'
[0.434s] Level 1:colcon.colcon_core.environment:checking '/home/line/town_ws/src/install/village_interfaces/bin'
[0.434s] INFO:colcon.colcon_core.shell:Creating package script '/home/line/town_ws/src/install/village_interfaces/share/village_interfaces/package.ps1'
[0.435s] INFO:colcon.colcon_core.shell:Creating package descriptor '/home/line/town_ws/src/install/village_interfaces/share/village_interfaces/package.dsv'
[0.435s] INFO:colcon.colcon_core.shell:Creating package script '/home/line/town_ws/src/install/village_interfaces/share/village_interfaces/package.sh'
[0.436s] INFO:colcon.colcon_core.shell:Creating package script '/home/line/town_ws/src/install/village_interfaces/share/village_interfaces/package.bash'
[0.436s] INFO:colcon.colcon_core.shell:Creating package script '/home/line/town_ws/src/install/village_interfaces/share/village_interfaces/package.zsh'
[0.436s] Level 1:colcon.colcon_core.environment:create_file_with_runtime_dependencies(/home/line/town_ws/src/install/village_interfaces/share/colcon-core/packages/village_interfaces)
[0.437s] INFO:colcon.colcon_ros.task.ament_python.build:Building ROS package in '/home/line/town_ws/src/village_li' with build type 'ament_python'
[0.437s] Level 1:colcon.colcon_core.shell:create_environment_hook('village_li', 'ament_prefix_path')
[0.437s] INFO:colcon.colcon_core.shell:Creating environment hook '/home/line/town_ws/src/install/village_li/share/village_li/hook/ament_prefix_path.ps1'
[0.438s] INFO:colcon.colcon_core.shell:Creating environment descriptor '/home/line/town_ws/src/install/village_li/share/village_li/hook/ament_prefix_path.dsv'
[0.438s] INFO:colcon.colcon_core.shell:Creating environment hook '/home/line/town_ws/src/install/village_li/share/village_li/hook/ament_prefix_path.sh'
[0.438s] INFO:colcon.colcon_core.shell:Skip shell extension 'powershell' for command environment: Not usable outside of PowerShell
[0.439s] DEBUG:colcon.colcon_core.shell:Skip shell extension 'dsv' for command environment
[0.441s] INFO:colcon.colcon_ros.task.ament_cmake.build:Building ROS package in '/home/line/town_ws/src/village_wang' with build type 'ament_cmake'
[0.441s] INFO:colcon.colcon_cmake.task.cmake.build:Building CMake package in '/home/line/town_ws/src/village_wang'
[0.441s] INFO:colcon.colcon_core.shell:Skip shell extension 'powershell' for command environment: Not usable outside of PowerShell
[0.441s] DEBUG:colcon.colcon_core.shell:Skip shell extension 'dsv' for command environment
[0.443s] INFO:colcon.colcon_ros.task.ament_python.build:Building ROS package in '/home/line/town_ws/src/village_zhang' with build type 'ament_python'
[0.443s] Level 1:colcon.colcon_core.shell:create_environment_hook('village_zhang', 'ament_prefix_path')
[0.443s] INFO:colcon.colcon_core.shell:Creating environment hook '/home/line/town_ws/src/install/village_zhang/share/village_zhang/hook/ament_prefix_path.ps1'
[0.444s] INFO:colcon.colcon_core.shell:Creating environment descriptor '/home/line/town_ws/src/install/village_zhang/share/village_zhang/hook/ament_prefix_path.dsv'
[0.444s] INFO:colcon.colcon_core.shell:Creating environment hook '/home/line/town_ws/src/install/village_zhang/share/village_zhang/hook/ament_prefix_path.sh'
[0.444s] INFO:colcon.colcon_core.shell:Skip shell extension 'powershell' for command environment: Not usable outside of PowerShell
[0.444s] DEBUG:colcon.colcon_core.shell:Skip shell extension 'dsv' for command environment
[0.556s] INFO:colcon.colcon_core.task.python.build:Building Python package in '/home/line/town_ws/src/village_li'
[0.556s] INFO:colcon.colcon_core.shell:Skip shell extension 'powershell' for command environment: Not usable outside of PowerShell
[0.556s] DEBUG:colcon.colcon_core.shell:Skip shell extension 'dsv' for command environment
[0.560s] DEBUG:colcon.colcon_core.event_handler.log_command:Invoking command in '/home/line/town_ws/src/build/village_wang': CMAKE_PREFIX_PATH=/home/line/town_ws/src/install/village_interfaces:/home/line/town_ws/src/install/village_wang:/home/line/town_ws/src/install/village_zhang:/home/line/town_ws/src/install/village_li:/opt/ros/humble /usr/bin/cmake --build /home/line/town_ws/src/build/village_wang -- -j20 -l20
[0.678s] INFO:colcon.colcon_core.task.python.build:Building Python package in '/home/line/town_ws/src/village_zhang'
[0.678s] INFO:colcon.colcon_core.shell:Skip shell extension 'powershell' for command environment: Not usable outside of PowerShell
[0.678s] DEBUG:colcon.colcon_core.shell:Skip shell extension 'dsv' for command environment
[0.682s] DEBUG:colcon.colcon_core.event_handler.log_command:Invoked command in '/home/line/town_ws/src/build/village_wang' returned '0': CMAKE_PREFIX_PATH=/home/line/town_ws/src/install/village_interfaces:/home/line/town_ws/src/install/village_wang:/home/line/town_ws/src/install/village_zhang:/home/line/town_ws/src/install/village_li:/opt/ros/humble /usr/bin/cmake --build /home/line/town_ws/src/build/village_wang -- -j20 -l20
[0.684s] DEBUG:colcon.colcon_core.event_handler.log_command:Invoking command in '/home/line/town_ws/src/build/village_wang': CMAKE_PREFIX_PATH=/home/line/town_ws/src/install/village_interfaces:/home/line/town_ws/src/install/village_wang:/home/line/town_ws/src/install/village_zhang:/home/line/town_ws/src/install/village_li:/opt/ros/humble /usr/bin/cmake --install /home/line/town_ws/src/build/village_wang
[0.692s] Level 1:colcon.colcon_core.environment:create_environment_scripts_only(village_wang)
[0.692s] DEBUG:colcon.colcon_core.event_handler.log_command:Invoked command in '/home/line/town_ws/src/build/village_wang' returned '0': CMAKE_PREFIX_PATH=/home/line/town_ws/src/install/village_interfaces:/home/line/town_ws/src/install/village_wang:/home/line/town_ws/src/install/village_zhang:/home/line/town_ws/src/install/village_li:/opt/ros/humble /usr/bin/cmake --install /home/line/town_ws/src/build/village_wang
[0.692s] Level 1:colcon.colcon_core.environment:checking '/home/line/town_ws/src/install/village_wang' for CMake module files
[0.693s] Level 1:colcon.colcon_core.environment:checking '/home/line/town_ws/src/install/village_wang' for CMake config files
[0.693s] Level 1:colcon.colcon_core.shell:create_environment_hook('village_wang', 'cmake_prefix_path')
[0.693s] INFO:colcon.colcon_core.shell:Creating environment hook '/home/line/town_ws/src/install/village_wang/share/village_wang/hook/cmake_prefix_path.ps1'
[0.694s] INFO:colcon.colcon_core.shell:Creating environment descriptor '/home/line/town_ws/src/install/village_wang/share/village_wang/hook/cmake_prefix_path.dsv'
[0.694s] INFO:colcon.colcon_core.shell:Creating environment hook '/home/line/town_ws/src/install/village_wang/share/village_wang/hook/cmake_prefix_path.sh'
[0.694s] Level 1:colcon.colcon_core.environment:checking '/home/line/town_ws/src/install/village_wang/lib'
[0.694s] Level 1:colcon.colcon_core.environment:checking '/home/line/town_ws/src/install/village_wang/bin'
[0.694s] Level 1:colcon.colcon_core.environment:checking '/home/line/town_ws/src/install/village_wang/lib/pkgconfig/village_wang.pc'
[0.695s] Level 1:colcon.colcon_core.environment:checking '/home/line/town_ws/src/install/village_wang/lib/python3.10/site-packages'
[0.695s] Level 1:colcon.colcon_core.environment:checking '/home/line/town_ws/src/install/village_wang/bin'
[0.695s] INFO:colcon.colcon_core.shell:Creating package script '/home/line/town_ws/src/install/village_wang/share/village_wang/package.ps1'
[0.696s] INFO:colcon.colcon_core.shell:Creating package descriptor '/home/line/town_ws/src/install/village_wang/share/village_wang/package.dsv'
[0.696s] INFO:colcon.colcon_core.shell:Creating package script '/home/line/town_ws/src/install/village_wang/share/village_wang/package.sh'
[0.696s] INFO:colcon.colcon_core.shell:Creating package script '/home/line/town_ws/src/install/village_wang/share/village_wang/package.bash'
[0.697s] INFO:colcon.colcon_core.shell:Creating package script '/home/line/town_ws/src/install/village_wang/share/village_wang/package.zsh'
[0.697s] Level 1:colcon.colcon_core.environment:create_file_with_runtime_dependencies(/home/line/town_ws/src/install/village_wang/share/colcon-core/packages/village_wang)
[0.697s] Level 1:colcon.colcon_core.environment:create_environment_scripts_only(village_wang)
[0.697s] Level 1:colcon.colcon_core.environment:checking '/home/line/town_ws/src/install/village_wang' for CMake module files
[0.698s] Level 1:colcon.colcon_core.environment:checking '/home/line/town_ws/src/install/village_wang' for CMake config files
[0.698s] Level 1:colcon.colcon_core.shell:create_environment_hook('village_wang', 'cmake_prefix_path')
[0.698s] INFO:colcon.colcon_core.shell:Creating environment hook '/home/line/town_ws/src/install/village_wang/share/village_wang/hook/cmake_prefix_path.ps1'
[0.698s] INFO:colcon.colcon_core.shell:Creating environment descriptor '/home/line/town_ws/src/install/village_wang/share/village_wang/hook/cmake_prefix_path.dsv'
[0.698s] INFO:colcon.colcon_core.shell:Creating environment hook '/home/line/town_ws/src/install/village_wang/share/village_wang/hook/cmake_prefix_path.sh'
[0.698s] Level 1:colcon.colcon_core.environment:checking '/home/line/town_ws/src/install/village_wang/lib'
[0.698s] Level 1:colcon.colcon_core.environment:checking '/home/line/town_ws/src/install/village_wang/bin'
[0.699s] Level 1:colcon.colcon_core.environment:checking '/home/line/town_ws/src/install/village_wang/lib/pkgconfig/village_wang.pc'
[0.699s] Level 1:colcon.colcon_core.environment:checking '/home/line/town_ws/src/install/village_wang/lib/python3.10/site-packages'
[0.699s] Level 1:colcon.colcon_core.environment:checking '/home/line/town_ws/src/install/village_wang/bin'
[0.699s] INFO:colcon.colcon_core.shell:Creating package script '/home/line/town_ws/src/install/village_wang/share/village_wang/package.ps1'
[0.699s] INFO:colcon.colcon_core.shell:Creating package descriptor '/home/line/town_ws/src/install/village_wang/share/village_wang/package.dsv'
[0.700s] INFO:colcon.colcon_core.shell:Creating package script '/home/line/town_ws/src/install/village_wang/share/village_wang/package.sh'
[0.700s] INFO:colcon.colcon_core.shell:Creating package script '/home/line/town_ws/src/install/village_wang/share/village_wang/package.bash'
[0.700s] INFO:colcon.colcon_core.shell:Creating package script '/home/line/town_ws/src/install/village_wang/share/village_wang/package.zsh'
[0.700s] Level 1:colcon.colcon_core.environment:create_file_with_runtime_dependencies(/home/line/town_ws/src/install/village_wang/share/colcon-core/packages/village_wang)
[0.872s] DEBUG:colcon.colcon_core.task.python.build:Available setuptools commands: compile_catalog, bdist, dist_info, editable_wheel, install, setopt, saveopts, install_data, rotate, bdist_wheel, install_headers, build_scripts, symlink_data, build_ext, install_egg_info, bdist_egg, update_catalog, build_clib, sdist, easy_install, alias, build_py, build, egg_info, clean, bdist_dumb, init_catalog, check, install_scripts, extract_messages, develop, bdist_rpm, install_lib
[0.874s] DEBUG:colcon.colcon_core.event_handler.log_command:Invoking command in '/home/line/town_ws/src/village_li': CMAKE_PREFIX_PATH=/home/line/town_ws/src/install/village_interfaces:/home/line/town_ws/src/install/village_wang PYTHONPATH=/home/line/town_ws/src/build/village_li/prefix_override:/usr/lib/python3/dist-packages/colcon_core/task/python/colcon_distutils_commands:/home/line/town_ws/src/install/village_li/lib/python3.10/site-packages:${PYTHONPATH} /usr/bin/python3 -W ignore:setup.py install is deprecated -W ignore:easy_install command is deprecated setup.py egg_info --egg-base ../build/village_li build --build-base /home/line/town_ws/src/build/village_li/build install --record /home/line/town_ws/src/build/village_li/install.log --install-scripts $base/lib/village_li --single-version-externally-managed install_data
[0.888s] DEBUG:colcon.colcon_core.task.python.build:Available setuptools commands: compile_catalog, bdist, dist_info, editable_wheel, install, setopt, saveopts, install_data, rotate, bdist_wheel, install_headers, build_scripts, symlink_data, build_ext, install_egg_info, bdist_egg, update_catalog, build_clib, sdist, easy_install, alias, build_py, build, egg_info, clean, bdist_dumb, init_catalog, check, install_scripts, extract_messages, develop, bdist_rpm, install_lib
[0.890s] DEBUG:colcon.colcon_core.event_handler.log_command:Invoking command in '/home/line/town_ws/src/village_zhang': CMAKE_PREFIX_PATH=/home/line/town_ws/src/install/village_interfaces:/home/line/town_ws/src/install/village_wang PYTHONPATH=/home/line/town_ws/src/build/village_zhang/prefix_override:/usr/lib/python3/dist-packages/colcon_core/task/python/colcon_distutils_commands:/home/line/town_ws/src/install/village_zhang/lib/python3.10/site-packages:${PYTHONPATH} /usr/bin/python3 -W ignore:setup.py install is deprecated -W ignore:easy_install command is deprecated setup.py egg_info --egg-base ../build/village_zhang build --build-base /home/line/town_ws/src/build/village_zhang/build install --record /home/line/town_ws/src/build/village_zhang/install.log --install-scripts $base/lib/village_zhang --single-version-externally-managed install_data
[1.077s] Level 1:colcon.colcon_core.environment:checking '/home/line/town_ws/src/install/village_zhang' for CMake module files
[1.077s] DEBUG:colcon.colcon_core.event_handler.log_command:Invoked command in '/home/line/town_ws/src/village_zhang' returned '0': CMAKE_PREFIX_PATH=/home/line/town_ws/src/install/village_interfaces:/home/line/town_ws/src/install/village_wang PYTHONPATH=/home/line/town_ws/src/build/village_zhang/prefix_override:/usr/lib/python3/dist-packages/colcon_core/task/python/colcon_distutils_commands:/home/line/town_ws/src/install/village_zhang/lib/python3.10/site-packages:${PYTHONPATH} /usr/bin/python3 -W ignore:setup.py install is deprecated -W ignore:easy_install command is deprecated setup.py egg_info --egg-base ../build/village_zhang build --build-base /home/line/town_ws/src/build/village_zhang/build install --record /home/line/town_ws/src/build/village_zhang/install.log --install-scripts $base/lib/village_zhang --single-version-externally-managed install_data
[1.077s] Level 1:colcon.colcon_core.environment:checking '/home/line/town_ws/src/install/village_zhang' for CMake config files
[1.077s] Level 1:colcon.colcon_core.environment:checking '/home/line/town_ws/src/install/village_zhang/lib'
[1.077s] Level 1:colcon.colcon_core.environment:checking '/home/line/town_ws/src/install/village_zhang/bin'
[1.077s] Level 1:colcon.colcon_core.environment:checking '/home/line/town_ws/src/install/village_zhang/lib/pkgconfig/village_zhang.pc'
[1.078s] Level 1:colcon.colcon_core.environment:checking '/home/line/town_ws/src/install/village_zhang/lib/python3.10/site-packages'
[1.078s] Level 1:colcon.colcon_core.shell:create_environment_hook('village_zhang', 'pythonpath')
[1.078s] INFO:colcon.colcon_core.shell:Creating environment hook '/home/line/town_ws/src/install/village_zhang/share/village_zhang/hook/pythonpath.ps1'
[1.078s] INFO:colcon.colcon_core.shell:Creating environment descriptor '/home/line/town_ws/src/install/village_zhang/share/village_zhang/hook/pythonpath.dsv'
[1.078s] INFO:colcon.colcon_core.shell:Creating environment hook '/home/line/town_ws/src/install/village_zhang/share/village_zhang/hook/pythonpath.sh'
[1.079s] Level 1:colcon.colcon_core.environment:checking '/home/line/town_ws/src/install/village_zhang/bin'
[1.079s] Level 1:colcon.colcon_core.environment:create_environment_scripts_only(village_zhang)
[1.079s] INFO:colcon.colcon_core.shell:Creating package script '/home/line/town_ws/src/install/village_zhang/share/village_zhang/package.ps1'
[1.079s] INFO:colcon.colcon_core.shell:Creating package descriptor '/home/line/town_ws/src/install/village_zhang/share/village_zhang/package.dsv'
[1.079s] INFO:colcon.colcon_core.shell:Creating package script '/home/line/town_ws/src/install/village_zhang/share/village_zhang/package.sh'
[1.080s] INFO:colcon.colcon_core.shell:Creating package script '/home/line/town_ws/src/install/village_zhang/share/village_zhang/package.bash'
[1.080s] INFO:colcon.colcon_core.shell:Creating package script '/home/line/town_ws/src/install/village_zhang/share/village_zhang/package.zsh'
[1.080s] Level 1:colcon.colcon_core.environment:create_file_with_runtime_dependencies(/home/line/town_ws/src/install/village_zhang/share/colcon-core/packages/village_zhang)
[1.082s] Level 1:colcon.colcon_core.environment:checking '/home/line/town_ws/src/install/village_li' for CMake module files
[1.082s] DEBUG:colcon.colcon_core.event_handler.log_command:Invoked command in '/home/line/town_ws/src/village_li' returned '0': CMAKE_PREFIX_PATH=/home/line/town_ws/src/install/village_interfaces:/home/line/town_ws/src/install/village_wang PYTHONPATH=/home/line/town_ws/src/build/village_li/prefix_override:/usr/lib/python3/dist-packages/colcon_core/task/python/colcon_distutils_commands:/home/line/town_ws/src/install/village_li/lib/python3.10/site-packages:${PYTHONPATH} /usr/bin/python3 -W ignore:setup.py install is deprecated -W ignore:easy_install command is deprecated setup.py egg_info --egg-base ../build/village_li build --build-base /home/line/town_ws/src/build/village_li/build install --record /home/line/town_ws/src/build/village_li/install.log --install-scripts $base/lib/village_li --single-version-externally-managed install_data
[1.082s] Level 1:colcon.colcon_core.environment:checking '/home/line/town_ws/src/install/village_li' for CMake config files
[1.083s] Level 1:colcon.colcon_core.environment:checking '/home/line/town_ws/src/install/village_li/lib'
[1.083s] Level 1:colcon.colcon_core.environment:checking '/home/line/town_ws/src/install/village_li/bin'
[1.083s] Level 1:colcon.colcon_core.environment:checking '/home/line/town_ws/src/install/village_li/lib/pkgconfig/village_li.pc'
[1.083s] Level 1:colcon.colcon_core.environment:checking '/home/line/town_ws/src/install/village_li/lib/python3.10/site-packages'
[1.083s] Level 1:colcon.colcon_core.shell:create_environment_hook('village_li', 'pythonpath')
[1.083s] INFO:colcon.colcon_core.shell:Creating environment hook '/home/line/town_ws/src/install/village_li/share/village_li/hook/pythonpath.ps1'
[1.083s] INFO:colcon.colcon_core.shell:Creating environment descriptor '/home/line/town_ws/src/install/village_li/share/village_li/hook/pythonpath.dsv'
[1.083s] INFO:colcon.colcon_core.shell:Creating environment hook '/home/line/town_ws/src/install/village_li/share/village_li/hook/pythonpath.sh'
[1.084s] Level 1:colcon.colcon_core.environment:checking '/home/line/town_ws/src/install/village_li/bin'
[1.084s] Level 1:colcon.colcon_core.environment:create_environment_scripts_only(village_li)
[1.084s] INFO:colcon.colcon_core.shell:Creating package script '/home/line/town_ws/src/install/village_li/share/village_li/package.ps1'
[1.084s] INFO:colcon.colcon_core.shell:Creating package descriptor '/home/line/town_ws/src/install/village_li/share/village_li/package.dsv'
[1.084s] INFO:colcon.colcon_core.shell:Creating package script '/home/line/town_ws/src/install/village_li/share/village_li/package.sh'
[1.085s] INFO:colcon.colcon_core.shell:Creating package script '/home/line/town_ws/src/install/village_li/share/village_li/package.bash'
[1.085s] INFO:colcon.colcon_core.shell:Creating package script '/home/line/town_ws/src/install/village_li/share/village_li/package.zsh'
[1.085s] Level 1:colcon.colcon_core.environment:create_file_with_runtime_dependencies(/home/line/town_ws/src/install/village_li/share/colcon-core/packages/village_li)
[1.085s] DEBUG:colcon.colcon_parallel_executor.executor.parallel:closing loop
[1.085s] DEBUG:colcon.colcon_parallel_executor.executor.parallel:loop closed
[1.085s] DEBUG:colcon.colcon_parallel_executor.executor.parallel:run_until_complete finished with '0'
[1.085s] DEBUG:colcon.colcon_core.event_reactor:joining thread
[1.088s] INFO:colcon.colcon_core.plugin_system:Skipping extension 'colcon_notification.desktop_notification.terminal_notifier': Not used on non-Darwin systems
[1.088s] INFO:colcon.colcon_core.plugin_system:Skipping extension 'colcon_notification.desktop_notification.win32': Not used on non-Windows systems
[1.088s] INFO:colcon.colcon_notification.desktop_notification:Sending desktop notification using 'notify2'
[1.096s] DEBUG:colcon.colcon_core.event_reactor:joined thread
[1.096s] INFO:colcon.colcon_core.shell:Creating prefix script '/home/line/town_ws/src/install/local_setup.ps1'
[1.097s] INFO:colcon.colcon_core.shell:Creating prefix util module '/home/line/town_ws/src/install/_local_setup_util_ps1.py'
[1.098s] INFO:colcon.colcon_core.shell:Creating prefix chain script '/home/line/town_ws/src/install/setup.ps1'
[1.099s] INFO:colcon.colcon_core.shell:Creating prefix script '/home/line/town_ws/src/install/local_setup.sh'
[1.099s] INFO:colcon.colcon_core.shell:Creating prefix util module '/home/line/town_ws/src/install/_local_setup_util_sh.py'
[1.099s] INFO:colcon.colcon_core.shell:Creating prefix chain script '/home/line/town_ws/src/install/setup.sh'
[1.100s] INFO:colcon.colcon_core.shell:Creating prefix script '/home/line/town_ws/src/install/local_setup.bash'
[1.100s] INFO:colcon.colcon_core.shell:Creating prefix chain script '/home/line/town_ws/src/install/setup.bash'
[1.101s] INFO:colcon.colcon_core.shell:Creating prefix script '/home/line/town_ws/src/install/local_setup.zsh'
[1.101s] INFO:colcon.colcon_core.shell:Creating prefix chain script '/home/line/town_ws/src/install/setup.zsh'
