-- Found ament_cmake: 1.3.14 (/opt/ros/humble/share/ament_cmake/cmake)
-- Found rosidl_default_generators: 1.2.1 (/opt/ros/humble/share/rosidl_default_generators/cmake)
-- Using all available rosidl_typesupport_c: rosidl_typesupport_fastrtps_c;rosidl_typesupport_introspection_c
-- Found rosidl_adapter: 3.1.9 (/opt/ros/humble/share/rosidl_adapter/cmake)
-- Using all available rosidl_typesupport_cpp: rosidl_typesupport_fastrtps_cpp;rosidl_typesupport_introspection_cpp
-- Found ament_cmake_ros: 0.10.0 (/opt/ros/humble/share/ament_cmake_ros/cmake)
-- Using all available rosidl_typesupport_c: rosidl_typesupport_fastrtps_c;rosidl_typesupport_introspection_c
-- Using all available rosidl_typesupport_cpp: rosidl_typesupport_fastrtps_cpp;rosidl_typesupport_introspection_cpp
-- Found python_cmake_module: 0.10.0 (/opt/ros/humble/share/python_cmake_module/cmake)
-- Using PYTHON_EXECUTABLE: /usr/bin/python3
-- Using PYTHON_INCLUDE_DIRS: /usr/include/python3.10
-- Using PYTHON_LIBRARIES: /usr/lib/x86_64-linux-gnu/libpython3.10.so
-- Found ament_lint_auto: 0.12.15 (/opt/ros/humble/share/ament_lint_auto/cmake)
-- Added test 'cppcheck' to perform static code analysis on C / C++ code
-- Configured cppcheck include dirs: 
-- Configured cppcheck exclude dirs and/or files: 
-- Added test 'flake8' to check Python code syntax and style conventions
-- Added test 'lint_cmake' to check CMake code style
-- Added test 'pep257' to check Python code against some of the docstring style conventions in PEP 257
-- Added test 'uncrustify' to check C / C++ code style
-- Configured uncrustify additional arguments: 
-- Added test 'xmllint' to check XML markup files
-- Configuring done
-- Generating done
-- Build files have been written to: /home/line/Community_ws/build/community_interfaces
[  2%] [34m[1mGenerating C code for ROS interfaces[0m
[  5%] [34m[1mGenerating C++ code for ROS interfaces[0m
[  7%] [34m[1mGenerating Rust code for ROS interfaces[0m
[  7%] Built target ament_cmake_python_copy_community_interfaces
running egg_info
writing community_interfaces.egg-info/PKG-INFO
writing dependency_links to community_interfaces.egg-info/dependency_links.txt
writing top-level names to community_interfaces.egg-info/top_level.txt
reading manifest file 'community_interfaces.egg-info/SOURCES.txt'
writing manifest file 'community_interfaces.egg-info/SOURCES.txt'
[  7%] Built target community_interfaces__rs
[  7%] Built target ament_cmake_python_build_community_interfaces_egg
[35m[1mConsolidate compiler generated dependencies of target community_interfaces__rosidl_generator_c[0m
[  7%] Built target community_interfaces__cpp
[ 10%] [32mBuilding C object CMakeFiles/community_interfaces__rosidl_generator_c.dir/rosidl_generator_c/community_interfaces/msg/detail/noise_element__functions.c.o[0m
[ 12%] [34m[1mGenerating C++ type support dispatch for ROS interfaces[0m
[ 15%] [32mBuilding C object CMakeFiles/community_interfaces__rosidl_generator_c.dir/rosidl_generator_c/community_interfaces/srv/detail/complain__functions.c.o[0m
[ 17%] [34m[1mGenerating C++ type support for eProsima Fast-RTPS[0m
[ 20%] [34m[1mGenerating C++ introspection for ROS interfaces[0m
[ 22%] [32m[1mLinking C shared library libcommunity_interfaces__rosidl_generator_c.so[0m
[ 22%] Built target community_interfaces__rosidl_generator_c
[ 30%] [34m[1mGenerating C introspection for ROS interfaces[0m
[ 30%] [34m[1mGenerating C type support dispatch for ROS interfaces[0m
[ 30%] [34m[1mGenerating C type support for eProsima Fast-RTPS[0m
[35m[1mConsolidate compiler generated dependencies of target community_interfaces__rosidl_typesupport_cpp[0m
[ 32%] [32mBuilding CXX object CMakeFiles/community_interfaces__rosidl_typesupport_cpp.dir/rosidl_typesupport_cpp/community_interfaces/srv/complain__type_support.cpp.o[0m
[ 35%] [32mBuilding CXX object CMakeFiles/community_interfaces__rosidl_typesupport_cpp.dir/rosidl_typesupport_cpp/community_interfaces/msg/noise_element__type_support.cpp.o[0m
[35m[1mConsolidate compiler generated dependencies of target community_interfaces__rosidl_typesupport_introspection_cpp[0m
[ 37%] [32mBuilding CXX object CMakeFiles/community_interfaces__rosidl_typesupport_introspection_cpp.dir/rosidl_typesupport_introspection_cpp/community_interfaces/msg/detail/noise_element__type_support.cpp.o[0m
[ 40%] [32mBuilding CXX object CMakeFiles/community_interfaces__rosidl_typesupport_introspection_cpp.dir/rosidl_typesupport_introspection_cpp/community_interfaces/srv/detail/complain__type_support.cpp.o[0m
[35m[1mConsolidate compiler generated dependencies of target community_interfaces__rosidl_typesupport_fastrtps_cpp[0m
[ 45%] [32mBuilding CXX object CMakeFiles/community_interfaces__rosidl_typesupport_fastrtps_cpp.dir/rosidl_typesupport_fastrtps_cpp/community_interfaces/msg/detail/dds_fastrtps/noise_element__type_support.cpp.o[0m
[ 45%] [32mBuilding CXX object CMakeFiles/community_interfaces__rosidl_typesupport_fastrtps_cpp.dir/rosidl_typesupport_fastrtps_cpp/community_interfaces/srv/detail/dds_fastrtps/complain__type_support.cpp.o[0m
[35m[1mConsolidate compiler generated dependencies of target community_interfaces__rosidl_typesupport_c[0m
[35m[1mConsolidate compiler generated dependencies of target community_interfaces__rosidl_typesupport_fastrtps_c[0m
[ 47%] [32mBuilding CXX object CMakeFiles/community_interfaces__rosidl_typesupport_c.dir/rosidl_typesupport_c/community_interfaces/msg/noise_element__type_support.cpp.o[0m
[ 50%] [32mBuilding CXX object CMakeFiles/community_interfaces__rosidl_typesupport_c.dir/rosidl_typesupport_c/community_interfaces/srv/complain__type_support.cpp.o[0m
[ 55%] [32mBuilding CXX object CMakeFiles/community_interfaces__rosidl_typesupport_fastrtps_c.dir/rosidl_typesupport_fastrtps_c/community_interfaces/srv/detail/complain__type_support_c.cpp.o[0m
[ 55%] [32mBuilding CXX object CMakeFiles/community_interfaces__rosidl_typesupport_fastrtps_c.dir/rosidl_typesupport_fastrtps_c/community_interfaces/msg/detail/noise_element__type_support_c.cpp.o[0m
[ 57%] [32m[1mLinking CXX shared library libcommunity_interfaces__rosidl_typesupport_c.so[0m
[35m[1mConsolidate compiler generated dependencies of target community_interfaces__rosidl_typesupport_introspection_c[0m
[ 60%] [32mBuilding C object CMakeFiles/community_interfaces__rosidl_typesupport_introspection_c.dir/rosidl_typesupport_introspection_c/community_interfaces/msg/detail/noise_element__type_support.c.o[0m
[ 62%] [32mBuilding C object CMakeFiles/community_interfaces__rosidl_typesupport_introspection_c.dir/rosidl_typesupport_introspection_c/community_interfaces/srv/detail/complain__type_support.c.o[0m
[ 62%] Built target community_interfaces__rosidl_typesupport_c
[ 65%] [32m[1mLinking CXX shared library libcommunity_interfaces__rosidl_typesupport_cpp.so[0m
[ 67%] [32m[1mLinking C shared library libcommunity_interfaces__rosidl_typesupport_introspection_c.so[0m
[ 67%] Built target community_interfaces__rosidl_typesupport_introspection_c
[ 67%] Built target community_interfaces__rosidl_typesupport_cpp
[ 70%] [32m[1mLinking CXX shared library libcommunity_interfaces__rosidl_typesupport_fastrtps_cpp.so[0m
[ 72%] [32m[1mLinking CXX shared library libcommunity_interfaces__rosidl_typesupport_introspection_cpp.so[0m
[ 72%] Built target community_interfaces__rosidl_typesupport_introspection_cpp
[ 72%] Built target community_interfaces__rosidl_typesupport_fastrtps_cpp
[ 75%] [32m[1mLinking CXX shared library libcommunity_interfaces__rosidl_typesupport_fastrtps_c.so[0m
[ 75%] Built target community_interfaces__rosidl_typesupport_fastrtps_c
[ 75%] Built target community_interfaces
[ 77%] [34m[1mGenerating Python code for ROS interfaces[0m
[ 77%] Built target community_interfaces__py
[35m[1mConsolidate compiler generated dependencies of target community_interfaces__rosidl_generator_py[0m
[ 80%] [32mBuilding C object CMakeFiles/community_interfaces__rosidl_generator_py.dir/rosidl_generator_py/community_interfaces/msg/_noise_element_s.c.o[0m
[ 82%] [32mBuilding C object CMakeFiles/community_interfaces__rosidl_generator_py.dir/rosidl_generator_py/community_interfaces/srv/_complain_s.c.o[0m
[ 85%] [32m[1mLinking C shared library rosidl_generator_py/community_interfaces/libcommunity_interfaces__rosidl_generator_py.so[0m
[ 85%] Built target community_interfaces__rosidl_generator_py
[35m[1mConsolidate compiler generated dependencies of target community_interfaces__rosidl_typesupport_introspection_c__pyext[0m
[35m[1mConsolidate compiler generated dependencies of target community_interfaces__rosidl_typesupport_fastrtps_c__pyext[0m
[35m[1mConsolidate compiler generated dependencies of target community_interfaces__rosidl_typesupport_c__pyext[0m
[ 87%] [32mBuilding C object CMakeFiles/community_interfaces__rosidl_typesupport_introspection_c__pyext.dir/rosidl_generator_py/community_interfaces/_community_interfaces_s.ep.rosidl_typesupport_introspection_c.c.o[0m
[ 92%] [32mBuilding C object CMakeFiles/community_interfaces__rosidl_typesupport_fastrtps_c__pyext.dir/rosidl_generator_py/community_interfaces/_community_interfaces_s.ep.rosidl_typesupport_fastrtps_c.c.o[0m
[ 92%] [32mBuilding C object CMakeFiles/community_interfaces__rosidl_typesupport_c__pyext.dir/rosidl_generator_py/community_interfaces/_community_interfaces_s.ep.rosidl_typesupport_c.c.o[0m
[ 95%] [32m[1mLinking C shared library rosidl_generator_py/community_interfaces/community_interfaces_s__rosidl_typesupport_fastrtps_c.cpython-310-x86_64-linux-gnu.so[0m
[100%] [32m[1mLinking C shared library rosidl_generator_py/community_interfaces/community_interfaces_s__rosidl_typesupport_introspection_c.cpython-310-x86_64-linux-gnu.so[0m
[100%] [32m[1mLinking C shared library rosidl_generator_py/community_interfaces/community_interfaces_s__rosidl_typesupport_c.cpython-310-x86_64-linux-gnu.so[0m
[100%] Built target community_interfaces__rosidl_typesupport_fastrtps_c__pyext
[100%] Built target community_interfaces__rosidl_typesupport_c__pyext
[100%] Built target community_interfaces__rosidl_typesupport_introspection_c__pyext
-- Install configuration: ""
-- Installing: /home/line/Community_ws/install/community_interfaces/share/ament_index/resource_index/rosidl_interfaces/community_interfaces
-- Up-to-date: /home/line/Community_ws/install/community_interfaces/include/community_interfaces/community_interfaces
-- Up-to-date: /home/line/Community_ws/install/community_interfaces/include/community_interfaces/community_interfaces/msg
-- Up-to-date: /home/line/Community_ws/install/community_interfaces/include/community_interfaces/community_interfaces/msg/rosidl_generator_c__visibility_control.h
-- Up-to-date: /home/line/Community_ws/install/community_interfaces/include/community_interfaces/community_interfaces/msg/detail
-- Installing: /home/line/Community_ws/install/community_interfaces/include/community_interfaces/community_interfaces/msg/detail/noise_element__functions.h
-- Installing: /home/line/Community_ws/install/community_interfaces/include/community_interfaces/community_interfaces/msg/detail/noise_element__functions.c
-- Installing: /home/line/Community_ws/install/community_interfaces/include/community_interfaces/community_interfaces/msg/detail/noise_element__type_support.h
-- Installing: /home/line/Community_ws/install/community_interfaces/include/community_interfaces/community_interfaces/msg/detail/noise_element__struct.h
-- Installing: /home/line/Community_ws/install/community_interfaces/include/community_interfaces/community_interfaces/msg/noise_element.h
-- Installing: /home/line/Community_ws/install/community_interfaces/include/community_interfaces/community_interfaces/srv
-- Installing: /home/line/Community_ws/install/community_interfaces/include/community_interfaces/community_interfaces/srv/complain.h
-- Installing: /home/line/Community_ws/install/community_interfaces/include/community_interfaces/community_interfaces/srv/detail
-- Installing: /home/line/Community_ws/install/community_interfaces/include/community_interfaces/community_interfaces/srv/detail/complain__struct.h
-- Installing: /home/line/Community_ws/install/community_interfaces/include/community_interfaces/community_interfaces/srv/detail/complain__functions.c
-- Installing: /home/line/Community_ws/install/community_interfaces/include/community_interfaces/community_interfaces/srv/detail/complain__functions.h
-- Installing: /home/line/Community_ws/install/community_interfaces/include/community_interfaces/community_interfaces/srv/detail/complain__type_support.h
-- Up-to-date: /home/line/Community_ws/install/community_interfaces/share/community_interfaces/environment/library_path.sh
-- Installing: /home/line/Community_ws/install/community_interfaces/share/community_interfaces/environment/library_path.dsv
-- Installing: /home/line/Community_ws/install/community_interfaces/lib/libcommunity_interfaces__rosidl_generator_c.so
-- Set runtime path of "/home/line/Community_ws/install/community_interfaces/lib/libcommunity_interfaces__rosidl_generator_c.so" to ""
-- Up-to-date: /home/line/Community_ws/install/community_interfaces/include/community_interfaces/community_interfaces
-- Up-to-date: /home/line/Community_ws/install/community_interfaces/include/community_interfaces/community_interfaces/msg
-- Up-to-date: /home/line/Community_ws/install/community_interfaces/include/community_interfaces/community_interfaces/msg/detail
-- Installing: /home/line/Community_ws/install/community_interfaces/include/community_interfaces/community_interfaces/msg/detail/noise_element__rosidl_typesupport_fastrtps_c.h
-- Up-to-date: /home/line/Community_ws/install/community_interfaces/include/community_interfaces/community_interfaces/msg/rosidl_typesupport_fastrtps_c__visibility_control.h
-- Up-to-date: /home/line/Community_ws/install/community_interfaces/include/community_interfaces/community_interfaces/srv
-- Up-to-date: /home/line/Community_ws/install/community_interfaces/include/community_interfaces/community_interfaces/srv/detail
-- Installing: /home/line/Community_ws/install/community_interfaces/include/community_interfaces/community_interfaces/srv/detail/complain__rosidl_typesupport_fastrtps_c.h
-- Installing: /home/line/Community_ws/install/community_interfaces/lib/libcommunity_interfaces__rosidl_typesupport_fastrtps_c.so
-- Set runtime path of "/home/line/Community_ws/install/community_interfaces/lib/libcommunity_interfaces__rosidl_typesupport_fastrtps_c.so" to ""
-- Up-to-date: /home/line/Community_ws/install/community_interfaces/include/community_interfaces/community_interfaces
-- Up-to-date: /home/line/Community_ws/install/community_interfaces/include/community_interfaces/community_interfaces/msg
-- Up-to-date: /home/line/Community_ws/install/community_interfaces/include/community_interfaces/community_interfaces/msg/rosidl_typesupport_introspection_c__visibility_control.h
-- Up-to-date: /home/line/Community_ws/install/community_interfaces/include/community_interfaces/community_interfaces/msg/detail
-- Installing: /home/line/Community_ws/install/community_interfaces/include/community_interfaces/community_interfaces/msg/detail/noise_element__type_support.c
-- Installing: /home/line/Community_ws/install/community_interfaces/include/community_interfaces/community_interfaces/msg/detail/noise_element__rosidl_typesupport_introspection_c.h
-- Up-to-date: /home/line/Community_ws/install/community_interfaces/include/community_interfaces/community_interfaces/srv
-- Up-to-date: /home/line/Community_ws/install/community_interfaces/include/community_interfaces/community_interfaces/srv/detail
-- Installing: /home/line/Community_ws/install/community_interfaces/include/community_interfaces/community_interfaces/srv/detail/complain__type_support.c
-- Installing: /home/line/Community_ws/install/community_interfaces/include/community_interfaces/community_interfaces/srv/detail/complain__rosidl_typesupport_introspection_c.h
-- Installing: /home/line/Community_ws/install/community_interfaces/lib/libcommunity_interfaces__rosidl_typesupport_introspection_c.so
-- Set runtime path of "/home/line/Community_ws/install/community_interfaces/lib/libcommunity_interfaces__rosidl_typesupport_introspection_c.so" to ""
-- Installing: /home/line/Community_ws/install/community_interfaces/lib/libcommunity_interfaces__rosidl_typesupport_c.so
-- Set runtime path of "/home/line/Community_ws/install/community_interfaces/lib/libcommunity_interfaces__rosidl_typesupport_c.so" to ""
-- Up-to-date: /home/line/Community_ws/install/community_interfaces/include/community_interfaces/community_interfaces
-- Up-to-date: /home/line/Community_ws/install/community_interfaces/include/community_interfaces/community_interfaces/msg
-- Up-to-date: /home/line/Community_ws/install/community_interfaces/include/community_interfaces/community_interfaces/msg/rosidl_generator_cpp__visibility_control.hpp
-- Installing: /home/line/Community_ws/install/community_interfaces/include/community_interfaces/community_interfaces/msg/noise_element.hpp
-- Up-to-date: /home/line/Community_ws/install/community_interfaces/include/community_interfaces/community_interfaces/msg/detail
-- Installing: /home/line/Community_ws/install/community_interfaces/include/community_interfaces/community_interfaces/msg/detail/noise_element__traits.hpp
-- Installing: /home/line/Community_ws/install/community_interfaces/include/community_interfaces/community_interfaces/msg/detail/noise_element__struct.hpp
-- Installing: /home/line/Community_ws/install/community_interfaces/include/community_interfaces/community_interfaces/msg/detail/noise_element__type_support.hpp
-- Installing: /home/line/Community_ws/install/community_interfaces/include/community_interfaces/community_interfaces/msg/detail/noise_element__builder.hpp
-- Up-to-date: /home/line/Community_ws/install/community_interfaces/include/community_interfaces/community_interfaces/srv
-- Installing: /home/line/Community_ws/install/community_interfaces/include/community_interfaces/community_interfaces/srv/complain.hpp
-- Up-to-date: /home/line/Community_ws/install/community_interfaces/include/community_interfaces/community_interfaces/srv/detail
-- Installing: /home/line/Community_ws/install/community_interfaces/include/community_interfaces/community_interfaces/srv/detail/complain__struct.hpp
-- Installing: /home/line/Community_ws/install/community_interfaces/include/community_interfaces/community_interfaces/srv/detail/complain__type_support.hpp
-- Installing: /home/line/Community_ws/install/community_interfaces/include/community_interfaces/community_interfaces/srv/detail/complain__builder.hpp
-- Installing: /home/line/Community_ws/install/community_interfaces/include/community_interfaces/community_interfaces/srv/detail/complain__traits.hpp
-- Up-to-date: /home/line/Community_ws/install/community_interfaces/include/community_interfaces/community_interfaces
-- Up-to-date: /home/line/Community_ws/install/community_interfaces/include/community_interfaces/community_interfaces/msg
-- Up-to-date: /home/line/Community_ws/install/community_interfaces/include/community_interfaces/community_interfaces/msg/rosidl_typesupport_fastrtps_cpp__visibility_control.h
-- Up-to-date: /home/line/Community_ws/install/community_interfaces/include/community_interfaces/community_interfaces/msg/detail
-- Up-to-date: /home/line/Community_ws/install/community_interfaces/include/community_interfaces/community_interfaces/msg/detail/dds_fastrtps
-- Installing: /home/line/Community_ws/install/community_interfaces/include/community_interfaces/community_interfaces/msg/detail/noise_element__rosidl_typesupport_fastrtps_cpp.hpp
-- Up-to-date: /home/line/Community_ws/install/community_interfaces/include/community_interfaces/community_interfaces/srv
-- Up-to-date: /home/line/Community_ws/install/community_interfaces/include/community_interfaces/community_interfaces/srv/detail
-- Installing: /home/line/Community_ws/install/community_interfaces/include/community_interfaces/community_interfaces/srv/detail/dds_fastrtps
-- Installing: /home/line/Community_ws/install/community_interfaces/include/community_interfaces/community_interfaces/srv/detail/complain__rosidl_typesupport_fastrtps_cpp.hpp
-- Installing: /home/line/Community_ws/install/community_interfaces/lib/libcommunity_interfaces__rosidl_typesupport_fastrtps_cpp.so
-- Set runtime path of "/home/line/Community_ws/install/community_interfaces/lib/libcommunity_interfaces__rosidl_typesupport_fastrtps_cpp.so" to ""
-- Up-to-date: /home/line/Community_ws/install/community_interfaces/include/community_interfaces/community_interfaces
-- Up-to-date: /home/line/Community_ws/install/community_interfaces/include/community_interfaces/community_interfaces/msg
-- Up-to-date: /home/line/Community_ws/install/community_interfaces/include/community_interfaces/community_interfaces/msg/detail
-- Installing: /home/line/Community_ws/install/community_interfaces/include/community_interfaces/community_interfaces/msg/detail/noise_element__type_support.cpp
-- Installing: /home/line/Community_ws/install/community_interfaces/include/community_interfaces/community_interfaces/msg/detail/noise_element__rosidl_typesupport_introspection_cpp.hpp
-- Up-to-date: /home/line/Community_ws/install/community_interfaces/include/community_interfaces/community_interfaces/srv
-- Up-to-date: /home/line/Community_ws/install/community_interfaces/include/community_interfaces/community_interfaces/srv/detail
-- Installing: /home/line/Community_ws/install/community_interfaces/include/community_interfaces/community_interfaces/srv/detail/complain__type_support.cpp
-- Installing: /home/line/Community_ws/install/community_interfaces/include/community_interfaces/community_interfaces/srv/detail/complain__rosidl_typesupport_introspection_cpp.hpp
-- Installing: /home/line/Community_ws/install/community_interfaces/lib/libcommunity_interfaces__rosidl_typesupport_introspection_cpp.so
-- Set runtime path of "/home/line/Community_ws/install/community_interfaces/lib/libcommunity_interfaces__rosidl_typesupport_introspection_cpp.so" to ""
-- Installing: /home/line/Community_ws/install/community_interfaces/lib/libcommunity_interfaces__rosidl_typesupport_cpp.so
-- Set runtime path of "/home/line/Community_ws/install/community_interfaces/lib/libcommunity_interfaces__rosidl_typesupport_cpp.so" to ""
-- Up-to-date: /home/line/Community_ws/install/community_interfaces/share/community_interfaces/environment/pythonpath.sh
-- Installing: /home/line/Community_ws/install/community_interfaces/share/community_interfaces/environment/pythonpath.dsv
-- Up-to-date: /home/line/Community_ws/install/community_interfaces/local/lib/python3.10/dist-packages/community_interfaces-0.0.0-py3.10.egg-info
-- Installing: /home/line/Community_ws/install/community_interfaces/local/lib/python3.10/dist-packages/community_interfaces-0.0.0-py3.10.egg-info/top_level.txt
-- Installing: /home/line/Community_ws/install/community_interfaces/local/lib/python3.10/dist-packages/community_interfaces-0.0.0-py3.10.egg-info/dependency_links.txt
-- Installing: /home/line/Community_ws/install/community_interfaces/local/lib/python3.10/dist-packages/community_interfaces-0.0.0-py3.10.egg-info/SOURCES.txt
-- Installing: /home/line/Community_ws/install/community_interfaces/local/lib/python3.10/dist-packages/community_interfaces-0.0.0-py3.10.egg-info/PKG-INFO
-- Up-to-date: /home/line/Community_ws/install/community_interfaces/local/lib/python3.10/dist-packages/community_interfaces
-- Up-to-date: /home/line/Community_ws/install/community_interfaces/local/lib/python3.10/dist-packages/community_interfaces/msg
-- Installing: /home/line/Community_ws/install/community_interfaces/local/lib/python3.10/dist-packages/community_interfaces/msg/_noise_element_s.c
-- Installing: /home/line/Community_ws/install/community_interfaces/local/lib/python3.10/dist-packages/community_interfaces/msg/__init__.py
-- Installing: /home/line/Community_ws/install/community_interfaces/local/lib/python3.10/dist-packages/community_interfaces/msg/_noise_element.py
-- Installing: /home/line/Community_ws/install/community_interfaces/local/lib/python3.10/dist-packages/community_interfaces/libcommunity_interfaces__rosidl_generator_py.so
-- Installing: /home/line/Community_ws/install/community_interfaces/local/lib/python3.10/dist-packages/community_interfaces/srv
-- Installing: /home/line/Community_ws/install/community_interfaces/local/lib/python3.10/dist-packages/community_interfaces/srv/_complain.py
-- Installing: /home/line/Community_ws/install/community_interfaces/local/lib/python3.10/dist-packages/community_interfaces/srv/__init__.py
-- Installing: /home/line/Community_ws/install/community_interfaces/local/lib/python3.10/dist-packages/community_interfaces/srv/_complain_s.c
-- Installing: /home/line/Community_ws/install/community_interfaces/local/lib/python3.10/dist-packages/community_interfaces/_community_interfaces_s.ep.rosidl_typesupport_introspection_c.c
-- Installing: /home/line/Community_ws/install/community_interfaces/local/lib/python3.10/dist-packages/community_interfaces/_community_interfaces_s.ep.rosidl_typesupport_c.c
-- Installing: /home/line/Community_ws/install/community_interfaces/local/lib/python3.10/dist-packages/community_interfaces/__init__.py
-- Installing: /home/line/Community_ws/install/community_interfaces/local/lib/python3.10/dist-packages/community_interfaces/community_interfaces_s__rosidl_typesupport_introspection_c.cpython-310-x86_64-linux-gnu.so
-- Installing: /home/line/Community_ws/install/community_interfaces/local/lib/python3.10/dist-packages/community_interfaces/community_interfaces_s__rosidl_typesupport_c.cpython-310-x86_64-linux-gnu.so
-- Installing: /home/line/Community_ws/install/community_interfaces/local/lib/python3.10/dist-packages/community_interfaces/_community_interfaces_s.ep.rosidl_typesupport_fastrtps_c.c
-- Installing: /home/line/Community_ws/install/community_interfaces/local/lib/python3.10/dist-packages/community_interfaces/community_interfaces_s__rosidl_typesupport_fastrtps_c.cpython-310-x86_64-linux-gnu.so
Listing '/home/line/Community_ws/install/community_interfaces/local/lib/python3.10/dist-packages/community_interfaces'...
Compiling '/home/line/Community_ws/install/community_interfaces/local/lib/python3.10/dist-packages/community_interfaces/__init__.py'...
Listing '/home/line/Community_ws/install/community_interfaces/local/lib/python3.10/dist-packages/community_interfaces/msg'...
Compiling '/home/line/Community_ws/install/community_interfaces/local/lib/python3.10/dist-packages/community_interfaces/msg/__init__.py'...
Compiling '/home/line/Community_ws/install/community_interfaces/local/lib/python3.10/dist-packages/community_interfaces/msg/_noise_element.py'...
Listing '/home/line/Community_ws/install/community_interfaces/local/lib/python3.10/dist-packages/community_interfaces/srv'...
Compiling '/home/line/Community_ws/install/community_interfaces/local/lib/python3.10/dist-packages/community_interfaces/srv/__init__.py'...
Compiling '/home/line/Community_ws/install/community_interfaces/local/lib/python3.10/dist-packages/community_interfaces/srv/_complain.py'...
-- Installing: /home/line/Community_ws/install/community_interfaces/local/lib/python3.10/dist-packages/community_interfaces/community_interfaces_s__rosidl_typesupport_fastrtps_c.cpython-310-x86_64-linux-gnu.so
-- Set runtime path of "/home/line/Community_ws/install/community_interfaces/local/lib/python3.10/dist-packages/community_interfaces/community_interfaces_s__rosidl_typesupport_fastrtps_c.cpython-310-x86_64-linux-gnu.so" to ""
-- Installing: /home/line/Community_ws/install/community_interfaces/local/lib/python3.10/dist-packages/community_interfaces/community_interfaces_s__rosidl_typesupport_introspection_c.cpython-310-x86_64-linux-gnu.so
-- Set runtime path of "/home/line/Community_ws/install/community_interfaces/local/lib/python3.10/dist-packages/community_interfaces/community_interfaces_s__rosidl_typesupport_introspection_c.cpython-310-x86_64-linux-gnu.so" to ""
-- Installing: /home/line/Community_ws/install/community_interfaces/local/lib/python3.10/dist-packages/community_interfaces/community_interfaces_s__rosidl_typesupport_c.cpython-310-x86_64-linux-gnu.so
-- Set runtime path of "/home/line/Community_ws/install/community_interfaces/local/lib/python3.10/dist-packages/community_interfaces/community_interfaces_s__rosidl_typesupport_c.cpython-310-x86_64-linux-gnu.so" to ""
-- Installing: /home/line/Community_ws/install/community_interfaces/lib/libcommunity_interfaces__rosidl_generator_py.so
-- Set runtime path of "/home/line/Community_ws/install/community_interfaces/lib/libcommunity_interfaces__rosidl_generator_py.so" to ""
-- Up-to-date: /home/line/Community_ws/install/community_interfaces/share/ament_index/resource_index/rust_packages/community_interfaces
-- Up-to-date: /home/line/Community_ws/install/community_interfaces/share/community_interfaces/rust
-- Up-to-date: /home/line/Community_ws/install/community_interfaces/share/community_interfaces/rust/src
-- Up-to-date: /home/line/Community_ws/install/community_interfaces/share/community_interfaces/rust/src/msg
-- Installing: /home/line/Community_ws/install/community_interfaces/share/community_interfaces/rust/src/msg/rmw.rs
-- Installing: /home/line/Community_ws/install/community_interfaces/share/community_interfaces/rust/src/lib.rs
-- Installing: /home/line/Community_ws/install/community_interfaces/share/community_interfaces/rust/src/srv
-- Installing: /home/line/Community_ws/install/community_interfaces/share/community_interfaces/rust/src/srv/rmw.rs
-- Installing: /home/line/Community_ws/install/community_interfaces/share/community_interfaces/rust/src/msg.rs
-- Installing: /home/line/Community_ws/install/community_interfaces/share/community_interfaces/rust/src/srv.rs
-- Installing: /home/line/Community_ws/install/community_interfaces/share/community_interfaces/rust/build.rs
-- Installing: /home/line/Community_ws/install/community_interfaces/share/community_interfaces/rust/Cargo.toml
-- Installing: /home/line/Community_ws/install/community_interfaces/share/community_interfaces/msg/NoiseElement.idl
-- Installing: /home/line/Community_ws/install/community_interfaces/share/community_interfaces/srv/Complain.idl
-- Installing: /home/line/Community_ws/install/community_interfaces/share/community_interfaces/msg/NoiseElement.msg
-- Installing: /home/line/Community_ws/install/community_interfaces/share/community_interfaces/srv/Complain.srv
-- Installing: /home/line/Community_ws/install/community_interfaces/share/community_interfaces/srv/Complain_Request.msg
-- Installing: /home/line/Community_ws/install/community_interfaces/share/community_interfaces/srv/Complain_Response.msg
-- Up-to-date: /home/line/Community_ws/install/community_interfaces/share/ament_index/resource_index/package_run_dependencies/community_interfaces
-- Up-to-date: /home/line/Community_ws/install/community_interfaces/share/ament_index/resource_index/parent_prefix_path/community_interfaces
-- Up-to-date: /home/line/Community_ws/install/community_interfaces/share/community_interfaces/environment/ament_prefix_path.sh
-- Installing: /home/line/Community_ws/install/community_interfaces/share/community_interfaces/environment/ament_prefix_path.dsv
-- Up-to-date: /home/line/Community_ws/install/community_interfaces/share/community_interfaces/environment/path.sh
-- Installing: /home/line/Community_ws/install/community_interfaces/share/community_interfaces/environment/path.dsv
-- Up-to-date: /home/line/Community_ws/install/community_interfaces/share/community_interfaces/local_setup.bash
-- Up-to-date: /home/line/Community_ws/install/community_interfaces/share/community_interfaces/local_setup.sh
-- Up-to-date: /home/line/Community_ws/install/community_interfaces/share/community_interfaces/local_setup.zsh
-- Installing: /home/line/Community_ws/install/community_interfaces/share/community_interfaces/local_setup.dsv
-- Installing: /home/line/Community_ws/install/community_interfaces/share/community_interfaces/package.dsv
-- Up-to-date: /home/line/Community_ws/install/community_interfaces/share/ament_index/resource_index/packages/community_interfaces
-- Up-to-date: /home/line/Community_ws/install/community_interfaces/share/community_interfaces/cmake/export_community_interfaces__rosidl_generator_cExport.cmake
-- Up-to-date: /home/line/Community_ws/install/community_interfaces/share/community_interfaces/cmake/export_community_interfaces__rosidl_generator_cExport-noconfig.cmake
-- Up-to-date: /home/line/Community_ws/install/community_interfaces/share/community_interfaces/cmake/export_community_interfaces__rosidl_typesupport_fastrtps_cExport.cmake
-- Up-to-date: /home/line/Community_ws/install/community_interfaces/share/community_interfaces/cmake/export_community_interfaces__rosidl_typesupport_fastrtps_cExport-noconfig.cmake
-- Up-to-date: /home/line/Community_ws/install/community_interfaces/share/community_interfaces/cmake/community_interfaces__rosidl_typesupport_introspection_cExport.cmake
-- Up-to-date: /home/line/Community_ws/install/community_interfaces/share/community_interfaces/cmake/community_interfaces__rosidl_typesupport_introspection_cExport-noconfig.cmake
-- Up-to-date: /home/line/Community_ws/install/community_interfaces/share/community_interfaces/cmake/community_interfaces__rosidl_typesupport_cExport.cmake
-- Up-to-date: /home/line/Community_ws/install/community_interfaces/share/community_interfaces/cmake/community_interfaces__rosidl_typesupport_cExport-noconfig.cmake
-- Up-to-date: /home/line/Community_ws/install/community_interfaces/share/community_interfaces/cmake/export_community_interfaces__rosidl_generator_cppExport.cmake
-- Up-to-date: /home/line/Community_ws/install/community_interfaces/share/community_interfaces/cmake/export_community_interfaces__rosidl_typesupport_fastrtps_cppExport.cmake
-- Up-to-date: /home/line/Community_ws/install/community_interfaces/share/community_interfaces/cmake/export_community_interfaces__rosidl_typesupport_fastrtps_cppExport-noconfig.cmake
-- Up-to-date: /home/line/Community_ws/install/community_interfaces/share/community_interfaces/cmake/community_interfaces__rosidl_typesupport_introspection_cppExport.cmake
-- Up-to-date: /home/line/Community_ws/install/community_interfaces/share/community_interfaces/cmake/community_interfaces__rosidl_typesupport_introspection_cppExport-noconfig.cmake
-- Up-to-date: /home/line/Community_ws/install/community_interfaces/share/community_interfaces/cmake/community_interfaces__rosidl_typesupport_cppExport.cmake
-- Up-to-date: /home/line/Community_ws/install/community_interfaces/share/community_interfaces/cmake/community_interfaces__rosidl_typesupport_cppExport-noconfig.cmake
-- Up-to-date: /home/line/Community_ws/install/community_interfaces/share/community_interfaces/cmake/export_community_interfaces__rosidl_generator_pyExport.cmake
-- Up-to-date: /home/line/Community_ws/install/community_interfaces/share/community_interfaces/cmake/export_community_interfaces__rosidl_generator_pyExport-noconfig.cmake
-- Installing: /home/line/Community_ws/install/community_interfaces/share/community_interfaces/cmake/rosidl_cmake-extras.cmake
-- Up-to-date: /home/line/Community_ws/install/community_interfaces/share/community_interfaces/cmake/ament_cmake_export_include_directories-extras.cmake
-- Up-to-date: /home/line/Community_ws/install/community_interfaces/share/community_interfaces/cmake/ament_cmake_export_libraries-extras.cmake
-- Up-to-date: /home/line/Community_ws/install/community_interfaces/share/community_interfaces/cmake/ament_cmake_export_targets-extras.cmake
-- Up-to-date: /home/line/Community_ws/install/community_interfaces/share/community_interfaces/cmake/rosidl_cmake_export_typesupport_targets-extras.cmake
-- Up-to-date: /home/line/Community_ws/install/community_interfaces/share/community_interfaces/cmake/ament_cmake_export_dependencies-extras.cmake
-- Up-to-date: /home/line/Community_ws/install/community_interfaces/share/community_interfaces/cmake/rosidl_cmake_export_typesupport_libraries-extras.cmake
-- Up-to-date: /home/line/Community_ws/install/community_interfaces/share/community_interfaces/cmake/rosidl_cmake_aggregate_target-extras.cmake
-- Up-to-date: /home/line/Community_ws/install/community_interfaces/share/community_interfaces/cmake/community_interfacesConfig.cmake
-- Up-to-date: /home/line/Community_ws/install/community_interfaces/share/community_interfaces/cmake/community_interfacesConfig-version.cmake
-- Up-to-date: /home/line/Community_ws/install/community_interfaces/share/community_interfaces/package.xml
