-- The C compiler identification is GNU 11.4.0
-- The CXX compiler identification is GNU 11.4.0
-- Detecting C compiler ABI info
-- Detecting C compiler ABI info - done
-- Check for working C compiler: /usr/bin/cc - skipped
-- Detecting C compile features
-- Detecting C compile features - done
-- Detecting CXX compiler ABI info
-- Detecting CXX compiler ABI info - done
-- Check for working CXX compiler: /usr/bin/c++ - skipped
-- Detecting CXX compile features
-- Detecting CXX compile features - done
-- Found ament_cmake: 1.3.14 (/opt/ros/humble/share/ament_cmake/cmake)
-- Found Python3: /usr/bin/python3 (found version "3.10.12") found components: Interpreter 
-- Override CMake install command with custom implementation using symlinks instead of copying resources
-- Found sensor_msgs: 4.9.1 (/opt/ros/humble/share/sensor_msgs/cmake)
-- Found rosidl_generator_c: 3.1.8 (/opt/ros/humble/share/rosidl_generator_c/cmake)
-- Found rosidl_adapter: 3.1.8 (/opt/ros/humble/share/rosidl_adapter/cmake)
-- Found rosidl_generator_cpp: 3.1.8 (/opt/ros/humble/share/rosidl_generator_cpp/cmake)
-- Using all available rosidl_typesupport_c: rosidl_typesupport_fastrtps_c;rosidl_typesupport_introspection_c
-- Using all available rosidl_typesupport_cpp: rosidl_typesupport_fastrtps_cpp;rosidl_typesupport_introspection_cpp
-- Found rosidl_default_generators: 1.2.1 (/opt/ros/humble/share/rosidl_default_generators/cmake)
-- Found ament_lint_auto: 0.12.15 (/opt/ros/humble/share/ament_lint_auto/cmake)
-- Found ament_cmake_ros: 0.10.0 (/opt/ros/humble/share/ament_cmake_ros/cmake)
-- Using all available rosidl_typesupport_c: rosidl_typesupport_fastrtps_c;rosidl_typesupport_introspection_c
-- Using all available rosidl_typesupport_cpp: rosidl_typesupport_fastrtps_cpp;rosidl_typesupport_introspection_cpp
-- Found PythonInterp: /usr/bin/python3 (found suitable version "3.10.12", minimum required is "3.6") 
-- Found python_cmake_module: 0.10.0 (/opt/ros/humble/share/python_cmake_module/cmake)
-- Found PythonLibs: /usr/lib/x86_64-linux-gnu/libpython3.10.so (found suitable version "3.10.12", minimum required is "3.5") 
-- Using PYTHON_EXECUTABLE: /usr/bin/python3
-- Using PYTHON_INCLUDE_DIRS: /usr/include/python3.10
-- Using PYTHON_LIBRARIES: /usr/lib/x86_64-linux-gnu/libpython3.10.so
-- Found PythonExtra: .so  
-- Added test 'cppcheck' to perform static code analysis on C / C++ code
-- Configured cppcheck include dirs: 
-- Configured cppcheck exclude dirs and/or files: 
-- Added test 'flake8' to check Python code syntax and style conventions
-- Added test 'lint_cmake' to check CMake code style
-- Added test 'pep257' to check Python code against some of the docstring style conventions in PEP 257
-- Added test 'uncrustify' to check C / C++ code style
-- Configured uncrustify additional arguments: 
-- Added test 'xmllint' to check XML markup files
-- Configuring done
-- Generating done
-- Build files have been written to: /home/line/town_ws/build/village_interfaces
[  2%] [34m[1mGenerating C code for ROS interfaces[0m
[  4%] [34m[1mGenerating Rust code for ROS interfaces[0m
[  6%] [34m[1mGenerating C++ code for ROS interfaces[0m
[  6%] Built target ament_cmake_python_symlink_village_interfaces
running egg_info
creating village_interfaces.egg-info
writing village_interfaces.egg-info/PKG-INFO
writing dependency_links to village_interfaces.egg-info/dependency_links.txt
writing top-level names to village_interfaces.egg-info/top_level.txt
writing manifest file 'village_interfaces.egg-info/SOURCES.txt'
reading manifest file 'village_interfaces.egg-info/SOURCES.txt'
writing manifest file 'village_interfaces.egg-info/SOURCES.txt'
[  6%] Built target ament_cmake_python_build_village_interfaces_egg
[  6%] Built target village_interfaces__rs
[  8%] [32mBuilding C object CMakeFiles/village_interfaces__rosidl_generator_c.dir/rosidl_generator_c/village_interfaces/msg/detail/novel__functions.c.o[0m
[ 10%] [32mBuilding C object CMakeFiles/village_interfaces__rosidl_generator_c.dir/rosidl_generator_c/village_interfaces/srv/detail/sell_novel__functions.c.o[0m
[ 12%] [32mBuilding C object CMakeFiles/village_interfaces__rosidl_generator_c.dir/rosidl_generator_c/village_interfaces/srv/detail/borrow_money__functions.c.o[0m
[ 12%] Built target village_interfaces__cpp
[ 14%] [34m[1mGenerating C++ type support dispatch for ROS interfaces[0m
[ 16%] [34m[1mGenerating C++ type support for eProsima Fast-RTPS[0m
[ 18%] [34m[1mGenerating C++ introspection for ROS interfaces[0m
[ 20%] [32m[1mLinking C shared library libvillage_interfaces__rosidl_generator_c.so[0m
[ 20%] Built target village_interfaces__rosidl_generator_c
[ 27%] [34m[1mGenerating C type support dispatch for ROS interfaces[0m
[ 27%] [34m[1mGenerating C introspection for ROS interfaces[0m
[ 27%] [34m[1mGenerating C type support for eProsima Fast-RTPS[0m
[ 29%] [32mBuilding CXX object CMakeFiles/village_interfaces__rosidl_typesupport_cpp.dir/rosidl_typesupport_cpp/village_interfaces/msg/novel__type_support.cpp.o[0m
[ 33%] [32mBuilding CXX object CMakeFiles/village_interfaces__rosidl_typesupport_cpp.dir/rosidl_typesupport_cpp/village_interfaces/srv/sell_novel__type_support.cpp.o[0m
[ 33%] [32mBuilding CXX object CMakeFiles/village_interfaces__rosidl_typesupport_cpp.dir/rosidl_typesupport_cpp/village_interfaces/srv/borrow_money__type_support.cpp.o[0m
[ 39%] [32mBuilding CXX object CMakeFiles/village_interfaces__rosidl_typesupport_introspection_cpp.dir/rosidl_typesupport_introspection_cpp/village_interfaces/srv/detail/borrow_money__type_support.cpp.o[0m
[ 39%] [32mBuilding CXX object CMakeFiles/village_interfaces__rosidl_typesupport_introspection_cpp.dir/rosidl_typesupport_introspection_cpp/village_interfaces/srv/detail/sell_novel__type_support.cpp.o[0m
[ 39%] [32mBuilding CXX object CMakeFiles/village_interfaces__rosidl_typesupport_introspection_cpp.dir/rosidl_typesupport_introspection_cpp/village_interfaces/msg/detail/novel__type_support.cpp.o[0m
[ 45%] [32mBuilding CXX object CMakeFiles/village_interfaces__rosidl_typesupport_fastrtps_cpp.dir/rosidl_typesupport_fastrtps_cpp/village_interfaces/srv/detail/dds_fastrtps/borrow_money__type_support.cpp.o[0m
[ 45%] [32mBuilding CXX object CMakeFiles/village_interfaces__rosidl_typesupport_fastrtps_cpp.dir/rosidl_typesupport_fastrtps_cpp/village_interfaces/msg/detail/dds_fastrtps/novel__type_support.cpp.o[0m
[ 45%] [32mBuilding CXX object CMakeFiles/village_interfaces__rosidl_typesupport_fastrtps_cpp.dir/rosidl_typesupport_fastrtps_cpp/village_interfaces/srv/detail/dds_fastrtps/sell_novel__type_support.cpp.o[0m
[ 47%] [32mBuilding C object CMakeFiles/village_interfaces__rosidl_typesupport_introspection_c.dir/rosidl_typesupport_introspection_c/village_interfaces/msg/detail/novel__type_support.c.o[0m
[ 50%] [32mBuilding C object CMakeFiles/village_interfaces__rosidl_typesupport_introspection_c.dir/rosidl_typesupport_introspection_c/village_interfaces/srv/detail/sell_novel__type_support.c.o[0m
[ 52%] [32mBuilding C object CMakeFiles/village_interfaces__rosidl_typesupport_introspection_c.dir/rosidl_typesupport_introspection_c/village_interfaces/srv/detail/borrow_money__type_support.c.o[0m
[ 54%] [32mBuilding CXX object CMakeFiles/village_interfaces__rosidl_typesupport_c.dir/rosidl_typesupport_c/village_interfaces/srv/borrow_money__type_support.cpp.o[0m
[ 56%] [32mBuilding CXX object CMakeFiles/village_interfaces__rosidl_typesupport_c.dir/rosidl_typesupport_c/village_interfaces/srv/sell_novel__type_support.cpp.o[0m
[ 58%] [32mBuilding CXX object CMakeFiles/village_interfaces__rosidl_typesupport_c.dir/rosidl_typesupport_c/village_interfaces/msg/novel__type_support.cpp.o[0m
[ 60%] [32m[1mLinking CXX shared library libvillage_interfaces__rosidl_typesupport_c.so[0m
[ 62%] [32m[1mLinking C shared library libvillage_interfaces__rosidl_typesupport_introspection_c.so[0m
[ 62%] Built target village_interfaces__rosidl_typesupport_introspection_c
[ 64%] [32mBuilding CXX object CMakeFiles/village_interfaces__rosidl_typesupport_fastrtps_c.dir/rosidl_typesupport_fastrtps_c/village_interfaces/msg/detail/novel__type_support_c.cpp.o[0m
[ 66%] [32mBuilding CXX object CMakeFiles/village_interfaces__rosidl_typesupport_fastrtps_c.dir/rosidl_typesupport_fastrtps_c/village_interfaces/srv/detail/borrow_money__type_support_c.cpp.o[0m
[ 68%] [32mBuilding CXX object CMakeFiles/village_interfaces__rosidl_typesupport_fastrtps_c.dir/rosidl_typesupport_fastrtps_c/village_interfaces/srv/detail/sell_novel__type_support_c.cpp.o[0m
[ 68%] Built target village_interfaces__rosidl_typesupport_c
[ 70%] [32m[1mLinking CXX shared library libvillage_interfaces__rosidl_typesupport_cpp.so[0m
[ 70%] Built target village_interfaces__rosidl_typesupport_cpp
[ 72%] [32m[1mLinking CXX shared library libvillage_interfaces__rosidl_typesupport_introspection_cpp.so[0m
[ 72%] Built target village_interfaces__rosidl_typesupport_introspection_cpp
[ 75%] [32m[1mLinking CXX shared library libvillage_interfaces__rosidl_typesupport_fastrtps_c.so[0m
[ 77%] [32m[1mLinking CXX shared library libvillage_interfaces__rosidl_typesupport_fastrtps_cpp.so[0m
[ 77%] Built target village_interfaces__rosidl_typesupport_fastrtps_c
[ 77%] Built target village_interfaces__rosidl_typesupport_fastrtps_cpp
[ 77%] Built target village_interfaces
[ 79%] [34m[1mGenerating Python code for ROS interfaces[0m
[ 79%] Built target village_interfaces__py
[ 81%] [32mBuilding C object CMakeFiles/village_interfaces__rosidl_generator_py.dir/rosidl_generator_py/village_interfaces/srv/_sell_novel_s.c.o[0m
[ 85%] [32mBuilding C object CMakeFiles/village_interfaces__rosidl_generator_py.dir/rosidl_generator_py/village_interfaces/msg/_novel_s.c.o[0m
[ 85%] [32mBuilding C object CMakeFiles/village_interfaces__rosidl_generator_py.dir/rosidl_generator_py/village_interfaces/srv/_borrow_money_s.c.o[0m
[ 87%] [32m[1mLinking C shared library rosidl_generator_py/village_interfaces/libvillage_interfaces__rosidl_generator_py.so[0m
[ 87%] Built target village_interfaces__rosidl_generator_py
[ 89%] [32mBuilding C object CMakeFiles/village_interfaces__rosidl_typesupport_c__pyext.dir/rosidl_generator_py/village_interfaces/_village_interfaces_s.ep.rosidl_typesupport_c.c.o[0m
[ 93%] [32mBuilding C object CMakeFiles/village_interfaces__rosidl_typesupport_fastrtps_c__pyext.dir/rosidl_generator_py/village_interfaces/_village_interfaces_s.ep.rosidl_typesupport_fastrtps_c.c.o[0m
[ 93%] [32mBuilding C object CMakeFiles/village_interfaces__rosidl_typesupport_introspection_c__pyext.dir/rosidl_generator_py/village_interfaces/_village_interfaces_s.ep.rosidl_typesupport_introspection_c.c.o[0m
[ 97%] [32m[1mLinking C shared library rosidl_generator_py/village_interfaces/village_interfaces_s__rosidl_typesupport_introspection_c.cpython-310-x86_64-linux-gnu.so[0m
[ 95%] [32m[1mLinking C shared library rosidl_generator_py/village_interfaces/village_interfaces_s__rosidl_typesupport_c.cpython-310-x86_64-linux-gnu.so[0m
[100%] [32m[1mLinking C shared library rosidl_generator_py/village_interfaces/village_interfaces_s__rosidl_typesupport_fastrtps_c.cpython-310-x86_64-linux-gnu.so[0m
[100%] Built target village_interfaces__rosidl_typesupport_c__pyext
[100%] Built target village_interfaces__rosidl_typesupport_introspection_c__pyext
[100%] Built target village_interfaces__rosidl_typesupport_fastrtps_c__pyext
-- Install configuration: ""
-- Execute custom install script
-- Symlinking: /home/line/town_ws/install/village_interfaces/share/ament_index/resource_index/rosidl_interfaces/village_interfaces
-- Symlinking: /home/line/town_ws/install/village_interfaces/include/village_interfaces/village_interfaces/msg/detail/novel__functions.h
-- Symlinking: /home/line/town_ws/install/village_interfaces/include/village_interfaces/village_interfaces/msg/detail/novel__struct.h
-- Symlinking: /home/line/town_ws/install/village_interfaces/include/village_interfaces/village_interfaces/msg/detail/novel__type_support.h
-- Symlinking: /home/line/town_ws/install/village_interfaces/include/village_interfaces/village_interfaces/msg/novel.h
-- Symlinking: /home/line/town_ws/install/village_interfaces/include/village_interfaces/village_interfaces/msg/rosidl_generator_c__visibility_control.h
-- Symlinking: /home/line/town_ws/install/village_interfaces/include/village_interfaces/village_interfaces/srv/borrow_money.h
-- Symlinking: /home/line/town_ws/install/village_interfaces/include/village_interfaces/village_interfaces/srv/detail/borrow_money__functions.h
-- Symlinking: /home/line/town_ws/install/village_interfaces/include/village_interfaces/village_interfaces/srv/detail/borrow_money__struct.h
-- Symlinking: /home/line/town_ws/install/village_interfaces/include/village_interfaces/village_interfaces/srv/detail/borrow_money__type_support.h
-- Symlinking: /home/line/town_ws/install/village_interfaces/include/village_interfaces/village_interfaces/srv/detail/sell_novel__functions.h
-- Symlinking: /home/line/town_ws/install/village_interfaces/include/village_interfaces/village_interfaces/srv/detail/sell_novel__struct.h
-- Symlinking: /home/line/town_ws/install/village_interfaces/include/village_interfaces/village_interfaces/srv/detail/sell_novel__type_support.h
-- Symlinking: /home/line/town_ws/install/village_interfaces/include/village_interfaces/village_interfaces/srv/sell_novel.h
-- Symlinking: /home/line/town_ws/install/village_interfaces/share/village_interfaces/environment/library_path.sh
-- Symlinking: /home/line/town_ws/install/village_interfaces/share/village_interfaces/environment/library_path.dsv
-- Symlinking: /home/line/town_ws/install/village_interfaces/include/village_interfaces/village_interfaces/msg/detail/novel__rosidl_typesupport_fastrtps_c.h
-- Symlinking: /home/line/town_ws/install/village_interfaces/include/village_interfaces/village_interfaces/msg/rosidl_typesupport_fastrtps_c__visibility_control.h
-- Symlinking: /home/line/town_ws/install/village_interfaces/include/village_interfaces/village_interfaces/srv/detail/borrow_money__rosidl_typesupport_fastrtps_c.h
-- Symlinking: /home/line/town_ws/install/village_interfaces/include/village_interfaces/village_interfaces/srv/detail/sell_novel__rosidl_typesupport_fastrtps_c.h
-- Symlinking: /home/line/town_ws/install/village_interfaces/include/village_interfaces/village_interfaces/msg/detail/novel__builder.hpp
-- Symlinking: /home/line/town_ws/install/village_interfaces/include/village_interfaces/village_interfaces/msg/detail/novel__struct.hpp
-- Symlinking: /home/line/town_ws/install/village_interfaces/include/village_interfaces/village_interfaces/msg/detail/novel__traits.hpp
-- Symlinking: /home/line/town_ws/install/village_interfaces/include/village_interfaces/village_interfaces/msg/detail/novel__type_support.hpp
-- Symlinking: /home/line/town_ws/install/village_interfaces/include/village_interfaces/village_interfaces/msg/novel.hpp
-- Symlinking: /home/line/town_ws/install/village_interfaces/include/village_interfaces/village_interfaces/msg/rosidl_generator_cpp__visibility_control.hpp
-- Symlinking: /home/line/town_ws/install/village_interfaces/include/village_interfaces/village_interfaces/srv/borrow_money.hpp
-- Symlinking: /home/line/town_ws/install/village_interfaces/include/village_interfaces/village_interfaces/srv/detail/borrow_money__builder.hpp
-- Symlinking: /home/line/town_ws/install/village_interfaces/include/village_interfaces/village_interfaces/srv/detail/borrow_money__struct.hpp
-- Symlinking: /home/line/town_ws/install/village_interfaces/include/village_interfaces/village_interfaces/srv/detail/borrow_money__traits.hpp
-- Symlinking: /home/line/town_ws/install/village_interfaces/include/village_interfaces/village_interfaces/srv/detail/borrow_money__type_support.hpp
-- Symlinking: /home/line/town_ws/install/village_interfaces/include/village_interfaces/village_interfaces/srv/detail/sell_novel__builder.hpp
-- Symlinking: /home/line/town_ws/install/village_interfaces/include/village_interfaces/village_interfaces/srv/detail/sell_novel__struct.hpp
-- Symlinking: /home/line/town_ws/install/village_interfaces/include/village_interfaces/village_interfaces/srv/detail/sell_novel__traits.hpp
-- Symlinking: /home/line/town_ws/install/village_interfaces/include/village_interfaces/village_interfaces/srv/detail/sell_novel__type_support.hpp
-- Symlinking: /home/line/town_ws/install/village_interfaces/include/village_interfaces/village_interfaces/srv/sell_novel.hpp
-- Symlinking: /home/line/town_ws/install/village_interfaces/include/village_interfaces/village_interfaces/msg/detail/novel__rosidl_typesupport_fastrtps_cpp.hpp
-- Symlinking: /home/line/town_ws/install/village_interfaces/include/village_interfaces/village_interfaces/msg/rosidl_typesupport_fastrtps_cpp__visibility_control.h
-- Symlinking: /home/line/town_ws/install/village_interfaces/include/village_interfaces/village_interfaces/srv/detail/borrow_money__rosidl_typesupport_fastrtps_cpp.hpp
-- Symlinking: /home/line/town_ws/install/village_interfaces/include/village_interfaces/village_interfaces/srv/detail/sell_novel__rosidl_typesupport_fastrtps_cpp.hpp
-- Symlinking: /home/line/town_ws/install/village_interfaces/include/village_interfaces/village_interfaces/msg/detail/novel__rosidl_typesupport_introspection_c.h
-- Symlinking: /home/line/town_ws/install/village_interfaces/include/village_interfaces/village_interfaces/msg/rosidl_typesupport_introspection_c__visibility_control.h
-- Symlinking: /home/line/town_ws/install/village_interfaces/include/village_interfaces/village_interfaces/srv/detail/borrow_money__rosidl_typesupport_introspection_c.h
-- Symlinking: /home/line/town_ws/install/village_interfaces/include/village_interfaces/village_interfaces/srv/detail/sell_novel__rosidl_typesupport_introspection_c.h
-- Symlinking: /home/line/town_ws/install/village_interfaces/include/village_interfaces/village_interfaces/msg/detail/novel__rosidl_typesupport_introspection_cpp.hpp
-- Symlinking: /home/line/town_ws/install/village_interfaces/include/village_interfaces/village_interfaces/srv/detail/borrow_money__rosidl_typesupport_introspection_cpp.hpp
-- Symlinking: /home/line/town_ws/install/village_interfaces/include/village_interfaces/village_interfaces/srv/detail/sell_novel__rosidl_typesupport_introspection_cpp.hpp
-- Symlinking: /home/line/town_ws/install/village_interfaces/share/village_interfaces/environment/pythonpath.sh
-- Symlinking: /home/line/town_ws/install/village_interfaces/share/village_interfaces/environment/pythonpath.dsv
-- Symlinking: /home/line/town_ws/install/village_interfaces/local/lib/python3.10/dist-packages/village_interfaces-0.0.0-py3.10.egg-info/PKG-INFO
-- Symlinking: /home/line/town_ws/install/village_interfaces/local/lib/python3.10/dist-packages/village_interfaces-0.0.0-py3.10.egg-info/SOURCES.txt
-- Symlinking: /home/line/town_ws/install/village_interfaces/local/lib/python3.10/dist-packages/village_interfaces-0.0.0-py3.10.egg-info/dependency_links.txt
-- Symlinking: /home/line/town_ws/install/village_interfaces/local/lib/python3.10/dist-packages/village_interfaces-0.0.0-py3.10.egg-info/top_level.txt
-- Symlinking: /home/line/town_ws/install/village_interfaces/local/lib/python3.10/dist-packages/village_interfaces/__init__.py
-- Symlinking: /home/line/town_ws/install/village_interfaces/local/lib/python3.10/dist-packages/village_interfaces/_village_interfaces_s.ep.rosidl_typesupport_c.c
-- Symlinking: /home/line/town_ws/install/village_interfaces/local/lib/python3.10/dist-packages/village_interfaces/_village_interfaces_s.ep.rosidl_typesupport_fastrtps_c.c
-- Symlinking: /home/line/town_ws/install/village_interfaces/local/lib/python3.10/dist-packages/village_interfaces/_village_interfaces_s.ep.rosidl_typesupport_introspection_c.c
-- Symlinking: /home/line/town_ws/install/village_interfaces/local/lib/python3.10/dist-packages/village_interfaces/libvillage_interfaces__rosidl_generator_py.so
-- Symlinking: /home/line/town_ws/install/village_interfaces/local/lib/python3.10/dist-packages/village_interfaces/msg/__init__.py
-- Symlinking: /home/line/town_ws/install/village_interfaces/local/lib/python3.10/dist-packages/village_interfaces/msg/_novel.py
-- Symlinking: /home/line/town_ws/install/village_interfaces/local/lib/python3.10/dist-packages/village_interfaces/msg/_novel_s.c
-- Symlinking: /home/line/town_ws/install/village_interfaces/local/lib/python3.10/dist-packages/village_interfaces/srv/__init__.py
-- Symlinking: /home/line/town_ws/install/village_interfaces/local/lib/python3.10/dist-packages/village_interfaces/srv/_borrow_money.py
-- Symlinking: /home/line/town_ws/install/village_interfaces/local/lib/python3.10/dist-packages/village_interfaces/srv/_borrow_money_s.c
-- Symlinking: /home/line/town_ws/install/village_interfaces/local/lib/python3.10/dist-packages/village_interfaces/srv/_sell_novel.py
-- Symlinking: /home/line/town_ws/install/village_interfaces/local/lib/python3.10/dist-packages/village_interfaces/srv/_sell_novel_s.c
-- Symlinking: /home/line/town_ws/install/village_interfaces/local/lib/python3.10/dist-packages/village_interfaces/village_interfaces_s__rosidl_typesupport_c.cpython-310-x86_64-linux-gnu.so
-- Symlinking: /home/line/town_ws/install/village_interfaces/local/lib/python3.10/dist-packages/village_interfaces/village_interfaces_s__rosidl_typesupport_fastrtps_c.cpython-310-x86_64-linux-gnu.so
-- Symlinking: /home/line/town_ws/install/village_interfaces/local/lib/python3.10/dist-packages/village_interfaces/village_interfaces_s__rosidl_typesupport_introspection_c.cpython-310-x86_64-linux-gnu.so
-- Up-to-date symlink: /home/line/town_ws/install/village_interfaces/local/lib/python3.10/dist-packages/village_interfaces/village_interfaces_s__rosidl_typesupport_fastrtps_c.cpython-310-x86_64-linux-gnu.so
-- Up-to-date symlink: /home/line/town_ws/install/village_interfaces/local/lib/python3.10/dist-packages/village_interfaces/village_interfaces_s__rosidl_typesupport_introspection_c.cpython-310-x86_64-linux-gnu.so
-- Up-to-date symlink: /home/line/town_ws/install/village_interfaces/local/lib/python3.10/dist-packages/village_interfaces/village_interfaces_s__rosidl_typesupport_c.cpython-310-x86_64-linux-gnu.so
-- Symlinking: /home/line/town_ws/install/village_interfaces/share/ament_index/resource_index/rust_packages/village_interfaces
-- Symlinking: /home/line/town_ws/install/village_interfaces/share/village_interfaces/rust/Cargo.toml
-- Symlinking: /home/line/town_ws/install/village_interfaces/share/village_interfaces/rust/build.rs
-- Symlinking: /home/line/town_ws/install/village_interfaces/share/village_interfaces/rust/src/lib.rs
-- Symlinking: /home/line/town_ws/install/village_interfaces/share/village_interfaces/rust/src/msg.rs
-- Symlinking: /home/line/town_ws/install/village_interfaces/share/village_interfaces/rust/src/msg/rmw.rs
-- Symlinking: /home/line/town_ws/install/village_interfaces/share/village_interfaces/rust/src/srv.rs
-- Symlinking: /home/line/town_ws/install/village_interfaces/share/village_interfaces/rust/src/srv/rmw.rs
-- Symlinking: /home/line/town_ws/install/village_interfaces/share/village_interfaces/msg/Novel.idl
-- Symlinking: /home/line/town_ws/install/village_interfaces/share/village_interfaces/srv/BorrowMoney.idl
-- Symlinking: /home/line/town_ws/install/village_interfaces/share/village_interfaces/srv/SellNovel.idl
-- Symlinking: /home/line/town_ws/install/village_interfaces/share/village_interfaces/msg/Novel.msg
-- Symlinking: /home/line/town_ws/install/village_interfaces/share/village_interfaces/srv/BorrowMoney.srv
-- Symlinking: /home/line/town_ws/install/village_interfaces/share/village_interfaces/srv/BorrowMoney_Request.msg
-- Symlinking: /home/line/town_ws/install/village_interfaces/share/village_interfaces/srv/BorrowMoney_Response.msg
-- Symlinking: /home/line/town_ws/install/village_interfaces/share/village_interfaces/srv/SellNovel.srv
-- Symlinking: /home/line/town_ws/install/village_interfaces/share/village_interfaces/srv/SellNovel_Request.msg
-- Symlinking: /home/line/town_ws/install/village_interfaces/share/village_interfaces/srv/SellNovel_Response.msg
-- Symlinking: /home/line/town_ws/install/village_interfaces/share/ament_index/resource_index/package_run_dependencies/village_interfaces
-- Symlinking: /home/line/town_ws/install/village_interfaces/share/ament_index/resource_index/parent_prefix_path/village_interfaces
-- Symlinking: /home/line/town_ws/install/village_interfaces/share/village_interfaces/environment/ament_prefix_path.sh
-- Symlinking: /home/line/town_ws/install/village_interfaces/share/village_interfaces/environment/ament_prefix_path.dsv
-- Symlinking: /home/line/town_ws/install/village_interfaces/share/village_interfaces/environment/path.sh
-- Symlinking: /home/line/town_ws/install/village_interfaces/share/village_interfaces/environment/path.dsv
-- Symlinking: /home/line/town_ws/install/village_interfaces/share/village_interfaces/local_setup.bash
-- Symlinking: /home/line/town_ws/install/village_interfaces/share/village_interfaces/local_setup.sh
-- Symlinking: /home/line/town_ws/install/village_interfaces/share/village_interfaces/local_setup.zsh
-- Symlinking: /home/line/town_ws/install/village_interfaces/share/village_interfaces/local_setup.dsv
-- Symlinking: /home/line/town_ws/install/village_interfaces/share/village_interfaces/package.dsv
-- Symlinking: /home/line/town_ws/install/village_interfaces/share/ament_index/resource_index/packages/village_interfaces
-- Symlinking: /home/line/town_ws/install/village_interfaces/share/village_interfaces/cmake/rosidl_cmake-extras.cmake
-- Symlinking: /home/line/town_ws/install/village_interfaces/share/village_interfaces/cmake/ament_cmake_export_dependencies-extras.cmake
-- Symlinking: /home/line/town_ws/install/village_interfaces/share/village_interfaces/cmake/ament_cmake_export_include_directories-extras.cmake
-- Symlinking: /home/line/town_ws/install/village_interfaces/share/village_interfaces/cmake/ament_cmake_export_libraries-extras.cmake
-- Symlinking: /home/line/town_ws/install/village_interfaces/share/village_interfaces/cmake/ament_cmake_export_targets-extras.cmake
-- Symlinking: /home/line/town_ws/install/village_interfaces/share/village_interfaces/cmake/rosidl_cmake_export_typesupport_targets-extras.cmake
-- Symlinking: /home/line/town_ws/install/village_interfaces/share/village_interfaces/cmake/rosidl_cmake_export_typesupport_libraries-extras.cmake
-- Symlinking: /home/line/town_ws/install/village_interfaces/share/village_interfaces/cmake/village_interfacesConfig.cmake
-- Symlinking: /home/line/town_ws/install/village_interfaces/share/village_interfaces/cmake/village_interfacesConfig-version.cmake
-- Symlinking: /home/line/town_ws/install/village_interfaces/share/village_interfaces/package.xml
-- Installing: /home/line/town_ws/install/village_interfaces/lib/libvillage_interfaces__rosidl_generator_c.so
-- Set runtime path of "/home/line/town_ws/install/village_interfaces/lib/libvillage_interfaces__rosidl_generator_c.so" to ""
-- Installing: /home/line/town_ws/install/village_interfaces/lib/libvillage_interfaces__rosidl_typesupport_fastrtps_c.so
-- Set runtime path of "/home/line/town_ws/install/village_interfaces/lib/libvillage_interfaces__rosidl_typesupport_fastrtps_c.so" to ""
-- Installing: /home/line/town_ws/install/village_interfaces/lib/libvillage_interfaces__rosidl_typesupport_fastrtps_cpp.so
-- Set runtime path of "/home/line/town_ws/install/village_interfaces/lib/libvillage_interfaces__rosidl_typesupport_fastrtps_cpp.so" to ""
-- Installing: /home/line/town_ws/install/village_interfaces/lib/libvillage_interfaces__rosidl_typesupport_introspection_c.so
-- Set runtime path of "/home/line/town_ws/install/village_interfaces/lib/libvillage_interfaces__rosidl_typesupport_introspection_c.so" to ""
-- Installing: /home/line/town_ws/install/village_interfaces/lib/libvillage_interfaces__rosidl_typesupport_c.so
-- Set runtime path of "/home/line/town_ws/install/village_interfaces/lib/libvillage_interfaces__rosidl_typesupport_c.so" to ""
-- Installing: /home/line/town_ws/install/village_interfaces/lib/libvillage_interfaces__rosidl_typesupport_introspection_cpp.so
-- Set runtime path of "/home/line/town_ws/install/village_interfaces/lib/libvillage_interfaces__rosidl_typesupport_introspection_cpp.so" to ""
-- Installing: /home/line/town_ws/install/village_interfaces/lib/libvillage_interfaces__rosidl_typesupport_cpp.so
-- Set runtime path of "/home/line/town_ws/install/village_interfaces/lib/libvillage_interfaces__rosidl_typesupport_cpp.so" to ""
Listing '/home/line/town_ws/install/village_interfaces/local/lib/python3.10/dist-packages/village_interfaces'...
Compiling '/home/line/town_ws/install/village_interfaces/local/lib/python3.10/dist-packages/village_interfaces/__init__.py'...
Listing '/home/line/town_ws/install/village_interfaces/local/lib/python3.10/dist-packages/village_interfaces/msg'...
Compiling '/home/line/town_ws/install/village_interfaces/local/lib/python3.10/dist-packages/village_interfaces/msg/__init__.py'...
Compiling '/home/line/town_ws/install/village_interfaces/local/lib/python3.10/dist-packages/village_interfaces/msg/_novel.py'...
Listing '/home/line/town_ws/install/village_interfaces/local/lib/python3.10/dist-packages/village_interfaces/srv'...
Compiling '/home/line/town_ws/install/village_interfaces/local/lib/python3.10/dist-packages/village_interfaces/srv/__init__.py'...
Compiling '/home/line/town_ws/install/village_interfaces/local/lib/python3.10/dist-packages/village_interfaces/srv/_borrow_money.py'...
Compiling '/home/line/town_ws/install/village_interfaces/local/lib/python3.10/dist-packages/village_interfaces/srv/_sell_novel.py'...
-- Installing: /home/line/town_ws/install/village_interfaces/lib/libvillage_interfaces__rosidl_generator_py.so
-- Set runtime path of "/home/line/town_ws/install/village_interfaces/lib/libvillage_interfaces__rosidl_generator_py.so" to ""
-- Installing: /home/line/town_ws/install/village_interfaces/share/village_interfaces/cmake/export_village_interfaces__rosidl_generator_cExport.cmake
-- Installing: /home/line/town_ws/install/village_interfaces/share/village_interfaces/cmake/export_village_interfaces__rosidl_generator_cExport-noconfig.cmake
-- Installing: /home/line/town_ws/install/village_interfaces/share/village_interfaces/cmake/export_village_interfaces__rosidl_typesupport_fastrtps_cExport.cmake
-- Installing: /home/line/town_ws/install/village_interfaces/share/village_interfaces/cmake/export_village_interfaces__rosidl_typesupport_fastrtps_cExport-noconfig.cmake
-- Installing: /home/line/town_ws/install/village_interfaces/share/village_interfaces/cmake/export_village_interfaces__rosidl_generator_cppExport.cmake
-- Installing: /home/line/town_ws/install/village_interfaces/share/village_interfaces/cmake/export_village_interfaces__rosidl_typesupport_fastrtps_cppExport.cmake
-- Installing: /home/line/town_ws/install/village_interfaces/share/village_interfaces/cmake/export_village_interfaces__rosidl_typesupport_fastrtps_cppExport-noconfig.cmake
-- Installing: /home/line/town_ws/install/village_interfaces/share/village_interfaces/cmake/village_interfaces__rosidl_typesupport_introspection_cExport.cmake
-- Installing: /home/line/town_ws/install/village_interfaces/share/village_interfaces/cmake/village_interfaces__rosidl_typesupport_introspection_cExport-noconfig.cmake
-- Installing: /home/line/town_ws/install/village_interfaces/share/village_interfaces/cmake/village_interfaces__rosidl_typesupport_cExport.cmake
-- Installing: /home/line/town_ws/install/village_interfaces/share/village_interfaces/cmake/village_interfaces__rosidl_typesupport_cExport-noconfig.cmake
-- Installing: /home/line/town_ws/install/village_interfaces/share/village_interfaces/cmake/village_interfaces__rosidl_typesupport_introspection_cppExport.cmake
-- Installing: /home/line/town_ws/install/village_interfaces/share/village_interfaces/cmake/village_interfaces__rosidl_typesupport_introspection_cppExport-noconfig.cmake
-- Installing: /home/line/town_ws/install/village_interfaces/share/village_interfaces/cmake/village_interfaces__rosidl_typesupport_cppExport.cmake
-- Installing: /home/line/town_ws/install/village_interfaces/share/village_interfaces/cmake/village_interfaces__rosidl_typesupport_cppExport-noconfig.cmake
-- Installing: /home/line/town_ws/install/village_interfaces/share/village_interfaces/cmake/export_village_interfaces__rosidl_generator_pyExport.cmake
-- Installing: /home/line/town_ws/install/village_interfaces/share/village_interfaces/cmake/export_village_interfaces__rosidl_generator_pyExport-noconfig.cmake
