[0.005s] Invoking command in '/home/line/town_ws/build/village_interfaces': CMAKE_PREFIX_PATH=/opt/ros/humble /usr/bin/cmake /home/line/town_ws/src/village_interfaces -DAMENT_CMAKE_SYMLINK_INSTALL=1 -DCMAKE_INSTALL_PREFIX=/home/line/town_ws/install/village_interfaces
[0.055s] -- The C compiler identification is GNU 11.4.0
[0.150s] -- The CXX compiler identification is GNU 11.4.0
[0.157s] -- Detecting C compiler ABI info
[0.207s] -- Detecting C compiler ABI info - done
[0.212s] -- Check for working C compiler: /usr/bin/cc - skipped
[0.212s] -- Detecting C compile features
[0.212s] -- Detecting C compile features - done
[0.214s] -- Detecting CXX compiler ABI info
[0.271s] -- Detecting CXX compiler ABI info - done
[0.275s] -- Check for working CXX compiler: /usr/bin/c++ - skipped
[0.275s] -- Detecting CXX compile features
[0.275s] -- Detecting CXX compile features - done
[0.276s] -- Found ament_cmake: 1.3.14 (/opt/ros/humble/share/ament_cmake/cmake)
[0.378s] -- Found Python3: /usr/bin/python3 (found version "3.10.12") found components: Interpreter 
[0.416s] -- Override CMake install command with custom implementation using symlinks instead of copying resources
[0.428s] -- Found sensor_msgs: 4.9.1 (/opt/ros/humble/share/sensor_msgs/cmake)
[0.446s] -- Found rosidl_generator_c: 3.1.8 (/opt/ros/humble/share/rosidl_generator_c/cmake)
[0.448s] -- Found rosidl_adapter: 3.1.8 (/opt/ros/humble/share/rosidl_adapter/cmake)
[0.452s] -- Found rosidl_generator_cpp: 3.1.8 (/opt/ros/humble/share/rosidl_generator_cpp/cmake)
[0.458s] -- Using all available rosidl_typesupport_c: rosidl_typesupport_fastrtps_c;rosidl_typesupport_introspection_c
[0.465s] -- Using all available rosidl_typesupport_cpp: rosidl_typesupport_fastrtps_cpp;rosidl_typesupport_introspection_cpp
[0.495s] -- Found rosidl_default_generators: 1.2.1 (/opt/ros/humble/share/rosidl_default_generators/cmake)
[0.501s] -- Found ament_lint_auto: 0.12.15 (/opt/ros/humble/share/ament_lint_auto/cmake)
[0.688s] -- Found ament_cmake_ros: 0.10.0 (/opt/ros/humble/share/ament_cmake_ros/cmake)
[0.963s] -- Using all available rosidl_typesupport_c: rosidl_typesupport_fastrtps_c;rosidl_typesupport_introspection_c
[1.067s] -- Using all available rosidl_typesupport_cpp: rosidl_typesupport_fastrtps_cpp;rosidl_typesupport_introspection_cpp
[1.080s] -- Found PythonInterp: /usr/bin/python3 (found suitable version "3.10.12", minimum required is "3.6") 
[1.080s] -- Found python_cmake_module: 0.10.0 (/opt/ros/humble/share/python_cmake_module/cmake)
[1.103s] -- Found PythonLibs: /usr/lib/x86_64-linux-gnu/libpython3.10.so (found suitable version "3.10.12", minimum required is "3.5") 
[1.103s] -- Using PYTHON_EXECUTABLE: /usr/bin/python3
[1.103s] -- Using PYTHON_INCLUDE_DIRS: /usr/include/python3.10
[1.103s] -- Using PYTHON_LIBRARIES: /usr/lib/x86_64-linux-gnu/libpython3.10.so
[1.118s] -- Found PythonExtra: .so  
[1.254s] -- Added test 'cppcheck' to perform static code analysis on C / C++ code
[1.255s] -- Configured cppcheck include dirs: 
[1.255s] -- Configured cppcheck exclude dirs and/or files: 
[1.257s] -- Added test 'flake8' to check Python code syntax and style conventions
[1.260s] -- Added test 'lint_cmake' to check CMake code style
[1.263s] -- Added test 'pep257' to check Python code against some of the docstring style conventions in PEP 257
[1.277s] -- Added test 'uncrustify' to check C / C++ code style
[1.277s] -- Configured uncrustify additional arguments: 
[1.279s] -- Added test 'xmllint' to check XML markup files
[1.281s] -- Configuring done
[1.302s] -- Generating done
[1.308s] -- Build files have been written to: /home/line/town_ws/build/village_interfaces
[1.315s] Invoked command in '/home/line/town_ws/build/village_interfaces' returned '0': CMAKE_PREFIX_PATH=/opt/ros/humble /usr/bin/cmake /home/line/town_ws/src/village_interfaces -DAMENT_CMAKE_SYMLINK_INSTALL=1 -DCMAKE_INSTALL_PREFIX=/home/line/town_ws/install/village_interfaces
[1.317s] Invoking command in '/home/line/town_ws/build/village_interfaces': CMAKE_PREFIX_PATH=/opt/ros/humble /usr/bin/cmake --build /home/line/town_ws/build/village_interfaces -- -j20 -l20
[1.355s] [  2%] [34m[1mGenerating C code for ROS interfaces[0m
[1.364s] [  4%] [34m[1mGenerating Rust code for ROS interfaces[0m
[1.364s] [  6%] [34m[1mGenerating C++ code for ROS interfaces[0m
[1.372s] [  6%] Built target ament_cmake_python_symlink_village_interfaces
[1.496s] running egg_info
[1.496s] creating village_interfaces.egg-info
[1.496s] writing village_interfaces.egg-info/PKG-INFO
[1.496s] writing dependency_links to village_interfaces.egg-info/dependency_links.txt
[1.496s] writing top-level names to village_interfaces.egg-info/top_level.txt
[1.496s] writing manifest file 'village_interfaces.egg-info/SOURCES.txt'
[1.497s] reading manifest file 'village_interfaces.egg-info/SOURCES.txt'
[1.497s] writing manifest file 'village_interfaces.egg-info/SOURCES.txt'
[1.515s] [  6%] Built target ament_cmake_python_build_village_interfaces_egg
[1.528s] [  6%] Built target village_interfaces__rs
[1.587s] [  8%] [32mBuilding C object CMakeFiles/village_interfaces__rosidl_generator_c.dir/rosidl_generator_c/village_interfaces/msg/detail/novel__functions.c.o[0m
[1.589s] [ 10%] [32mBuilding C object CMakeFiles/village_interfaces__rosidl_generator_c.dir/rosidl_generator_c/village_interfaces/srv/detail/sell_novel__functions.c.o[0m
[1.589s] [ 12%] [32mBuilding C object CMakeFiles/village_interfaces__rosidl_generator_c.dir/rosidl_generator_c/village_interfaces/srv/detail/borrow_money__functions.c.o[0m
[1.591s] [ 12%] Built target village_interfaces__cpp
[1.597s] [ 14%] [34m[1mGenerating C++ type support dispatch for ROS interfaces[0m
[1.600s] [ 16%] [34m[1mGenerating C++ type support for eProsima Fast-RTPS[0m
[1.600s] [ 18%] [34m[1mGenerating C++ introspection for ROS interfaces[0m
[1.640s] [ 20%] [32m[1mLinking C shared library libvillage_interfaces__rosidl_generator_c.so[0m
[1.668s] [ 20%] Built target village_interfaces__rosidl_generator_c
[1.676s] [ 27%] [34m[1mGenerating C type support dispatch for ROS interfaces[0m
[1.676s] [ 27%] [34m[1mGenerating C introspection for ROS interfaces[0m
[1.676s] [ 27%] [34m[1mGenerating C type support for eProsima Fast-RTPS[0m
[1.778s] [ 29%] [32mBuilding CXX object CMakeFiles/village_interfaces__rosidl_typesupport_cpp.dir/rosidl_typesupport_cpp/village_interfaces/msg/novel__type_support.cpp.o[0m
[1.778s] [ 33%] [32mBuilding CXX object CMakeFiles/village_interfaces__rosidl_typesupport_cpp.dir/rosidl_typesupport_cpp/village_interfaces/srv/sell_novel__type_support.cpp.o[0m
[1.778s] [ 33%] [32mBuilding CXX object CMakeFiles/village_interfaces__rosidl_typesupport_cpp.dir/rosidl_typesupport_cpp/village_interfaces/srv/borrow_money__type_support.cpp.o[0m
[1.805s] [ 39%] [32mBuilding CXX object CMakeFiles/village_interfaces__rosidl_typesupport_introspection_cpp.dir/rosidl_typesupport_introspection_cpp/village_interfaces/srv/detail/borrow_money__type_support.cpp.o[0m
[1.805s] [ 39%] [32mBuilding CXX object CMakeFiles/village_interfaces__rosidl_typesupport_introspection_cpp.dir/rosidl_typesupport_introspection_cpp/village_interfaces/srv/detail/sell_novel__type_support.cpp.o[0m
[1.805s] [ 39%] [32mBuilding CXX object CMakeFiles/village_interfaces__rosidl_typesupport_introspection_cpp.dir/rosidl_typesupport_introspection_cpp/village_interfaces/msg/detail/novel__type_support.cpp.o[0m
[1.827s] [ 45%] [32mBuilding CXX object CMakeFiles/village_interfaces__rosidl_typesupport_fastrtps_cpp.dir/rosidl_typesupport_fastrtps_cpp/village_interfaces/srv/detail/dds_fastrtps/borrow_money__type_support.cpp.o[0m
[1.827s] [ 45%] [32mBuilding CXX object CMakeFiles/village_interfaces__rosidl_typesupport_fastrtps_cpp.dir/rosidl_typesupport_fastrtps_cpp/village_interfaces/msg/detail/dds_fastrtps/novel__type_support.cpp.o[0m
[1.827s] [ 45%] [32mBuilding CXX object CMakeFiles/village_interfaces__rosidl_typesupport_fastrtps_cpp.dir/rosidl_typesupport_fastrtps_cpp/village_interfaces/srv/detail/dds_fastrtps/sell_novel__type_support.cpp.o[0m
[1.889s] [ 47%] [32mBuilding C object CMakeFiles/village_interfaces__rosidl_typesupport_introspection_c.dir/rosidl_typesupport_introspection_c/village_interfaces/msg/detail/novel__type_support.c.o[0m
[1.889s] [ 50%] [32mBuilding C object CMakeFiles/village_interfaces__rosidl_typesupport_introspection_c.dir/rosidl_typesupport_introspection_c/village_interfaces/srv/detail/sell_novel__type_support.c.o[0m
[1.889s] [ 52%] [32mBuilding C object CMakeFiles/village_interfaces__rosidl_typesupport_introspection_c.dir/rosidl_typesupport_introspection_c/village_interfaces/srv/detail/borrow_money__type_support.c.o[0m
[1.890s] [ 54%] [32mBuilding CXX object CMakeFiles/village_interfaces__rosidl_typesupport_c.dir/rosidl_typesupport_c/village_interfaces/srv/borrow_money__type_support.cpp.o[0m
[1.890s] [ 56%] [32mBuilding CXX object CMakeFiles/village_interfaces__rosidl_typesupport_c.dir/rosidl_typesupport_c/village_interfaces/srv/sell_novel__type_support.cpp.o[0m
[1.890s] [ 58%] [32mBuilding CXX object CMakeFiles/village_interfaces__rosidl_typesupport_c.dir/rosidl_typesupport_c/village_interfaces/msg/novel__type_support.cpp.o[0m
[1.916s] [ 60%] [32m[1mLinking CXX shared library libvillage_interfaces__rosidl_typesupport_c.so[0m
[1.923s] [ 62%] [32m[1mLinking C shared library libvillage_interfaces__rosidl_typesupport_introspection_c.so[0m
[1.944s] [ 62%] Built target village_interfaces__rosidl_typesupport_introspection_c
[1.944s] [ 64%] [32mBuilding CXX object CMakeFiles/village_interfaces__rosidl_typesupport_fastrtps_c.dir/rosidl_typesupport_fastrtps_c/village_interfaces/msg/detail/novel__type_support_c.cpp.o[0m
[1.944s] [ 66%] [32mBuilding CXX object CMakeFiles/village_interfaces__rosidl_typesupport_fastrtps_c.dir/rosidl_typesupport_fastrtps_c/village_interfaces/srv/detail/borrow_money__type_support_c.cpp.o[0m
[1.944s] [ 68%] [32mBuilding CXX object CMakeFiles/village_interfaces__rosidl_typesupport_fastrtps_c.dir/rosidl_typesupport_fastrtps_c/village_interfaces/srv/detail/sell_novel__type_support_c.cpp.o[0m
[1.948s] [ 68%] Built target village_interfaces__rosidl_typesupport_c
[2.038s] [ 70%] [32m[1mLinking CXX shared library libvillage_interfaces__rosidl_typesupport_cpp.so[0m
[2.075s] [ 70%] Built target village_interfaces__rosidl_typesupport_cpp
[2.090s] [ 72%] [32m[1mLinking CXX shared library libvillage_interfaces__rosidl_typesupport_introspection_cpp.so[0m
[2.147s] [ 72%] Built target village_interfaces__rosidl_typesupport_introspection_cpp
[2.185s] [ 75%] [32m[1mLinking CXX shared library libvillage_interfaces__rosidl_typesupport_fastrtps_c.so[0m
[2.202s] [ 77%] [32m[1mLinking CXX shared library libvillage_interfaces__rosidl_typesupport_fastrtps_cpp.so[0m
[2.232s] [ 77%] Built target village_interfaces__rosidl_typesupport_fastrtps_c
[2.251s] [ 77%] Built target village_interfaces__rosidl_typesupport_fastrtps_cpp
[2.269s] [ 77%] Built target village_interfaces
[2.294s] [ 79%] [34m[1mGenerating Python code for ROS interfaces[0m
[2.616s] [ 79%] Built target village_interfaces__py
[2.633s] [ 81%] [32mBuilding C object CMakeFiles/village_interfaces__rosidl_generator_py.dir/rosidl_generator_py/village_interfaces/srv/_sell_novel_s.c.o[0m
[2.634s] [ 85%] [32mBuilding C object CMakeFiles/village_interfaces__rosidl_generator_py.dir/rosidl_generator_py/village_interfaces/msg/_novel_s.c.o[0m
[2.634s] [ 85%] [32mBuilding C object CMakeFiles/village_interfaces__rosidl_generator_py.dir/rosidl_generator_py/village_interfaces/srv/_borrow_money_s.c.o[0m
[2.699s] [ 87%] [32m[1mLinking C shared library rosidl_generator_py/village_interfaces/libvillage_interfaces__rosidl_generator_py.so[0m
[2.730s] [ 87%] Built target village_interfaces__rosidl_generator_py
[2.751s] [ 89%] [32mBuilding C object CMakeFiles/village_interfaces__rosidl_typesupport_c__pyext.dir/rosidl_generator_py/village_interfaces/_village_interfaces_s.ep.rosidl_typesupport_c.c.o[0m
[2.754s] [ 93%] [32mBuilding C object CMakeFiles/village_interfaces__rosidl_typesupport_fastrtps_c__pyext.dir/rosidl_generator_py/village_interfaces/_village_interfaces_s.ep.rosidl_typesupport_fastrtps_c.c.o[0m
[2.754s] [ 93%] [32mBuilding C object CMakeFiles/village_interfaces__rosidl_typesupport_introspection_c__pyext.dir/rosidl_generator_py/village_interfaces/_village_interfaces_s.ep.rosidl_typesupport_introspection_c.c.o[0m
[2.820s] [ 97%] [32m[1mLinking C shared library rosidl_generator_py/village_interfaces/village_interfaces_s__rosidl_typesupport_introspection_c.cpython-310-x86_64-linux-gnu.so[0m
[2.820s] [ 95%] [32m[1mLinking C shared library rosidl_generator_py/village_interfaces/village_interfaces_s__rosidl_typesupport_c.cpython-310-x86_64-linux-gnu.so[0m
[2.821s] [100%] [32m[1mLinking C shared library rosidl_generator_py/village_interfaces/village_interfaces_s__rosidl_typesupport_fastrtps_c.cpython-310-x86_64-linux-gnu.so[0m
[2.850s] [100%] Built target village_interfaces__rosidl_typesupport_c__pyext
[2.850s] [100%] Built target village_interfaces__rosidl_typesupport_introspection_c__pyext
[2.850s] [100%] Built target village_interfaces__rosidl_typesupport_fastrtps_c__pyext
[2.859s] Invoked command in '/home/line/town_ws/build/village_interfaces' returned '0': CMAKE_PREFIX_PATH=/opt/ros/humble /usr/bin/cmake --build /home/line/town_ws/build/village_interfaces -- -j20 -l20
[2.869s] Invoking command in '/home/line/town_ws/build/village_interfaces': CMAKE_PREFIX_PATH=/opt/ros/humble /usr/bin/cmake --install /home/line/town_ws/build/village_interfaces
[2.876s] -- Install configuration: ""
[2.877s] -- Execute custom install script
[2.877s] -- Symlinking: /home/line/town_ws/install/village_interfaces/share/ament_index/resource_index/rosidl_interfaces/village_interfaces
[2.886s] -- Symlinking: /home/line/town_ws/install/village_interfaces/include/village_interfaces/village_interfaces/msg/detail/novel__functions.h
[2.896s] -- Symlinking: /home/line/town_ws/install/village_interfaces/include/village_interfaces/village_interfaces/msg/detail/novel__struct.h
[2.905s] -- Symlinking: /home/line/town_ws/install/village_interfaces/include/village_interfaces/village_interfaces/msg/detail/novel__type_support.h
[2.915s] -- Symlinking: /home/line/town_ws/install/village_interfaces/include/village_interfaces/village_interfaces/msg/novel.h
[2.926s] -- Symlinking: /home/line/town_ws/install/village_interfaces/include/village_interfaces/village_interfaces/msg/rosidl_generator_c__visibility_control.h
[2.936s] -- Symlinking: /home/line/town_ws/install/village_interfaces/include/village_interfaces/village_interfaces/srv/borrow_money.h
[2.947s] -- Symlinking: /home/line/town_ws/install/village_interfaces/include/village_interfaces/village_interfaces/srv/detail/borrow_money__functions.h
[2.952s] -- Symlinking: /home/line/town_ws/install/village_interfaces/include/village_interfaces/village_interfaces/srv/detail/borrow_money__struct.h
[2.959s] -- Symlinking: /home/line/town_ws/install/village_interfaces/include/village_interfaces/village_interfaces/srv/detail/borrow_money__type_support.h
[2.965s] -- Symlinking: /home/line/town_ws/install/village_interfaces/include/village_interfaces/village_interfaces/srv/detail/sell_novel__functions.h
[2.971s] -- Symlinking: /home/line/town_ws/install/village_interfaces/include/village_interfaces/village_interfaces/srv/detail/sell_novel__struct.h
[2.975s] -- Symlinking: /home/line/town_ws/install/village_interfaces/include/village_interfaces/village_interfaces/srv/detail/sell_novel__type_support.h
[2.981s] -- Symlinking: /home/line/town_ws/install/village_interfaces/include/village_interfaces/village_interfaces/srv/sell_novel.h
[2.987s] -- Symlinking: /home/line/town_ws/install/village_interfaces/share/village_interfaces/environment/library_path.sh
[2.993s] -- Symlinking: /home/line/town_ws/install/village_interfaces/share/village_interfaces/environment/library_path.dsv
[2.998s] -- Symlinking: /home/line/town_ws/install/village_interfaces/include/village_interfaces/village_interfaces/msg/detail/novel__rosidl_typesupport_fastrtps_c.h
[3.004s] -- Symlinking: /home/line/town_ws/install/village_interfaces/include/village_interfaces/village_interfaces/msg/rosidl_typesupport_fastrtps_c__visibility_control.h
[3.010s] -- Symlinking: /home/line/town_ws/install/village_interfaces/include/village_interfaces/village_interfaces/srv/detail/borrow_money__rosidl_typesupport_fastrtps_c.h
[3.014s] -- Symlinking: /home/line/town_ws/install/village_interfaces/include/village_interfaces/village_interfaces/srv/detail/sell_novel__rosidl_typesupport_fastrtps_c.h
[3.021s] -- Symlinking: /home/line/town_ws/install/village_interfaces/include/village_interfaces/village_interfaces/msg/detail/novel__builder.hpp
[3.025s] -- Symlinking: /home/line/town_ws/install/village_interfaces/include/village_interfaces/village_interfaces/msg/detail/novel__struct.hpp
[3.031s] -- Symlinking: /home/line/town_ws/install/village_interfaces/include/village_interfaces/village_interfaces/msg/detail/novel__traits.hpp
[3.038s] -- Symlinking: /home/line/town_ws/install/village_interfaces/include/village_interfaces/village_interfaces/msg/detail/novel__type_support.hpp
[3.044s] -- Symlinking: /home/line/town_ws/install/village_interfaces/include/village_interfaces/village_interfaces/msg/novel.hpp
[3.051s] -- Symlinking: /home/line/town_ws/install/village_interfaces/include/village_interfaces/village_interfaces/msg/rosidl_generator_cpp__visibility_control.hpp
[3.056s] -- Symlinking: /home/line/town_ws/install/village_interfaces/include/village_interfaces/village_interfaces/srv/borrow_money.hpp
[3.062s] -- Symlinking: /home/line/town_ws/install/village_interfaces/include/village_interfaces/village_interfaces/srv/detail/borrow_money__builder.hpp
[3.069s] -- Symlinking: /home/line/town_ws/install/village_interfaces/include/village_interfaces/village_interfaces/srv/detail/borrow_money__struct.hpp
[3.074s] -- Symlinking: /home/line/town_ws/install/village_interfaces/include/village_interfaces/village_interfaces/srv/detail/borrow_money__traits.hpp
[3.080s] -- Symlinking: /home/line/town_ws/install/village_interfaces/include/village_interfaces/village_interfaces/srv/detail/borrow_money__type_support.hpp
[3.086s] -- Symlinking: /home/line/town_ws/install/village_interfaces/include/village_interfaces/village_interfaces/srv/detail/sell_novel__builder.hpp
[3.092s] -- Symlinking: /home/line/town_ws/install/village_interfaces/include/village_interfaces/village_interfaces/srv/detail/sell_novel__struct.hpp
[3.097s] -- Symlinking: /home/line/town_ws/install/village_interfaces/include/village_interfaces/village_interfaces/srv/detail/sell_novel__traits.hpp
[3.103s] -- Symlinking: /home/line/town_ws/install/village_interfaces/include/village_interfaces/village_interfaces/srv/detail/sell_novel__type_support.hpp
[3.110s] -- Symlinking: /home/line/town_ws/install/village_interfaces/include/village_interfaces/village_interfaces/srv/sell_novel.hpp
[3.115s] -- Symlinking: /home/line/town_ws/install/village_interfaces/include/village_interfaces/village_interfaces/msg/detail/novel__rosidl_typesupport_fastrtps_cpp.hpp
[3.120s] -- Symlinking: /home/line/town_ws/install/village_interfaces/include/village_interfaces/village_interfaces/msg/rosidl_typesupport_fastrtps_cpp__visibility_control.h
[3.127s] -- Symlinking: /home/line/town_ws/install/village_interfaces/include/village_interfaces/village_interfaces/srv/detail/borrow_money__rosidl_typesupport_fastrtps_cpp.hpp
[3.134s] -- Symlinking: /home/line/town_ws/install/village_interfaces/include/village_interfaces/village_interfaces/srv/detail/sell_novel__rosidl_typesupport_fastrtps_cpp.hpp
[3.140s] -- Symlinking: /home/line/town_ws/install/village_interfaces/include/village_interfaces/village_interfaces/msg/detail/novel__rosidl_typesupport_introspection_c.h
[3.147s] -- Symlinking: /home/line/town_ws/install/village_interfaces/include/village_interfaces/village_interfaces/msg/rosidl_typesupport_introspection_c__visibility_control.h
[3.154s] -- Symlinking: /home/line/town_ws/install/village_interfaces/include/village_interfaces/village_interfaces/srv/detail/borrow_money__rosidl_typesupport_introspection_c.h
[3.160s] -- Symlinking: /home/line/town_ws/install/village_interfaces/include/village_interfaces/village_interfaces/srv/detail/sell_novel__rosidl_typesupport_introspection_c.h
[3.168s] -- Symlinking: /home/line/town_ws/install/village_interfaces/include/village_interfaces/village_interfaces/msg/detail/novel__rosidl_typesupport_introspection_cpp.hpp
[3.176s] -- Symlinking: /home/line/town_ws/install/village_interfaces/include/village_interfaces/village_interfaces/srv/detail/borrow_money__rosidl_typesupport_introspection_cpp.hpp
[3.185s] -- Symlinking: /home/line/town_ws/install/village_interfaces/include/village_interfaces/village_interfaces/srv/detail/sell_novel__rosidl_typesupport_introspection_cpp.hpp
[3.192s] -- Symlinking: /home/line/town_ws/install/village_interfaces/share/village_interfaces/environment/pythonpath.sh
[3.198s] -- Symlinking: /home/line/town_ws/install/village_interfaces/share/village_interfaces/environment/pythonpath.dsv
[3.204s] -- Symlinking: /home/line/town_ws/install/village_interfaces/local/lib/python3.10/dist-packages/village_interfaces-0.0.0-py3.10.egg-info/PKG-INFO
[3.211s] -- Symlinking: /home/line/town_ws/install/village_interfaces/local/lib/python3.10/dist-packages/village_interfaces-0.0.0-py3.10.egg-info/SOURCES.txt
[3.215s] -- Symlinking: /home/line/town_ws/install/village_interfaces/local/lib/python3.10/dist-packages/village_interfaces-0.0.0-py3.10.egg-info/dependency_links.txt
[3.220s] -- Symlinking: /home/line/town_ws/install/village_interfaces/local/lib/python3.10/dist-packages/village_interfaces-0.0.0-py3.10.egg-info/top_level.txt
[3.226s] -- Symlinking: /home/line/town_ws/install/village_interfaces/local/lib/python3.10/dist-packages/village_interfaces/__init__.py
[3.233s] -- Symlinking: /home/line/town_ws/install/village_interfaces/local/lib/python3.10/dist-packages/village_interfaces/_village_interfaces_s.ep.rosidl_typesupport_c.c
[3.239s] -- Symlinking: /home/line/town_ws/install/village_interfaces/local/lib/python3.10/dist-packages/village_interfaces/_village_interfaces_s.ep.rosidl_typesupport_fastrtps_c.c
[3.246s] -- Symlinking: /home/line/town_ws/install/village_interfaces/local/lib/python3.10/dist-packages/village_interfaces/_village_interfaces_s.ep.rosidl_typesupport_introspection_c.c
[3.253s] -- Symlinking: /home/line/town_ws/install/village_interfaces/local/lib/python3.10/dist-packages/village_interfaces/libvillage_interfaces__rosidl_generator_py.so
[3.259s] -- Symlinking: /home/line/town_ws/install/village_interfaces/local/lib/python3.10/dist-packages/village_interfaces/msg/__init__.py
[3.267s] -- Symlinking: /home/line/town_ws/install/village_interfaces/local/lib/python3.10/dist-packages/village_interfaces/msg/_novel.py
[3.273s] -- Symlinking: /home/line/town_ws/install/village_interfaces/local/lib/python3.10/dist-packages/village_interfaces/msg/_novel_s.c
[3.278s] -- Symlinking: /home/line/town_ws/install/village_interfaces/local/lib/python3.10/dist-packages/village_interfaces/srv/__init__.py
[3.285s] -- Symlinking: /home/line/town_ws/install/village_interfaces/local/lib/python3.10/dist-packages/village_interfaces/srv/_borrow_money.py
[3.291s] -- Symlinking: /home/line/town_ws/install/village_interfaces/local/lib/python3.10/dist-packages/village_interfaces/srv/_borrow_money_s.c
[3.295s] -- Symlinking: /home/line/town_ws/install/village_interfaces/local/lib/python3.10/dist-packages/village_interfaces/srv/_sell_novel.py
[3.300s] -- Symlinking: /home/line/town_ws/install/village_interfaces/local/lib/python3.10/dist-packages/village_interfaces/srv/_sell_novel_s.c
[3.306s] -- Symlinking: /home/line/town_ws/install/village_interfaces/local/lib/python3.10/dist-packages/village_interfaces/village_interfaces_s__rosidl_typesupport_c.cpython-310-x86_64-linux-gnu.so
[3.312s] -- Symlinking: /home/line/town_ws/install/village_interfaces/local/lib/python3.10/dist-packages/village_interfaces/village_interfaces_s__rosidl_typesupport_fastrtps_c.cpython-310-x86_64-linux-gnu.so
[3.318s] -- Symlinking: /home/line/town_ws/install/village_interfaces/local/lib/python3.10/dist-packages/village_interfaces/village_interfaces_s__rosidl_typesupport_introspection_c.cpython-310-x86_64-linux-gnu.so
[3.325s] -- Up-to-date symlink: /home/line/town_ws/install/village_interfaces/local/lib/python3.10/dist-packages/village_interfaces/village_interfaces_s__rosidl_typesupport_fastrtps_c.cpython-310-x86_64-linux-gnu.so
[3.325s] -- Up-to-date symlink: /home/line/town_ws/install/village_interfaces/local/lib/python3.10/dist-packages/village_interfaces/village_interfaces_s__rosidl_typesupport_introspection_c.cpython-310-x86_64-linux-gnu.so
[3.326s] -- Up-to-date symlink: /home/line/town_ws/install/village_interfaces/local/lib/python3.10/dist-packages/village_interfaces/village_interfaces_s__rosidl_typesupport_c.cpython-310-x86_64-linux-gnu.so
[3.326s] -- Symlinking: /home/line/town_ws/install/village_interfaces/share/ament_index/resource_index/rust_packages/village_interfaces
[3.332s] -- Symlinking: /home/line/town_ws/install/village_interfaces/share/village_interfaces/rust/Cargo.toml
[3.337s] -- Symlinking: /home/line/town_ws/install/village_interfaces/share/village_interfaces/rust/build.rs
[3.344s] -- Symlinking: /home/line/town_ws/install/village_interfaces/share/village_interfaces/rust/src/lib.rs
[3.348s] -- Symlinking: /home/line/town_ws/install/village_interfaces/share/village_interfaces/rust/src/msg.rs
[3.355s] -- Symlinking: /home/line/town_ws/install/village_interfaces/share/village_interfaces/rust/src/msg/rmw.rs
[3.360s] -- Symlinking: /home/line/town_ws/install/village_interfaces/share/village_interfaces/rust/src/srv.rs
[3.366s] -- Symlinking: /home/line/town_ws/install/village_interfaces/share/village_interfaces/rust/src/srv/rmw.rs
[3.371s] -- Symlinking: /home/line/town_ws/install/village_interfaces/share/village_interfaces/msg/Novel.idl
[3.380s] -- Symlinking: /home/line/town_ws/install/village_interfaces/share/village_interfaces/srv/BorrowMoney.idl
[3.388s] -- Symlinking: /home/line/town_ws/install/village_interfaces/share/village_interfaces/srv/SellNovel.idl
[3.392s] -- Symlinking: /home/line/town_ws/install/village_interfaces/share/village_interfaces/msg/Novel.msg
[3.398s] -- Symlinking: /home/line/town_ws/install/village_interfaces/share/village_interfaces/srv/BorrowMoney.srv
[3.406s] -- Symlinking: /home/line/town_ws/install/village_interfaces/share/village_interfaces/srv/BorrowMoney_Request.msg
[3.415s] -- Symlinking: /home/line/town_ws/install/village_interfaces/share/village_interfaces/srv/BorrowMoney_Response.msg
[3.424s] -- Symlinking: /home/line/town_ws/install/village_interfaces/share/village_interfaces/srv/SellNovel.srv
[3.432s] -- Symlinking: /home/line/town_ws/install/village_interfaces/share/village_interfaces/srv/SellNovel_Request.msg
[3.439s] -- Symlinking: /home/line/town_ws/install/village_interfaces/share/village_interfaces/srv/SellNovel_Response.msg
[3.448s] -- Symlinking: /home/line/town_ws/install/village_interfaces/share/ament_index/resource_index/package_run_dependencies/village_interfaces
[3.461s] -- Symlinking: /home/line/town_ws/install/village_interfaces/share/ament_index/resource_index/parent_prefix_path/village_interfaces
[3.474s] -- Symlinking: /home/line/town_ws/install/village_interfaces/share/village_interfaces/environment/ament_prefix_path.sh
[3.484s] -- Symlinking: /home/line/town_ws/install/village_interfaces/share/village_interfaces/environment/ament_prefix_path.dsv
[3.494s] -- Symlinking: /home/line/town_ws/install/village_interfaces/share/village_interfaces/environment/path.sh
[3.503s] -- Symlinking: /home/line/town_ws/install/village_interfaces/share/village_interfaces/environment/path.dsv
[3.512s] -- Symlinking: /home/line/town_ws/install/village_interfaces/share/village_interfaces/local_setup.bash
[3.521s] -- Symlinking: /home/line/town_ws/install/village_interfaces/share/village_interfaces/local_setup.sh
[3.531s] -- Symlinking: /home/line/town_ws/install/village_interfaces/share/village_interfaces/local_setup.zsh
[3.538s] -- Symlinking: /home/line/town_ws/install/village_interfaces/share/village_interfaces/local_setup.dsv
[3.544s] -- Symlinking: /home/line/town_ws/install/village_interfaces/share/village_interfaces/package.dsv
[3.556s] -- Symlinking: /home/line/town_ws/install/village_interfaces/share/ament_index/resource_index/packages/village_interfaces
[3.563s] -- Symlinking: /home/line/town_ws/install/village_interfaces/share/village_interfaces/cmake/rosidl_cmake-extras.cmake
[3.571s] -- Symlinking: /home/line/town_ws/install/village_interfaces/share/village_interfaces/cmake/ament_cmake_export_dependencies-extras.cmake
[3.577s] -- Symlinking: /home/line/town_ws/install/village_interfaces/share/village_interfaces/cmake/ament_cmake_export_include_directories-extras.cmake
[3.582s] -- Symlinking: /home/line/town_ws/install/village_interfaces/share/village_interfaces/cmake/ament_cmake_export_libraries-extras.cmake
[3.586s] -- Symlinking: /home/line/town_ws/install/village_interfaces/share/village_interfaces/cmake/ament_cmake_export_targets-extras.cmake
[3.590s] -- Symlinking: /home/line/town_ws/install/village_interfaces/share/village_interfaces/cmake/rosidl_cmake_export_typesupport_targets-extras.cmake
[3.596s] -- Symlinking: /home/line/town_ws/install/village_interfaces/share/village_interfaces/cmake/rosidl_cmake_export_typesupport_libraries-extras.cmake
[3.603s] -- Symlinking: /home/line/town_ws/install/village_interfaces/share/village_interfaces/cmake/village_interfacesConfig.cmake
[3.612s] -- Symlinking: /home/line/town_ws/install/village_interfaces/share/village_interfaces/cmake/village_interfacesConfig-version.cmake
[3.618s] -- Symlinking: /home/line/town_ws/install/village_interfaces/share/village_interfaces/package.xml
[3.623s] -- Installing: /home/line/town_ws/install/village_interfaces/lib/libvillage_interfaces__rosidl_generator_c.so
[3.624s] -- Set runtime path of "/home/line/town_ws/install/village_interfaces/lib/libvillage_interfaces__rosidl_generator_c.so" to ""
[3.624s] -- Installing: /home/line/town_ws/install/village_interfaces/lib/libvillage_interfaces__rosidl_typesupport_fastrtps_c.so
[3.624s] -- Set runtime path of "/home/line/town_ws/install/village_interfaces/lib/libvillage_interfaces__rosidl_typesupport_fastrtps_c.so" to ""
[3.624s] -- Installing: /home/line/town_ws/install/village_interfaces/lib/libvillage_interfaces__rosidl_typesupport_fastrtps_cpp.so
[3.624s] -- Set runtime path of "/home/line/town_ws/install/village_interfaces/lib/libvillage_interfaces__rosidl_typesupport_fastrtps_cpp.so" to ""
[3.624s] -- Installing: /home/line/town_ws/install/village_interfaces/lib/libvillage_interfaces__rosidl_typesupport_introspection_c.so
[3.624s] -- Set runtime path of "/home/line/town_ws/install/village_interfaces/lib/libvillage_interfaces__rosidl_typesupport_introspection_c.so" to ""
[3.624s] -- Installing: /home/line/town_ws/install/village_interfaces/lib/libvillage_interfaces__rosidl_typesupport_c.so
[3.624s] -- Set runtime path of "/home/line/town_ws/install/village_interfaces/lib/libvillage_interfaces__rosidl_typesupport_c.so" to ""
[3.624s] -- Installing: /home/line/town_ws/install/village_interfaces/lib/libvillage_interfaces__rosidl_typesupport_introspection_cpp.so
[3.624s] -- Set runtime path of "/home/line/town_ws/install/village_interfaces/lib/libvillage_interfaces__rosidl_typesupport_introspection_cpp.so" to ""
[3.624s] -- Installing: /home/line/town_ws/install/village_interfaces/lib/libvillage_interfaces__rosidl_typesupport_cpp.so
[3.624s] -- Set runtime path of "/home/line/town_ws/install/village_interfaces/lib/libvillage_interfaces__rosidl_typesupport_cpp.so" to ""
[3.649s] Listing '/home/line/town_ws/install/village_interfaces/local/lib/python3.10/dist-packages/village_interfaces'...
[3.649s] Compiling '/home/line/town_ws/install/village_interfaces/local/lib/python3.10/dist-packages/village_interfaces/__init__.py'...
[3.649s] Listing '/home/line/town_ws/install/village_interfaces/local/lib/python3.10/dist-packages/village_interfaces/msg'...
[3.649s] Compiling '/home/line/town_ws/install/village_interfaces/local/lib/python3.10/dist-packages/village_interfaces/msg/__init__.py'...
[3.649s] Compiling '/home/line/town_ws/install/village_interfaces/local/lib/python3.10/dist-packages/village_interfaces/msg/_novel.py'...
[3.649s] Listing '/home/line/town_ws/install/village_interfaces/local/lib/python3.10/dist-packages/village_interfaces/srv'...
[3.649s] Compiling '/home/line/town_ws/install/village_interfaces/local/lib/python3.10/dist-packages/village_interfaces/srv/__init__.py'...
[3.649s] Compiling '/home/line/town_ws/install/village_interfaces/local/lib/python3.10/dist-packages/village_interfaces/srv/_borrow_money.py'...
[3.649s] Compiling '/home/line/town_ws/install/village_interfaces/local/lib/python3.10/dist-packages/village_interfaces/srv/_sell_novel.py'...
[3.652s] -- Installing: /home/line/town_ws/install/village_interfaces/lib/libvillage_interfaces__rosidl_generator_py.so
[3.652s] -- Set runtime path of "/home/line/town_ws/install/village_interfaces/lib/libvillage_interfaces__rosidl_generator_py.so" to ""
[3.652s] -- Installing: /home/line/town_ws/install/village_interfaces/share/village_interfaces/cmake/export_village_interfaces__rosidl_generator_cExport.cmake
[3.652s] -- Installing: /home/line/town_ws/install/village_interfaces/share/village_interfaces/cmake/export_village_interfaces__rosidl_generator_cExport-noconfig.cmake
[3.652s] -- Installing: /home/line/town_ws/install/village_interfaces/share/village_interfaces/cmake/export_village_interfaces__rosidl_typesupport_fastrtps_cExport.cmake
[3.652s] -- Installing: /home/line/town_ws/install/village_interfaces/share/village_interfaces/cmake/export_village_interfaces__rosidl_typesupport_fastrtps_cExport-noconfig.cmake
[3.652s] -- Installing: /home/line/town_ws/install/village_interfaces/share/village_interfaces/cmake/export_village_interfaces__rosidl_generator_cppExport.cmake
[3.652s] -- Installing: /home/line/town_ws/install/village_interfaces/share/village_interfaces/cmake/export_village_interfaces__rosidl_typesupport_fastrtps_cppExport.cmake
[3.652s] -- Installing: /home/line/town_ws/install/village_interfaces/share/village_interfaces/cmake/export_village_interfaces__rosidl_typesupport_fastrtps_cppExport-noconfig.cmake
[3.652s] -- Installing: /home/line/town_ws/install/village_interfaces/share/village_interfaces/cmake/village_interfaces__rosidl_typesupport_introspection_cExport.cmake
[3.652s] -- Installing: /home/line/town_ws/install/village_interfaces/share/village_interfaces/cmake/village_interfaces__rosidl_typesupport_introspection_cExport-noconfig.cmake
[3.652s] -- Installing: /home/line/town_ws/install/village_interfaces/share/village_interfaces/cmake/village_interfaces__rosidl_typesupport_cExport.cmake
[3.652s] -- Installing: /home/line/town_ws/install/village_interfaces/share/village_interfaces/cmake/village_interfaces__rosidl_typesupport_cExport-noconfig.cmake
[3.652s] -- Installing: /home/line/town_ws/install/village_interfaces/share/village_interfaces/cmake/village_interfaces__rosidl_typesupport_introspection_cppExport.cmake
[3.652s] -- Installing: /home/line/town_ws/install/village_interfaces/share/village_interfaces/cmake/village_interfaces__rosidl_typesupport_introspection_cppExport-noconfig.cmake
[3.652s] -- Installing: /home/line/town_ws/install/village_interfaces/share/village_interfaces/cmake/village_interfaces__rosidl_typesupport_cppExport.cmake
[3.652s] -- Installing: /home/line/town_ws/install/village_interfaces/share/village_interfaces/cmake/village_interfaces__rosidl_typesupport_cppExport-noconfig.cmake
[3.652s] -- Installing: /home/line/town_ws/install/village_interfaces/share/village_interfaces/cmake/export_village_interfaces__rosidl_generator_pyExport.cmake
[3.652s] -- Installing: /home/line/town_ws/install/village_interfaces/share/village_interfaces/cmake/export_village_interfaces__rosidl_generator_pyExport-noconfig.cmake
[3.654s] Invoked command in '/home/line/town_ws/build/village_interfaces' returned '0': CMAKE_PREFIX_PATH=/opt/ros/humble /usr/bin/cmake --install /home/line/town_ws/build/village_interfaces
