[0.119s] Invoking command in '/home/line/town_ws/src/build/village_wang': CMAKE_PREFIX_PATH=/home/line/town_ws/src/install/village_interfaces:/home/line/town_ws/src/install/village_wang:/home/line/town_ws/src/install/village_zhang:/home/line/town_ws/src/install/village_li:/opt/ros/humble /usr/bin/cmake --build /home/line/town_ws/src/build/village_wang -- -j20 -l20
[0.150s] [35m[1mConsolidate compiler generated dependencies of target wang2_node[0m
[0.161s] [100%] Built target wang2_node
[0.241s] Invoked command in '/home/line/town_ws/src/build/village_wang' returned '0': CMAKE_PREFIX_PATH=/home/line/town_ws/src/install/village_interfaces:/home/line/town_ws/src/install/village_wang:/home/line/town_ws/src/install/village_zhang:/home/line/town_ws/src/install/village_li:/opt/ros/humble /usr/bin/cmake --build /home/line/town_ws/src/build/village_wang -- -j20 -l20
[0.243s] Invoking command in '/home/line/town_ws/src/build/village_wang': CMAKE_PREFIX_PATH=/home/line/town_ws/src/install/village_interfaces:/home/line/town_ws/src/install/village_wang:/home/line/town_ws/src/install/village_zhang:/home/line/town_ws/src/install/village_li:/opt/ros/humble /usr/bin/cmake --install /home/line/town_ws/src/build/village_wang
[0.249s] -- Install configuration: ""
[0.249s] -- Up-to-date: /home/line/town_ws/src/install/village_wang/share/ament_index/resource_index/package_run_dependencies/village_wang
[0.249s] -- Up-to-date: /home/line/town_ws/src/install/village_wang/share/ament_index/resource_index/parent_prefix_path/village_wang
[0.249s] -- Up-to-date: /home/line/town_ws/src/install/village_wang/share/village_wang/environment/ament_prefix_path.sh
[0.249s] -- Up-to-date: /home/line/town_ws/src/install/village_wang/share/village_wang/environment/ament_prefix_path.dsv
[0.249s] -- Up-to-date: /home/line/town_ws/src/install/village_wang/share/village_wang/environment/path.sh
[0.249s] -- Up-to-date: /home/line/town_ws/src/install/village_wang/share/village_wang/environment/path.dsv
[0.249s] -- Up-to-date: /home/line/town_ws/src/install/village_wang/share/village_wang/local_setup.bash
[0.249s] -- Up-to-date: /home/line/town_ws/src/install/village_wang/share/village_wang/local_setup.sh
[0.250s] -- Up-to-date: /home/line/town_ws/src/install/village_wang/share/village_wang/local_setup.zsh
[0.250s] -- Up-to-date: /home/line/town_ws/src/install/village_wang/share/village_wang/local_setup.dsv
[0.250s] -- Installing: /home/line/town_ws/src/install/village_wang/share/village_wang/package.dsv
[0.250s] -- Up-to-date: /home/line/town_ws/src/install/village_wang/share/ament_index/resource_index/packages/village_wang
[0.250s] -- Up-to-date: /home/line/town_ws/src/install/village_wang/share/village_wang/cmake/village_wangConfig.cmake
[0.250s] -- Up-to-date: /home/line/town_ws/src/install/village_wang/share/village_wang/cmake/village_wangConfig-version.cmake
[0.250s] -- Up-to-date: /home/line/town_ws/src/install/village_wang/share/village_wang/package.xml
[0.250s] -- Up-to-date: /home/line/town_ws/src/install/village_wang/lib/village_wang/wang2_node
[0.250s] -- Up-to-date: /home/line/town_ws/src/install/village_wang/share/village_wang/launch
[0.250s] -- Up-to-date: /home/line/town_ws/src/install/village_wang/share/village_wang/launch/village.launch.py
[0.251s] Invoked command in '/home/line/town_ws/src/build/village_wang' returned '0': CMAKE_PREFIX_PATH=/home/line/town_ws/src/install/village_interfaces:/home/line/town_ws/src/install/village_wang:/home/line/town_ws/src/install/village_zhang:/home/line/town_ws/src/install/village_li:/opt/ros/humble /usr/bin/cmake --install /home/line/town_ws/src/build/village_wang
