[0.007s] Invoking command in '/home/line/ROSlearning_LJK/01_HelloROS/camera/build/camera': CMAKE_PREFIX_PATH=/opt/ros/humble /usr/bin/cmake --build /home/line/ROSlearning_LJK/01_HelloROS/camera/build/camera -- -j20 -l20
[0.041s] [35m[1mConsolidate compiler generated dependencies of target camera__rosidl_generator_c[0m
[0.050s] [  7%] Built target camera__cpp
[0.050s] [ 15%] Built target camera__rosidl_generator_c
[0.058s] [35m[1mConsolidate compiler generated dependencies of target camera__rosidl_typesupport_introspection_cpp[0m
[0.059s] [35m[1mConsolidate compiler generated dependencies of target camera__rosidl_typesupport_cpp[0m
[0.059s] [35m[1mConsolidate compiler generated dependencies of target camera__rosidl_typesupport_fastrtps_c[0m
[0.059s] [35m[1mConsolidate compiler generated dependencies of target camera__rosidl_typesupport_fastrtps_cpp[0m
[0.067s] [ 26%] Built target camera__rosidl_typesupport_introspection_cpp
[0.068s] [ 50%] Built target camera__rosidl_typesupport_cpp
[0.068s] [ 50%] Built target camera__rosidl_typesupport_fastrtps_c
[0.068s] [ 61%] Built target camera__rosidl_typesupport_fastrtps_cpp
[0.076s] [35m[1mConsolidate compiler generated dependencies of target camera__rosidl_typesupport_c[0m
[0.076s] [35m[1mConsolidate compiler generated dependencies of target camera__rosidl_typesupport_introspection_c[0m
[0.083s] [ 73%] Built target camera__rosidl_typesupport_c
[0.084s] [ 84%] Built target camera__rosidl_typesupport_introspection_c
[0.102s] [ 84%] Built target camera
[0.112s] [35m[1mConsolidate compiler generated dependencies of target camera_node[0m
[0.112s] [35m[1mConsolidate compiler generated dependencies of target machine_node[0m
[0.126s] [ 92%] Built target camera_node
[0.127s] [100%] Built target machine_node
[0.137s] Invoked command in '/home/line/ROSlearning_LJK/01_HelloROS/camera/build/camera' returned '0': CMAKE_PREFIX_PATH=/opt/ros/humble /usr/bin/cmake --build /home/line/ROSlearning_LJK/01_HelloROS/camera/build/camera -- -j20 -l20
[0.144s] Invoking command in '/home/line/ROSlearning_LJK/01_HelloROS/camera/build/camera': CMAKE_PREFIX_PATH=/opt/ros/humble /usr/bin/cmake --install /home/line/ROSlearning_LJK/01_HelloROS/camera/build/camera
[0.151s] -- Install configuration: ""
[0.151s] -- Up-to-date: /home/line/ROSlearning_LJK/01_HelloROS/camera/install/camera/share/ament_index/resource_index/rosidl_interfaces/camera
[0.151s] -- Up-to-date: /home/line/ROSlearning_LJK/01_HelloROS/camera/install/camera/include/camera/camera
[0.151s] -- Up-to-date: /home/line/ROSlearning_LJK/01_HelloROS/camera/install/camera/include/camera/camera/msg
[0.151s] -- Up-to-date: /home/line/ROSlearning_LJK/01_HelloROS/camera/install/camera/include/camera/camera/msg/robot_pose_msg.h
[0.151s] -- Up-to-date: /home/line/ROSlearning_LJK/01_HelloROS/camera/install/camera/include/camera/camera/msg/rosidl_generator_c__visibility_control.h
[0.151s] -- Up-to-date: /home/line/ROSlearning_LJK/01_HelloROS/camera/install/camera/include/camera/camera/msg/detail
[0.151s] -- Up-to-date: /home/line/ROSlearning_LJK/01_HelloROS/camera/install/camera/include/camera/camera/msg/detail/robot_pose_msg__functions.c
[0.151s] -- Up-to-date: /home/line/ROSlearning_LJK/01_HelloROS/camera/install/camera/include/camera/camera/msg/detail/robot_pose_msg__functions.h
[0.151s] -- Up-to-date: /home/line/ROSlearning_LJK/01_HelloROS/camera/install/camera/include/camera/camera/msg/detail/robot_pose_msg__type_support.h
[0.151s] -- Up-to-date: /home/line/ROSlearning_LJK/01_HelloROS/camera/install/camera/include/camera/camera/msg/detail/robot_pose_msg__struct.h
[0.151s] -- Up-to-date: /home/line/ROSlearning_LJK/01_HelloROS/camera/install/camera/share/camera/environment/library_path.sh
[0.151s] -- Up-to-date: /home/line/ROSlearning_LJK/01_HelloROS/camera/install/camera/share/camera/environment/library_path.dsv
[0.151s] -- Up-to-date: /home/line/ROSlearning_LJK/01_HelloROS/camera/install/camera/lib/libcamera__rosidl_generator_c.so
[0.152s] -- Up-to-date: /home/line/ROSlearning_LJK/01_HelloROS/camera/install/camera/include/camera/camera
[0.152s] -- Up-to-date: /home/line/ROSlearning_LJK/01_HelloROS/camera/install/camera/include/camera/camera/msg
[0.152s] -- Up-to-date: /home/line/ROSlearning_LJK/01_HelloROS/camera/install/camera/include/camera/camera/msg/detail
[0.152s] -- Up-to-date: /home/line/ROSlearning_LJK/01_HelloROS/camera/install/camera/include/camera/camera/msg/detail/robot_pose_msg__rosidl_typesupport_fastrtps_c.h
[0.152s] -- Up-to-date: /home/line/ROSlearning_LJK/01_HelloROS/camera/install/camera/include/camera/camera/msg/rosidl_typesupport_fastrtps_c__visibility_control.h
[0.152s] -- Up-to-date: /home/line/ROSlearning_LJK/01_HelloROS/camera/install/camera/lib/libcamera__rosidl_typesupport_fastrtps_c.so
[0.152s] -- Up-to-date: /home/line/ROSlearning_LJK/01_HelloROS/camera/install/camera/include/camera/camera
[0.152s] -- Up-to-date: /home/line/ROSlearning_LJK/01_HelloROS/camera/install/camera/include/camera/camera/msg
[0.152s] -- Up-to-date: /home/line/ROSlearning_LJK/01_HelloROS/camera/install/camera/include/camera/camera/msg/rosidl_generator_cpp__visibility_control.hpp
[0.152s] -- Up-to-date: /home/line/ROSlearning_LJK/01_HelloROS/camera/install/camera/include/camera/camera/msg/robot_pose_msg.hpp
[0.152s] -- Up-to-date: /home/line/ROSlearning_LJK/01_HelloROS/camera/install/camera/include/camera/camera/msg/detail
[0.152s] -- Up-to-date: /home/line/ROSlearning_LJK/01_HelloROS/camera/install/camera/include/camera/camera/msg/detail/robot_pose_msg__builder.hpp
[0.152s] -- Up-to-date: /home/line/ROSlearning_LJK/01_HelloROS/camera/install/camera/include/camera/camera/msg/detail/robot_pose_msg__struct.hpp
[0.152s] -- Up-to-date: /home/line/ROSlearning_LJK/01_HelloROS/camera/install/camera/include/camera/camera/msg/detail/robot_pose_msg__traits.hpp
[0.152s] -- Up-to-date: /home/line/ROSlearning_LJK/01_HelloROS/camera/install/camera/include/camera/camera/msg/detail/robot_pose_msg__type_support.hpp
[0.152s] -- Up-to-date: /home/line/ROSlearning_LJK/01_HelloROS/camera/install/camera/include/camera/camera
[0.152s] -- Up-to-date: /home/line/ROSlearning_LJK/01_HelloROS/camera/install/camera/include/camera/camera/msg
[0.152s] -- Up-to-date: /home/line/ROSlearning_LJK/01_HelloROS/camera/install/camera/include/camera/camera/msg/rosidl_typesupport_fastrtps_cpp__visibility_control.h
[0.152s] -- Up-to-date: /home/line/ROSlearning_LJK/01_HelloROS/camera/install/camera/include/camera/camera/msg/detail
[0.152s] -- Up-to-date: /home/line/ROSlearning_LJK/01_HelloROS/camera/install/camera/include/camera/camera/msg/detail/dds_fastrtps
[0.152s] -- Up-to-date: /home/line/ROSlearning_LJK/01_HelloROS/camera/install/camera/include/camera/camera/msg/detail/robot_pose_msg__rosidl_typesupport_fastrtps_cpp.hpp
[0.152s] -- Up-to-date: /home/line/ROSlearning_LJK/01_HelloROS/camera/install/camera/lib/libcamera__rosidl_typesupport_fastrtps_cpp.so
[0.152s] -- Up-to-date: /home/line/ROSlearning_LJK/01_HelloROS/camera/install/camera/include/camera/camera
[0.152s] -- Up-to-date: /home/line/ROSlearning_LJK/01_HelloROS/camera/install/camera/include/camera/camera/msg
[0.152s] -- Up-to-date: /home/line/ROSlearning_LJK/01_HelloROS/camera/install/camera/include/camera/camera/msg/rosidl_typesupport_introspection_c__visibility_control.h
[0.153s] -- Up-to-date: /home/line/ROSlearning_LJK/01_HelloROS/camera/install/camera/include/camera/camera/msg/detail
[0.153s] -- Up-to-date: /home/line/ROSlearning_LJK/01_HelloROS/camera/install/camera/include/camera/camera/msg/detail/robot_pose_msg__type_support.c
[0.153s] -- Up-to-date: /home/line/ROSlearning_LJK/01_HelloROS/camera/install/camera/include/camera/camera/msg/detail/robot_pose_msg__rosidl_typesupport_introspection_c.h
[0.153s] -- Up-to-date: /home/line/ROSlearning_LJK/01_HelloROS/camera/install/camera/lib/libcamera__rosidl_typesupport_introspection_c.so
[0.153s] -- Up-to-date: /home/line/ROSlearning_LJK/01_HelloROS/camera/install/camera/lib/libcamera__rosidl_typesupport_c.so
[0.153s] -- Up-to-date: /home/line/ROSlearning_LJK/01_HelloROS/camera/install/camera/include/camera/camera
[0.153s] -- Up-to-date: /home/line/ROSlearning_LJK/01_HelloROS/camera/install/camera/include/camera/camera/msg
[0.153s] -- Up-to-date: /home/line/ROSlearning_LJK/01_HelloROS/camera/install/camera/include/camera/camera/msg/detail
[0.153s] -- Up-to-date: /home/line/ROSlearning_LJK/01_HelloROS/camera/install/camera/include/camera/camera/msg/detail/robot_pose_msg__type_support.cpp
[0.153s] -- Up-to-date: /home/line/ROSlearning_LJK/01_HelloROS/camera/install/camera/include/camera/camera/msg/detail/robot_pose_msg__rosidl_typesupport_introspection_cpp.hpp
[0.153s] -- Up-to-date: /home/line/ROSlearning_LJK/01_HelloROS/camera/install/camera/lib/libcamera__rosidl_typesupport_introspection_cpp.so
[0.153s] -- Up-to-date: /home/line/ROSlearning_LJK/01_HelloROS/camera/install/camera/lib/libcamera__rosidl_typesupport_cpp.so
[0.153s] -- Up-to-date: /home/line/ROSlearning_LJK/01_HelloROS/camera/install/camera/share/camera/msg/RobotPoseMsg.idl
[0.153s] -- Up-to-date: /home/line/ROSlearning_LJK/01_HelloROS/camera/install/camera/share/camera/msg/RobotPoseMsg.msg
[0.153s] -- Up-to-date: /home/line/ROSlearning_LJK/01_HelloROS/camera/install/camera/lib/camera/camera_node
[0.154s] -- Up-to-date: /home/line/ROSlearning_LJK/01_HelloROS/camera/install/camera/lib/camera/machine_node
[0.154s] -- Up-to-date: /home/line/ROSlearning_LJK/01_HelloROS/camera/install/camera/share/ament_index/resource_index/package_run_dependencies/camera
[0.154s] -- Up-to-date: /home/line/ROSlearning_LJK/01_HelloROS/camera/install/camera/share/ament_index/resource_index/parent_prefix_path/camera
[0.154s] -- Up-to-date: /home/line/ROSlearning_LJK/01_HelloROS/camera/install/camera/share/camera/environment/ament_prefix_path.sh
[0.154s] -- Up-to-date: /home/line/ROSlearning_LJK/01_HelloROS/camera/install/camera/share/camera/environment/ament_prefix_path.dsv
[0.154s] -- Up-to-date: /home/line/ROSlearning_LJK/01_HelloROS/camera/install/camera/share/camera/environment/path.sh
[0.154s] -- Up-to-date: /home/line/ROSlearning_LJK/01_HelloROS/camera/install/camera/share/camera/environment/path.dsv
[0.154s] -- Up-to-date: /home/line/ROSlearning_LJK/01_HelloROS/camera/install/camera/share/camera/local_setup.bash
[0.154s] -- Up-to-date: /home/line/ROSlearning_LJK/01_HelloROS/camera/install/camera/share/camera/local_setup.sh
[0.154s] -- Up-to-date: /home/line/ROSlearning_LJK/01_HelloROS/camera/install/camera/share/camera/local_setup.zsh
[0.154s] -- Up-to-date: /home/line/ROSlearning_LJK/01_HelloROS/camera/install/camera/share/camera/local_setup.dsv
[0.154s] -- Installing: /home/line/ROSlearning_LJK/01_HelloROS/camera/install/camera/share/camera/package.dsv
[0.154s] -- Up-to-date: /home/line/ROSlearning_LJK/01_HelloROS/camera/install/camera/share/ament_index/resource_index/packages/camera
[0.154s] -- Up-to-date: /home/line/ROSlearning_LJK/01_HelloROS/camera/install/camera/share/camera/cmake/export_camera__rosidl_generator_cExport.cmake
[0.154s] -- Up-to-date: /home/line/ROSlearning_LJK/01_HelloROS/camera/install/camera/share/camera/cmake/export_camera__rosidl_generator_cExport-noconfig.cmake
[0.154s] -- Up-to-date: /home/line/ROSlearning_LJK/01_HelloROS/camera/install/camera/share/camera/cmake/export_camera__rosidl_typesupport_fastrtps_cExport.cmake
[0.154s] -- Up-to-date: /home/line/ROSlearning_LJK/01_HelloROS/camera/install/camera/share/camera/cmake/export_camera__rosidl_typesupport_fastrtps_cExport-noconfig.cmake
[0.154s] -- Up-to-date: /home/line/ROSlearning_LJK/01_HelloROS/camera/install/camera/share/camera/cmake/export_camera__rosidl_generator_cppExport.cmake
[0.155s] -- Up-to-date: /home/line/ROSlearning_LJK/01_HelloROS/camera/install/camera/share/camera/cmake/export_camera__rosidl_typesupport_fastrtps_cppExport.cmake
[0.155s] -- Up-to-date: /home/line/ROSlearning_LJK/01_HelloROS/camera/install/camera/share/camera/cmake/export_camera__rosidl_typesupport_fastrtps_cppExport-noconfig.cmake
[0.155s] -- Up-to-date: /home/line/ROSlearning_LJK/01_HelloROS/camera/install/camera/share/camera/cmake/camera__rosidl_typesupport_introspection_cExport.cmake
[0.155s] -- Up-to-date: /home/line/ROSlearning_LJK/01_HelloROS/camera/install/camera/share/camera/cmake/camera__rosidl_typesupport_introspection_cExport-noconfig.cmake
[0.155s] -- Up-to-date: /home/line/ROSlearning_LJK/01_HelloROS/camera/install/camera/share/camera/cmake/camera__rosidl_typesupport_cExport.cmake
[0.155s] -- Up-to-date: /home/line/ROSlearning_LJK/01_HelloROS/camera/install/camera/share/camera/cmake/camera__rosidl_typesupport_cExport-noconfig.cmake
[0.155s] -- Up-to-date: /home/line/ROSlearning_LJK/01_HelloROS/camera/install/camera/share/camera/cmake/camera__rosidl_typesupport_introspection_cppExport.cmake
[0.155s] -- Up-to-date: /home/line/ROSlearning_LJK/01_HelloROS/camera/install/camera/share/camera/cmake/camera__rosidl_typesupport_introspection_cppExport-noconfig.cmake
[0.155s] -- Up-to-date: /home/line/ROSlearning_LJK/01_HelloROS/camera/install/camera/share/camera/cmake/camera__rosidl_typesupport_cppExport.cmake
[0.155s] -- Up-to-date: /home/line/ROSlearning_LJK/01_HelloROS/camera/install/camera/share/camera/cmake/camera__rosidl_typesupport_cppExport-noconfig.cmake
[0.155s] -- Up-to-date: /home/line/ROSlearning_LJK/01_HelloROS/camera/install/camera/share/camera/cmake/rosidl_cmake-extras.cmake
[0.155s] -- Up-to-date: /home/line/ROSlearning_LJK/01_HelloROS/camera/install/camera/share/camera/cmake/ament_cmake_export_dependencies-extras.cmake
[0.155s] -- Up-to-date: /home/line/ROSlearning_LJK/01_HelloROS/camera/install/camera/share/camera/cmake/ament_cmake_export_include_directories-extras.cmake
[0.155s] -- Up-to-date: /home/line/ROSlearning_LJK/01_HelloROS/camera/install/camera/share/camera/cmake/ament_cmake_export_libraries-extras.cmake
[0.155s] -- Up-to-date: /home/line/ROSlearning_LJK/01_HelloROS/camera/install/camera/share/camera/cmake/ament_cmake_export_targets-extras.cmake
[0.155s] -- Up-to-date: /home/line/ROSlearning_LJK/01_HelloROS/camera/install/camera/share/camera/cmake/rosidl_cmake_export_typesupport_targets-extras.cmake
[0.155s] -- Up-to-date: /home/line/ROSlearning_LJK/01_HelloROS/camera/install/camera/share/camera/cmake/rosidl_cmake_export_typesupport_libraries-extras.cmake
[0.155s] -- Up-to-date: /home/line/ROSlearning_LJK/01_HelloROS/camera/install/camera/share/camera/cmake/rosidl_cmake_aggregate_target-extras.cmake
[0.155s] -- Up-to-date: /home/line/ROSlearning_LJK/01_HelloROS/camera/install/camera/share/camera/cmake/cameraConfig.cmake
[0.155s] -- Up-to-date: /home/line/ROSlearning_LJK/01_HelloROS/camera/install/camera/share/camera/cmake/cameraConfig-version.cmake
[0.155s] -- Up-to-date: /home/line/ROSlearning_LJK/01_HelloROS/camera/install/camera/share/camera/package.xml
[0.157s] Invoked command in '/home/line/ROSlearning_LJK/01_HelloROS/camera/build/camera' returned '0': CMAKE_PREFIX_PATH=/opt/ros/humble /usr/bin/cmake --install /home/line/ROSlearning_LJK/01_HelloROS/camera/build/camera
