/home/line/Community_ws/install/building_1/lib/python3.10/site-packages/building_1/constructor.py
/home/line/Community_ws/install/building_1/lib/python3.10/site-packages/building_1/resident1.py
/home/line/Community_ws/install/building_1/lib/python3.10/site-packages/building_1/__init__.py
/home/line/Community_ws/install/building_1/lib/python3.10/site-packages/building_1/management.py
/home/line/Community_ws/install/building_1/lib/python3.10/site-packages/building_1/tenant.py
/home/line/Community_ws/install/building_1/lib/python3.10/site-packages/building_1/__pycache__/constructor.cpython-310.pyc
/home/line/Community_ws/install/building_1/lib/python3.10/site-packages/building_1/__pycache__/resident1.cpython-310.pyc
/home/line/Community_ws/install/building_1/lib/python3.10/site-packages/building_1/__pycache__/__init__.cpython-310.pyc
/home/line/Community_ws/install/building_1/lib/python3.10/site-packages/building_1/__pycache__/management.cpython-310.pyc
/home/line/Community_ws/install/building_1/lib/python3.10/site-packages/building_1/__pycache__/tenant.cpython-310.pyc
/home/line/Community_ws/install/building_1/share/ament_index/resource_index/packages/building_1
/home/line/Community_ws/install/building_1/share/building_1/package.xml
/home/line/Community_ws/install/building_1/share/building_1/launch/building.launch.py
/home/line/Community_ws/install/building_1/lib/python3.10/site-packages/building_1-0.0.0-py3.10.egg-info/top_level.txt
/home/line/Community_ws/install/building_1/lib/python3.10/site-packages/building_1-0.0.0-py3.10.egg-info/entry_points.txt
/home/line/Community_ws/install/building_1/lib/python3.10/site-packages/building_1-0.0.0-py3.10.egg-info/dependency_links.txt
/home/line/Community_ws/install/building_1/lib/python3.10/site-packages/building_1-0.0.0-py3.10.egg-info/SOURCES.txt
/home/line/Community_ws/install/building_1/lib/python3.10/site-packages/building_1-0.0.0-py3.10.egg-info/requires.txt
/home/line/Community_ws/install/building_1/lib/python3.10/site-packages/building_1-0.0.0-py3.10.egg-info/zip-safe
/home/line/Community_ws/install/building_1/lib/python3.10/site-packages/building_1-0.0.0-py3.10.egg-info/PKG-INFO
/home/line/Community_ws/install/building_1/lib/building_1/constructor_node
/home/line/Community_ws/install/building_1/lib/building_1/management_node
/home/line/Community_ws/install/building_1/lib/building_1/resident1_node
/home/line/Community_ws/install/building_1/lib/building_1/tenant_node
