[0.006s] Invoking command in '/home/line/town_ws/src/village_interfaces/build/village_interfaces': CMAKE_PREFIX_PATH=/opt/ros/humble /usr/bin/cmake /home/line/town_ws/src/village_interfaces -DCMAKE_INSTALL_PREFIX=/home/line/town_ws/src/village_interfaces/install/village_interfaces
[0.100s] -- The C compiler identification is GNU 11.4.0
[0.185s] -- The CXX compiler identification is GNU 11.4.0
[0.191s] -- Detecting C compiler ABI info
[0.259s] -- Detecting C compiler ABI info - done
[0.269s] -- Check for working C compiler: /usr/bin/cc - skipped
[0.269s] -- Detecting C compile features
[0.270s] -- Detecting C compile features - done
[0.273s] -- Detecting CXX compiler ABI info
[0.364s] -- Detecting CXX compiler ABI info - done
[0.370s] -- Check for working CXX compiler: /usr/bin/c++ - skipped
[0.370s] -- Detecting CXX compile features
[0.370s] -- Detecting CXX compile features - done
[0.371s] -- Found ament_cmake: 1.3.14 (/opt/ros/humble/share/ament_cmake/cmake)
[0.485s] -- Found Python3: /usr/bin/python3 (found version "3.10.12") found components: Interpreter 
[0.572s] -- Found sensor_msgs: 4.9.1 (/opt/ros/humble/share/sensor_msgs/cmake)
[0.591s] -- Found rosidl_generator_c: 3.1.8 (/opt/ros/humble/share/rosidl_generator_c/cmake)
[0.594s] -- Found rosidl_adapter: 3.1.8 (/opt/ros/humble/share/rosidl_adapter/cmake)
[0.599s] -- Found rosidl_generator_cpp: 3.1.8 (/opt/ros/humble/share/rosidl_generator_cpp/cmake)
[0.605s] -- Using all available rosidl_typesupport_c: rosidl_typesupport_fastrtps_c;rosidl_typesupport_introspection_c
[0.612s] -- Using all available rosidl_typesupport_cpp: rosidl_typesupport_fastrtps_cpp;rosidl_typesupport_introspection_cpp
[0.642s] -- Found rosidl_default_generators: 1.2.1 (/opt/ros/humble/share/rosidl_default_generators/cmake)
[0.648s] -- Found ament_lint_auto: 0.12.15 (/opt/ros/humble/share/ament_lint_auto/cmake)
[0.796s] [31mCMake Error at /opt/ros/humble/share/rosidl_adapter/cmake/rosidl_adapt_interfaces.cmake:59 (message):
[0.796s]   execute_process(/usr/bin/python3 -m rosidl_adapter --package-name
[0.796s]   village_interfaces --arguments-file
[0.796s]   /home/line/town_ws/src/village_interfaces/build/village_interfaces/rosidl_adapter__arguments__village_interfaces.json
[0.796s]   --output-dir
[0.796s]   /home/line/town_ws/src/village_interfaces/build/village_interfaces/rosidl_adapter/village_interfaces
[0.796s]   --output-file
[0.796s]   /home/line/town_ws/src/village_interfaces/build/village_interfaces/rosidl_adapter/village_interfaces.idls)
[0.796s]   returned error code 1:
[0.796s] 
[0.796s]   Traceback (most recent call last):
[0.796s] 
[0.796s]     File "/usr/lib/python3.10/runpy.py", line 196, in _run_module_as_main
[0.796s]       return _run_code(code, main_globals, None,
[0.796s]     File "/usr/lib/python3.10/runpy.py", line 86, in _run_code
[0.796s]       exec(code, run_globals)
[0.796s]     File "/opt/ros/humble/local/lib/python3.10/dist-packages/rosidl_adapter/__main__.py", line 19, in <module>
[0.796s]       sys.exit(main())
[0.796s]     File "/opt/ros/humble/local/lib/python3.10/dist-packages/rosidl_adapter/main.py", line 53, in main
[0.796s]       abs_idl_file = convert_to_idl(
[0.796s]     File "/opt/ros/humble/local/lib/python3.10/dist-packages/rosidl_adapter/__init__.py", line 24, in convert_to_idl
[0.796s]       return convert_srv_to_idl(
[0.796s]     File "/opt/ros/humble/local/lib/python3.10/dist-packages/rosidl_adapter/srv/__init__.py", line 28, in convert_srv_to_idl
[0.796s]       srv = parse_service_string(package_name, input_file.stem, content)
[0.796s]     File "/opt/ros/humble/local/lib/python3.10/dist-packages/rosidl_adapter/parser.py", line 850, in parse_service_string
[0.796s]       raise InvalidServiceSpecification(
[0.796s] 
[0.796s]   rosidl_adapter.parser.InvalidServiceSpecification: Could not find separator
[0.796s]   '---' between request and response
[0.797s] 
[0.797s] Call Stack (most recent call first):
[0.797s]   /opt/ros/humble/share/rosidl_cmake/cmake/rosidl_generate_interfaces.cmake:130 (rosidl_adapt_interfaces)
[0.797s]   CMakeLists.txt:28 (rosidl_generate_interfaces)
[0.797s] 
[0.797s] [0m
[0.797s] -- Configuring incomplete, errors occurred!
[0.797s] See also "/home/line/town_ws/src/village_interfaces/build/village_interfaces/CMakeFiles/CMakeOutput.log".
[0.801s] Invoked command in '/home/line/town_ws/src/village_interfaces/build/village_interfaces' returned '1': CMAKE_PREFIX_PATH=/opt/ros/humble /usr/bin/cmake /home/line/town_ws/src/village_interfaces -DCMAKE_INSTALL_PREFIX=/home/line/town_ws/src/village_interfaces/install/village_interfaces
