[0.456s] Invoking command in '/home/line/town_ws/src/village_zhang': AMENT_PREFIX_PATH=/home/line/town_ws/install/village_interfaces:${AMENT_PREFIX_PATH} CMAKE_PREFIX_PATH=/home/line/town_ws/install/village_interfaces LD_LIBRARY_PATH=/home/line/town_ws/install/village_interfaces/lib:${LD_LIBRARY_PATH} PYTHONPATH=/home/line/town_ws/build/village_zhang/prefix_override:/usr/lib/python3/dist-packages/colcon_core/task/python/colcon_distutils_commands:/home/line/town_ws/install/village_zhang/lib/python3.10/site-packages:/home/line/town_ws/install/village_interfaces/local/lib/python3.10/dist-packages:${PYTHONPATH} /usr/bin/python3 -W ignore:setup.py install is deprecated -W ignore:easy_install command is deprecated setup.py egg_info --egg-base ../../build/village_zhang build --build-base /home/line/town_ws/build/village_zhang/build install --record /home/line/town_ws/build/village_zhang/install.log --single-version-externally-managed install_data
[0.569s] running egg_info
[0.569s] creating ../../build/village_zhang/village_zhang.egg-info
[0.569s] writing ../../build/village_zhang/village_zhang.egg-info/PKG-INFO
[0.569s] writing dependency_links to ../../build/village_zhang/village_zhang.egg-info/dependency_links.txt
[0.569s] writing entry points to ../../build/village_zhang/village_zhang.egg-info/entry_points.txt
[0.569s] writing requirements to ../../build/village_zhang/village_zhang.egg-info/requires.txt
[0.569s] writing top-level names to ../../build/village_zhang/village_zhang.egg-info/top_level.txt
[0.569s] writing manifest file '../../build/village_zhang/village_zhang.egg-info/SOURCES.txt'
[0.570s] reading manifest file '../../build/village_zhang/village_zhang.egg-info/SOURCES.txt'
[0.570s] writing manifest file '../../build/village_zhang/village_zhang.egg-info/SOURCES.txt'
[0.571s] running build
[0.571s] running build_py
[0.571s] creating /home/line/town_ws/build/village_zhang/build
[0.571s] creating /home/line/town_ws/build/village_zhang/build/lib
[0.571s] creating /home/line/town_ws/build/village_zhang/build/lib/village_zhang
[0.571s] copying village_zhang/zhang3.py -> /home/line/town_ws/build/village_zhang/build/lib/village_zhang
[0.571s] copying village_zhang/__init__.py -> /home/line/town_ws/build/village_zhang/build/lib/village_zhang
[0.571s] running install
[0.571s] running install_lib
[0.571s] creating /home/line/town_ws/install/village_zhang/lib/python3.10/site-packages/village_zhang
[0.571s] copying /home/line/town_ws/build/village_zhang/build/lib/village_zhang/zhang3.py -> /home/line/town_ws/install/village_zhang/lib/python3.10/site-packages/village_zhang
[0.571s] copying /home/line/town_ws/build/village_zhang/build/lib/village_zhang/__init__.py -> /home/line/town_ws/install/village_zhang/lib/python3.10/site-packages/village_zhang
[0.572s] byte-compiling /home/line/town_ws/install/village_zhang/lib/python3.10/site-packages/village_zhang/zhang3.py to zhang3.cpython-310.pyc
[0.572s] byte-compiling /home/line/town_ws/install/village_zhang/lib/python3.10/site-packages/village_zhang/__init__.py to __init__.cpython-310.pyc
[0.572s] running install_data
[0.572s] creating /home/line/town_ws/install/village_zhang/share/ament_index
[0.572s] creating /home/line/town_ws/install/village_zhang/share/ament_index/resource_index
[0.572s] creating /home/line/town_ws/install/village_zhang/share/ament_index/resource_index/packages
[0.572s] copying resource/village_zhang -> /home/line/town_ws/install/village_zhang/share/ament_index/resource_index/packages
[0.572s] copying package.xml -> /home/line/town_ws/install/village_zhang/share/village_zhang
[0.572s] running install_egg_info
[0.573s] Copying ../../build/village_zhang/village_zhang.egg-info to /home/line/town_ws/install/village_zhang/lib/python3.10/site-packages/village_zhang-0.0.0-py3.10.egg-info
[0.574s] running install_scripts
[0.590s] Installing zhang3_node script to /home/line/town_ws/install/village_zhang/lib/village_zhang
[0.590s] writing list of installed files to '/home/line/town_ws/build/village_zhang/install.log'
[0.608s] Invoked command in '/home/line/town_ws/src/village_zhang' returned '0': AMENT_PREFIX_PATH=/home/line/town_ws/install/village_interfaces:${AMENT_PREFIX_PATH} CMAKE_PREFIX_PATH=/home/line/town_ws/install/village_interfaces LD_LIBRARY_PATH=/home/line/town_ws/install/village_interfaces/lib:${LD_LIBRARY_PATH} PYTHONPATH=/home/line/town_ws/build/village_zhang/prefix_override:/usr/lib/python3/dist-packages/colcon_core/task/python/colcon_distutils_commands:/home/line/town_ws/install/village_zhang/lib/python3.10/site-packages:/home/line/town_ws/install/village_interfaces/local/lib/python3.10/dist-packages:${PYTHONPATH} /usr/bin/python3 -W ignore:setup.py install is deprecated -W ignore:easy_install command is deprecated setup.py egg_info --egg-base ../../build/village_zhang build --build-base /home/line/town_ws/build/village_zhang/build install --record /home/line/town_ws/build/village_zhang/install.log --single-version-externally-managed install_data
