[0.085s] DEBUG:colcon:Command line arguments: ['/usr/bin/colcon', 'build']
[0.085s] DEBUG:colcon:Parsed command line arguments: Namespace(log_base=None, log_level=None, verb_name='build', build_base='build', install_base='install', merge_install=False, symlink_install=False, test_result_base=None, continue_on_error=False, executor='parallel', parallel_workers=20, event_handlers=None, ignore_user_meta=False, metas=['./colcon.meta'], base_paths=['.'], packages_ignore=None, packages_ignore_regex=None, paths=None, packages_up_to=None, packages_up_to_regex=None, packages_above=None, packages_above_and_dependencies=None, packages_above_depth=None, packages_select_by_dep=None, packages_skip_by_dep=None, packages_skip_up_to=None, packages_select_build_failed=False, packages_skip_build_finished=False, packages_select_test_failures=False, packages_skip_test_passed=False, packages_select=None, packages_skip=None, packages_select_regex=None, packages_skip_regex=None, packages_start=None, packages_end=None, allow_overriding=[], cmake_args=None, cmake_target=None, cmake_target_skip_unavailable=False, cmake_clean_cache=False, cmake_clean_first=False, cmake_force_configure=False, ament_cmake_args=None, catkin_cmake_args=None, catkin_skip_building_tests=False, verb_parser=<colcon_defaults.argument_parser.defaults.DefaultArgumentsDecorator object at 0x7409432eefe0>, verb_extension=<colcon_core.verb.build.BuildVerb object at 0x7409432ee9e0>, main=<bound method BuildVerb.main of <colcon_core.verb.build.BuildVerb object at 0x7409432ee9e0>>)
[0.197s] Level 1:colcon.colcon_core.package_discovery:discover_packages(colcon_meta) check parameters
[0.197s] Level 1:colcon.colcon_core.package_discovery:discover_packages(recursive) check parameters
[0.197s] Level 1:colcon.colcon_core.package_discovery:discover_packages(ignore) check parameters
[0.197s] Level 1:colcon.colcon_core.package_discovery:discover_packages(path) check parameters
[0.197s] Level 1:colcon.colcon_core.package_discovery:discover_packages(colcon_meta) discover
[0.197s] Level 1:colcon.colcon_core.package_discovery:discover_packages(recursive) discover
[0.197s] INFO:colcon.colcon_core.package_discovery:Crawling recursively for packages in '/home/line/town_ws'
[0.197s] Level 1:colcon.colcon_core.package_identification:_identify(.) by extensions ['ignore', 'ignore_ament_install']
[0.197s] Level 1:colcon.colcon_core.package_identification:_identify(.) by extension 'ignore'
[0.197s] Level 1:colcon.colcon_core.package_identification:_identify(.) by extension 'ignore_ament_install'
[0.197s] Level 1:colcon.colcon_core.package_identification:_identify(.) by extensions ['colcon_pkg']
[0.197s] Level 1:colcon.colcon_core.package_identification:_identify(.) by extension 'colcon_pkg'
[0.197s] Level 1:colcon.colcon_core.package_identification:_identify(.) by extensions ['colcon_meta']
[0.197s] Level 1:colcon.colcon_core.package_identification:_identify(.) by extension 'colcon_meta'
[0.197s] Level 1:colcon.colcon_core.package_identification:_identify(.) by extensions ['ros']
[0.198s] Level 1:colcon.colcon_core.package_identification:_identify(.) by extension 'ros'
[0.205s] Level 1:colcon.colcon_core.package_identification:_identify(.) by extensions ['cmake', 'python']
[0.205s] Level 1:colcon.colcon_core.package_identification:_identify(.) by extension 'cmake'
[0.205s] Level 1:colcon.colcon_core.package_identification:_identify(.) by extension 'python'
[0.205s] Level 1:colcon.colcon_core.package_identification:_identify(.) by extensions ['python_setup_py']
[0.205s] Level 1:colcon.colcon_core.package_identification:_identify(.) by extension 'python_setup_py'
[0.205s] Level 1:colcon.colcon_core.package_identification:_identify(build) by extensions ['ignore', 'ignore_ament_install']
[0.206s] Level 1:colcon.colcon_core.package_identification:_identify(build) by extension 'ignore'
[0.206s] Level 1:colcon.colcon_core.package_identification:_identify(build) ignored
[0.206s] Level 1:colcon.colcon_core.package_identification:_identify(install) by extensions ['ignore', 'ignore_ament_install']
[0.206s] Level 1:colcon.colcon_core.package_identification:_identify(install) by extension 'ignore'
[0.206s] Level 1:colcon.colcon_core.package_identification:_identify(install) ignored
[0.206s] Level 1:colcon.colcon_core.package_identification:_identify(log) by extensions ['ignore', 'ignore_ament_install']
[0.206s] Level 1:colcon.colcon_core.package_identification:_identify(log) by extension 'ignore'
[0.206s] Level 1:colcon.colcon_core.package_identification:_identify(log) ignored
[0.206s] Level 1:colcon.colcon_core.package_identification:_identify(src) by extensions ['ignore', 'ignore_ament_install']
[0.206s] Level 1:colcon.colcon_core.package_identification:_identify(src) by extension 'ignore'
[0.206s] Level 1:colcon.colcon_core.package_identification:_identify(src) by extension 'ignore_ament_install'
[0.206s] Level 1:colcon.colcon_core.package_identification:_identify(src) by extensions ['colcon_pkg']
[0.206s] Level 1:colcon.colcon_core.package_identification:_identify(src) by extension 'colcon_pkg'
[0.206s] Level 1:colcon.colcon_core.package_identification:_identify(src) by extensions ['colcon_meta']
[0.206s] Level 1:colcon.colcon_core.package_identification:_identify(src) by extension 'colcon_meta'
[0.206s] Level 1:colcon.colcon_core.package_identification:_identify(src) by extensions ['ros']
[0.206s] Level 1:colcon.colcon_core.package_identification:_identify(src) by extension 'ros'
[0.206s] Level 1:colcon.colcon_core.package_identification:_identify(src) by extensions ['cmake', 'python']
[0.206s] Level 1:colcon.colcon_core.package_identification:_identify(src) by extension 'cmake'
[0.206s] Level 1:colcon.colcon_core.package_identification:_identify(src) by extension 'python'
[0.206s] Level 1:colcon.colcon_core.package_identification:_identify(src) by extensions ['python_setup_py']
[0.206s] Level 1:colcon.colcon_core.package_identification:_identify(src) by extension 'python_setup_py'
[0.206s] Level 1:colcon.colcon_core.package_identification:_identify(src/build) by extensions ['ignore', 'ignore_ament_install']
[0.206s] Level 1:colcon.colcon_core.package_identification:_identify(src/build) by extension 'ignore'
[0.206s] Level 1:colcon.colcon_core.package_identification:_identify(src/build) ignored
[0.206s] Level 1:colcon.colcon_core.package_identification:_identify(src/install) by extensions ['ignore', 'ignore_ament_install']
[0.206s] Level 1:colcon.colcon_core.package_identification:_identify(src/install) by extension 'ignore'
[0.206s] Level 1:colcon.colcon_core.package_identification:_identify(src/install) ignored
[0.206s] Level 1:colcon.colcon_core.package_identification:_identify(src/log) by extensions ['ignore', 'ignore_ament_install']
[0.206s] Level 1:colcon.colcon_core.package_identification:_identify(src/log) by extension 'ignore'
[0.206s] Level 1:colcon.colcon_core.package_identification:_identify(src/log) ignored
[0.206s] Level 1:colcon.colcon_core.package_identification:_identify(src/village_interfaces) by extensions ['ignore', 'ignore_ament_install']
[0.206s] Level 1:colcon.colcon_core.package_identification:_identify(src/village_interfaces) by extension 'ignore'
[0.206s] Level 1:colcon.colcon_core.package_identification:_identify(src/village_interfaces) by extension 'ignore_ament_install'
[0.206s] Level 1:colcon.colcon_core.package_identification:_identify(src/village_interfaces) by extensions ['colcon_pkg']
[0.206s] Level 1:colcon.colcon_core.package_identification:_identify(src/village_interfaces) by extension 'colcon_pkg'
[0.207s] Level 1:colcon.colcon_core.package_identification:_identify(src/village_interfaces) by extensions ['colcon_meta']
[0.207s] Level 1:colcon.colcon_core.package_identification:_identify(src/village_interfaces) by extension 'colcon_meta'
[0.207s] Level 1:colcon.colcon_core.package_identification:_identify(src/village_interfaces) by extensions ['ros']
[0.207s] Level 1:colcon.colcon_core.package_identification:_identify(src/village_interfaces) by extension 'ros'
[0.208s] DEBUG:colcon.colcon_core.package_identification:Package 'src/village_interfaces' with type 'ros.ament_cmake' and name 'village_interfaces'
[0.208s] Level 1:colcon.colcon_core.package_identification:_identify(src/village_li) by extensions ['ignore', 'ignore_ament_install']
[0.208s] Level 1:colcon.colcon_core.package_identification:_identify(src/village_li) by extension 'ignore'
[0.208s] Level 1:colcon.colcon_core.package_identification:_identify(src/village_li) by extension 'ignore_ament_install'
[0.208s] Level 1:colcon.colcon_core.package_identification:_identify(src/village_li) by extensions ['colcon_pkg']
[0.208s] Level 1:colcon.colcon_core.package_identification:_identify(src/village_li) by extension 'colcon_pkg'
[0.208s] Level 1:colcon.colcon_core.package_identification:_identify(src/village_li) by extensions ['colcon_meta']
[0.208s] Level 1:colcon.colcon_core.package_identification:_identify(src/village_li) by extension 'colcon_meta'
[0.208s] Level 1:colcon.colcon_core.package_identification:_identify(src/village_li) by extensions ['ros']
[0.208s] Level 1:colcon.colcon_core.package_identification:_identify(src/village_li) by extension 'ros'
[0.209s] DEBUG:colcon.colcon_core.package_identification:Package 'src/village_li' with type 'ros.ament_python' and name 'village_li'
[0.209s] Level 1:colcon.colcon_core.package_identification:_identify(src/village_wang) by extensions ['ignore', 'ignore_ament_install']
[0.209s] Level 1:colcon.colcon_core.package_identification:_identify(src/village_wang) by extension 'ignore'
[0.209s] Level 1:colcon.colcon_core.package_identification:_identify(src/village_wang) by extension 'ignore_ament_install'
[0.209s] Level 1:colcon.colcon_core.package_identification:_identify(src/village_wang) by extensions ['colcon_pkg']
[0.209s] Level 1:colcon.colcon_core.package_identification:_identify(src/village_wang) by extension 'colcon_pkg'
[0.209s] Level 1:colcon.colcon_core.package_identification:_identify(src/village_wang) by extensions ['colcon_meta']
[0.209s] Level 1:colcon.colcon_core.package_identification:_identify(src/village_wang) by extension 'colcon_meta'
[0.209s] Level 1:colcon.colcon_core.package_identification:_identify(src/village_wang) by extensions ['ros']
[0.209s] Level 1:colcon.colcon_core.package_identification:_identify(src/village_wang) by extension 'ros'
[0.209s] DEBUG:colcon.colcon_core.package_identification:Package 'src/village_wang' with type 'ros.ament_cmake' and name 'village_wang'
[0.209s] Level 1:colcon.colcon_core.package_discovery:discover_packages(recursive) using defaults
[0.209s] Level 1:colcon.colcon_core.package_discovery:discover_packages(ignore) discover
[0.209s] Level 1:colcon.colcon_core.package_discovery:discover_packages(ignore) using defaults
[0.209s] Level 1:colcon.colcon_core.package_discovery:discover_packages(path) discover
[0.209s] Level 1:colcon.colcon_core.package_discovery:discover_packages(path) using defaults
[0.223s] Level 1:colcon.colcon_core.package_discovery:discover_packages(prefix_path) check parameters
[0.223s] Level 1:colcon.colcon_core.package_discovery:discover_packages(prefix_path) discover
[0.224s] DEBUG:colcon.colcon_installed_package_information.package_discovery:Found 273 installed packages in /opt/ros/humble
[0.226s] Level 1:colcon.colcon_core.package_discovery:discover_packages(prefix_path) using defaults
[0.250s] Level 5:colcon.colcon_core.verb:set package 'village_interfaces' build argument 'cmake_args' from command line to 'None'
[0.250s] Level 5:colcon.colcon_core.verb:set package 'village_interfaces' build argument 'cmake_target' from command line to 'None'
[0.250s] Level 5:colcon.colcon_core.verb:set package 'village_interfaces' build argument 'cmake_target_skip_unavailable' from command line to 'False'
[0.250s] Level 5:colcon.colcon_core.verb:set package 'village_interfaces' build argument 'cmake_clean_cache' from command line to 'False'
[0.250s] Level 5:colcon.colcon_core.verb:set package 'village_interfaces' build argument 'cmake_clean_first' from command line to 'False'
[0.250s] Level 5:colcon.colcon_core.verb:set package 'village_interfaces' build argument 'cmake_force_configure' from command line to 'False'
[0.250s] Level 5:colcon.colcon_core.verb:set package 'village_interfaces' build argument 'ament_cmake_args' from command line to 'None'
[0.250s] Level 5:colcon.colcon_core.verb:set package 'village_interfaces' build argument 'catkin_cmake_args' from command line to 'None'
[0.250s] Level 5:colcon.colcon_core.verb:set package 'village_interfaces' build argument 'catkin_skip_building_tests' from command line to 'False'
[0.250s] DEBUG:colcon.colcon_core.verb:Building package 'village_interfaces' with the following arguments: {'ament_cmake_args': None, 'build_base': '/home/line/town_ws/build/village_interfaces', 'catkin_cmake_args': None, 'catkin_skip_building_tests': False, 'cmake_args': None, 'cmake_clean_cache': False, 'cmake_clean_first': False, 'cmake_force_configure': False, 'cmake_target': None, 'cmake_target_skip_unavailable': False, 'install_base': '/home/line/town_ws/install/village_interfaces', 'merge_install': False, 'path': '/home/line/town_ws/src/village_interfaces', 'symlink_install': False, 'test_result_base': None}
[0.250s] Level 5:colcon.colcon_core.verb:set package 'village_li' build argument 'cmake_args' from command line to 'None'
[0.250s] Level 5:colcon.colcon_core.verb:set package 'village_li' build argument 'cmake_target' from command line to 'None'
[0.250s] Level 5:colcon.colcon_core.verb:set package 'village_li' build argument 'cmake_target_skip_unavailable' from command line to 'False'
[0.250s] Level 5:colcon.colcon_core.verb:set package 'village_li' build argument 'cmake_clean_cache' from command line to 'False'
[0.250s] Level 5:colcon.colcon_core.verb:set package 'village_li' build argument 'cmake_clean_first' from command line to 'False'
[0.250s] Level 5:colcon.colcon_core.verb:set package 'village_li' build argument 'cmake_force_configure' from command line to 'False'
[0.250s] Level 5:colcon.colcon_core.verb:set package 'village_li' build argument 'ament_cmake_args' from command line to 'None'
[0.250s] Level 5:colcon.colcon_core.verb:set package 'village_li' build argument 'catkin_cmake_args' from command line to 'None'
[0.250s] Level 5:colcon.colcon_core.verb:set package 'village_li' build argument 'catkin_skip_building_tests' from command line to 'False'
[0.250s] DEBUG:colcon.colcon_core.verb:Building package 'village_li' with the following arguments: {'ament_cmake_args': None, 'build_base': '/home/line/town_ws/build/village_li', 'catkin_cmake_args': None, 'catkin_skip_building_tests': False, 'cmake_args': None, 'cmake_clean_cache': False, 'cmake_clean_first': False, 'cmake_force_configure': False, 'cmake_target': None, 'cmake_target_skip_unavailable': False, 'install_base': '/home/line/town_ws/install/village_li', 'merge_install': False, 'path': '/home/line/town_ws/src/village_li', 'symlink_install': False, 'test_result_base': None}
[0.250s] Level 5:colcon.colcon_core.verb:set package 'village_wang' build argument 'cmake_args' from command line to 'None'
[0.250s] Level 5:colcon.colcon_core.verb:set package 'village_wang' build argument 'cmake_target' from command line to 'None'
[0.250s] Level 5:colcon.colcon_core.verb:set package 'village_wang' build argument 'cmake_target_skip_unavailable' from command line to 'False'
[0.250s] Level 5:colcon.colcon_core.verb:set package 'village_wang' build argument 'cmake_clean_cache' from command line to 'False'
[0.250s] Level 5:colcon.colcon_core.verb:set package 'village_wang' build argument 'cmake_clean_first' from command line to 'False'
[0.250s] Level 5:colcon.colcon_core.verb:set package 'village_wang' build argument 'cmake_force_configure' from command line to 'False'
[0.250s] Level 5:colcon.colcon_core.verb:set package 'village_wang' build argument 'ament_cmake_args' from command line to 'None'
[0.250s] Level 5:colcon.colcon_core.verb:set package 'village_wang' build argument 'catkin_cmake_args' from command line to 'None'
[0.250s] Level 5:colcon.colcon_core.verb:set package 'village_wang' build argument 'catkin_skip_building_tests' from command line to 'False'
[0.250s] DEBUG:colcon.colcon_core.verb:Building package 'village_wang' with the following arguments: {'ament_cmake_args': None, 'build_base': '/home/line/town_ws/build/village_wang', 'catkin_cmake_args': None, 'catkin_skip_building_tests': False, 'cmake_args': None, 'cmake_clean_cache': False, 'cmake_clean_first': False, 'cmake_force_configure': False, 'cmake_target': None, 'cmake_target_skip_unavailable': False, 'install_base': '/home/line/town_ws/install/village_wang', 'merge_install': False, 'path': '/home/line/town_ws/src/village_wang', 'symlink_install': False, 'test_result_base': None}
[0.250s] INFO:colcon.colcon_core.executor:Executing jobs using 'parallel' executor
[0.251s] DEBUG:colcon.colcon_parallel_executor.executor.parallel:run_until_complete
[0.251s] INFO:colcon.colcon_ros.task.ament_cmake.build:Building ROS package in '/home/line/town_ws/src/village_interfaces' with build type 'ament_cmake'
[0.251s] INFO:colcon.colcon_cmake.task.cmake.build:Building CMake package in '/home/line/town_ws/src/village_interfaces'
[0.253s] INFO:colcon.colcon_core.plugin_system:Skipping extension 'colcon_core.shell.bat': Not used on non-Windows systems
[0.253s] INFO:colcon.colcon_core.shell:Skip shell extension 'powershell' for command environment: Not usable outside of PowerShell
[0.253s] DEBUG:colcon.colcon_core.shell:Skip shell extension 'dsv' for command environment
[0.259s] DEBUG:colcon.colcon_core.event_handler.log_command:Invoking command in '/home/line/town_ws/build/village_interfaces': CMAKE_PREFIX_PATH=/opt/ros/humble /usr/bin/cmake --build /home/line/town_ws/build/village_interfaces -- -j20 -l20
[0.544s] DEBUG:colcon.colcon_core.event_handler.log_command:Invoked command in '/home/line/town_ws/build/village_interfaces' returned '0': CMAKE_PREFIX_PATH=/opt/ros/humble /usr/bin/cmake --build /home/line/town_ws/build/village_interfaces -- -j20 -l20
[0.554s] DEBUG:colcon.colcon_core.event_handler.log_command:Invoking command in '/home/line/town_ws/build/village_interfaces': CMAKE_PREFIX_PATH=/opt/ros/humble /usr/bin/cmake --install /home/line/town_ws/build/village_interfaces
[0.604s] Level 1:colcon.colcon_core.environment:create_environment_scripts_only(village_interfaces)
[0.604s] DEBUG:colcon.colcon_core.event_handler.log_command:Invoked command in '/home/line/town_ws/build/village_interfaces' returned '0': CMAKE_PREFIX_PATH=/opt/ros/humble /usr/bin/cmake --install /home/line/town_ws/build/village_interfaces
[0.607s] Level 1:colcon.colcon_core.environment:checking '/home/line/town_ws/install/village_interfaces' for CMake module files
[0.608s] Level 1:colcon.colcon_core.environment:checking '/home/line/town_ws/install/village_interfaces' for CMake config files
[0.609s] Level 1:colcon.colcon_core.shell:create_environment_hook('village_interfaces', 'cmake_prefix_path')
[0.609s] INFO:colcon.colcon_core.shell:Creating environment hook '/home/line/town_ws/install/village_interfaces/share/village_interfaces/hook/cmake_prefix_path.ps1'
[0.610s] INFO:colcon.colcon_core.shell:Creating environment descriptor '/home/line/town_ws/install/village_interfaces/share/village_interfaces/hook/cmake_prefix_path.dsv'
[0.611s] INFO:colcon.colcon_core.shell:Creating environment hook '/home/line/town_ws/install/village_interfaces/share/village_interfaces/hook/cmake_prefix_path.sh'
[0.612s] Level 1:colcon.colcon_core.environment:checking '/home/line/town_ws/install/village_interfaces/lib'
[0.612s] Level 1:colcon.colcon_core.shell:create_environment_hook('village_interfaces', 'ld_library_path_lib')
[0.612s] INFO:colcon.colcon_core.shell:Creating environment hook '/home/line/town_ws/install/village_interfaces/share/village_interfaces/hook/ld_library_path_lib.ps1'
[0.612s] INFO:colcon.colcon_core.shell:Creating environment descriptor '/home/line/town_ws/install/village_interfaces/share/village_interfaces/hook/ld_library_path_lib.dsv'
[0.612s] INFO:colcon.colcon_core.shell:Creating environment hook '/home/line/town_ws/install/village_interfaces/share/village_interfaces/hook/ld_library_path_lib.sh'
[0.612s] Level 1:colcon.colcon_core.environment:checking '/home/line/town_ws/install/village_interfaces/bin'
[0.612s] Level 1:colcon.colcon_core.environment:checking '/home/line/town_ws/install/village_interfaces/lib/pkgconfig/village_interfaces.pc'
[0.612s] Level 1:colcon.colcon_core.environment:checking '/home/line/town_ws/install/village_interfaces/lib/python3.10/site-packages'
[0.613s] Level 1:colcon.colcon_core.environment:checking '/home/line/town_ws/install/village_interfaces/bin'
[0.613s] INFO:colcon.colcon_core.shell:Creating package script '/home/line/town_ws/install/village_interfaces/share/village_interfaces/package.ps1'
[0.614s] INFO:colcon.colcon_core.shell:Creating package descriptor '/home/line/town_ws/install/village_interfaces/share/village_interfaces/package.dsv'
[0.614s] INFO:colcon.colcon_core.shell:Creating package script '/home/line/town_ws/install/village_interfaces/share/village_interfaces/package.sh'
[0.614s] INFO:colcon.colcon_core.shell:Creating package script '/home/line/town_ws/install/village_interfaces/share/village_interfaces/package.bash'
[0.615s] INFO:colcon.colcon_core.shell:Creating package script '/home/line/town_ws/install/village_interfaces/share/village_interfaces/package.zsh'
[0.616s] Level 1:colcon.colcon_core.environment:create_file_with_runtime_dependencies(/home/line/town_ws/install/village_interfaces/share/colcon-core/packages/village_interfaces)
[0.616s] Level 1:colcon.colcon_core.environment:create_environment_scripts_only(village_interfaces)
[0.616s] Level 1:colcon.colcon_core.environment:checking '/home/line/town_ws/install/village_interfaces' for CMake module files
[0.616s] Level 1:colcon.colcon_core.environment:checking '/home/line/town_ws/install/village_interfaces' for CMake config files
[0.617s] Level 1:colcon.colcon_core.shell:create_environment_hook('village_interfaces', 'cmake_prefix_path')
[0.617s] INFO:colcon.colcon_core.shell:Creating environment hook '/home/line/town_ws/install/village_interfaces/share/village_interfaces/hook/cmake_prefix_path.ps1'
[0.617s] INFO:colcon.colcon_core.shell:Creating environment descriptor '/home/line/town_ws/install/village_interfaces/share/village_interfaces/hook/cmake_prefix_path.dsv'
[0.617s] INFO:colcon.colcon_core.shell:Creating environment hook '/home/line/town_ws/install/village_interfaces/share/village_interfaces/hook/cmake_prefix_path.sh'
[0.618s] Level 1:colcon.colcon_core.environment:checking '/home/line/town_ws/install/village_interfaces/lib'
[0.618s] Level 1:colcon.colcon_core.shell:create_environment_hook('village_interfaces', 'ld_library_path_lib')
[0.618s] INFO:colcon.colcon_core.shell:Creating environment hook '/home/line/town_ws/install/village_interfaces/share/village_interfaces/hook/ld_library_path_lib.ps1'
[0.618s] INFO:colcon.colcon_core.shell:Creating environment descriptor '/home/line/town_ws/install/village_interfaces/share/village_interfaces/hook/ld_library_path_lib.dsv'
[0.618s] INFO:colcon.colcon_core.shell:Creating environment hook '/home/line/town_ws/install/village_interfaces/share/village_interfaces/hook/ld_library_path_lib.sh'
[0.618s] Level 1:colcon.colcon_core.environment:checking '/home/line/town_ws/install/village_interfaces/bin'
[0.618s] Level 1:colcon.colcon_core.environment:checking '/home/line/town_ws/install/village_interfaces/lib/pkgconfig/village_interfaces.pc'
[0.618s] Level 1:colcon.colcon_core.environment:checking '/home/line/town_ws/install/village_interfaces/lib/python3.10/site-packages'
[0.618s] Level 1:colcon.colcon_core.environment:checking '/home/line/town_ws/install/village_interfaces/bin'
[0.619s] INFO:colcon.colcon_core.shell:Creating package script '/home/line/town_ws/install/village_interfaces/share/village_interfaces/package.ps1'
[0.619s] INFO:colcon.colcon_core.shell:Creating package descriptor '/home/line/town_ws/install/village_interfaces/share/village_interfaces/package.dsv'
[0.619s] INFO:colcon.colcon_core.shell:Creating package script '/home/line/town_ws/install/village_interfaces/share/village_interfaces/package.sh'
[0.619s] INFO:colcon.colcon_core.shell:Creating package script '/home/line/town_ws/install/village_interfaces/share/village_interfaces/package.bash'
[0.619s] INFO:colcon.colcon_core.shell:Creating package script '/home/line/town_ws/install/village_interfaces/share/village_interfaces/package.zsh'
[0.620s] Level 1:colcon.colcon_core.environment:create_file_with_runtime_dependencies(/home/line/town_ws/install/village_interfaces/share/colcon-core/packages/village_interfaces)
[0.620s] INFO:colcon.colcon_ros.task.ament_python.build:Building ROS package in '/home/line/town_ws/src/village_li' with build type 'ament_python'
[0.620s] Level 1:colcon.colcon_core.shell:create_environment_hook('village_li', 'ament_prefix_path')
[0.620s] INFO:colcon.colcon_core.shell:Creating environment hook '/home/line/town_ws/install/village_li/share/village_li/hook/ament_prefix_path.ps1'
[0.620s] INFO:colcon.colcon_core.shell:Creating environment descriptor '/home/line/town_ws/install/village_li/share/village_li/hook/ament_prefix_path.dsv'
[0.621s] INFO:colcon.colcon_core.shell:Creating environment hook '/home/line/town_ws/install/village_li/share/village_li/hook/ament_prefix_path.sh'
[0.621s] INFO:colcon.colcon_core.shell:Skip shell extension 'powershell' for command environment: Not usable outside of PowerShell
[0.621s] DEBUG:colcon.colcon_core.shell:Skip shell extension 'dsv' for command environment
[0.622s] INFO:colcon.colcon_ros.task.ament_cmake.build:Building ROS package in '/home/line/town_ws/src/village_wang' with build type 'ament_cmake'
[0.622s] INFO:colcon.colcon_cmake.task.cmake.build:Building CMake package in '/home/line/town_ws/src/village_wang'
[0.622s] INFO:colcon.colcon_core.shell:Skip shell extension 'powershell' for command environment: Not usable outside of PowerShell
[0.623s] DEBUG:colcon.colcon_core.shell:Skip shell extension 'dsv' for command environment
[0.745s] INFO:colcon.colcon_core.task.python.build:Building Python package in '/home/line/town_ws/src/village_li'
[0.746s] INFO:colcon.colcon_core.shell:Skip shell extension 'powershell' for command environment: Not usable outside of PowerShell
[0.746s] DEBUG:colcon.colcon_core.shell:Skip shell extension 'dsv' for command environment
[0.749s] DEBUG:colcon.colcon_core.event_handler.log_command:Invoking command in '/home/line/town_ws/build/village_wang': AMENT_PREFIX_PATH=/home/line/town_ws/install/village_interfaces:${AMENT_PREFIX_PATH} CMAKE_PREFIX_PATH=/home/line/town_ws/install/village_interfaces:/opt/ros/humble LD_LIBRARY_PATH=/home/line/town_ws/install/village_interfaces/lib:${LD_LIBRARY_PATH} PYTHONPATH=/home/line/town_ws/install/village_interfaces/local/lib/python3.10/dist-packages:${PYTHONPATH} /usr/bin/cmake --build /home/line/town_ws/build/village_wang -- -j20 -l20
[0.964s] DEBUG:colcon.colcon_core.event_handler.log_command:Invoking command in '/home/line/town_ws/src/village_li': AMENT_PREFIX_PATH=/home/line/town_ws/install/village_interfaces:${AMENT_PREFIX_PATH} CMAKE_PREFIX_PATH=/home/line/town_ws/install/village_interfaces LD_LIBRARY_PATH=/home/line/town_ws/install/village_interfaces/lib:${LD_LIBRARY_PATH} PYTHONPATH=/home/line/town_ws/build/village_li/prefix_override:/usr/lib/python3/dist-packages/colcon_core/task/python/colcon_distutils_commands:/home/line/town_ws/install/village_li/lib/python3.10/site-packages:/home/line/town_ws/install/village_interfaces/local/lib/python3.10/dist-packages:${PYTHONPATH} /usr/bin/python3 -W ignore:setup.py install is deprecated -W ignore:easy_install command is deprecated setup.py egg_info --egg-base ../../build/village_li build --build-base /home/line/town_ws/build/village_li/build install --record /home/line/town_ws/build/village_li/install.log --single-version-externally-managed install_data
[1.113s] Level 1:colcon.colcon_core.environment:checking '/home/line/town_ws/install/village_li' for CMake module files
[1.113s] DEBUG:colcon.colcon_core.event_handler.log_command:Invoked command in '/home/line/town_ws/src/village_li' returned '0': AMENT_PREFIX_PATH=/home/line/town_ws/install/village_interfaces:${AMENT_PREFIX_PATH} CMAKE_PREFIX_PATH=/home/line/town_ws/install/village_interfaces LD_LIBRARY_PATH=/home/line/town_ws/install/village_interfaces/lib:${LD_LIBRARY_PATH} PYTHONPATH=/home/line/town_ws/build/village_li/prefix_override:/usr/lib/python3/dist-packages/colcon_core/task/python/colcon_distutils_commands:/home/line/town_ws/install/village_li/lib/python3.10/site-packages:/home/line/town_ws/install/village_interfaces/local/lib/python3.10/dist-packages:${PYTHONPATH} /usr/bin/python3 -W ignore:setup.py install is deprecated -W ignore:easy_install command is deprecated setup.py egg_info --egg-base ../../build/village_li build --build-base /home/line/town_ws/build/village_li/build install --record /home/line/town_ws/build/village_li/install.log --single-version-externally-managed install_data
[1.114s] Level 1:colcon.colcon_core.environment:checking '/home/line/town_ws/install/village_li' for CMake config files
[1.114s] Level 1:colcon.colcon_core.environment:checking '/home/line/town_ws/install/village_li/lib'
[1.114s] Level 1:colcon.colcon_core.environment:checking '/home/line/town_ws/install/village_li/bin'
[1.114s] Level 1:colcon.colcon_core.environment:checking '/home/line/town_ws/install/village_li/lib/pkgconfig/village_li.pc'
[1.114s] Level 1:colcon.colcon_core.environment:checking '/home/line/town_ws/install/village_li/lib/python3.10/site-packages'
[1.115s] Level 1:colcon.colcon_core.shell:create_environment_hook('village_li', 'pythonpath')
[1.115s] INFO:colcon.colcon_core.shell:Creating environment hook '/home/line/town_ws/install/village_li/share/village_li/hook/pythonpath.ps1'
[1.115s] INFO:colcon.colcon_core.shell:Creating environment descriptor '/home/line/town_ws/install/village_li/share/village_li/hook/pythonpath.dsv'
[1.115s] INFO:colcon.colcon_core.shell:Creating environment hook '/home/line/town_ws/install/village_li/share/village_li/hook/pythonpath.sh'
[1.116s] Level 1:colcon.colcon_core.environment:checking '/home/line/town_ws/install/village_li/bin'
[1.116s] Level 1:colcon.colcon_core.environment:create_environment_scripts_only(village_li)
[1.117s] INFO:colcon.colcon_core.shell:Creating package script '/home/line/town_ws/install/village_li/share/village_li/package.ps1'
[1.117s] INFO:colcon.colcon_core.shell:Creating package descriptor '/home/line/town_ws/install/village_li/share/village_li/package.dsv'
[1.118s] INFO:colcon.colcon_core.shell:Creating package script '/home/line/town_ws/install/village_li/share/village_li/package.sh'
[1.118s] INFO:colcon.colcon_core.shell:Creating package script '/home/line/town_ws/install/village_li/share/village_li/package.bash'
[1.118s] INFO:colcon.colcon_core.shell:Creating package script '/home/line/town_ws/install/village_li/share/village_li/package.zsh'
[1.119s] Level 1:colcon.colcon_core.environment:create_file_with_runtime_dependencies(/home/line/town_ws/install/village_li/share/colcon-core/packages/village_li)
[5.954s] DEBUG:colcon.colcon_core.event_handler.log_command:Invoked command in '/home/line/town_ws/build/village_wang' returned '0': AMENT_PREFIX_PATH=/home/line/town_ws/install/village_interfaces:${AMENT_PREFIX_PATH} CMAKE_PREFIX_PATH=/home/line/town_ws/install/village_interfaces:/opt/ros/humble LD_LIBRARY_PATH=/home/line/town_ws/install/village_interfaces/lib:${LD_LIBRARY_PATH} PYTHONPATH=/home/line/town_ws/install/village_interfaces/local/lib/python3.10/dist-packages:${PYTHONPATH} /usr/bin/cmake --build /home/line/town_ws/build/village_wang -- -j20 -l20
[5.957s] DEBUG:colcon.colcon_core.event_handler.log_command:Invoking command in '/home/line/town_ws/build/village_wang': AMENT_PREFIX_PATH=/home/line/town_ws/install/village_interfaces:${AMENT_PREFIX_PATH} CMAKE_PREFIX_PATH=/home/line/town_ws/install/village_interfaces:/opt/ros/humble LD_LIBRARY_PATH=/home/line/town_ws/install/village_interfaces/lib:${LD_LIBRARY_PATH} PYTHONPATH=/home/line/town_ws/install/village_interfaces/local/lib/python3.10/dist-packages:${PYTHONPATH} /usr/bin/cmake --install /home/line/town_ws/build/village_wang
[5.979s] Level 1:colcon.colcon_core.environment:create_environment_scripts_only(village_wang)
[5.979s] Level 1:colcon.colcon_core.environment:checking '/home/line/town_ws/install/village_wang' for CMake module files
[5.979s] DEBUG:colcon.colcon_core.event_handler.log_command:Invoked command in '/home/line/town_ws/build/village_wang' returned '0': AMENT_PREFIX_PATH=/home/line/town_ws/install/village_interfaces:${AMENT_PREFIX_PATH} CMAKE_PREFIX_PATH=/home/line/town_ws/install/village_interfaces:/opt/ros/humble LD_LIBRARY_PATH=/home/line/town_ws/install/village_interfaces/lib:${LD_LIBRARY_PATH} PYTHONPATH=/home/line/town_ws/install/village_interfaces/local/lib/python3.10/dist-packages:${PYTHONPATH} /usr/bin/cmake --install /home/line/town_ws/build/village_wang
[5.980s] Level 1:colcon.colcon_core.environment:checking '/home/line/town_ws/install/village_wang' for CMake config files
[5.980s] Level 1:colcon.colcon_core.shell:create_environment_hook('village_wang', 'cmake_prefix_path')
[5.980s] INFO:colcon.colcon_core.shell:Creating environment hook '/home/line/town_ws/install/village_wang/share/village_wang/hook/cmake_prefix_path.ps1'
[5.980s] INFO:colcon.colcon_core.shell:Creating environment descriptor '/home/line/town_ws/install/village_wang/share/village_wang/hook/cmake_prefix_path.dsv'
[5.981s] INFO:colcon.colcon_core.shell:Creating environment hook '/home/line/town_ws/install/village_wang/share/village_wang/hook/cmake_prefix_path.sh'
[5.981s] Level 1:colcon.colcon_core.environment:checking '/home/line/town_ws/install/village_wang/lib'
[5.981s] Level 1:colcon.colcon_core.environment:checking '/home/line/town_ws/install/village_wang/bin'
[5.981s] Level 1:colcon.colcon_core.environment:checking '/home/line/town_ws/install/village_wang/lib/pkgconfig/village_wang.pc'
[5.981s] Level 1:colcon.colcon_core.environment:checking '/home/line/town_ws/install/village_wang/lib/python3.10/site-packages'
[5.981s] Level 1:colcon.colcon_core.environment:checking '/home/line/town_ws/install/village_wang/bin'
[5.981s] INFO:colcon.colcon_core.shell:Creating package script '/home/line/town_ws/install/village_wang/share/village_wang/package.ps1'
[5.982s] INFO:colcon.colcon_core.shell:Creating package descriptor '/home/line/town_ws/install/village_wang/share/village_wang/package.dsv'
[5.982s] INFO:colcon.colcon_core.shell:Creating package script '/home/line/town_ws/install/village_wang/share/village_wang/package.sh'
[5.982s] INFO:colcon.colcon_core.shell:Creating package script '/home/line/town_ws/install/village_wang/share/village_wang/package.bash'
[5.982s] INFO:colcon.colcon_core.shell:Creating package script '/home/line/town_ws/install/village_wang/share/village_wang/package.zsh'
[5.982s] Level 1:colcon.colcon_core.environment:create_file_with_runtime_dependencies(/home/line/town_ws/install/village_wang/share/colcon-core/packages/village_wang)
[5.983s] Level 1:colcon.colcon_core.environment:create_environment_scripts_only(village_wang)
[5.983s] Level 1:colcon.colcon_core.environment:checking '/home/line/town_ws/install/village_wang' for CMake module files
[5.983s] Level 1:colcon.colcon_core.environment:checking '/home/line/town_ws/install/village_wang' for CMake config files
[5.983s] Level 1:colcon.colcon_core.shell:create_environment_hook('village_wang', 'cmake_prefix_path')
[5.983s] INFO:colcon.colcon_core.shell:Creating environment hook '/home/line/town_ws/install/village_wang/share/village_wang/hook/cmake_prefix_path.ps1'
[5.983s] INFO:colcon.colcon_core.shell:Creating environment descriptor '/home/line/town_ws/install/village_wang/share/village_wang/hook/cmake_prefix_path.dsv'
[5.983s] INFO:colcon.colcon_core.shell:Creating environment hook '/home/line/town_ws/install/village_wang/share/village_wang/hook/cmake_prefix_path.sh'
[5.984s] Level 1:colcon.colcon_core.environment:checking '/home/line/town_ws/install/village_wang/lib'
[5.984s] Level 1:colcon.colcon_core.environment:checking '/home/line/town_ws/install/village_wang/bin'
[5.984s] Level 1:colcon.colcon_core.environment:checking '/home/line/town_ws/install/village_wang/lib/pkgconfig/village_wang.pc'
[5.984s] Level 1:colcon.colcon_core.environment:checking '/home/line/town_ws/install/village_wang/lib/python3.10/site-packages'
[5.984s] Level 1:colcon.colcon_core.environment:checking '/home/line/town_ws/install/village_wang/bin'
[5.984s] INFO:colcon.colcon_core.shell:Creating package script '/home/line/town_ws/install/village_wang/share/village_wang/package.ps1'
[5.984s] INFO:colcon.colcon_core.shell:Creating package descriptor '/home/line/town_ws/install/village_wang/share/village_wang/package.dsv'
[5.985s] INFO:colcon.colcon_core.shell:Creating package script '/home/line/town_ws/install/village_wang/share/village_wang/package.sh'
[5.985s] INFO:colcon.colcon_core.shell:Creating package script '/home/line/town_ws/install/village_wang/share/village_wang/package.bash'
[5.985s] INFO:colcon.colcon_core.shell:Creating package script '/home/line/town_ws/install/village_wang/share/village_wang/package.zsh'
[5.985s] Level 1:colcon.colcon_core.environment:create_file_with_runtime_dependencies(/home/line/town_ws/install/village_wang/share/colcon-core/packages/village_wang)
[5.985s] DEBUG:colcon.colcon_parallel_executor.executor.parallel:closing loop
[5.985s] DEBUG:colcon.colcon_parallel_executor.executor.parallel:loop closed
[5.985s] DEBUG:colcon.colcon_parallel_executor.executor.parallel:run_until_complete finished with '0'
[5.985s] DEBUG:colcon.colcon_core.event_reactor:joining thread
[5.989s] INFO:colcon.colcon_core.plugin_system:Skipping extension 'colcon_notification.desktop_notification.terminal_notifier': Not used on non-Darwin systems
[5.989s] INFO:colcon.colcon_core.plugin_system:Skipping extension 'colcon_notification.desktop_notification.win32': Not used on non-Windows systems
[5.989s] INFO:colcon.colcon_notification.desktop_notification:Sending desktop notification using 'notify2'
[6.001s] DEBUG:colcon.colcon_core.event_reactor:joined thread
[6.001s] INFO:colcon.colcon_core.shell:Creating prefix script '/home/line/town_ws/install/local_setup.ps1'
[6.002s] INFO:colcon.colcon_core.shell:Creating prefix util module '/home/line/town_ws/install/_local_setup_util_ps1.py'
[6.003s] INFO:colcon.colcon_core.shell:Creating prefix chain script '/home/line/town_ws/install/setup.ps1'
[6.003s] INFO:colcon.colcon_core.shell:Creating prefix script '/home/line/town_ws/install/local_setup.sh'
[6.004s] INFO:colcon.colcon_core.shell:Creating prefix util module '/home/line/town_ws/install/_local_setup_util_sh.py'
[6.004s] INFO:colcon.colcon_core.shell:Creating prefix chain script '/home/line/town_ws/install/setup.sh'
[6.005s] INFO:colcon.colcon_core.shell:Creating prefix script '/home/line/town_ws/install/local_setup.bash'
[6.005s] INFO:colcon.colcon_core.shell:Creating prefix chain script '/home/line/town_ws/install/setup.bash'
[6.006s] INFO:colcon.colcon_core.shell:Creating prefix script '/home/line/town_ws/install/local_setup.zsh'
[6.006s] INFO:colcon.colcon_core.shell:Creating prefix chain script '/home/line/town_ws/install/setup.zsh'
