-- Found ament_cmake: 1.3.14 (/opt/ros/humble/share/ament_cmake/cmake)
-- Found rosidl_default_generators: 1.2.1 (/opt/ros/humble/share/rosidl_default_generators/cmake)
-- Using all available rosidl_typesupport_c: rosidl_typesupport_fastrtps_c;rosidl_typesupport_introspection_c
-- Found rosidl_adapter: 3.1.9 (/opt/ros/humble/share/rosidl_adapter/cmake)
-- Using all available rosidl_typesupport_cpp: rosidl_typesupport_fastrtps_cpp;rosidl_typesupport_introspection_cpp
-- Found ament_cmake_ros: 0.10.0 (/opt/ros/humble/share/ament_cmake_ros/cmake)
-- Using all available rosidl_typesupport_c: rosidl_typesupport_fastrtps_c;rosidl_typesupport_introspection_c
-- Using all available rosidl_typesupport_cpp: rosidl_typesupport_fastrtps_cpp;rosidl_typesupport_introspection_cpp
-- Found PythonInterp: /usr/bin/python3 (found suitable version "3.10.12", minimum required is "3.6") 
-- Found python_cmake_module: 0.10.0 (/opt/ros/humble/share/python_cmake_module/cmake)
-- Found PythonLibs: /usr/lib/x86_64-linux-gnu/libpython3.10.so (found suitable version "3.10.12", minimum required is "3.5") 
-- Using PYTHON_EXECUTABLE: /usr/bin/python3
-- Using PYTHON_INCLUDE_DIRS: /usr/include/python3.10
-- Using PYTHON_LIBRARIES: /usr/lib/x86_64-linux-gnu/libpython3.10.so
-- Found PythonExtra: .so  
-- Found ament_lint_auto: 0.12.15 (/opt/ros/humble/share/ament_lint_auto/cmake)
-- Added test 'lint_cmake' to check CMake code style
-- Added test 'xmllint' to check XML markup files
-- Configuring done
-- Generating done
-- Build files have been written to: /home/line/Community_ws/build/community_interfaces
[  3%] [34m[1mGenerating C code for ROS interfaces[0m
[  6%] [34m[1mGenerating Rust code for ROS interfaces[0m
[  9%] [34m[1mGenerating C++ code for ROS interfaces[0m
[  9%] Built target ament_cmake_python_copy_community_interfaces
running egg_info
creating community_interfaces.egg-info
writing community_interfaces.egg-info/PKG-INFO
writing dependency_links to community_interfaces.egg-info/dependency_links.txt
writing top-level names to community_interfaces.egg-info/top_level.txt
writing manifest file 'community_interfaces.egg-info/SOURCES.txt'
[ 12%] [32mBuilding C object CMakeFiles/community_interfaces__rosidl_generator_c.dir/rosidl_generator_c/community_interfaces/msg/detail/noise_element__functions.c.o[0m
[ 12%] Built target community_interfaces__cpp
[ 15%] [34m[1mGenerating C++ type support for eProsima Fast-RTPS[0m
[ 21%] [34m[1mGenerating C++ introspection for ROS interfaces[0m
[ 21%] [34m[1mGenerating C++ type support dispatch for ROS interfaces[0m
reading manifest file 'community_interfaces.egg-info/SOURCES.txt'
writing manifest file 'community_interfaces.egg-info/SOURCES.txt'
[ 21%] Built target ament_cmake_python_build_community_interfaces_egg
[ 25%] [32m[1mLinking C shared library libcommunity_interfaces__rosidl_generator_c.so[0m
[ 25%] Built target community_interfaces__rosidl_generator_c
[ 25%] Built target community_interfaces__rs
[ 28%] [34m[1mGenerating C introspection for ROS interfaces[0m
[ 34%] [34m[1mGenerating C type support dispatch for ROS interfaces[0m
[ 34%] [34m[1mGenerating C type support for eProsima Fast-RTPS[0m
[ 37%] [32mBuilding CXX object CMakeFiles/community_interfaces__rosidl_typesupport_cpp.dir/rosidl_typesupport_cpp/community_interfaces/msg/noise_element__type_support.cpp.o[0m
[ 40%] [32mBuilding CXX object CMakeFiles/community_interfaces__rosidl_typesupport_introspection_cpp.dir/rosidl_typesupport_introspection_cpp/community_interfaces/msg/detail/noise_element__type_support.cpp.o[0m
[ 43%] [32mBuilding CXX object CMakeFiles/community_interfaces__rosidl_typesupport_fastrtps_cpp.dir/rosidl_typesupport_fastrtps_cpp/community_interfaces/msg/detail/dds_fastrtps/noise_element__type_support.cpp.o[0m
[ 46%] [32mBuilding CXX object CMakeFiles/community_interfaces__rosidl_typesupport_c.dir/rosidl_typesupport_c/community_interfaces/msg/noise_element__type_support.cpp.o[0m
[ 50%] [32mBuilding C object CMakeFiles/community_interfaces__rosidl_typesupport_introspection_c.dir/rosidl_typesupport_introspection_c/community_interfaces/msg/detail/noise_element__type_support.c.o[0m
[ 53%] [32mBuilding CXX object CMakeFiles/community_interfaces__rosidl_typesupport_fastrtps_c.dir/rosidl_typesupport_fastrtps_c/community_interfaces/msg/detail/noise_element__type_support_c.cpp.o[0m
[ 56%] [32m[1mLinking C shared library libcommunity_interfaces__rosidl_typesupport_introspection_c.so[0m
[ 59%] [32m[1mLinking CXX shared library libcommunity_interfaces__rosidl_typesupport_c.so[0m
[ 59%] Built target community_interfaces__rosidl_typesupport_introspection_c
[ 59%] Built target community_interfaces__rosidl_typesupport_c
[ 62%] [32m[1mLinking CXX shared library libcommunity_interfaces__rosidl_typesupport_fastrtps_cpp.so[0m
[ 68%] [32m[1mLinking CXX shared library libcommunity_interfaces__rosidl_typesupport_cpp.so[0m
[ 71%] [32m[1mLinking CXX shared library libcommunity_interfaces__rosidl_typesupport_fastrtps_c.so[0m
[ 71%] [32m[1mLinking CXX shared library libcommunity_interfaces__rosidl_typesupport_introspection_cpp.so[0m
[ 71%] Built target community_interfaces__rosidl_typesupport_cpp
[ 71%] Built target community_interfaces__rosidl_typesupport_fastrtps_cpp
[ 71%] Built target community_interfaces__rosidl_typesupport_introspection_cpp
[ 71%] Built target community_interfaces__rosidl_typesupport_fastrtps_c
[ 71%] Built target community_interfaces
[ 75%] [34m[1mGenerating Python code for ROS interfaces[0m
[ 75%] Built target community_interfaces__py
[ 78%] [32mBuilding C object CMakeFiles/community_interfaces__rosidl_generator_py.dir/rosidl_generator_py/community_interfaces/msg/_noise_element_s.c.o[0m
[ 81%] [32m[1mLinking C shared library rosidl_generator_py/community_interfaces/libcommunity_interfaces__rosidl_generator_py.so[0m
[ 81%] Built target community_interfaces__rosidl_generator_py
[ 84%] [32mBuilding C object CMakeFiles/community_interfaces__rosidl_typesupport_introspection_c__pyext.dir/rosidl_generator_py/community_interfaces/_community_interfaces_s.ep.rosidl_typesupport_introspection_c.c.o[0m
[ 87%] [32mBuilding C object CMakeFiles/community_interfaces__rosidl_typesupport_c__pyext.dir/rosidl_generator_py/community_interfaces/_community_interfaces_s.ep.rosidl_typesupport_c.c.o[0m
[ 90%] [32mBuilding C object CMakeFiles/community_interfaces__rosidl_typesupport_fastrtps_c__pyext.dir/rosidl_generator_py/community_interfaces/_community_interfaces_s.ep.rosidl_typesupport_fastrtps_c.c.o[0m
[ 93%] [32m[1mLinking C shared library rosidl_generator_py/community_interfaces/community_interfaces_s__rosidl_typesupport_c.cpython-310-x86_64-linux-gnu.so[0m
[ 96%] [32m[1mLinking C shared library rosidl_generator_py/community_interfaces/community_interfaces_s__rosidl_typesupport_introspection_c.cpython-310-x86_64-linux-gnu.so[0m
[100%] [32m[1mLinking C shared library rosidl_generator_py/community_interfaces/community_interfaces_s__rosidl_typesupport_fastrtps_c.cpython-310-x86_64-linux-gnu.so[0m
[100%] Built target community_interfaces__rosidl_typesupport_c__pyext
[100%] Built target community_interfaces__rosidl_typesupport_fastrtps_c__pyext
[100%] Built target community_interfaces__rosidl_typesupport_introspection_c__pyext
-- Install configuration: ""
-- Installing: /home/line/Community_ws/install/community_interfaces/share/ament_index/resource_index/rosidl_interfaces/community_interfaces
-- Installing: /home/line/Community_ws/install/community_interfaces/include/community_interfaces/community_interfaces
-- Installing: /home/line/Community_ws/install/community_interfaces/include/community_interfaces/community_interfaces/msg
-- Installing: /home/line/Community_ws/install/community_interfaces/include/community_interfaces/community_interfaces/msg/rosidl_generator_c__visibility_control.h
-- Installing: /home/line/Community_ws/install/community_interfaces/include/community_interfaces/community_interfaces/msg/detail
-- Installing: /home/line/Community_ws/install/community_interfaces/include/community_interfaces/community_interfaces/msg/detail/noise_element__functions.h
-- Installing: /home/line/Community_ws/install/community_interfaces/include/community_interfaces/community_interfaces/msg/detail/noise_element__functions.c
-- Installing: /home/line/Community_ws/install/community_interfaces/include/community_interfaces/community_interfaces/msg/detail/noise_element__type_support.h
-- Installing: /home/line/Community_ws/install/community_interfaces/include/community_interfaces/community_interfaces/msg/detail/noise_element__struct.h
-- Installing: /home/line/Community_ws/install/community_interfaces/include/community_interfaces/community_interfaces/msg/noise_element.h
-- Installing: /home/line/Community_ws/install/community_interfaces/share/community_interfaces/environment/library_path.sh
-- Installing: /home/line/Community_ws/install/community_interfaces/share/community_interfaces/environment/library_path.dsv
-- Installing: /home/line/Community_ws/install/community_interfaces/lib/libcommunity_interfaces__rosidl_generator_c.so
-- Set runtime path of "/home/line/Community_ws/install/community_interfaces/lib/libcommunity_interfaces__rosidl_generator_c.so" to ""
-- Up-to-date: /home/line/Community_ws/install/community_interfaces/include/community_interfaces/community_interfaces
-- Up-to-date: /home/line/Community_ws/install/community_interfaces/include/community_interfaces/community_interfaces/msg
-- Up-to-date: /home/line/Community_ws/install/community_interfaces/include/community_interfaces/community_interfaces/msg/detail
-- Installing: /home/line/Community_ws/install/community_interfaces/include/community_interfaces/community_interfaces/msg/detail/noise_element__rosidl_typesupport_fastrtps_c.h
-- Installing: /home/line/Community_ws/install/community_interfaces/include/community_interfaces/community_interfaces/msg/rosidl_typesupport_fastrtps_c__visibility_control.h
-- Installing: /home/line/Community_ws/install/community_interfaces/lib/libcommunity_interfaces__rosidl_typesupport_fastrtps_c.so
-- Set runtime path of "/home/line/Community_ws/install/community_interfaces/lib/libcommunity_interfaces__rosidl_typesupport_fastrtps_c.so" to ""
-- Up-to-date: /home/line/Community_ws/install/community_interfaces/include/community_interfaces/community_interfaces
-- Up-to-date: /home/line/Community_ws/install/community_interfaces/include/community_interfaces/community_interfaces/msg
-- Installing: /home/line/Community_ws/install/community_interfaces/include/community_interfaces/community_interfaces/msg/rosidl_typesupport_introspection_c__visibility_control.h
-- Up-to-date: /home/line/Community_ws/install/community_interfaces/include/community_interfaces/community_interfaces/msg/detail
-- Installing: /home/line/Community_ws/install/community_interfaces/include/community_interfaces/community_interfaces/msg/detail/noise_element__type_support.c
-- Installing: /home/line/Community_ws/install/community_interfaces/include/community_interfaces/community_interfaces/msg/detail/noise_element__rosidl_typesupport_introspection_c.h
-- Installing: /home/line/Community_ws/install/community_interfaces/lib/libcommunity_interfaces__rosidl_typesupport_introspection_c.so
-- Set runtime path of "/home/line/Community_ws/install/community_interfaces/lib/libcommunity_interfaces__rosidl_typesupport_introspection_c.so" to ""
-- Installing: /home/line/Community_ws/install/community_interfaces/lib/libcommunity_interfaces__rosidl_typesupport_c.so
-- Set runtime path of "/home/line/Community_ws/install/community_interfaces/lib/libcommunity_interfaces__rosidl_typesupport_c.so" to ""
-- Up-to-date: /home/line/Community_ws/install/community_interfaces/include/community_interfaces/community_interfaces
-- Up-to-date: /home/line/Community_ws/install/community_interfaces/include/community_interfaces/community_interfaces/msg
-- Installing: /home/line/Community_ws/install/community_interfaces/include/community_interfaces/community_interfaces/msg/rosidl_generator_cpp__visibility_control.hpp
-- Installing: /home/line/Community_ws/install/community_interfaces/include/community_interfaces/community_interfaces/msg/noise_element.hpp
-- Up-to-date: /home/line/Community_ws/install/community_interfaces/include/community_interfaces/community_interfaces/msg/detail
-- Installing: /home/line/Community_ws/install/community_interfaces/include/community_interfaces/community_interfaces/msg/detail/noise_element__traits.hpp
-- Installing: /home/line/Community_ws/install/community_interfaces/include/community_interfaces/community_interfaces/msg/detail/noise_element__struct.hpp
-- Installing: /home/line/Community_ws/install/community_interfaces/include/community_interfaces/community_interfaces/msg/detail/noise_element__type_support.hpp
-- Installing: /home/line/Community_ws/install/community_interfaces/include/community_interfaces/community_interfaces/msg/detail/noise_element__builder.hpp
-- Up-to-date: /home/line/Community_ws/install/community_interfaces/include/community_interfaces/community_interfaces
-- Up-to-date: /home/line/Community_ws/install/community_interfaces/include/community_interfaces/community_interfaces/msg
-- Installing: /home/line/Community_ws/install/community_interfaces/include/community_interfaces/community_interfaces/msg/rosidl_typesupport_fastrtps_cpp__visibility_control.h
-- Up-to-date: /home/line/Community_ws/install/community_interfaces/include/community_interfaces/community_interfaces/msg/detail
-- Installing: /home/line/Community_ws/install/community_interfaces/include/community_interfaces/community_interfaces/msg/detail/dds_fastrtps
-- Installing: /home/line/Community_ws/install/community_interfaces/include/community_interfaces/community_interfaces/msg/detail/noise_element__rosidl_typesupport_fastrtps_cpp.hpp
-- Installing: /home/line/Community_ws/install/community_interfaces/lib/libcommunity_interfaces__rosidl_typesupport_fastrtps_cpp.so
-- Set runtime path of "/home/line/Community_ws/install/community_interfaces/lib/libcommunity_interfaces__rosidl_typesupport_fastrtps_cpp.so" to ""
-- Up-to-date: /home/line/Community_ws/install/community_interfaces/include/community_interfaces/community_interfaces
-- Up-to-date: /home/line/Community_ws/install/community_interfaces/include/community_interfaces/community_interfaces/msg
-- Up-to-date: /home/line/Community_ws/install/community_interfaces/include/community_interfaces/community_interfaces/msg/detail
-- Installing: /home/line/Community_ws/install/community_interfaces/include/community_interfaces/community_interfaces/msg/detail/noise_element__type_support.cpp
-- Installing: /home/line/Community_ws/install/community_interfaces/include/community_interfaces/community_interfaces/msg/detail/noise_element__rosidl_typesupport_introspection_cpp.hpp
-- Installing: /home/line/Community_ws/install/community_interfaces/lib/libcommunity_interfaces__rosidl_typesupport_introspection_cpp.so
-- Set runtime path of "/home/line/Community_ws/install/community_interfaces/lib/libcommunity_interfaces__rosidl_typesupport_introspection_cpp.so" to ""
-- Installing: /home/line/Community_ws/install/community_interfaces/lib/libcommunity_interfaces__rosidl_typesupport_cpp.so
-- Set runtime path of "/home/line/Community_ws/install/community_interfaces/lib/libcommunity_interfaces__rosidl_typesupport_cpp.so" to ""
-- Installing: /home/line/Community_ws/install/community_interfaces/share/community_interfaces/environment/pythonpath.sh
-- Installing: /home/line/Community_ws/install/community_interfaces/share/community_interfaces/environment/pythonpath.dsv
-- Installing: /home/line/Community_ws/install/community_interfaces/local/lib/python3.10/dist-packages/community_interfaces-0.0.0-py3.10.egg-info
-- Installing: /home/line/Community_ws/install/community_interfaces/local/lib/python3.10/dist-packages/community_interfaces-0.0.0-py3.10.egg-info/top_level.txt
-- Installing: /home/line/Community_ws/install/community_interfaces/local/lib/python3.10/dist-packages/community_interfaces-0.0.0-py3.10.egg-info/dependency_links.txt
-- Installing: /home/line/Community_ws/install/community_interfaces/local/lib/python3.10/dist-packages/community_interfaces-0.0.0-py3.10.egg-info/SOURCES.txt
-- Installing: /home/line/Community_ws/install/community_interfaces/local/lib/python3.10/dist-packages/community_interfaces-0.0.0-py3.10.egg-info/PKG-INFO
-- Installing: /home/line/Community_ws/install/community_interfaces/local/lib/python3.10/dist-packages/community_interfaces
-- Installing: /home/line/Community_ws/install/community_interfaces/local/lib/python3.10/dist-packages/community_interfaces/msg
-- Installing: /home/line/Community_ws/install/community_interfaces/local/lib/python3.10/dist-packages/community_interfaces/msg/_noise_element_s.c
-- Installing: /home/line/Community_ws/install/community_interfaces/local/lib/python3.10/dist-packages/community_interfaces/msg/__init__.py
-- Installing: /home/line/Community_ws/install/community_interfaces/local/lib/python3.10/dist-packages/community_interfaces/msg/_noise_element.py
-- Installing: /home/line/Community_ws/install/community_interfaces/local/lib/python3.10/dist-packages/community_interfaces/libcommunity_interfaces__rosidl_generator_py.so
-- Installing: /home/line/Community_ws/install/community_interfaces/local/lib/python3.10/dist-packages/community_interfaces/_community_interfaces_s.ep.rosidl_typesupport_introspection_c.c
-- Installing: /home/line/Community_ws/install/community_interfaces/local/lib/python3.10/dist-packages/community_interfaces/_community_interfaces_s.ep.rosidl_typesupport_c.c
-- Installing: /home/line/Community_ws/install/community_interfaces/local/lib/python3.10/dist-packages/community_interfaces/__init__.py
-- Installing: /home/line/Community_ws/install/community_interfaces/local/lib/python3.10/dist-packages/community_interfaces/community_interfaces_s__rosidl_typesupport_introspection_c.cpython-310-x86_64-linux-gnu.so
-- Installing: /home/line/Community_ws/install/community_interfaces/local/lib/python3.10/dist-packages/community_interfaces/community_interfaces_s__rosidl_typesupport_c.cpython-310-x86_64-linux-gnu.so
-- Installing: /home/line/Community_ws/install/community_interfaces/local/lib/python3.10/dist-packages/community_interfaces/_community_interfaces_s.ep.rosidl_typesupport_fastrtps_c.c
-- Installing: /home/line/Community_ws/install/community_interfaces/local/lib/python3.10/dist-packages/community_interfaces/community_interfaces_s__rosidl_typesupport_fastrtps_c.cpython-310-x86_64-linux-gnu.so
Listing '/home/line/Community_ws/install/community_interfaces/local/lib/python3.10/dist-packages/community_interfaces'...
Compiling '/home/line/Community_ws/install/community_interfaces/local/lib/python3.10/dist-packages/community_interfaces/__init__.py'...
Listing '/home/line/Community_ws/install/community_interfaces/local/lib/python3.10/dist-packages/community_interfaces/msg'...
Compiling '/home/line/Community_ws/install/community_interfaces/local/lib/python3.10/dist-packages/community_interfaces/msg/__init__.py'...
Compiling '/home/line/Community_ws/install/community_interfaces/local/lib/python3.10/dist-packages/community_interfaces/msg/_noise_element.py'...
-- Installing: /home/line/Community_ws/install/community_interfaces/local/lib/python3.10/dist-packages/community_interfaces/community_interfaces_s__rosidl_typesupport_fastrtps_c.cpython-310-x86_64-linux-gnu.so
-- Set runtime path of "/home/line/Community_ws/install/community_interfaces/local/lib/python3.10/dist-packages/community_interfaces/community_interfaces_s__rosidl_typesupport_fastrtps_c.cpython-310-x86_64-linux-gnu.so" to ""
-- Installing: /home/line/Community_ws/install/community_interfaces/local/lib/python3.10/dist-packages/community_interfaces/community_interfaces_s__rosidl_typesupport_introspection_c.cpython-310-x86_64-linux-gnu.so
-- Set runtime path of "/home/line/Community_ws/install/community_interfaces/local/lib/python3.10/dist-packages/community_interfaces/community_interfaces_s__rosidl_typesupport_introspection_c.cpython-310-x86_64-linux-gnu.so" to ""
-- Installing: /home/line/Community_ws/install/community_interfaces/local/lib/python3.10/dist-packages/community_interfaces/community_interfaces_s__rosidl_typesupport_c.cpython-310-x86_64-linux-gnu.so
-- Set runtime path of "/home/line/Community_ws/install/community_interfaces/local/lib/python3.10/dist-packages/community_interfaces/community_interfaces_s__rosidl_typesupport_c.cpython-310-x86_64-linux-gnu.so" to ""
-- Installing: /home/line/Community_ws/install/community_interfaces/lib/libcommunity_interfaces__rosidl_generator_py.so
-- Set runtime path of "/home/line/Community_ws/install/community_interfaces/lib/libcommunity_interfaces__rosidl_generator_py.so" to ""
-- Installing: /home/line/Community_ws/install/community_interfaces/share/ament_index/resource_index/rust_packages/community_interfaces
-- Installing: /home/line/Community_ws/install/community_interfaces/share/community_interfaces/rust
-- Installing: /home/line/Community_ws/install/community_interfaces/share/community_interfaces/rust/src
-- Installing: /home/line/Community_ws/install/community_interfaces/share/community_interfaces/rust/src/msg
-- Installing: /home/line/Community_ws/install/community_interfaces/share/community_interfaces/rust/src/msg/rmw.rs
-- Installing: /home/line/Community_ws/install/community_interfaces/share/community_interfaces/rust/src/lib.rs
-- Installing: /home/line/Community_ws/install/community_interfaces/share/community_interfaces/rust/src/msg.rs
-- Installing: /home/line/Community_ws/install/community_interfaces/share/community_interfaces/rust/build.rs
-- Installing: /home/line/Community_ws/install/community_interfaces/share/community_interfaces/rust/Cargo.toml
-- Installing: /home/line/Community_ws/install/community_interfaces/share/community_interfaces/msg/NoiseElement.idl
-- Installing: /home/line/Community_ws/install/community_interfaces/share/community_interfaces/msg/NoiseElement.msg
-- Installing: /home/line/Community_ws/install/community_interfaces/share/ament_index/resource_index/package_run_dependencies/community_interfaces
-- Installing: /home/line/Community_ws/install/community_interfaces/share/ament_index/resource_index/parent_prefix_path/community_interfaces
-- Installing: /home/line/Community_ws/install/community_interfaces/share/community_interfaces/environment/ament_prefix_path.sh
-- Installing: /home/line/Community_ws/install/community_interfaces/share/community_interfaces/environment/ament_prefix_path.dsv
-- Installing: /home/line/Community_ws/install/community_interfaces/share/community_interfaces/environment/path.sh
-- Installing: /home/line/Community_ws/install/community_interfaces/share/community_interfaces/environment/path.dsv
-- Installing: /home/line/Community_ws/install/community_interfaces/share/community_interfaces/local_setup.bash
-- Installing: /home/line/Community_ws/install/community_interfaces/share/community_interfaces/local_setup.sh
-- Installing: /home/line/Community_ws/install/community_interfaces/share/community_interfaces/local_setup.zsh
-- Installing: /home/line/Community_ws/install/community_interfaces/share/community_interfaces/local_setup.dsv
-- Installing: /home/line/Community_ws/install/community_interfaces/share/community_interfaces/package.dsv
-- Installing: /home/line/Community_ws/install/community_interfaces/share/ament_index/resource_index/packages/community_interfaces
-- Installing: /home/line/Community_ws/install/community_interfaces/share/community_interfaces/cmake/export_community_interfaces__rosidl_generator_cExport.cmake
-- Installing: /home/line/Community_ws/install/community_interfaces/share/community_interfaces/cmake/export_community_interfaces__rosidl_generator_cExport-noconfig.cmake
-- Installing: /home/line/Community_ws/install/community_interfaces/share/community_interfaces/cmake/export_community_interfaces__rosidl_typesupport_fastrtps_cExport.cmake
-- Installing: /home/line/Community_ws/install/community_interfaces/share/community_interfaces/cmake/export_community_interfaces__rosidl_typesupport_fastrtps_cExport-noconfig.cmake
-- Installing: /home/line/Community_ws/install/community_interfaces/share/community_interfaces/cmake/community_interfaces__rosidl_typesupport_introspection_cExport.cmake
-- Installing: /home/line/Community_ws/install/community_interfaces/share/community_interfaces/cmake/community_interfaces__rosidl_typesupport_introspection_cExport-noconfig.cmake
-- Installing: /home/line/Community_ws/install/community_interfaces/share/community_interfaces/cmake/community_interfaces__rosidl_typesupport_cExport.cmake
-- Installing: /home/line/Community_ws/install/community_interfaces/share/community_interfaces/cmake/community_interfaces__rosidl_typesupport_cExport-noconfig.cmake
-- Installing: /home/line/Community_ws/install/community_interfaces/share/community_interfaces/cmake/export_community_interfaces__rosidl_generator_cppExport.cmake
-- Installing: /home/line/Community_ws/install/community_interfaces/share/community_interfaces/cmake/export_community_interfaces__rosidl_typesupport_fastrtps_cppExport.cmake
-- Installing: /home/line/Community_ws/install/community_interfaces/share/community_interfaces/cmake/export_community_interfaces__rosidl_typesupport_fastrtps_cppExport-noconfig.cmake
-- Installing: /home/line/Community_ws/install/community_interfaces/share/community_interfaces/cmake/community_interfaces__rosidl_typesupport_introspection_cppExport.cmake
-- Installing: /home/line/Community_ws/install/community_interfaces/share/community_interfaces/cmake/community_interfaces__rosidl_typesupport_introspection_cppExport-noconfig.cmake
-- Installing: /home/line/Community_ws/install/community_interfaces/share/community_interfaces/cmake/community_interfaces__rosidl_typesupport_cppExport.cmake
-- Installing: /home/line/Community_ws/install/community_interfaces/share/community_interfaces/cmake/community_interfaces__rosidl_typesupport_cppExport-noconfig.cmake
-- Installing: /home/line/Community_ws/install/community_interfaces/share/community_interfaces/cmake/export_community_interfaces__rosidl_generator_pyExport.cmake
-- Installing: /home/line/Community_ws/install/community_interfaces/share/community_interfaces/cmake/export_community_interfaces__rosidl_generator_pyExport-noconfig.cmake
-- Installing: /home/line/Community_ws/install/community_interfaces/share/community_interfaces/cmake/rosidl_cmake-extras.cmake
-- Installing: /home/line/Community_ws/install/community_interfaces/share/community_interfaces/cmake/ament_cmake_export_include_directories-extras.cmake
-- Installing: /home/line/Community_ws/install/community_interfaces/share/community_interfaces/cmake/ament_cmake_export_libraries-extras.cmake
-- Installing: /home/line/Community_ws/install/community_interfaces/share/community_interfaces/cmake/ament_cmake_export_targets-extras.cmake
-- Installing: /home/line/Community_ws/install/community_interfaces/share/community_interfaces/cmake/rosidl_cmake_export_typesupport_targets-extras.cmake
-- Installing: /home/line/Community_ws/install/community_interfaces/share/community_interfaces/cmake/ament_cmake_export_dependencies-extras.cmake
-- Installing: /home/line/Community_ws/install/community_interfaces/share/community_interfaces/cmake/rosidl_cmake_export_typesupport_libraries-extras.cmake
-- Installing: /home/line/Community_ws/install/community_interfaces/share/community_interfaces/cmake/rosidl_cmake_aggregate_target-extras.cmake
-- Installing: /home/line/Community_ws/install/community_interfaces/share/community_interfaces/cmake/community_interfacesConfig.cmake
-- Installing: /home/line/Community_ws/install/community_interfaces/share/community_interfaces/cmake/community_interfacesConfig-version.cmake
-- Installing: /home/line/Community_ws/install/community_interfaces/share/community_interfaces/package.xml
