[0.007s] Invoking command in '/home/line/Community_ws/build/community_interfaces': CMAKE_PREFIX_PATH=/opt/ros/humble /usr/bin/cmake /home/line/Community_ws/src/community_interfaces -DCMAKE_INSTALL_PREFIX=/home/line/Community_ws/install/community_interfaces
[0.016s] -- Found ament_cmake: 1.3.14 (/opt/ros/humble/share/ament_cmake/cmake)
[0.107s] -- Found rosidl_default_generators: 1.2.1 (/opt/ros/humble/share/rosidl_default_generators/cmake)
[0.107s] -- Using all available rosidl_typesupport_c: rosidl_typesupport_fastrtps_c;rosidl_typesupport_introspection_c
[0.109s] -- Found rosidl_adapter: 3.1.9 (/opt/ros/humble/share/rosidl_adapter/cmake)
[0.125s] -- Using all available rosidl_typesupport_cpp: rosidl_typesupport_fastrtps_cpp;rosidl_typesupport_introspection_cpp
[0.297s] -- Found ament_cmake_ros: 0.10.0 (/opt/ros/humble/share/ament_cmake_ros/cmake)
[0.432s] -- Using all available rosidl_typesupport_c: rosidl_typesupport_fastrtps_c;rosidl_typesupport_introspection_c
[0.615s] -- Using all available rosidl_typesupport_cpp: rosidl_typesupport_fastrtps_cpp;rosidl_typesupport_introspection_cpp
[0.630s] -- Found PythonInterp: /usr/bin/python3 (found suitable version "3.10.12", minimum required is "3.6") 
[0.632s] -- Found python_cmake_module: 0.10.0 (/opt/ros/humble/share/python_cmake_module/cmake)
[0.652s] -- Found PythonLibs: /usr/lib/x86_64-linux-gnu/libpython3.10.so (found suitable version "3.10.12", minimum required is "3.5") 
[0.652s] -- Using PYTHON_EXECUTABLE: /usr/bin/python3
[0.652s] -- Using PYTHON_INCLUDE_DIRS: /usr/include/python3.10
[0.652s] -- Using PYTHON_LIBRARIES: /usr/lib/x86_64-linux-gnu/libpython3.10.so
[0.670s] -- Found PythonExtra: .so  
[0.730s] -- Found ament_lint_auto: 0.12.15 (/opt/ros/humble/share/ament_lint_auto/cmake)
[0.741s] -- Added test 'lint_cmake' to check CMake code style
[0.742s] -- Added test 'xmllint' to check XML markup files
[0.744s] -- Configuring done
[0.759s] -- Generating done
[0.766s] -- Build files have been written to: /home/line/Community_ws/build/community_interfaces
[0.770s] Invoked command in '/home/line/Community_ws/build/community_interfaces' returned '0': CMAKE_PREFIX_PATH=/opt/ros/humble /usr/bin/cmake /home/line/Community_ws/src/community_interfaces -DCMAKE_INSTALL_PREFIX=/home/line/Community_ws/install/community_interfaces
[0.772s] Invoking command in '/home/line/Community_ws/build/community_interfaces': CMAKE_PREFIX_PATH=/opt/ros/humble /usr/bin/cmake --build /home/line/Community_ws/build/community_interfaces -- -j20 -l20
[0.802s] [  3%] [34m[1mGenerating C code for ROS interfaces[0m
[0.813s] [  6%] [34m[1mGenerating Rust code for ROS interfaces[0m
[0.813s] [  9%] [34m[1mGenerating C++ code for ROS interfaces[0m
[0.820s] [  9%] Built target ament_cmake_python_copy_community_interfaces
[0.936s] running egg_info
[0.944s] creating community_interfaces.egg-info
[0.944s] writing community_interfaces.egg-info/PKG-INFO
[0.944s] writing dependency_links to community_interfaces.egg-info/dependency_links.txt
[0.944s] writing top-level names to community_interfaces.egg-info/top_level.txt
[0.944s] writing manifest file 'community_interfaces.egg-info/SOURCES.txt'
[0.945s] [ 12%] [32mBuilding C object CMakeFiles/community_interfaces__rosidl_generator_c.dir/rosidl_generator_c/community_interfaces/msg/detail/noise_element__functions.c.o[0m
[0.956s] [ 12%] Built target community_interfaces__cpp
[0.966s] [ 15%] [34m[1mGenerating C++ type support for eProsima Fast-RTPS[0m
[0.966s] [ 21%] [34m[1mGenerating C++ introspection for ROS interfaces[0m
[0.966s] [ 21%] [34m[1mGenerating C++ type support dispatch for ROS interfaces[0m
[0.968s] reading manifest file 'community_interfaces.egg-info/SOURCES.txt'
[0.969s] writing manifest file 'community_interfaces.egg-info/SOURCES.txt'
[0.995s] [ 21%] Built target ament_cmake_python_build_community_interfaces_egg
[1.067s] [ 25%] [32m[1mLinking C shared library libcommunity_interfaces__rosidl_generator_c.so[0m
[1.096s] [ 25%] Built target community_interfaces__rosidl_generator_c
[1.099s] [ 25%] Built target community_interfaces__rs
[1.103s] [ 28%] [34m[1mGenerating C introspection for ROS interfaces[0m
[1.104s] [ 34%] [34m[1mGenerating C type support dispatch for ROS interfaces[0m
[1.104s] [ 34%] [34m[1mGenerating C type support for eProsima Fast-RTPS[0m
[1.178s] [ 37%] [32mBuilding CXX object CMakeFiles/community_interfaces__rosidl_typesupport_cpp.dir/rosidl_typesupport_cpp/community_interfaces/msg/noise_element__type_support.cpp.o[0m
[1.185s] [ 40%] [32mBuilding CXX object CMakeFiles/community_interfaces__rosidl_typesupport_introspection_cpp.dir/rosidl_typesupport_introspection_cpp/community_interfaces/msg/detail/noise_element__type_support.cpp.o[0m
[1.213s] [ 43%] [32mBuilding CXX object CMakeFiles/community_interfaces__rosidl_typesupport_fastrtps_cpp.dir/rosidl_typesupport_fastrtps_cpp/community_interfaces/msg/detail/dds_fastrtps/noise_element__type_support.cpp.o[0m
[1.226s] [ 46%] [32mBuilding CXX object CMakeFiles/community_interfaces__rosidl_typesupport_c.dir/rosidl_typesupport_c/community_interfaces/msg/noise_element__type_support.cpp.o[0m
[1.252s] [ 50%] [32mBuilding C object CMakeFiles/community_interfaces__rosidl_typesupport_introspection_c.dir/rosidl_typesupport_introspection_c/community_interfaces/msg/detail/noise_element__type_support.c.o[0m
[1.297s] [ 53%] [32mBuilding CXX object CMakeFiles/community_interfaces__rosidl_typesupport_fastrtps_c.dir/rosidl_typesupport_fastrtps_c/community_interfaces/msg/detail/noise_element__type_support_c.cpp.o[0m
[1.318s] [ 56%] [32m[1mLinking C shared library libcommunity_interfaces__rosidl_typesupport_introspection_c.so[0m
[1.319s] [ 59%] [32m[1mLinking CXX shared library libcommunity_interfaces__rosidl_typesupport_c.so[0m
[1.347s] [ 59%] Built target community_interfaces__rosidl_typesupport_introspection_c
[1.353s] [ 59%] Built target community_interfaces__rosidl_typesupport_c
[1.549s] [ 62%] [32m[1mLinking CXX shared library libcommunity_interfaces__rosidl_typesupport_fastrtps_cpp.so[0m
[1.549s] [ 68%] [32m[1mLinking CXX shared library libcommunity_interfaces__rosidl_typesupport_cpp.so[0m
[1.549s] [ 71%] [32m[1mLinking CXX shared library libcommunity_interfaces__rosidl_typesupport_fastrtps_c.so[0m
[1.549s] [ 71%] [32m[1mLinking CXX shared library libcommunity_interfaces__rosidl_typesupport_introspection_cpp.so[0m
[1.582s] [ 71%] Built target community_interfaces__rosidl_typesupport_cpp
[1.608s] [ 71%] Built target community_interfaces__rosidl_typesupport_fastrtps_cpp
[1.610s] [ 71%] Built target community_interfaces__rosidl_typesupport_introspection_cpp
[1.610s] [ 71%] Built target community_interfaces__rosidl_typesupport_fastrtps_c
[1.624s] [ 71%] Built target community_interfaces
[1.640s] [ 75%] [34m[1mGenerating Python code for ROS interfaces[0m
[1.786s] [ 75%] Built target community_interfaces__py
[1.803s] [ 78%] [32mBuilding C object CMakeFiles/community_interfaces__rosidl_generator_py.dir/rosidl_generator_py/community_interfaces/msg/_noise_element_s.c.o[0m
[1.887s] [ 81%] [32m[1mLinking C shared library rosidl_generator_py/community_interfaces/libcommunity_interfaces__rosidl_generator_py.so[0m
[1.929s] [ 81%] Built target community_interfaces__rosidl_generator_py
[1.947s] [ 84%] [32mBuilding C object CMakeFiles/community_interfaces__rosidl_typesupport_introspection_c__pyext.dir/rosidl_generator_py/community_interfaces/_community_interfaces_s.ep.rosidl_typesupport_introspection_c.c.o[0m
[1.948s] [ 87%] [32mBuilding C object CMakeFiles/community_interfaces__rosidl_typesupport_c__pyext.dir/rosidl_generator_py/community_interfaces/_community_interfaces_s.ep.rosidl_typesupport_c.c.o[0m
[1.949s] [ 90%] [32mBuilding C object CMakeFiles/community_interfaces__rosidl_typesupport_fastrtps_c__pyext.dir/rosidl_generator_py/community_interfaces/_community_interfaces_s.ep.rosidl_typesupport_fastrtps_c.c.o[0m
[2.123s] [ 93%] [32m[1mLinking C shared library rosidl_generator_py/community_interfaces/community_interfaces_s__rosidl_typesupport_c.cpython-310-x86_64-linux-gnu.so[0m
[2.124s] [ 96%] [32m[1mLinking C shared library rosidl_generator_py/community_interfaces/community_interfaces_s__rosidl_typesupport_introspection_c.cpython-310-x86_64-linux-gnu.so[0m
[2.124s] [100%] [32m[1mLinking C shared library rosidl_generator_py/community_interfaces/community_interfaces_s__rosidl_typesupport_fastrtps_c.cpython-310-x86_64-linux-gnu.so[0m
[2.150s] [100%] Built target community_interfaces__rosidl_typesupport_c__pyext
[2.150s] [100%] Built target community_interfaces__rosidl_typesupport_fastrtps_c__pyext
[2.150s] [100%] Built target community_interfaces__rosidl_typesupport_introspection_c__pyext
[2.158s] Invoked command in '/home/line/Community_ws/build/community_interfaces' returned '0': CMAKE_PREFIX_PATH=/opt/ros/humble /usr/bin/cmake --build /home/line/Community_ws/build/community_interfaces -- -j20 -l20
[2.168s] Invoking command in '/home/line/Community_ws/build/community_interfaces': CMAKE_PREFIX_PATH=/opt/ros/humble /usr/bin/cmake --install /home/line/Community_ws/build/community_interfaces
[2.172s] -- Install configuration: ""
[2.172s] -- Installing: /home/line/Community_ws/install/community_interfaces/share/ament_index/resource_index/rosidl_interfaces/community_interfaces
[2.172s] -- Installing: /home/line/Community_ws/install/community_interfaces/include/community_interfaces/community_interfaces
[2.172s] -- Installing: /home/line/Community_ws/install/community_interfaces/include/community_interfaces/community_interfaces/msg
[2.172s] -- Installing: /home/line/Community_ws/install/community_interfaces/include/community_interfaces/community_interfaces/msg/rosidl_generator_c__visibility_control.h
[2.172s] -- Installing: /home/line/Community_ws/install/community_interfaces/include/community_interfaces/community_interfaces/msg/detail
[2.172s] -- Installing: /home/line/Community_ws/install/community_interfaces/include/community_interfaces/community_interfaces/msg/detail/noise_element__functions.h
[2.172s] -- Installing: /home/line/Community_ws/install/community_interfaces/include/community_interfaces/community_interfaces/msg/detail/noise_element__functions.c
[2.172s] -- Installing: /home/line/Community_ws/install/community_interfaces/include/community_interfaces/community_interfaces/msg/detail/noise_element__type_support.h
[2.172s] -- Installing: /home/line/Community_ws/install/community_interfaces/include/community_interfaces/community_interfaces/msg/detail/noise_element__struct.h
[2.172s] -- Installing: /home/line/Community_ws/install/community_interfaces/include/community_interfaces/community_interfaces/msg/noise_element.h
[2.172s] -- Installing: /home/line/Community_ws/install/community_interfaces/share/community_interfaces/environment/library_path.sh
[2.172s] -- Installing: /home/line/Community_ws/install/community_interfaces/share/community_interfaces/environment/library_path.dsv
[2.172s] -- Installing: /home/line/Community_ws/install/community_interfaces/lib/libcommunity_interfaces__rosidl_generator_c.so
[2.172s] -- Set runtime path of "/home/line/Community_ws/install/community_interfaces/lib/libcommunity_interfaces__rosidl_generator_c.so" to ""
[2.172s] -- Up-to-date: /home/line/Community_ws/install/community_interfaces/include/community_interfaces/community_interfaces
[2.172s] -- Up-to-date: /home/line/Community_ws/install/community_interfaces/include/community_interfaces/community_interfaces/msg
[2.172s] -- Up-to-date: /home/line/Community_ws/install/community_interfaces/include/community_interfaces/community_interfaces/msg/detail
[2.173s] -- Installing: /home/line/Community_ws/install/community_interfaces/include/community_interfaces/community_interfaces/msg/detail/noise_element__rosidl_typesupport_fastrtps_c.h
[2.173s] -- Installing: /home/line/Community_ws/install/community_interfaces/include/community_interfaces/community_interfaces/msg/rosidl_typesupport_fastrtps_c__visibility_control.h
[2.173s] -- Installing: /home/line/Community_ws/install/community_interfaces/lib/libcommunity_interfaces__rosidl_typesupport_fastrtps_c.so
[2.173s] -- Set runtime path of "/home/line/Community_ws/install/community_interfaces/lib/libcommunity_interfaces__rosidl_typesupport_fastrtps_c.so" to ""
[2.173s] -- Up-to-date: /home/line/Community_ws/install/community_interfaces/include/community_interfaces/community_interfaces
[2.173s] -- Up-to-date: /home/line/Community_ws/install/community_interfaces/include/community_interfaces/community_interfaces/msg
[2.173s] -- Installing: /home/line/Community_ws/install/community_interfaces/include/community_interfaces/community_interfaces/msg/rosidl_typesupport_introspection_c__visibility_control.h
[2.173s] -- Up-to-date: /home/line/Community_ws/install/community_interfaces/include/community_interfaces/community_interfaces/msg/detail
[2.173s] -- Installing: /home/line/Community_ws/install/community_interfaces/include/community_interfaces/community_interfaces/msg/detail/noise_element__type_support.c
[2.173s] -- Installing: /home/line/Community_ws/install/community_interfaces/include/community_interfaces/community_interfaces/msg/detail/noise_element__rosidl_typesupport_introspection_c.h
[2.173s] -- Installing: /home/line/Community_ws/install/community_interfaces/lib/libcommunity_interfaces__rosidl_typesupport_introspection_c.so
[2.173s] -- Set runtime path of "/home/line/Community_ws/install/community_interfaces/lib/libcommunity_interfaces__rosidl_typesupport_introspection_c.so" to ""
[2.173s] -- Installing: /home/line/Community_ws/install/community_interfaces/lib/libcommunity_interfaces__rosidl_typesupport_c.so
[2.173s] -- Set runtime path of "/home/line/Community_ws/install/community_interfaces/lib/libcommunity_interfaces__rosidl_typesupport_c.so" to ""
[2.173s] -- Up-to-date: /home/line/Community_ws/install/community_interfaces/include/community_interfaces/community_interfaces
[2.173s] -- Up-to-date: /home/line/Community_ws/install/community_interfaces/include/community_interfaces/community_interfaces/msg
[2.173s] -- Installing: /home/line/Community_ws/install/community_interfaces/include/community_interfaces/community_interfaces/msg/rosidl_generator_cpp__visibility_control.hpp
[2.173s] -- Installing: /home/line/Community_ws/install/community_interfaces/include/community_interfaces/community_interfaces/msg/noise_element.hpp
[2.173s] -- Up-to-date: /home/line/Community_ws/install/community_interfaces/include/community_interfaces/community_interfaces/msg/detail
[2.173s] -- Installing: /home/line/Community_ws/install/community_interfaces/include/community_interfaces/community_interfaces/msg/detail/noise_element__traits.hpp
[2.173s] -- Installing: /home/line/Community_ws/install/community_interfaces/include/community_interfaces/community_interfaces/msg/detail/noise_element__struct.hpp
[2.173s] -- Installing: /home/line/Community_ws/install/community_interfaces/include/community_interfaces/community_interfaces/msg/detail/noise_element__type_support.hpp
[2.173s] -- Installing: /home/line/Community_ws/install/community_interfaces/include/community_interfaces/community_interfaces/msg/detail/noise_element__builder.hpp
[2.173s] -- Up-to-date: /home/line/Community_ws/install/community_interfaces/include/community_interfaces/community_interfaces
[2.173s] -- Up-to-date: /home/line/Community_ws/install/community_interfaces/include/community_interfaces/community_interfaces/msg
[2.173s] -- Installing: /home/line/Community_ws/install/community_interfaces/include/community_interfaces/community_interfaces/msg/rosidl_typesupport_fastrtps_cpp__visibility_control.h
[2.173s] -- Up-to-date: /home/line/Community_ws/install/community_interfaces/include/community_interfaces/community_interfaces/msg/detail
[2.173s] -- Installing: /home/line/Community_ws/install/community_interfaces/include/community_interfaces/community_interfaces/msg/detail/dds_fastrtps
[2.174s] -- Installing: /home/line/Community_ws/install/community_interfaces/include/community_interfaces/community_interfaces/msg/detail/noise_element__rosidl_typesupport_fastrtps_cpp.hpp
[2.174s] -- Installing: /home/line/Community_ws/install/community_interfaces/lib/libcommunity_interfaces__rosidl_typesupport_fastrtps_cpp.so
[2.174s] -- Set runtime path of "/home/line/Community_ws/install/community_interfaces/lib/libcommunity_interfaces__rosidl_typesupport_fastrtps_cpp.so" to ""
[2.174s] -- Up-to-date: /home/line/Community_ws/install/community_interfaces/include/community_interfaces/community_interfaces
[2.174s] -- Up-to-date: /home/line/Community_ws/install/community_interfaces/include/community_interfaces/community_interfaces/msg
[2.174s] -- Up-to-date: /home/line/Community_ws/install/community_interfaces/include/community_interfaces/community_interfaces/msg/detail
[2.174s] -- Installing: /home/line/Community_ws/install/community_interfaces/include/community_interfaces/community_interfaces/msg/detail/noise_element__type_support.cpp
[2.174s] -- Installing: /home/line/Community_ws/install/community_interfaces/include/community_interfaces/community_interfaces/msg/detail/noise_element__rosidl_typesupport_introspection_cpp.hpp
[2.174s] -- Installing: /home/line/Community_ws/install/community_interfaces/lib/libcommunity_interfaces__rosidl_typesupport_introspection_cpp.so
[2.174s] -- Set runtime path of "/home/line/Community_ws/install/community_interfaces/lib/libcommunity_interfaces__rosidl_typesupport_introspection_cpp.so" to ""
[2.174s] -- Installing: /home/line/Community_ws/install/community_interfaces/lib/libcommunity_interfaces__rosidl_typesupport_cpp.so
[2.174s] -- Set runtime path of "/home/line/Community_ws/install/community_interfaces/lib/libcommunity_interfaces__rosidl_typesupport_cpp.so" to ""
[2.174s] -- Installing: /home/line/Community_ws/install/community_interfaces/share/community_interfaces/environment/pythonpath.sh
[2.174s] -- Installing: /home/line/Community_ws/install/community_interfaces/share/community_interfaces/environment/pythonpath.dsv
[2.174s] -- Installing: /home/line/Community_ws/install/community_interfaces/local/lib/python3.10/dist-packages/community_interfaces-0.0.0-py3.10.egg-info
[2.174s] -- Installing: /home/line/Community_ws/install/community_interfaces/local/lib/python3.10/dist-packages/community_interfaces-0.0.0-py3.10.egg-info/top_level.txt
[2.174s] -- Installing: /home/line/Community_ws/install/community_interfaces/local/lib/python3.10/dist-packages/community_interfaces-0.0.0-py3.10.egg-info/dependency_links.txt
[2.174s] -- Installing: /home/line/Community_ws/install/community_interfaces/local/lib/python3.10/dist-packages/community_interfaces-0.0.0-py3.10.egg-info/SOURCES.txt
[2.174s] -- Installing: /home/line/Community_ws/install/community_interfaces/local/lib/python3.10/dist-packages/community_interfaces-0.0.0-py3.10.egg-info/PKG-INFO
[2.174s] -- Installing: /home/line/Community_ws/install/community_interfaces/local/lib/python3.10/dist-packages/community_interfaces
[2.174s] -- Installing: /home/line/Community_ws/install/community_interfaces/local/lib/python3.10/dist-packages/community_interfaces/msg
[2.174s] -- Installing: /home/line/Community_ws/install/community_interfaces/local/lib/python3.10/dist-packages/community_interfaces/msg/_noise_element_s.c
[2.174s] -- Installing: /home/line/Community_ws/install/community_interfaces/local/lib/python3.10/dist-packages/community_interfaces/msg/__init__.py
[2.174s] -- Installing: /home/line/Community_ws/install/community_interfaces/local/lib/python3.10/dist-packages/community_interfaces/msg/_noise_element.py
[2.174s] -- Installing: /home/line/Community_ws/install/community_interfaces/local/lib/python3.10/dist-packages/community_interfaces/libcommunity_interfaces__rosidl_generator_py.so
[2.174s] -- Installing: /home/line/Community_ws/install/community_interfaces/local/lib/python3.10/dist-packages/community_interfaces/_community_interfaces_s.ep.rosidl_typesupport_introspection_c.c
[2.174s] -- Installing: /home/line/Community_ws/install/community_interfaces/local/lib/python3.10/dist-packages/community_interfaces/_community_interfaces_s.ep.rosidl_typesupport_c.c
[2.174s] -- Installing: /home/line/Community_ws/install/community_interfaces/local/lib/python3.10/dist-packages/community_interfaces/__init__.py
[2.174s] -- Installing: /home/line/Community_ws/install/community_interfaces/local/lib/python3.10/dist-packages/community_interfaces/community_interfaces_s__rosidl_typesupport_introspection_c.cpython-310-x86_64-linux-gnu.so
[2.174s] -- Installing: /home/line/Community_ws/install/community_interfaces/local/lib/python3.10/dist-packages/community_interfaces/community_interfaces_s__rosidl_typesupport_c.cpython-310-x86_64-linux-gnu.so
[2.174s] -- Installing: /home/line/Community_ws/install/community_interfaces/local/lib/python3.10/dist-packages/community_interfaces/_community_interfaces_s.ep.rosidl_typesupport_fastrtps_c.c
[2.175s] -- Installing: /home/line/Community_ws/install/community_interfaces/local/lib/python3.10/dist-packages/community_interfaces/community_interfaces_s__rosidl_typesupport_fastrtps_c.cpython-310-x86_64-linux-gnu.so
[2.195s] Listing '/home/line/Community_ws/install/community_interfaces/local/lib/python3.10/dist-packages/community_interfaces'...
[2.195s] Compiling '/home/line/Community_ws/install/community_interfaces/local/lib/python3.10/dist-packages/community_interfaces/__init__.py'...
[2.195s] Listing '/home/line/Community_ws/install/community_interfaces/local/lib/python3.10/dist-packages/community_interfaces/msg'...
[2.195s] Compiling '/home/line/Community_ws/install/community_interfaces/local/lib/python3.10/dist-packages/community_interfaces/msg/__init__.py'...
[2.195s] Compiling '/home/line/Community_ws/install/community_interfaces/local/lib/python3.10/dist-packages/community_interfaces/msg/_noise_element.py'...
[2.198s] -- Installing: /home/line/Community_ws/install/community_interfaces/local/lib/python3.10/dist-packages/community_interfaces/community_interfaces_s__rosidl_typesupport_fastrtps_c.cpython-310-x86_64-linux-gnu.so
[2.198s] -- Set runtime path of "/home/line/Community_ws/install/community_interfaces/local/lib/python3.10/dist-packages/community_interfaces/community_interfaces_s__rosidl_typesupport_fastrtps_c.cpython-310-x86_64-linux-gnu.so" to ""
[2.198s] -- Installing: /home/line/Community_ws/install/community_interfaces/local/lib/python3.10/dist-packages/community_interfaces/community_interfaces_s__rosidl_typesupport_introspection_c.cpython-310-x86_64-linux-gnu.so
[2.198s] -- Set runtime path of "/home/line/Community_ws/install/community_interfaces/local/lib/python3.10/dist-packages/community_interfaces/community_interfaces_s__rosidl_typesupport_introspection_c.cpython-310-x86_64-linux-gnu.so" to ""
[2.198s] -- Installing: /home/line/Community_ws/install/community_interfaces/local/lib/python3.10/dist-packages/community_interfaces/community_interfaces_s__rosidl_typesupport_c.cpython-310-x86_64-linux-gnu.so
[2.198s] -- Set runtime path of "/home/line/Community_ws/install/community_interfaces/local/lib/python3.10/dist-packages/community_interfaces/community_interfaces_s__rosidl_typesupport_c.cpython-310-x86_64-linux-gnu.so" to ""
[2.198s] -- Installing: /home/line/Community_ws/install/community_interfaces/lib/libcommunity_interfaces__rosidl_generator_py.so
[2.198s] -- Set runtime path of "/home/line/Community_ws/install/community_interfaces/lib/libcommunity_interfaces__rosidl_generator_py.so" to ""
[2.198s] -- Installing: /home/line/Community_ws/install/community_interfaces/share/ament_index/resource_index/rust_packages/community_interfaces
[2.198s] -- Installing: /home/line/Community_ws/install/community_interfaces/share/community_interfaces/rust
[2.199s] -- Installing: /home/line/Community_ws/install/community_interfaces/share/community_interfaces/rust/src
[2.199s] -- Installing: /home/line/Community_ws/install/community_interfaces/share/community_interfaces/rust/src/msg
[2.199s] -- Installing: /home/line/Community_ws/install/community_interfaces/share/community_interfaces/rust/src/msg/rmw.rs
[2.199s] -- Installing: /home/line/Community_ws/install/community_interfaces/share/community_interfaces/rust/src/lib.rs
[2.199s] -- Installing: /home/line/Community_ws/install/community_interfaces/share/community_interfaces/rust/src/msg.rs
[2.199s] -- Installing: /home/line/Community_ws/install/community_interfaces/share/community_interfaces/rust/build.rs
[2.199s] -- Installing: /home/line/Community_ws/install/community_interfaces/share/community_interfaces/rust/Cargo.toml
[2.199s] -- Installing: /home/line/Community_ws/install/community_interfaces/share/community_interfaces/msg/NoiseElement.idl
[2.199s] -- Installing: /home/line/Community_ws/install/community_interfaces/share/community_interfaces/msg/NoiseElement.msg
[2.199s] -- Installing: /home/line/Community_ws/install/community_interfaces/share/ament_index/resource_index/package_run_dependencies/community_interfaces
[2.199s] -- Installing: /home/line/Community_ws/install/community_interfaces/share/ament_index/resource_index/parent_prefix_path/community_interfaces
[2.199s] -- Installing: /home/line/Community_ws/install/community_interfaces/share/community_interfaces/environment/ament_prefix_path.sh
[2.199s] -- Installing: /home/line/Community_ws/install/community_interfaces/share/community_interfaces/environment/ament_prefix_path.dsv
[2.199s] -- Installing: /home/line/Community_ws/install/community_interfaces/share/community_interfaces/environment/path.sh
[2.199s] -- Installing: /home/line/Community_ws/install/community_interfaces/share/community_interfaces/environment/path.dsv
[2.199s] -- Installing: /home/line/Community_ws/install/community_interfaces/share/community_interfaces/local_setup.bash
[2.199s] -- Installing: /home/line/Community_ws/install/community_interfaces/share/community_interfaces/local_setup.sh
[2.199s] -- Installing: /home/line/Community_ws/install/community_interfaces/share/community_interfaces/local_setup.zsh
[2.199s] -- Installing: /home/line/Community_ws/install/community_interfaces/share/community_interfaces/local_setup.dsv
[2.199s] -- Installing: /home/line/Community_ws/install/community_interfaces/share/community_interfaces/package.dsv
[2.199s] -- Installing: /home/line/Community_ws/install/community_interfaces/share/ament_index/resource_index/packages/community_interfaces
[2.199s] -- Installing: /home/line/Community_ws/install/community_interfaces/share/community_interfaces/cmake/export_community_interfaces__rosidl_generator_cExport.cmake
[2.199s] -- Installing: /home/line/Community_ws/install/community_interfaces/share/community_interfaces/cmake/export_community_interfaces__rosidl_generator_cExport-noconfig.cmake
[2.199s] -- Installing: /home/line/Community_ws/install/community_interfaces/share/community_interfaces/cmake/export_community_interfaces__rosidl_typesupport_fastrtps_cExport.cmake
[2.200s] -- Installing: /home/line/Community_ws/install/community_interfaces/share/community_interfaces/cmake/export_community_interfaces__rosidl_typesupport_fastrtps_cExport-noconfig.cmake
[2.200s] -- Installing: /home/line/Community_ws/install/community_interfaces/share/community_interfaces/cmake/community_interfaces__rosidl_typesupport_introspection_cExport.cmake
[2.200s] -- Installing: /home/line/Community_ws/install/community_interfaces/share/community_interfaces/cmake/community_interfaces__rosidl_typesupport_introspection_cExport-noconfig.cmake
[2.200s] -- Installing: /home/line/Community_ws/install/community_interfaces/share/community_interfaces/cmake/community_interfaces__rosidl_typesupport_cExport.cmake
[2.200s] -- Installing: /home/line/Community_ws/install/community_interfaces/share/community_interfaces/cmake/community_interfaces__rosidl_typesupport_cExport-noconfig.cmake
[2.200s] -- Installing: /home/line/Community_ws/install/community_interfaces/share/community_interfaces/cmake/export_community_interfaces__rosidl_generator_cppExport.cmake
[2.200s] -- Installing: /home/line/Community_ws/install/community_interfaces/share/community_interfaces/cmake/export_community_interfaces__rosidl_typesupport_fastrtps_cppExport.cmake
[2.200s] -- Installing: /home/line/Community_ws/install/community_interfaces/share/community_interfaces/cmake/export_community_interfaces__rosidl_typesupport_fastrtps_cppExport-noconfig.cmake
[2.200s] -- Installing: /home/line/Community_ws/install/community_interfaces/share/community_interfaces/cmake/community_interfaces__rosidl_typesupport_introspection_cppExport.cmake
[2.200s] -- Installing: /home/line/Community_ws/install/community_interfaces/share/community_interfaces/cmake/community_interfaces__rosidl_typesupport_introspection_cppExport-noconfig.cmake
[2.200s] -- Installing: /home/line/Community_ws/install/community_interfaces/share/community_interfaces/cmake/community_interfaces__rosidl_typesupport_cppExport.cmake
[2.200s] -- Installing: /home/line/Community_ws/install/community_interfaces/share/community_interfaces/cmake/community_interfaces__rosidl_typesupport_cppExport-noconfig.cmake
[2.200s] -- Installing: /home/line/Community_ws/install/community_interfaces/share/community_interfaces/cmake/export_community_interfaces__rosidl_generator_pyExport.cmake
[2.200s] -- Installing: /home/line/Community_ws/install/community_interfaces/share/community_interfaces/cmake/export_community_interfaces__rosidl_generator_pyExport-noconfig.cmake
[2.200s] -- Installing: /home/line/Community_ws/install/community_interfaces/share/community_interfaces/cmake/rosidl_cmake-extras.cmake
[2.200s] -- Installing: /home/line/Community_ws/install/community_interfaces/share/community_interfaces/cmake/ament_cmake_export_include_directories-extras.cmake
[2.200s] -- Installing: /home/line/Community_ws/install/community_interfaces/share/community_interfaces/cmake/ament_cmake_export_libraries-extras.cmake
[2.200s] -- Installing: /home/line/Community_ws/install/community_interfaces/share/community_interfaces/cmake/ament_cmake_export_targets-extras.cmake
[2.200s] -- Installing: /home/line/Community_ws/install/community_interfaces/share/community_interfaces/cmake/rosidl_cmake_export_typesupport_targets-extras.cmake
[2.200s] -- Installing: /home/line/Community_ws/install/community_interfaces/share/community_interfaces/cmake/ament_cmake_export_dependencies-extras.cmake
[2.200s] -- Installing: /home/line/Community_ws/install/community_interfaces/share/community_interfaces/cmake/rosidl_cmake_export_typesupport_libraries-extras.cmake
[2.200s] -- Installing: /home/line/Community_ws/install/community_interfaces/share/community_interfaces/cmake/rosidl_cmake_aggregate_target-extras.cmake
[2.201s] -- Installing: /home/line/Community_ws/install/community_interfaces/share/community_interfaces/cmake/community_interfacesConfig.cmake
[2.201s] -- Installing: /home/line/Community_ws/install/community_interfaces/share/community_interfaces/cmake/community_interfacesConfig-version.cmake
[2.201s] -- Installing: /home/line/Community_ws/install/community_interfaces/share/community_interfaces/package.xml
[2.202s] Invoked command in '/home/line/Community_ws/build/community_interfaces' returned '0': CMAKE_PREFIX_PATH=/opt/ros/humble /usr/bin/cmake --install /home/line/Community_ws/build/community_interfaces
