[0.416s] Invoking command in '/home/line/town_ws/src/village_li': AMENT_PREFIX_PATH=/home/line/town_ws/install/village_interfaces:${AMENT_PREFIX_PATH} CMAKE_PREFIX_PATH=/home/line/town_ws/install/village_interfaces LD_LIBRARY_PATH=/home/line/town_ws/install/village_interfaces/lib:${LD_LIBRARY_PATH} PYTHONPATH=/home/line/town_ws/build/village_li/prefix_override:/usr/lib/python3/dist-packages/colcon_core/task/python/colcon_distutils_commands:/home/line/town_ws/install/village_li/lib/python3.10/site-packages:/home/line/town_ws/install/village_interfaces/local/lib/python3.10/dist-packages:${PYTHONPATH} /usr/bin/python3 -W ignore:setup.py install is deprecated -W ignore:easy_install command is deprecated setup.py egg_info --egg-base ../../build/village_li build --build-base /home/line/town_ws/build/village_li/build install --record /home/line/town_ws/build/village_li/install.log --single-version-externally-managed install_data
[0.524s] running egg_info
[0.524s] writing ../../build/village_li/village_li.egg-info/PKG-INFO
[0.524s] writing dependency_links to ../../build/village_li/village_li.egg-info/dependency_links.txt
[0.525s] writing entry points to ../../build/village_li/village_li.egg-info/entry_points.txt
[0.525s] writing requirements to ../../build/village_li/village_li.egg-info/requires.txt
[0.525s] writing top-level names to ../../build/village_li/village_li.egg-info/top_level.txt
[0.525s] reading manifest file '../../build/village_li/village_li.egg-info/SOURCES.txt'
[0.526s] writing manifest file '../../build/village_li/village_li.egg-info/SOURCES.txt'
[0.526s] running build
[0.526s] running build_py
[0.526s] running install
[0.526s] running install_lib
[0.527s] running install_data
[0.527s] copying launch/village.launch.py -> /home/line/town_ws/install/village_li/share/village_li/launch
[0.527s] running install_egg_info
[0.528s] removing '/home/line/town_ws/install/village_li/lib/python3.10/site-packages/village_li-0.0.0-py3.10.egg-info' (and everything under it)
[0.528s] Copying ../../build/village_li/village_li.egg-info to /home/line/town_ws/install/village_li/lib/python3.10/site-packages/village_li-0.0.0-py3.10.egg-info
[0.528s] running install_scripts
[0.540s] Installing li3_node script to /home/line/town_ws/install/village_li/lib/village_li
[0.540s] Installing li4_node script to /home/line/town_ws/install/village_li/lib/village_li
[0.540s] writing list of installed files to '/home/line/town_ws/build/village_li/install.log'
[0.554s] Invoked command in '/home/line/town_ws/src/village_li' returned '0': AMENT_PREFIX_PATH=/home/line/town_ws/install/village_interfaces:${AMENT_PREFIX_PATH} CMAKE_PREFIX_PATH=/home/line/town_ws/install/village_interfaces LD_LIBRARY_PATH=/home/line/town_ws/install/village_interfaces/lib:${LD_LIBRARY_PATH} PYTHONPATH=/home/line/town_ws/build/village_li/prefix_override:/usr/lib/python3/dist-packages/colcon_core/task/python/colcon_distutils_commands:/home/line/town_ws/install/village_li/lib/python3.10/site-packages:/home/line/town_ws/install/village_interfaces/local/lib/python3.10/dist-packages:${PYTHONPATH} /usr/bin/python3 -W ignore:setup.py install is deprecated -W ignore:easy_install command is deprecated setup.py egg_info --egg-base ../../build/village_li build --build-base /home/line/town_ws/build/village_li/build install --record /home/line/town_ws/build/village_li/install.log --single-version-externally-managed install_data
