running develop
running egg_info
creating village_li.egg-info
writing village_li.egg-info/PKG-INFO
writing dependency_links to village_li.egg-info/dependency_links.txt
writing entry points to village_li.egg-info/entry_points.txt
writing requirements to village_li.egg-info/requires.txt
writing top-level names to village_li.egg-info/top_level.txt
writing manifest file 'village_li.egg-info/SOURCES.txt'
reading manifest file 'village_li.egg-info/SOURCES.txt'
writing manifest file 'village_li.egg-info/SOURCES.txt'
running build_ext
Creating /home/line/town_ws/install/village_li/lib/python3.10/site-packages/village-li.egg-link (link to .)
Installing li3_node script to /home/line/town_ws/install/village_li/lib/village_li
Installing li4_node script to /home/line/town_ws/install/village_li/lib/village_li

Installed /home/line/town_ws/build/village_li
running symlink_data
creating /home/line/town_ws/install/village_li/share/ament_index
creating /home/line/town_ws/install/village_li/share/ament_index/resource_index
creating /home/line/town_ws/install/village_li/share/ament_index/resource_index/packages
symbolically linking /home/line/town_ws/build/village_li/resource/village_li -> /home/line/town_ws/install/village_li/share/ament_index/resource_index/packages
symbolically linking /home/line/town_ws/build/village_li/package.xml -> /home/line/town_ws/install/village_li/share/village_li
