[0.304s] Invoking command in '/home/line/town_ws/build/village_li': AMENT_PREFIX_PATH=/home/line/town_ws/install/village_interfaces:${AMENT_PREFIX_PATH} CMAKE_PREFIX_PATH=/home/line/town_ws/install/village_interfaces LD_LIBRARY_PATH=/home/line/town_ws/install/village_interfaces/lib:${LD_LIBRARY_PATH} PYTHONPATH=/home/line/town_ws/build/village_li/prefix_override:/usr/lib/python3/dist-packages/colcon_core/task/python/colcon_distutils_commands:/home/line/town_ws/install/village_li/lib/python3.10/site-packages:/home/line/town_ws/install/village_interfaces/local/lib/python3.10/dist-packages:${PYTHONPATH} /usr/bin/python3 -W ignore:setup.py install is deprecated -W ignore:easy_install command is deprecated setup.py develop --editable --build-directory /home/line/town_ws/build/village_li/build --no-deps symlink_data
[0.428s] running develop
[0.493s] running egg_info
[0.493s] creating village_li.egg-info
[0.493s] writing village_li.egg-info/PKG-INFO
[0.493s] writing dependency_links to village_li.egg-info/dependency_links.txt
[0.493s] writing entry points to village_li.egg-info/entry_points.txt
[0.493s] writing requirements to village_li.egg-info/requires.txt
[0.493s] writing top-level names to village_li.egg-info/top_level.txt
[0.493s] writing manifest file 'village_li.egg-info/SOURCES.txt'
[0.494s] reading manifest file 'village_li.egg-info/SOURCES.txt'
[0.494s] writing manifest file 'village_li.egg-info/SOURCES.txt'
[0.495s] running build_ext
[0.495s] Creating /home/line/town_ws/install/village_li/lib/python3.10/site-packages/village-li.egg-link (link to .)
[0.496s] Installing li3_node script to /home/line/town_ws/install/village_li/lib/village_li
[0.496s] Installing li4_node script to /home/line/town_ws/install/village_li/lib/village_li
[0.496s] 
[0.496s] Installed /home/line/town_ws/build/village_li
[0.496s] running symlink_data
[0.496s] creating /home/line/town_ws/install/village_li/share/ament_index
[0.496s] creating /home/line/town_ws/install/village_li/share/ament_index/resource_index
[0.496s] creating /home/line/town_ws/install/village_li/share/ament_index/resource_index/packages
[0.496s] symbolically linking /home/line/town_ws/build/village_li/resource/village_li -> /home/line/town_ws/install/village_li/share/ament_index/resource_index/packages
[0.496s] symbolically linking /home/line/town_ws/build/village_li/package.xml -> /home/line/town_ws/install/village_li/share/village_li
[0.511s] Invoked command in '/home/line/town_ws/build/village_li' returned '0': AMENT_PREFIX_PATH=/home/line/town_ws/install/village_interfaces:${AMENT_PREFIX_PATH} CMAKE_PREFIX_PATH=/home/line/town_ws/install/village_interfaces LD_LIBRARY_PATH=/home/line/town_ws/install/village_interfaces/lib:${LD_LIBRARY_PATH} PYTHONPATH=/home/line/town_ws/build/village_li/prefix_override:/usr/lib/python3/dist-packages/colcon_core/task/python/colcon_distutils_commands:/home/line/town_ws/install/village_li/lib/python3.10/site-packages:/home/line/town_ws/install/village_interfaces/local/lib/python3.10/dist-packages:${PYTHONPATH} /usr/bin/python3 -W ignore:setup.py install is deprecated -W ignore:easy_install command is deprecated setup.py develop --editable --build-directory /home/line/town_ws/build/village_li/build --no-deps symlink_data
