[0.005s] Invoking command in '/home/line/Community_ws/build/community_interfaces': CMAKE_PREFIX_PATH=/opt/ros/humble /usr/bin/cmake /home/line/Community_ws/src/community_interfaces -DCMAKE_INSTALL_PREFIX=/home/line/Community_ws/install/community_interfaces
[0.065s] -- The C compiler identification is GNU 11.4.0
[0.114s] -- The CXX compiler identification is GNU 11.4.0
[0.119s] -- Detecting C compiler ABI info
[0.178s] -- Detecting C compiler ABI info - done
[0.187s] -- Check for working C compiler: /usr/bin/cc - skipped
[0.187s] -- Detecting C compile features
[0.188s] -- Detecting C compile features - done
[0.191s] -- Detecting CXX compiler ABI info
[0.252s] -- Detecting CXX compiler ABI info - done
[0.257s] -- Check for working CXX compiler: /usr/bin/c++ - skipped
[0.257s] -- Detecting CXX compile features
[0.257s] -- Detecting CXX compile features - done
[0.259s] -- Found ament_cmake: 1.3.14 (/opt/ros/humble/share/ament_cmake/cmake)
[0.480s] -- Found Python3: /usr/bin/python3 (found version "3.10.12") found components: Interpreter 
[0.532s] -- Found rosidl_default_generators: 1.2.1 (/opt/ros/humble/share/rosidl_default_generators/cmake)
[0.534s] -- Using all available rosidl_typesupport_c: rosidl_typesupport_fastrtps_c;rosidl_typesupport_introspection_c
[0.539s] -- Found rosidl_adapter: 3.1.9 (/opt/ros/humble/share/rosidl_adapter/cmake)
[0.566s] -- Using all available rosidl_typesupport_cpp: rosidl_typesupport_fastrtps_cpp;rosidl_typesupport_introspection_cpp
[0.693s] [31mCMake Error at /opt/ros/humble/share/rosidl_adapter/cmake/rosidl_adapt_interfaces.cmake:59 (message):
[0.693s]   execute_process(/usr/bin/python3 -m rosidl_adapter --package-name
[0.693s]   community_interfaces --arguments-file
[0.693s]   /home/line/Community_ws/build/community_interfaces/rosidl_adapter__arguments__community_interfaces.json
[0.693s]   --output-dir
[0.693s]   /home/line/Community_ws/build/community_interfaces/rosidl_adapter/community_interfaces
[0.693s]   --output-file
[0.693s]   /home/line/Community_ws/build/community_interfaces/rosidl_adapter/community_interfaces.idls)
[0.693s]   returned error code 1:
[0.693s] 
[0.693s]   Error processing 'uint8 dB' of 'community_interfaces/Noise_Element': ''dB'
[0.693s]   is an invalid field name.  It should have the pattern
[0.694s]   '^(?!.*__)(?!.*_$)[a-z][a-z0-9_]*$''
[0.694s] 
[0.694s]   Traceback (most recent call last):
[0.694s] 
[0.694s]     File "/usr/lib/python3.10/runpy.py", line 196, in _run_module_as_main
[0.694s]       return _run_code(code, main_globals, None,
[0.694s]     File "/usr/lib/python3.10/runpy.py", line 86, in _run_code
[0.694s]       exec(code, run_globals)
[0.694s]     File "/opt/ros/humble/local/lib/python3.10/dist-packages/rosidl_adapter/__main__.py", line 19, in <module>
[0.694s]       sys.exit(main())
[0.694s]     File "/opt/ros/humble/local/lib/python3.10/dist-packages/rosidl_adapter/main.py", line 53, in main
[0.694s]       abs_idl_file = convert_to_idl(
[0.694s]     File "/opt/ros/humble/local/lib/python3.10/dist-packages/rosidl_adapter/__init__.py", line 19, in convert_to_idl
[0.694s]       return convert_msg_to_idl(
[0.694s]     File "/opt/ros/humble/local/lib/python3.10/dist-packages/rosidl_adapter/msg/__init__.py", line 28, in convert_msg_to_idl
[0.694s]       msg = parse_message_string(package_name, input_file.stem, content)
[0.694s]     File "/opt/ros/humble/local/lib/python3.10/dist-packages/rosidl_adapter/parser.py", line 519, in parse_message_string
[0.694s]       fields.append(Field(
[0.695s]     File "/opt/ros/humble/local/lib/python3.10/dist-packages/rosidl_adapter/parser.py", line 354, in __init__
[0.695s]       raise NameError(
[0.695s] 
[0.695s]   NameError: 'dB' is an invalid field name.  It should have the pattern
[0.695s]   '^(?!.*__)(?!.*_$)[a-z][a-z0-9_]*$'
[0.695s] 
[0.695s] Call Stack (most recent call first):
[0.695s]   /opt/ros/humble/share/rosidl_cmake/cmake/rosidl_generate_interfaces.cmake:130 (rosidl_adapt_interfaces)
[0.695s]   CMakeLists.txt:11 (rosidl_generate_interfaces)
[0.695s] 
[0.695s] [0m
[0.695s] -- Configuring incomplete, errors occurred!
[0.695s] See also "/home/line/Community_ws/build/community_interfaces/CMakeFiles/CMakeOutput.log".
[0.697s] Invoked command in '/home/line/Community_ws/build/community_interfaces' returned '1': CMAKE_PREFIX_PATH=/opt/ros/humble /usr/bin/cmake /home/line/Community_ws/src/community_interfaces -DCMAKE_INSTALL_PREFIX=/home/line/Community_ws/install/community_interfaces
