[0.133s] Invoking command in '/home/line/town_ws/build/village_wang': CMAKE_PREFIX_PATH=/home/line/town_ws/install/village_interfaces:/home/line/town_ws/install/village_wang:/home/line/town_ws/install/village_zhang:/home/line/town_ws/install/village_li:/opt/ros/humble /usr/bin/cmake --build /home/line/town_ws/build/village_wang -- -j20 -l20
[0.174s] [100%] Built target wang2_node
[0.258s] Invoked command in '/home/line/town_ws/build/village_wang' returned '0': CMAKE_PREFIX_PATH=/home/line/town_ws/install/village_interfaces:/home/line/town_ws/install/village_wang:/home/line/town_ws/install/village_zhang:/home/line/town_ws/install/village_li:/opt/ros/humble /usr/bin/cmake --build /home/line/town_ws/build/village_wang -- -j20 -l20
[0.258s] Invoking command in '/home/line/town_ws/build/village_wang': CMAKE_PREFIX_PATH=/home/line/town_ws/install/village_interfaces:/home/line/town_ws/install/village_wang:/home/line/town_ws/install/village_zhang:/home/line/town_ws/install/village_li:/opt/ros/humble /usr/bin/cmake --install /home/line/town_ws/build/village_wang
[0.265s] -- Install configuration: ""
[0.265s] -- Execute custom install script
[0.265s] -- Up-to-date symlink: /home/line/town_ws/install/village_wang/share/ament_index/resource_index/package_run_dependencies/village_wang
[0.265s] -- Up-to-date symlink: /home/line/town_ws/install/village_wang/share/ament_index/resource_index/parent_prefix_path/village_wang
[0.265s] -- Up-to-date symlink: /home/line/town_ws/install/village_wang/share/village_wang/environment/ament_prefix_path.sh
[0.265s] -- Up-to-date symlink: /home/line/town_ws/install/village_wang/share/village_wang/environment/ament_prefix_path.dsv
[0.266s] -- Up-to-date symlink: /home/line/town_ws/install/village_wang/share/village_wang/environment/path.sh
[0.266s] -- Up-to-date symlink: /home/line/town_ws/install/village_wang/share/village_wang/environment/path.dsv
[0.266s] -- Up-to-date symlink: /home/line/town_ws/install/village_wang/share/village_wang/local_setup.bash
[0.266s] -- Up-to-date symlink: /home/line/town_ws/install/village_wang/share/village_wang/local_setup.sh
[0.266s] -- Up-to-date symlink: /home/line/town_ws/install/village_wang/share/village_wang/local_setup.zsh
[0.266s] -- Up-to-date symlink: /home/line/town_ws/install/village_wang/share/village_wang/local_setup.dsv
[0.266s] -- Symlinking: /home/line/town_ws/install/village_wang/share/village_wang/package.dsv
[0.273s] -- Up-to-date symlink: /home/line/town_ws/install/village_wang/share/ament_index/resource_index/packages/village_wang
[0.273s] -- Up-to-date symlink: /home/line/town_ws/install/village_wang/share/village_wang/cmake/village_wangConfig.cmake
[0.273s] -- Up-to-date symlink: /home/line/town_ws/install/village_wang/share/village_wang/cmake/village_wangConfig-version.cmake
[0.273s] -- Up-to-date symlink: /home/line/town_ws/install/village_wang/share/village_wang/package.xml
[0.274s] -- Up-to-date symlink: /home/line/town_ws/install/village_wang/lib/village_wang/wang2_node
[0.275s] Invoked command in '/home/line/town_ws/build/village_wang' returned '0': CMAKE_PREFIX_PATH=/home/line/town_ws/install/village_interfaces:/home/line/town_ws/install/village_wang:/home/line/town_ws/install/village_zhang:/home/line/town_ws/install/village_li:/opt/ros/humble /usr/bin/cmake --install /home/line/town_ws/build/village_wang
