[0.526s] Invoking command in '/home/line/Community_ws/src/building_1': AMENT_PREFIX_PATH=/home/line/Community_ws/install/community_interfaces:${AMENT_PREFIX_PATH} CMAKE_PREFIX_PATH=/home/line/Community_ws/install/community_interfaces LD_LIBRARY_PATH=/home/line/Community_ws/install/community_interfaces/lib:${LD_LIBRARY_PATH} PYTHONPATH=/home/line/Community_ws/build/building_1/prefix_override:/usr/lib/python3/dist-packages/colcon_core/task/python/colcon_distutils_commands:/home/line/Community_ws/install/building_1/lib/python3.10/site-packages:/home/line/Community_ws/install/community_interfaces/local/lib/python3.10/dist-packages:${PYTHONPATH} /usr/bin/python3 -W ignore:setup.py install is deprecated -W ignore:easy_install command is deprecated setup.py egg_info --egg-base ../../build/building_1 build --build-base /home/line/Community_ws/build/building_1/build install --record /home/line/Community_ws/build/building_1/install.log --install-scripts $base/lib/building_1 --single-version-externally-managed install_data
[0.646s] running egg_info
[0.653s] creating ../../build/building_1/building_1.egg-info
[0.653s] writing ../../build/building_1/building_1.egg-info/PKG-INFO
[0.654s] writing dependency_links to ../../build/building_1/building_1.egg-info/dependency_links.txt
[0.654s] writing entry points to ../../build/building_1/building_1.egg-info/entry_points.txt
[0.654s] writing requirements to ../../build/building_1/building_1.egg-info/requires.txt
[0.654s] writing top-level names to ../../build/building_1/building_1.egg-info/top_level.txt
[0.654s] writing manifest file '../../build/building_1/building_1.egg-info/SOURCES.txt'
[0.669s] reading manifest file '../../build/building_1/building_1.egg-info/SOURCES.txt'
[0.670s] writing manifest file '../../build/building_1/building_1.egg-info/SOURCES.txt'
[0.670s] running build
[0.670s] running build_py
[0.670s] creating /home/line/Community_ws/build/building_1/build/lib/building_1
[0.670s] copying building_1/constructor.py -> /home/line/Community_ws/build/building_1/build/lib/building_1
[0.670s] copying building_1/resident1.py -> /home/line/Community_ws/build/building_1/build/lib/building_1
[0.670s] copying building_1/__init__.py -> /home/line/Community_ws/build/building_1/build/lib/building_1
[0.670s] copying building_1/management.py -> /home/line/Community_ws/build/building_1/build/lib/building_1
[0.670s] running install
[0.673s] running install_lib
[0.682s] creating /home/line/Community_ws/install/building_1/lib/python3.10/site-packages/building_1
[0.682s] copying /home/line/Community_ws/build/building_1/build/lib/building_1/constructor.py -> /home/line/Community_ws/install/building_1/lib/python3.10/site-packages/building_1
[0.683s] copying /home/line/Community_ws/build/building_1/build/lib/building_1/resident1.py -> /home/line/Community_ws/install/building_1/lib/python3.10/site-packages/building_1
[0.683s] copying /home/line/Community_ws/build/building_1/build/lib/building_1/__init__.py -> /home/line/Community_ws/install/building_1/lib/python3.10/site-packages/building_1
[0.683s] copying /home/line/Community_ws/build/building_1/build/lib/building_1/management.py -> /home/line/Community_ws/install/building_1/lib/python3.10/site-packages/building_1
[0.684s] byte-compiling /home/line/Community_ws/install/building_1/lib/python3.10/site-packages/building_1/constructor.py to constructor.cpython-310.pyc
[0.684s] byte-compiling /home/line/Community_ws/install/building_1/lib/python3.10/site-packages/building_1/resident1.py to resident1.cpython-310.pyc
[0.685s] byte-compiling /home/line/Community_ws/install/building_1/lib/python3.10/site-packages/building_1/__init__.py to __init__.cpython-310.pyc
[0.685s] byte-compiling /home/line/Community_ws/install/building_1/lib/python3.10/site-packages/building_1/management.py to management.cpython-310.pyc
[0.685s] running install_data
[0.685s] creating /home/line/Community_ws/install/building_1/share/ament_index/resource_index/packages
[0.685s] copying resource/building_1 -> /home/line/Community_ws/install/building_1/share/ament_index/resource_index/packages
[0.685s] copying package.xml -> /home/line/Community_ws/install/building_1/share/building_1
[0.686s] running install_egg_info
[0.694s] Copying ../../build/building_1/building_1.egg-info to /home/line/Community_ws/install/building_1/lib/python3.10/site-packages/building_1-0.0.0-py3.10.egg-info
[0.694s] running install_scripts
[0.710s] Installing constructor_node script to /home/line/Community_ws/install/building_1/lib/building_1
[0.710s] Installing management_node script to /home/line/Community_ws/install/building_1/lib/building_1
[0.710s] Installing resident1_node script to /home/line/Community_ws/install/building_1/lib/building_1
[0.710s] writing list of installed files to '/home/line/Community_ws/build/building_1/install.log'
[0.725s] Invoked command in '/home/line/Community_ws/src/building_1' returned '0': AMENT_PREFIX_PATH=/home/line/Community_ws/install/community_interfaces:${AMENT_PREFIX_PATH} CMAKE_PREFIX_PATH=/home/line/Community_ws/install/community_interfaces LD_LIBRARY_PATH=/home/line/Community_ws/install/community_interfaces/lib:${LD_LIBRARY_PATH} PYTHONPATH=/home/line/Community_ws/build/building_1/prefix_override:/usr/lib/python3/dist-packages/colcon_core/task/python/colcon_distutils_commands:/home/line/Community_ws/install/building_1/lib/python3.10/site-packages:/home/line/Community_ws/install/community_interfaces/local/lib/python3.10/dist-packages:${PYTHONPATH} /usr/bin/python3 -W ignore:setup.py install is deprecated -W ignore:easy_install command is deprecated setup.py egg_info --egg-base ../../build/building_1 build --build-base /home/line/Community_ws/build/building_1/build install --record /home/line/Community_ws/build/building_1/install.log --install-scripts $base/lib/building_1 --single-version-externally-managed install_data
