[0.133s] Invoking command in '/home/line/town_ws/build/village_wang': CMAKE_PREFIX_PATH=/home/line/town_ws/install/village_interfaces:/home/line/town_ws/install/village_wang:/home/line/town_ws/install/village_li:/opt/ros/humble /usr/bin/cmake --build /home/line/town_ws/build/village_wang -- -j20 -l20
[0.166s] [35m[1mConsolidate compiler generated dependencies of target wang2_node[0m
[0.179s] [ 50%] [32mBuilding CXX object CMakeFiles/wang2_node.dir/src/wang2.cpp.o[0m
[4.878s] [100%] [32m[1mLinking CXX executable wang2_node[0m
[5.119s] [100%] Built target wang2_node
[5.126s] Invoked command in '/home/line/town_ws/build/village_wang' returned '0': CMAKE_PREFIX_PATH=/home/line/town_ws/install/village_interfaces:/home/line/town_ws/install/village_wang:/home/line/town_ws/install/village_li:/opt/ros/humble /usr/bin/cmake --build /home/line/town_ws/build/village_wang -- -j20 -l20
[5.127s] Invoking command in '/home/line/town_ws/build/village_wang': CMAKE_PREFIX_PATH=/home/line/town_ws/install/village_interfaces:/home/line/town_ws/install/village_wang:/home/line/town_ws/install/village_li:/opt/ros/humble /usr/bin/cmake --install /home/line/town_ws/build/village_wang
[5.134s] -- Install configuration: ""
[5.134s] -- Execute custom install script
[5.135s] -- Up-to-date symlink: /home/line/town_ws/install/village_wang/share/ament_index/resource_index/package_run_dependencies/village_wang
[5.135s] -- Up-to-date symlink: /home/line/town_ws/install/village_wang/share/ament_index/resource_index/parent_prefix_path/village_wang
[5.135s] -- Up-to-date symlink: /home/line/town_ws/install/village_wang/share/village_wang/environment/ament_prefix_path.sh
[5.135s] -- Up-to-date symlink: /home/line/town_ws/install/village_wang/share/village_wang/environment/ament_prefix_path.dsv
[5.135s] -- Up-to-date symlink: /home/line/town_ws/install/village_wang/share/village_wang/environment/path.sh
[5.136s] -- Up-to-date symlink: /home/line/town_ws/install/village_wang/share/village_wang/environment/path.dsv
[5.136s] -- Up-to-date symlink: /home/line/town_ws/install/village_wang/share/village_wang/local_setup.bash
[5.136s] -- Up-to-date symlink: /home/line/town_ws/install/village_wang/share/village_wang/local_setup.sh
[5.136s] -- Up-to-date symlink: /home/line/town_ws/install/village_wang/share/village_wang/local_setup.zsh
[5.137s] -- Up-to-date symlink: /home/line/town_ws/install/village_wang/share/village_wang/local_setup.dsv
[5.137s] -- Symlinking: /home/line/town_ws/install/village_wang/share/village_wang/package.dsv
[5.146s] -- Up-to-date symlink: /home/line/town_ws/install/village_wang/share/ament_index/resource_index/packages/village_wang
[5.146s] -- Up-to-date symlink: /home/line/town_ws/install/village_wang/share/village_wang/cmake/village_wangConfig.cmake
[5.146s] -- Up-to-date symlink: /home/line/town_ws/install/village_wang/share/village_wang/cmake/village_wangConfig-version.cmake
[5.146s] -- Up-to-date symlink: /home/line/town_ws/install/village_wang/share/village_wang/package.xml
[5.146s] -- Up-to-date symlink: /home/line/town_ws/install/village_wang/lib/village_wang/wang2_node
[5.147s] Invoked command in '/home/line/town_ws/build/village_wang' returned '0': CMAKE_PREFIX_PATH=/home/line/town_ws/install/village_interfaces:/home/line/town_ws/install/village_wang:/home/line/town_ws/install/village_li:/opt/ros/humble /usr/bin/cmake --install /home/line/town_ws/build/village_wang
